SUM_TURNAROUNDTIME=6845893
MEAN_TURNAROUNDTIME=285245.541667
STDDEV_TURNAROUNDTIME=38622.9330774
MEDIAN_TURNAROUNDTIME=286766
MIN_TURNAROUNDTIME=168430
MAX_TURNAROUNDTIME=336238
SUM_checkIfMemory=1106101
MEAN_checkIfMemory=310.353815937
STDDEV_checkIfMemory=1255.4663552
MEDIAN_checkIfMemory=1
MIN_checkIfMemory=0
MAX_checkIfMemory=8539
SUM_init=0
MEAN_init=0
STDDEV_init=0.0
MEDIAN_init=0
MIN_init=0
MAX_init=0
SUM_ready=1823
MEAN_ready=95.9473684211
STDDEV_ready=52.201506012
MEDIAN_ready=98
MIN_ready=11
MAX_ready=237
SUM_releasing=894252
MEAN_releasing=4140.05555556
STDDEV_releasing=1735.28851979
MEDIAN_releasing=3912
MIN_releasing=513
MAX_releasing=7652
SUM_rescheduling=0
MEAN_rescheduling=0
STDDEV_rescheduling=0.0
MEDIAN_rescheduling=0
MIN_rescheduling=0
MAX_rescheduling=0
SUM_running=112748
MEAN_running=106.667928098
STDDEV_running=37.8062386011
MEDIAN_running=125
MIN_running=1
MAX_running=125
SUM_scheduling=0
MEAN_scheduling=0
STDDEV_scheduling=0.0
MEDIAN_scheduling=0
MIN_scheduling=0
MAX_scheduling=0
SUM_terminated=40
MEAN_terminated=1.66666666667
STDDEV_terminated=0.471404520791
MEDIAN_terminated=2
MIN_terminated=1
MAX_terminated=2
SUM_waitForMemory=4570042
MEAN_waitForMemory=1374.8622142
STDDEV_waitForMemory=718.196212261
MEDIAN_waitForMemory=1415
MIN_waitForMemory=3
MAX_waitForMemory=2983
SUM_waiting=160863
MEAN_waiting=744.736111111
STDDEV_waiting=149.888383756
MEDIAN_waiting=729
MIN_waiting=500
MAX_waiting=998
SUM_GETMEMORY=5676143
SUM_TURNAROUNDTIME_thread_0_process_0=309959
SUM_checkIfMemory_thread_0_process_0=41715
MEAN_checkIfMemory_thread_0_process_0=252.818181818
STDDEV_checkIfMemory_thread_0_process_0=1160.08955387
MEDIAN_checkIfMemory_thread_0_process_0=1
MIN_checkIfMemory_thread_0_process_0=0
MAX_checkIfMemory_thread_0_process_0=8022
SUM_init_thread_0_process_0=0
MEAN_init_thread_0_process_0=0
STDDEV_init_thread_0_process_0=0.0
MEDIAN_init_thread_0_process_0=0
MIN_init_thread_0_process_0=0
MAX_init_thread_0_process_0=0
SUM_releasing_thread_0_process_0=32714
MEAN_releasing_thread_0_process_0=3634.88888889
STDDEV_releasing_thread_0_process_0=1491.0979135
MEDIAN_releasing_thread_0_process_0=3962
MIN_releasing_thread_0_process_0=1554
MAX_releasing_thread_0_process_0=6226
SUM_rescheduling_thread_0_process_0=0
MEAN_rescheduling_thread_0_process_0=0
STDDEV_rescheduling_thread_0_process_0=0.0
MEDIAN_rescheduling_thread_0_process_0=0
MIN_rescheduling_thread_0_process_0=0
MAX_rescheduling_thread_0_process_0=0
SUM_running_thread_0_process_0=9072
MEAN_running_thread_0_process_0=119.368421053
STDDEV_running_thread_0_process_0=19.5662451722
MEDIAN_running_thread_0_process_0=125
MIN_running_thread_0_process_0=9
MAX_running_thread_0_process_0=125
SUM_scheduling_thread_0_process_0=0
MEAN_scheduling_thread_0_process_0=0
STDDEV_scheduling_thread_0_process_0=0.0
MEDIAN_scheduling_thread_0_process_0=0
MIN_scheduling_thread_0_process_0=0
MAX_scheduling_thread_0_process_0=0
SUM_terminated_thread_0_process_0=2
MEAN_terminated_thread_0_process_0=2
STDDEV_terminated_thread_0_process_0=0.0
MEDIAN_terminated_thread_0_process_0=2
MIN_terminated_thread_0_process_0=2
MAX_terminated_thread_0_process_0=2
SUM_waitForMemory_thread_0_process_0=219203
MEAN_waitForMemory_thread_0_process_0=1414.21290323
STDDEV_waitForMemory_thread_0_process_0=693.332680814
MEDIAN_waitForMemory_thread_0_process_0=1433
MIN_waitForMemory_thread_0_process_0=87
MAX_waitForMemory_thread_0_process_0=2831
SUM_waiting_thread_0_process_0=7252
MEAN_waiting_thread_0_process_0=805.777777778
STDDEV_waiting_thread_0_process_0=161.60567769
MEDIAN_waiting_thread_0_process_0=883
MIN_waiting_thread_0_process_0=520
MAX_waiting_thread_0_process_0=998
SUM_TURNAROUNDTIME_thread_0_process_1=269056
SUM_checkIfMemory_thread_0_process_1=54554
MEAN_checkIfMemory_thread_0_process_1=429.559055118
STDDEV_checkIfMemory_thread_0_process_1=1602.45004174
MEDIAN_checkIfMemory_thread_0_process_1=1
MIN_checkIfMemory_thread_0_process_1=0
MAX_checkIfMemory_thread_0_process_1=8481
SUM_init_thread_0_process_1=0
MEAN_init_thread_0_process_1=0
STDDEV_init_thread_0_process_1=0.0
MEDIAN_init_thread_0_process_1=0
MIN_init_thread_0_process_1=0
MAX_init_thread_0_process_1=0
SUM_releasing_thread_0_process_1=43931
MEAN_releasing_thread_0_process_1=4881.22222222
STDDEV_releasing_thread_0_process_1=2186.37547745
MEDIAN_releasing_thread_0_process_1=5255
MIN_releasing_thread_0_process_1=531
MAX_releasing_thread_0_process_1=7550
SUM_rescheduling_thread_0_process_1=0
MEAN_rescheduling_thread_0_process_1=0
STDDEV_rescheduling_thread_0_process_1=0.0
MEDIAN_rescheduling_thread_0_process_1=0
MIN_rescheduling_thread_0_process_1=0
MAX_rescheduling_thread_0_process_1=0
SUM_running_thread_0_process_1=453
MEAN_running_thread_0_process_1=45.3
STDDEV_running_thread_0_process_1=26.1574081285
MEDIAN_running_thread_0_process_1=42.5
MIN_running_thread_0_process_1=21
MAX_running_thread_0_process_1=115
SUM_scheduling_thread_0_process_1=0
MEAN_scheduling_thread_0_process_1=0
STDDEV_scheduling_thread_0_process_1=0.0
MEDIAN_scheduling_thread_0_process_1=0
MIN_scheduling_thread_0_process_1=0
MAX_scheduling_thread_0_process_1=0
SUM_terminated_thread_0_process_1=2
MEAN_terminated_thread_0_process_1=2
STDDEV_terminated_thread_0_process_1=0.0
MEDIAN_terminated_thread_0_process_1=2
MIN_terminated_thread_0_process_1=2
MAX_terminated_thread_0_process_1=2
SUM_waitForMemory_thread_0_process_1=163873
MEAN_waitForMemory_thread_0_process_1=1400.62393162
STDDEV_waitForMemory_thread_0_process_1=691.947316883
MEDIAN_waitForMemory_thread_0_process_1=1429
MIN_waitForMemory_thread_0_process_1=12
MAX_waitForMemory_thread_0_process_1=2831
SUM_waiting_thread_0_process_1=6242
MEAN_waiting_thread_0_process_1=693.555555556
STDDEV_waiting_thread_0_process_1=163.905874826
MEDIAN_waiting_thread_0_process_1=649
MIN_waiting_thread_0_process_1=516
MAX_waiting_thread_0_process_1=998
SUM_TURNAROUNDTIME_thread_0_process_10=297571
SUM_checkIfMemory_thread_0_process_10=48832
MEAN_checkIfMemory_thread_0_process_10=332.19047619
STDDEV_checkIfMemory_thread_0_process_10=1284.63252022
MEDIAN_checkIfMemory_thread_0_process_10=1
MIN_checkIfMemory_thread_0_process_10=0
MAX_checkIfMemory_thread_0_process_10=6830
SUM_init_thread_0_process_10=0
MEAN_init_thread_0_process_10=0
STDDEV_init_thread_0_process_10=0.0
MEDIAN_init_thread_0_process_10=0
MIN_init_thread_0_process_10=0
MAX_init_thread_0_process_10=0
SUM_releasing_thread_0_process_10=40410
MEAN_releasing_thread_0_process_10=4490
STDDEV_releasing_thread_0_process_10=1075.33932629
MEDIAN_releasing_thread_0_process_10=4240
MIN_releasing_thread_0_process_10=2723
MAX_releasing_thread_0_process_10=6133
SUM_rescheduling_thread_0_process_10=0
MEAN_rescheduling_thread_0_process_10=0
STDDEV_rescheduling_thread_0_process_10=0.0
MEDIAN_rescheduling_thread_0_process_10=0
MIN_rescheduling_thread_0_process_10=0
MAX_rescheduling_thread_0_process_10=0
SUM_running_thread_0_process_10=9605
MEAN_running_thread_0_process_10=115.722891566
STDDEV_running_thread_0_process_10=26.7704716185
MEDIAN_running_thread_0_process_10=125
MIN_running_thread_0_process_10=5
MAX_running_thread_0_process_10=125
SUM_scheduling_thread_0_process_10=0
MEAN_scheduling_thread_0_process_10=0
STDDEV_scheduling_thread_0_process_10=0.0
MEDIAN_scheduling_thread_0_process_10=0
MIN_scheduling_thread_0_process_10=0
MAX_scheduling_thread_0_process_10=0
SUM_terminated_thread_0_process_10=2
MEAN_terminated_thread_0_process_10=2
STDDEV_terminated_thread_0_process_10=0.0
MEDIAN_terminated_thread_0_process_10=2
MIN_terminated_thread_0_process_10=2
MAX_terminated_thread_0_process_10=2
SUM_waitForMemory_thread_0_process_10=192435
MEAN_waitForMemory_thread_0_process_10=1404.6350365
STDDEV_waitForMemory_thread_0_process_10=688.939064566
MEDIAN_waitForMemory_thread_0_process_10=1424
MIN_waitForMemory_thread_0_process_10=43
MAX_waitForMemory_thread_0_process_10=2831
SUM_waiting_thread_0_process_10=6286
MEAN_waiting_thread_0_process_10=698.444444444
STDDEV_waiting_thread_0_process_10=145.783028361
MEDIAN_waiting_thread_0_process_10=671
MIN_waiting_thread_0_process_10=558
MAX_waiting_thread_0_process_10=988
SUM_TURNAROUNDTIME_thread_0_process_11=280279
SUM_checkIfMemory_thread_0_process_11=56730
MEAN_checkIfMemory_thread_0_process_11=423.358208955
STDDEV_checkIfMemory_thread_0_process_11=1550.78886716
MEDIAN_checkIfMemory_thread_0_process_11=1
MIN_checkIfMemory_thread_0_process_11=0
MAX_checkIfMemory_thread_0_process_11=8294
SUM_init_thread_0_process_11=0
MEAN_init_thread_0_process_11=0
STDDEV_init_thread_0_process_11=0.0
MEDIAN_init_thread_0_process_11=0
MIN_init_thread_0_process_11=0
MAX_init_thread_0_process_11=0
SUM_releasing_thread_0_process_11=46328
MEAN_releasing_thread_0_process_11=5147.55555556
STDDEV_releasing_thread_0_process_11=1948.20693124
MEDIAN_releasing_thread_0_process_11=4976
MIN_releasing_thread_0_process_11=2253
MAX_releasing_thread_0_process_11=7652
SUM_rescheduling_thread_0_process_11=0
MEAN_rescheduling_thread_0_process_11=0
STDDEV_rescheduling_thread_0_process_11=0.0
MEDIAN_rescheduling_thread_0_process_11=0
MIN_rescheduling_thread_0_process_11=0
MAX_rescheduling_thread_0_process_11=0
SUM_running_thread_0_process_11=194
MEAN_running_thread_0_process_11=19.4
STDDEV_running_thread_0_process_11=15.8694675399
MEDIAN_running_thread_0_process_11=15.5
MIN_running_thread_0_process_11=1
MAX_running_thread_0_process_11=49
SUM_scheduling_thread_0_process_11=0
MEAN_scheduling_thread_0_process_11=0
STDDEV_scheduling_thread_0_process_11=0.0
MEDIAN_scheduling_thread_0_process_11=0
MIN_scheduling_thread_0_process_11=0
MAX_scheduling_thread_0_process_11=0
SUM_terminated_thread_0_process_11=2
MEAN_terminated_thread_0_process_11=2
STDDEV_terminated_thread_0_process_11=0.0
MEDIAN_terminated_thread_0_process_11=2
MIN_terminated_thread_0_process_11=2
MAX_terminated_thread_0_process_11=2
SUM_waitForMemory_thread_0_process_11=170502
MEAN_waitForMemory_thread_0_process_11=1375.01612903
STDDEV_waitForMemory_thread_0_process_11=722.564909283
MEDIAN_waitForMemory_thread_0_process_11=1440
MIN_waitForMemory_thread_0_process_11=3
MAX_waitForMemory_thread_0_process_11=2983
SUM_waiting_thread_0_process_11=6522
MEAN_waiting_thread_0_process_11=724.666666667
STDDEV_waiting_thread_0_process_11=139.776011294
MEDIAN_waiting_thread_0_process_11=716
MIN_waiting_thread_0_process_11=505
MAX_waiting_thread_0_process_11=979
SUM_TURNAROUNDTIME_thread_0_process_12=285213
SUM_checkIfMemory_thread_0_process_12=41727
MEAN_checkIfMemory_thread_0_process_12=269.206451613
STDDEV_checkIfMemory_thread_0_process_12=1037.01640698
MEDIAN_checkIfMemory_thread_0_process_12=1
MIN_checkIfMemory_thread_0_process_12=0
MAX_checkIfMemory_thread_0_process_12=5501
SUM_init_thread_0_process_12=0
MEAN_init_thread_0_process_12=0
STDDEV_init_thread_0_process_12=0.0
MEDIAN_init_thread_0_process_12=0
MIN_init_thread_0_process_12=0
MAX_init_thread_0_process_12=0
SUM_releasing_thread_0_process_12=27708
MEAN_releasing_thread_0_process_12=3078.66666667
STDDEV_releasing_thread_0_process_12=843.165200631
MEDIAN_releasing_thread_0_process_12=3253
MIN_releasing_thread_0_process_12=1866
MAX_releasing_thread_0_process_12=4206
SUM_rescheduling_thread_0_process_12=0
MEAN_rescheduling_thread_0_process_12=0
STDDEV_rescheduling_thread_0_process_12=0.0
MEDIAN_rescheduling_thread_0_process_12=0
MIN_rescheduling_thread_0_process_12=0
MAX_rescheduling_thread_0_process_12=0
SUM_running_thread_0_process_12=8995
MEAN_running_thread_0_process_12=116.818181818
STDDEV_running_thread_0_process_12=24.990765709
MEDIAN_running_thread_0_process_12=125
MIN_running_thread_0_process_12=6
MAX_running_thread_0_process_12=125
SUM_scheduling_thread_0_process_12=0
MEAN_scheduling_thread_0_process_12=0
STDDEV_scheduling_thread_0_process_12=0.0
MEDIAN_scheduling_thread_0_process_12=0
MIN_scheduling_thread_0_process_12=0
MAX_scheduling_thread_0_process_12=0
SUM_terminated_thread_0_process_12=1
MEAN_terminated_thread_0_process_12=1
STDDEV_terminated_thread_0_process_12=0.0
MEDIAN_terminated_thread_0_process_12=1
MIN_terminated_thread_0_process_12=1
MAX_terminated_thread_0_process_12=1
SUM_waitForMemory_thread_0_process_12=200235
MEAN_waitForMemory_thread_0_process_12=1380.93103448
STDDEV_waitForMemory_thread_0_process_12=754.111184112
MEDIAN_waitForMemory_thread_0_process_12=1403
MIN_waitForMemory_thread_0_process_12=3
MAX_waitForMemory_thread_0_process_12=2983
SUM_waiting_thread_0_process_12=6546
MEAN_waiting_thread_0_process_12=727.333333333
STDDEV_waiting_thread_0_process_12=133.061389341
MEDIAN_waiting_thread_0_process_12=662
MIN_waiting_thread_0_process_12=539
MAX_waiting_thread_0_process_12=921
SUM_TURNAROUNDTIME_thread_0_process_13=323108
SUM_checkIfMemory_thread_0_process_13=38455
MEAN_checkIfMemory_thread_0_process_13=204.54787234
STDDEV_checkIfMemory_thread_0_process_13=906.670201391
MEDIAN_checkIfMemory_thread_0_process_13=1
MIN_checkIfMemory_thread_0_process_13=0
MAX_checkIfMemory_thread_0_process_13=6098
SUM_init_thread_0_process_13=0
MEAN_init_thread_0_process_13=0
STDDEV_init_thread_0_process_13=0.0
MEDIAN_init_thread_0_process_13=0
MIN_init_thread_0_process_13=0
MAX_init_thread_0_process_13=0
SUM_releasing_thread_0_process_13=29896
MEAN_releasing_thread_0_process_13=3321.77777778
STDDEV_releasing_thread_0_process_13=1358.56785524
MEDIAN_releasing_thread_0_process_13=3185
MIN_releasing_thread_0_process_13=513
MAX_releasing_thread_0_process_13=5716
SUM_rescheduling_thread_0_process_13=0
MEAN_rescheduling_thread_0_process_13=0
STDDEV_rescheduling_thread_0_process_13=0.0
MEDIAN_rescheduling_thread_0_process_13=0
MIN_rescheduling_thread_0_process_13=0
MAX_rescheduling_thread_0_process_13=0
SUM_running_thread_0_process_13=204
MEAN_running_thread_0_process_13=20.4
STDDEV_running_thread_0_process_13=21.4764987836
MEDIAN_running_thread_0_process_13=13.5
MIN_running_thread_0_process_13=3
MAX_running_thread_0_process_13=81
SUM_scheduling_thread_0_process_13=0
MEAN_scheduling_thread_0_process_13=0
STDDEV_scheduling_thread_0_process_13=0.0
MEDIAN_scheduling_thread_0_process_13=0
MIN_scheduling_thread_0_process_13=0
MAX_scheduling_thread_0_process_13=0
SUM_terminated_thread_0_process_13=1
MEAN_terminated_thread_0_process_13=1
STDDEV_terminated_thread_0_process_13=0.0
MEDIAN_terminated_thread_0_process_13=1
MIN_terminated_thread_0_process_13=1
MAX_terminated_thread_0_process_13=1
SUM_waitForMemory_thread_0_process_13=247408
MEAN_waitForMemory_thread_0_process_13=1389.93258427
STDDEV_waitForMemory_thread_0_process_13=740.381852553
MEDIAN_waitForMemory_thread_0_process_13=1409
MIN_waitForMemory_thread_0_process_13=3
MAX_waitForMemory_thread_0_process_13=2983
SUM_waiting_thread_0_process_13=7143
MEAN_waiting_thread_0_process_13=793.666666667
STDDEV_waiting_thread_0_process_13=161.587265725
MEDIAN_waiting_thread_0_process_13=900
MIN_waiting_thread_0_process_13=518
MAX_waiting_thread_0_process_13=930
SUM_TURNAROUNDTIME_thread_0_process_14=289346
SUM_checkIfMemory_thread_0_process_14=48309
MEAN_checkIfMemory_thread_0_process_14=309.673076923
STDDEV_checkIfMemory_thread_0_process_14=1215.03003637
MEDIAN_checkIfMemory_thread_0_process_14=1
MIN_checkIfMemory_thread_0_process_14=0
MAX_checkIfMemory_thread_0_process_14=6261
SUM_init_thread_0_process_14=0
MEAN_init_thread_0_process_14=0
STDDEV_init_thread_0_process_14=0.0
MEDIAN_init_thread_0_process_14=0
MIN_init_thread_0_process_14=0
MAX_init_thread_0_process_14=0
SUM_releasing_thread_0_process_14=26976
MEAN_releasing_thread_0_process_14=2997.33333333
STDDEV_releasing_thread_0_process_14=557.999203504
MEDIAN_releasing_thread_0_process_14=2823
MIN_releasing_thread_0_process_14=2323
MAX_releasing_thread_0_process_14=3862
SUM_rescheduling_thread_0_process_14=0
MEAN_rescheduling_thread_0_process_14=0
STDDEV_rescheduling_thread_0_process_14=0.0
MEDIAN_rescheduling_thread_0_process_14=0
MIN_rescheduling_thread_0_process_14=0
MAX_rescheduling_thread_0_process_14=0
SUM_running_thread_0_process_14=9345
MEAN_running_thread_0_process_14=115.37037037
STDDEV_running_thread_0_process_14=27.9445855726
MEDIAN_running_thread_0_process_14=125
MIN_running_thread_0_process_14=7
MAX_running_thread_0_process_14=125
SUM_scheduling_thread_0_process_14=0
MEAN_scheduling_thread_0_process_14=0
STDDEV_scheduling_thread_0_process_14=0.0
MEDIAN_scheduling_thread_0_process_14=0
MIN_scheduling_thread_0_process_14=0
MAX_scheduling_thread_0_process_14=0
SUM_terminated_thread_0_process_14=2
MEAN_terminated_thread_0_process_14=2
STDDEV_terminated_thread_0_process_14=0.0
MEDIAN_terminated_thread_0_process_14=2
MIN_terminated_thread_0_process_14=2
MAX_terminated_thread_0_process_14=2
SUM_waitForMemory_thread_0_process_14=197917
MEAN_waitForMemory_thread_0_process_14=1355.59589041
STDDEV_waitForMemory_thread_0_process_14=713.521515537
MEDIAN_waitForMemory_thread_0_process_14=1378
MIN_waitForMemory_thread_0_process_14=3
MAX_waitForMemory_thread_0_process_14=2831
SUM_waiting_thread_0_process_14=6796
MEAN_waiting_thread_0_process_14=755.111111111
STDDEV_waiting_thread_0_process_14=161.324686025
MEDIAN_waiting_thread_0_process_14=759
MIN_waiting_thread_0_process_14=501
MAX_waiting_thread_0_process_14=957
SUM_TURNAROUNDTIME_thread_0_process_15=228143
SUM_checkIfMemory_thread_0_process_15=53842
MEAN_checkIfMemory_thread_0_process_15=533.089108911
STDDEV_checkIfMemory_thread_0_process_15=1651.07264923
MEDIAN_checkIfMemory_thread_0_process_15=1
MIN_checkIfMemory_thread_0_process_15=0
MAX_checkIfMemory_thread_0_process_15=7762
SUM_init_thread_0_process_15=0
MEAN_init_thread_0_process_15=0
STDDEV_init_thread_0_process_15=0.0
MEDIAN_init_thread_0_process_15=0
MIN_init_thread_0_process_15=0
MAX_init_thread_0_process_15=0
SUM_releasing_thread_0_process_15=47496
MEAN_releasing_thread_0_process_15=5277.33333333
STDDEV_releasing_thread_0_process_15=1409.09356207
MEDIAN_releasing_thread_0_process_15=4797
MIN_releasing_thread_0_process_15=3464
MAX_releasing_thread_0_process_15=7548
SUM_rescheduling_thread_0_process_15=0
MEAN_rescheduling_thread_0_process_15=0
STDDEV_rescheduling_thread_0_process_15=0.0
MEDIAN_rescheduling_thread_0_process_15=0
MIN_rescheduling_thread_0_process_15=0
MAX_rescheduling_thread_0_process_15=0
SUM_running_thread_0_process_15=143
MEAN_running_thread_0_process_15=14.3
STDDEV_running_thread_0_process_15=5.79741321625
MEDIAN_running_thread_0_process_15=14.5
MIN_running_thread_0_process_15=5
MAX_running_thread_0_process_15=22
SUM_scheduling_thread_0_process_15=0
MEAN_scheduling_thread_0_process_15=0
STDDEV_scheduling_thread_0_process_15=0.0
MEDIAN_scheduling_thread_0_process_15=0
MIN_scheduling_thread_0_process_15=0
MAX_scheduling_thread_0_process_15=0
SUM_terminated_thread_0_process_15=1
MEAN_terminated_thread_0_process_15=1
STDDEV_terminated_thread_0_process_15=0.0
MEDIAN_terminated_thread_0_process_15=1
MIN_terminated_thread_0_process_15=1
MAX_terminated_thread_0_process_15=1
SUM_waitForMemory_thread_0_process_15=119940
MEAN_waitForMemory_thread_0_process_15=1318.02197802
STDDEV_waitForMemory_thread_0_process_15=698.788983509
MEDIAN_waitForMemory_thread_0_process_15=1395
MIN_waitForMemory_thread_0_process_15=3
MAX_waitForMemory_thread_0_process_15=2721
SUM_waiting_thread_0_process_15=6720
MEAN_waiting_thread_0_process_15=746.666666667
STDDEV_waiting_thread_0_process_15=141.908421174
MEDIAN_waiting_thread_0_process_15=778
MIN_waiting_thread_0_process_15=505
MAX_waiting_thread_0_process_15=901
SUM_TURNAROUNDTIME_thread_0_process_16=322839
SUM_checkIfMemory_thread_0_process_16=27728
MEAN_checkIfMemory_thread_0_process_16=142.927835052
STDDEV_checkIfMemory_thread_0_process_16=683.847156122
MEDIAN_checkIfMemory_thread_0_process_16=1
MIN_checkIfMemory_thread_0_process_16=0
MAX_checkIfMemory_thread_0_process_16=5259
SUM_init_thread_0_process_16=0
MEAN_init_thread_0_process_16=0
STDDEV_init_thread_0_process_16=0.0
MEDIAN_init_thread_0_process_16=0
MIN_init_thread_0_process_16=0
MAX_init_thread_0_process_16=0
SUM_releasing_thread_0_process_16=23656
MEAN_releasing_thread_0_process_16=2628.44444444
STDDEV_releasing_thread_0_process_16=865.309207562
MEDIAN_releasing_thread_0_process_16=2653
MIN_releasing_thread_0_process_16=1079
MAX_releasing_thread_0_process_16=4021
SUM_rescheduling_thread_0_process_16=0
MEAN_rescheduling_thread_0_process_16=0
STDDEV_rescheduling_thread_0_process_16=0.0
MEDIAN_rescheduling_thread_0_process_16=0
MIN_rescheduling_thread_0_process_16=0
MAX_rescheduling_thread_0_process_16=0
SUM_running_thread_0_process_16=9982
MEAN_running_thread_0_process_16=117.435294118
STDDEV_running_thread_0_process_16=24.6249261851
MEDIAN_running_thread_0_process_16=125
MIN_running_thread_0_process_16=6
MAX_running_thread_0_process_16=125
SUM_scheduling_thread_0_process_16=0
MEAN_scheduling_thread_0_process_16=0
STDDEV_scheduling_thread_0_process_16=0.0
MEDIAN_scheduling_thread_0_process_16=0
MIN_scheduling_thread_0_process_16=0
MAX_scheduling_thread_0_process_16=0
SUM_terminated_thread_0_process_16=2
MEAN_terminated_thread_0_process_16=2
STDDEV_terminated_thread_0_process_16=0.0
MEDIAN_terminated_thread_0_process_16=2
MIN_terminated_thread_0_process_16=2
MAX_terminated_thread_0_process_16=2
SUM_waitForMemory_thread_0_process_16=254726
MEAN_waitForMemory_thread_0_process_16=1384.38043478
STDDEV_waitForMemory_thread_0_process_16=725.830706133
MEDIAN_waitForMemory_thread_0_process_16=1410
MIN_waitForMemory_thread_0_process_16=3
MAX_waitForMemory_thread_0_process_16=2983
SUM_waiting_thread_0_process_16=6744
MEAN_waiting_thread_0_process_16=749.333333333
STDDEV_waiting_thread_0_process_16=165.29569464
MEDIAN_waiting_thread_0_process_16=710
MIN_waiting_thread_0_process_16=535
MAX_waiting_thread_0_process_16=977
SUM_TURNAROUNDTIME_thread_0_process_17=278158
SUM_checkIfMemory_thread_0_process_17=52632
MEAN_checkIfMemory_thread_0_process_17=408
STDDEV_checkIfMemory_thread_0_process_17=1449.51618766
MEDIAN_checkIfMemory_thread_0_process_17=1
MIN_checkIfMemory_thread_0_process_17=0
MAX_checkIfMemory_thread_0_process_17=7036
SUM_init_thread_0_process_17=0
MEAN_init_thread_0_process_17=0
STDDEV_init_thread_0_process_17=0.0
MEDIAN_init_thread_0_process_17=0
MIN_init_thread_0_process_17=0
MAX_init_thread_0_process_17=0
SUM_releasing_thread_0_process_17=49864
MEAN_releasing_thread_0_process_17=5540.44444444
STDDEV_releasing_thread_0_process_17=1397.57648259
MEDIAN_releasing_thread_0_process_17=5537
MIN_releasing_thread_0_process_17=3026
MAX_releasing_thread_0_process_17=7251
SUM_rescheduling_thread_0_process_17=0
MEAN_rescheduling_thread_0_process_17=0
STDDEV_rescheduling_thread_0_process_17=0.0
MEDIAN_rescheduling_thread_0_process_17=0
MIN_rescheduling_thread_0_process_17=0
MAX_rescheduling_thread_0_process_17=0
SUM_running_thread_0_process_17=297
MEAN_running_thread_0_process_17=29.7
STDDEV_running_thread_0_process_17=27.2104759238
MEDIAN_running_thread_0_process_17=20.5
MIN_running_thread_0_process_17=2
MAX_running_thread_0_process_17=88
SUM_scheduling_thread_0_process_17=0
MEAN_scheduling_thread_0_process_17=0
STDDEV_scheduling_thread_0_process_17=0.0
MEDIAN_scheduling_thread_0_process_17=0
MIN_scheduling_thread_0_process_17=0
MAX_scheduling_thread_0_process_17=0
SUM_terminated_thread_0_process_17=2
MEAN_terminated_thread_0_process_17=2
STDDEV_terminated_thread_0_process_17=0.0
MEDIAN_terminated_thread_0_process_17=2
MIN_terminated_thread_0_process_17=2
MAX_terminated_thread_0_process_17=2
SUM_waitForMemory_thread_0_process_17=168643
MEAN_waitForMemory_thread_0_process_17=1417.16806723
STDDEV_waitForMemory_thread_0_process_17=725.658464464
MEDIAN_waitForMemory_thread_0_process_17=1447
MIN_waitForMemory_thread_0_process_17=3
MAX_waitForMemory_thread_0_process_17=2983
SUM_waiting_thread_0_process_17=6719
MEAN_waiting_thread_0_process_17=746.555555556
STDDEV_waiting_thread_0_process_17=175.589870064
MEDIAN_waiting_thread_0_process_17=638
MIN_waiting_thread_0_process_17=540
MAX_waiting_thread_0_process_17=971
SUM_TURNAROUNDTIME_thread_0_process_18=334503
SUM_checkIfMemory_thread_0_process_18=29763
MEAN_checkIfMemory_thread_0_process_18=142.406698565
STDDEV_checkIfMemory_thread_0_process_18=671.319469263
MEDIAN_checkIfMemory_thread_0_process_18=1
MIN_checkIfMemory_thread_0_process_18=0
MAX_checkIfMemory_thread_0_process_18=4484
SUM_init_thread_0_process_18=0
MEAN_init_thread_0_process_18=0
STDDEV_init_thread_0_process_18=0.0
MEDIAN_init_thread_0_process_18=0
MIN_init_thread_0_process_18=0
MAX_init_thread_0_process_18=0
SUM_releasing_thread_0_process_18=17512
MEAN_releasing_thread_0_process_18=1945.77777778
STDDEV_releasing_thread_0_process_18=799.405025667
MEDIAN_releasing_thread_0_process_18=2185
MIN_releasing_thread_0_process_18=847
MAX_releasing_thread_0_process_18=2906
SUM_rescheduling_thread_0_process_18=0
MEAN_rescheduling_thread_0_process_18=0
STDDEV_rescheduling_thread_0_process_18=0.0
MEDIAN_rescheduling_thread_0_process_18=0
MIN_rescheduling_thread_0_process_18=0
MAX_rescheduling_thread_0_process_18=0
SUM_running_thread_0_process_18=7471
MEAN_running_thread_0_process_18=118.587301587
STDDEV_running_thread_0_process_18=17.0700098294
MEDIAN_running_thread_0_process_18=125
MIN_running_thread_0_process_18=31
MAX_running_thread_0_process_18=125
SUM_scheduling_thread_0_process_18=0
MEAN_scheduling_thread_0_process_18=0
STDDEV_scheduling_thread_0_process_18=0.0
MEDIAN_scheduling_thread_0_process_18=0
MIN_scheduling_thread_0_process_18=0
MAX_scheduling_thread_0_process_18=0
SUM_terminated_thread_0_process_18=1
MEAN_terminated_thread_0_process_18=1
STDDEV_terminated_thread_0_process_18=0.0
MEDIAN_terminated_thread_0_process_18=1
MIN_terminated_thread_0_process_18=1
MAX_terminated_thread_0_process_18=1
SUM_waitForMemory_thread_0_process_18=272675
MEAN_waitForMemory_thread_0_process_18=1370.22613065
STDDEV_waitForMemory_thread_0_process_18=723.886019319
MEDIAN_waitForMemory_thread_0_process_18=1403
MIN_waitForMemory_thread_0_process_18=3
MAX_waitForMemory_thread_0_process_18=2983
SUM_waiting_thread_0_process_18=7080
MEAN_waiting_thread_0_process_18=786.666666667
STDDEV_waiting_thread_0_process_18=131.338409377
MEDIAN_waiting_thread_0_process_18=813
MIN_waiting_thread_0_process_18=554
MAX_waiting_thread_0_process_18=954
SUM_TURNAROUNDTIME_thread_0_process_19=219574
SUM_checkIfMemory_thread_0_process_19=38732
MEAN_checkIfMemory_thread_0_process_19=352.109090909
STDDEV_checkIfMemory_thread_0_process_19=1134.77964497
MEDIAN_checkIfMemory_thread_0_process_19=1
MIN_checkIfMemory_thread_0_process_19=0
MAX_checkIfMemory_thread_0_process_19=5101
SUM_init_thread_0_process_19=0
MEAN_init_thread_0_process_19=0
STDDEV_init_thread_0_process_19=0.0
MEDIAN_init_thread_0_process_19=0
MIN_init_thread_0_process_19=0
MAX_init_thread_0_process_19=0
SUM_releasing_thread_0_process_19=37382
MEAN_releasing_thread_0_process_19=4153.55555556
STDDEV_releasing_thread_0_process_19=912.608728513
MEDIAN_releasing_thread_0_process_19=3717
MIN_releasing_thread_0_process_19=2611
MAX_releasing_thread_0_process_19=5372
SUM_rescheduling_thread_0_process_19=0
MEAN_rescheduling_thread_0_process_19=0
STDDEV_rescheduling_thread_0_process_19=0.0
MEDIAN_rescheduling_thread_0_process_19=0
MIN_rescheduling_thread_0_process_19=0
MAX_rescheduling_thread_0_process_19=0
SUM_running_thread_0_process_19=371
MEAN_running_thread_0_process_19=37.1
STDDEV_running_thread_0_process_19=36.2944899399
MEDIAN_running_thread_0_process_19=20.5
MIN_running_thread_0_process_19=4
MAX_running_thread_0_process_19=111
SUM_scheduling_thread_0_process_19=0
MEAN_scheduling_thread_0_process_19=0
STDDEV_scheduling_thread_0_process_19=0.0
MEDIAN_scheduling_thread_0_process_19=0
MIN_scheduling_thread_0_process_19=0
MAX_scheduling_thread_0_process_19=0
SUM_terminated_thread_0_process_19=2
MEAN_terminated_thread_0_process_19=2
STDDEV_terminated_thread_0_process_19=0.0
MEDIAN_terminated_thread_0_process_19=2
MIN_terminated_thread_0_process_19=2
MAX_terminated_thread_0_process_19=2
SUM_waitForMemory_thread_0_process_19=137061
MEAN_waitForMemory_thread_0_process_19=1370.61
STDDEV_waitForMemory_thread_0_process_19=762.076884507
MEDIAN_waitForMemory_thread_0_process_19=1392.5
MIN_waitForMemory_thread_0_process_19=3
MAX_waitForMemory_thread_0_process_19=2983
SUM_waiting_thread_0_process_19=6025
MEAN_waiting_thread_0_process_19=669.444444444
STDDEV_waiting_thread_0_process_19=126.937527164
MEDIAN_waiting_thread_0_process_19=709
MIN_waiting_thread_0_process_19=500
MAX_waiting_thread_0_process_19=841
SUM_TURNAROUNDTIME_thread_0_process_2=254343
SUM_checkIfMemory_thread_0_process_2=50932
MEAN_checkIfMemory_thread_0_process_2=446.771929825
STDDEV_checkIfMemory_thread_0_process_2=1570.7901299
MEDIAN_checkIfMemory_thread_0_process_2=1
MIN_checkIfMemory_thread_0_process_2=0
MAX_checkIfMemory_thread_0_process_2=7553
SUM_init_thread_0_process_2=0
MEAN_init_thread_0_process_2=0
STDDEV_init_thread_0_process_2=0.0
MEDIAN_init_thread_0_process_2=0
MIN_init_thread_0_process_2=0
MAX_init_thread_0_process_2=0
SUM_ready_thread_0_process_2=114
MEAN_ready_thread_0_process_2=114
STDDEV_ready_thread_0_process_2=0.0
MEDIAN_ready_thread_0_process_2=114
MIN_ready_thread_0_process_2=114
MAX_ready_thread_0_process_2=114
SUM_releasing_thread_0_process_2=39748
MEAN_releasing_thread_0_process_2=4416.44444444
STDDEV_releasing_thread_0_process_2=1265.48647748
MEDIAN_releasing_thread_0_process_2=4219
MIN_releasing_thread_0_process_2=2778
MAX_releasing_thread_0_process_2=6613
SUM_rescheduling_thread_0_process_2=0
MEAN_rescheduling_thread_0_process_2=0
STDDEV_rescheduling_thread_0_process_2=0.0
MEDIAN_rescheduling_thread_0_process_2=0
MIN_rescheduling_thread_0_process_2=0
MAX_rescheduling_thread_0_process_2=0
SUM_running_thread_0_process_2=9357
MEAN_running_thread_0_process_2=116.9625
STDDEV_running_thread_0_process_2=23.2607199749
MEDIAN_running_thread_0_process_2=125
MIN_running_thread_0_process_2=11
MAX_running_thread_0_process_2=125
SUM_scheduling_thread_0_process_2=0
MEAN_scheduling_thread_0_process_2=0
STDDEV_scheduling_thread_0_process_2=0.0
MEDIAN_scheduling_thread_0_process_2=0
MIN_scheduling_thread_0_process_2=0
MAX_scheduling_thread_0_process_2=0
SUM_terminated_thread_0_process_2=2
MEAN_terminated_thread_0_process_2=2
STDDEV_terminated_thread_0_process_2=0.0
MEDIAN_terminated_thread_0_process_2=2
MIN_terminated_thread_0_process_2=2
MAX_terminated_thread_0_process_2=2
SUM_waitForMemory_thread_0_process_2=147948
MEAN_waitForMemory_thread_0_process_2=1422.57692308
STDDEV_waitForMemory_thread_0_process_2=681.269088544
MEDIAN_waitForMemory_thread_0_process_2=1496.5
MIN_waitForMemory_thread_0_process_2=18
MAX_waitForMemory_thread_0_process_2=2957
SUM_waiting_thread_0_process_2=6241
MEAN_waiting_thread_0_process_2=693.444444444
STDDEV_waiting_thread_0_process_2=95.9549791553
MEDIAN_waiting_thread_0_process_2=669
MIN_waiting_thread_0_process_2=593
MAX_waiting_thread_0_process_2=931
SUM_TURNAROUNDTIME_thread_0_process_20=314118
SUM_checkIfMemory_thread_0_process_20=34557
MEAN_checkIfMemory_thread_0_process_20=185.790322581
STDDEV_checkIfMemory_thread_0_process_20=836.643899861
MEDIAN_checkIfMemory_thread_0_process_20=1
MIN_checkIfMemory_thread_0_process_20=0
MAX_checkIfMemory_thread_0_process_20=6493
SUM_init_thread_0_process_20=0
MEAN_init_thread_0_process_20=0
STDDEV_init_thread_0_process_20=0.0
MEDIAN_init_thread_0_process_20=0
MIN_init_thread_0_process_20=0
MAX_init_thread_0_process_20=0
SUM_releasing_thread_0_process_20=24047
MEAN_releasing_thread_0_process_20=2671.88888889
STDDEV_releasing_thread_0_process_20=1300.12114345
MEDIAN_releasing_thread_0_process_20=2283
MIN_releasing_thread_0_process_20=897
MAX_releasing_thread_0_process_20=4745
SUM_rescheduling_thread_0_process_20=0
MEAN_rescheduling_thread_0_process_20=0
STDDEV_rescheduling_thread_0_process_20=0.0
MEDIAN_rescheduling_thread_0_process_20=0
MIN_rescheduling_thread_0_process_20=0
MAX_rescheduling_thread_0_process_20=0
SUM_running_thread_0_process_20=8524
MEAN_running_thread_0_process_20=118.388888889
STDDEV_running_thread_0_process_20=20.5024087715
MEDIAN_running_thread_0_process_20=125
MIN_running_thread_0_process_20=11
MAX_running_thread_0_process_20=125
SUM_scheduling_thread_0_process_20=0
MEAN_scheduling_thread_0_process_20=0
STDDEV_scheduling_thread_0_process_20=0.0
MEDIAN_scheduling_thread_0_process_20=0
MIN_scheduling_thread_0_process_20=0
MAX_scheduling_thread_0_process_20=0
SUM_terminated_thread_0_process_20=1
MEAN_terminated_thread_0_process_20=1
STDDEV_terminated_thread_0_process_20=0.0
MEDIAN_terminated_thread_0_process_20=1
MIN_terminated_thread_0_process_20=1
MAX_terminated_thread_0_process_20=1
SUM_waitForMemory_thread_0_process_20=240293
MEAN_waitForMemory_thread_0_process_20=1365.30113636
STDDEV_waitForMemory_thread_0_process_20=709.385349503
MEDIAN_waitForMemory_thread_0_process_20=1410
MIN_waitForMemory_thread_0_process_20=3
MAX_waitForMemory_thread_0_process_20=2831
SUM_waiting_thread_0_process_20=6695
MEAN_waiting_thread_0_process_20=743.888888889
STDDEV_waiting_thread_0_process_20=143.880694747
MEDIAN_waiting_thread_0_process_20=726
MIN_waiting_thread_0_process_20=542
MAX_waiting_thread_0_process_20=990
SUM_TURNAROUNDTIME_thread_0_process_21=287579
SUM_checkIfMemory_thread_0_process_21=57592
MEAN_checkIfMemory_thread_0_process_21=386.523489933
STDDEV_checkIfMemory_thread_0_process_21=1486.98265532
MEDIAN_checkIfMemory_thread_0_process_21=1
MIN_checkIfMemory_thread_0_process_21=0
MAX_checkIfMemory_thread_0_process_21=8243
SUM_init_thread_0_process_21=0
MEAN_init_thread_0_process_21=0
STDDEV_init_thread_0_process_21=0.0
MEDIAN_init_thread_0_process_21=0
MIN_init_thread_0_process_21=0
MAX_init_thread_0_process_21=0
SUM_releasing_thread_0_process_21=43853
MEAN_releasing_thread_0_process_21=4872.55555556
STDDEV_releasing_thread_0_process_21=1347.14843784
MEDIAN_releasing_thread_0_process_21=4539
MIN_releasing_thread_0_process_21=3243
MAX_releasing_thread_0_process_21=6799
SUM_rescheduling_thread_0_process_21=0
MEAN_rescheduling_thread_0_process_21=0
STDDEV_rescheduling_thread_0_process_21=0.0
MEDIAN_rescheduling_thread_0_process_21=0
MIN_rescheduling_thread_0_process_21=0
MAX_rescheduling_thread_0_process_21=0
SUM_running_thread_0_process_21=163
MEAN_running_thread_0_process_21=16.3
STDDEV_running_thread_0_process_21=6.76830850361
MEDIAN_running_thread_0_process_21=16.5
MIN_running_thread_0_process_21=8
MAX_running_thread_0_process_21=32
SUM_scheduling_thread_0_process_21=0
MEAN_scheduling_thread_0_process_21=0
STDDEV_scheduling_thread_0_process_21=0.0
MEDIAN_scheduling_thread_0_process_21=0
MIN_scheduling_thread_0_process_21=0
MAX_scheduling_thread_0_process_21=0
SUM_terminated_thread_0_process_21=2
MEAN_terminated_thread_0_process_21=2
STDDEV_terminated_thread_0_process_21=0.0
MEDIAN_terminated_thread_0_process_21=2
MIN_terminated_thread_0_process_21=2
MAX_terminated_thread_0_process_21=2
SUM_waitForMemory_thread_0_process_21=179089
MEAN_waitForMemory_thread_0_process_21=1288.41007194
STDDEV_waitForMemory_thread_0_process_21=696.200715424
MEDIAN_waitForMemory_thread_0_process_21=1353
MIN_waitForMemory_thread_0_process_21=3
MAX_waitForMemory_thread_0_process_21=2983
SUM_waiting_thread_0_process_21=6879
MEAN_waiting_thread_0_process_21=764.333333333
STDDEV_waiting_thread_0_process_21=161.880614446
MEDIAN_waiting_thread_0_process_21=744
MIN_waiting_thread_0_process_21=545
MAX_waiting_thread_0_process_21=984
SUM_TURNAROUNDTIME_thread_0_process_22=336198
SUM_checkIfMemory_thread_0_process_22=27794
MEAN_checkIfMemory_thread_0_process_22=132.985645933
STDDEV_checkIfMemory_thread_0_process_22=617.30753139
MEDIAN_checkIfMemory_thread_0_process_22=1
MIN_checkIfMemory_thread_0_process_22=0
MAX_checkIfMemory_thread_0_process_22=3828
SUM_init_thread_0_process_22=0
MEAN_init_thread_0_process_22=0
STDDEV_init_thread_0_process_22=0.0
MEDIAN_init_thread_0_process_22=0
MIN_init_thread_0_process_22=0
MAX_init_thread_0_process_22=0
SUM_releasing_thread_0_process_22=19098
MEAN_releasing_thread_0_process_22=2122
STDDEV_releasing_thread_0_process_22=1026.8668636
MEDIAN_releasing_thread_0_process_22=2203
MIN_releasing_thread_0_process_22=549
MAX_releasing_thread_0_process_22=3548
SUM_rescheduling_thread_0_process_22=0
MEAN_rescheduling_thread_0_process_22=0
STDDEV_rescheduling_thread_0_process_22=0.0
MEDIAN_rescheduling_thread_0_process_22=0
MIN_rescheduling_thread_0_process_22=0
MAX_rescheduling_thread_0_process_22=0
SUM_running_thread_0_process_22=9932
MEAN_running_thread_0_process_22=116.847058824
STDDEV_running_thread_0_process_22=25.8563933986
MEDIAN_running_thread_0_process_22=125
MIN_running_thread_0_process_22=1
MAX_running_thread_0_process_22=125
SUM_scheduling_thread_0_process_22=0
MEAN_scheduling_thread_0_process_22=0
STDDEV_scheduling_thread_0_process_22=0.0
MEDIAN_scheduling_thread_0_process_22=0
MIN_scheduling_thread_0_process_22=0
MAX_scheduling_thread_0_process_22=0
SUM_terminated_thread_0_process_22=2
MEAN_terminated_thread_0_process_22=2
STDDEV_terminated_thread_0_process_22=0.0
MEDIAN_terminated_thread_0_process_22=2
MIN_terminated_thread_0_process_22=2
MAX_terminated_thread_0_process_22=2
SUM_waitForMemory_thread_0_process_22=272309
MEAN_waitForMemory_thread_0_process_22=1368.38693467
STDDEV_waitForMemory_thread_0_process_22=726.053970356
MEDIAN_waitForMemory_thread_0_process_22=1420
MIN_waitForMemory_thread_0_process_22=3
MAX_waitForMemory_thread_0_process_22=2983
SUM_waiting_thread_0_process_22=7062
MEAN_waiting_thread_0_process_22=784.666666667
STDDEV_waiting_thread_0_process_22=149.637339369
MEDIAN_waiting_thread_0_process_22=805
MIN_waiting_thread_0_process_22=537
MAX_waiting_thread_0_process_22=980
SUM_TURNAROUNDTIME_thread_0_process_23=168430
SUM_checkIfMemory_thread_0_process_23=59036
MEAN_checkIfMemory_thread_0_process_23=1157.56862745
STDDEV_checkIfMemory_thread_0_process_23=2449.24391098
MEDIAN_checkIfMemory_thread_0_process_23=1
MIN_checkIfMemory_thread_0_process_23=0
MAX_checkIfMemory_thread_0_process_23=8294
SUM_init_thread_0_process_23=0
MEAN_init_thread_0_process_23=0
STDDEV_init_thread_0_process_23=0.0
MEDIAN_init_thread_0_process_23=0
MIN_init_thread_0_process_23=0
MAX_init_thread_0_process_23=0
SUM_releasing_thread_0_process_23=53420
MEAN_releasing_thread_0_process_23=5935.55555556
STDDEV_releasing_thread_0_process_23=1117.91771821
MEDIAN_releasing_thread_0_process_23=6002
MIN_releasing_thread_0_process_23=3979
MAX_releasing_thread_0_process_23=7311
SUM_rescheduling_thread_0_process_23=0
MEAN_rescheduling_thread_0_process_23=0
STDDEV_rescheduling_thread_0_process_23=0.0
MEDIAN_rescheduling_thread_0_process_23=0
MIN_rescheduling_thread_0_process_23=0
MAX_rescheduling_thread_0_process_23=0
SUM_running_thread_0_process_23=345
MEAN_running_thread_0_process_23=34.5
STDDEV_running_thread_0_process_23=30.9071189211
MEDIAN_running_thread_0_process_23=26
MIN_running_thread_0_process_23=9
MAX_running_thread_0_process_23=121
SUM_scheduling_thread_0_process_23=0
MEAN_scheduling_thread_0_process_23=0
STDDEV_scheduling_thread_0_process_23=0.0
MEDIAN_scheduling_thread_0_process_23=0
MIN_scheduling_thread_0_process_23=0
MAX_scheduling_thread_0_process_23=0
SUM_terminated_thread_0_process_23=1
MEAN_terminated_thread_0_process_23=1
STDDEV_terminated_thread_0_process_23=0.0
MEDIAN_terminated_thread_0_process_23=1
MIN_terminated_thread_0_process_23=1
MAX_terminated_thread_0_process_23=1
SUM_waitForMemory_thread_0_process_23=49509
MEAN_waitForMemory_thread_0_process_23=1207.53658537
STDDEV_waitForMemory_thread_0_process_23=788.975535111
MEDIAN_waitForMemory_thread_0_process_23=1424
MIN_waitForMemory_thread_0_process_23=61
MAX_waitForMemory_thread_0_process_23=2666
SUM_waiting_thread_0_process_23=6118
MEAN_waiting_thread_0_process_23=679.777777778
STDDEV_waiting_thread_0_process_23=97.9566545613
MEDIAN_waiting_thread_0_process_23=703
MIN_waiting_thread_0_process_23=538
MAX_waiting_thread_0_process_23=832
SUM_TURNAROUNDTIME_thread_0_process_3=312036
SUM_checkIfMemory_thread_0_process_3=38378
MEAN_checkIfMemory_thread_0_process_3=231.192771084
STDDEV_checkIfMemory_thread_0_process_3=1063.50758555
MEDIAN_checkIfMemory_thread_0_process_3=1
MIN_checkIfMemory_thread_0_process_3=0
MAX_checkIfMemory_thread_0_process_3=7603
SUM_init_thread_0_process_3=0
MEAN_init_thread_0_process_3=0
STDDEV_init_thread_0_process_3=0.0
MEDIAN_init_thread_0_process_3=0
MIN_init_thread_0_process_3=0
MAX_init_thread_0_process_3=0
SUM_ready_thread_0_process_3=1124
MEAN_ready_thread_0_process_3=80.2857142857
STDDEV_ready_thread_0_process_3=43.4468946308
MEDIAN_ready_thread_0_process_3=98
MIN_ready_thread_0_process_3=11
MAX_ready_thread_0_process_3=125
SUM_releasing_thread_0_process_3=40328
MEAN_releasing_thread_0_process_3=4480.88888889
STDDEV_releasing_thread_0_process_3=847.911610232
MEDIAN_releasing_thread_0_process_3=4161
MIN_releasing_thread_0_process_3=3682
MAX_releasing_thread_0_process_3=6057
SUM_rescheduling_thread_0_process_3=0
MEAN_rescheduling_thread_0_process_3=0
STDDEV_rescheduling_thread_0_process_3=0.0
MEDIAN_rescheduling_thread_0_process_3=0
MIN_rescheduling_thread_0_process_3=0
MAX_rescheduling_thread_0_process_3=0
SUM_running_thread_0_process_3=207
MEAN_running_thread_0_process_3=20.7
STDDEV_running_thread_0_process_3=15.925137362
MEDIAN_running_thread_0_process_3=16
MIN_running_thread_0_process_3=4
MAX_running_thread_0_process_3=53
SUM_scheduling_thread_0_process_3=0
MEAN_scheduling_thread_0_process_3=0
STDDEV_scheduling_thread_0_process_3=0.0
MEDIAN_scheduling_thread_0_process_3=0
MIN_scheduling_thread_0_process_3=0
MAX_scheduling_thread_0_process_3=0
SUM_terminated_thread_0_process_3=2
MEAN_terminated_thread_0_process_3=2
STDDEV_terminated_thread_0_process_3=0.0
MEDIAN_terminated_thread_0_process_3=2
MIN_terminated_thread_0_process_3=2
MAX_terminated_thread_0_process_3=2
SUM_waitForMemory_thread_0_process_3=225283
MEAN_waitForMemory_thread_0_process_3=1444.12179487
STDDEV_waitForMemory_thread_0_process_3=704.500735591
MEDIAN_waitForMemory_thread_0_process_3=1474.5
MIN_waitForMemory_thread_0_process_3=48
MAX_waitForMemory_thread_0_process_3=2983
SUM_waiting_thread_0_process_3=6713
MEAN_waiting_thread_0_process_3=745.888888889
STDDEV_waiting_thread_0_process_3=109.901414857
MEDIAN_waiting_thread_0_process_3=774
MIN_waiting_thread_0_process_3=502
MAX_waiting_thread_0_process_3=886
SUM_TURNAROUNDTIME_thread_0_process_4=285953
SUM_checkIfMemory_thread_0_process_4=56953
MEAN_checkIfMemory_thread_0_process_4=431.462121212
STDDEV_checkIfMemory_thread_0_process_4=1646.16297844
MEDIAN_checkIfMemory_thread_0_process_4=1
MIN_checkIfMemory_thread_0_process_4=0
MAX_checkIfMemory_thread_0_process_4=8484
SUM_init_thread_0_process_4=0
MEAN_init_thread_0_process_4=0
STDDEV_init_thread_0_process_4=0.0
MEDIAN_init_thread_0_process_4=0
MIN_init_thread_0_process_4=0
MAX_init_thread_0_process_4=0
SUM_ready_thread_0_process_4=585
MEAN_ready_thread_0_process_4=146.25
STDDEV_ready_thread_0_process_4=53.541455901
MEDIAN_ready_thread_0_process_4=125
MIN_ready_thread_0_process_4=98
MAX_ready_thread_0_process_4=237
SUM_releasing_thread_0_process_4=44616
MEAN_releasing_thread_0_process_4=4957.33333333
STDDEV_releasing_thread_0_process_4=1220.82704208
MEDIAN_releasing_thread_0_process_4=5042
MIN_releasing_thread_0_process_4=2794
MAX_releasing_thread_0_process_4=6528
SUM_rescheduling_thread_0_process_4=0
MEAN_rescheduling_thread_0_process_4=0
STDDEV_rescheduling_thread_0_process_4=0.0
MEDIAN_rescheduling_thread_0_process_4=0
MIN_rescheduling_thread_0_process_4=0
MAX_rescheduling_thread_0_process_4=0
SUM_running_thread_0_process_4=8693
MEAN_running_thread_0_process_4=115.906666667
STDDEV_running_thread_0_process_4=26.5526763665
MEDIAN_running_thread_0_process_4=125
MIN_running_thread_0_process_4=17
MAX_running_thread_0_process_4=125
SUM_scheduling_thread_0_process_4=0
MEAN_scheduling_thread_0_process_4=0
STDDEV_scheduling_thread_0_process_4=0.0
MEDIAN_scheduling_thread_0_process_4=0
MIN_scheduling_thread_0_process_4=0
MAX_scheduling_thread_0_process_4=0
SUM_terminated_thread_0_process_4=2
MEAN_terminated_thread_0_process_4=2
STDDEV_terminated_thread_0_process_4=0.0
MEDIAN_terminated_thread_0_process_4=2
MIN_terminated_thread_0_process_4=2
MAX_terminated_thread_0_process_4=2
SUM_waitForMemory_thread_0_process_4=168311
MEAN_waitForMemory_thread_0_process_4=1379.59836066
STDDEV_waitForMemory_thread_0_process_4=700.783117683
MEDIAN_waitForMemory_thread_0_process_4=1357
MIN_waitForMemory_thread_0_process_4=128
MAX_waitForMemory_thread_0_process_4=2983
SUM_waiting_thread_0_process_4=6792
MEAN_waiting_thread_0_process_4=754.666666667
STDDEV_waiting_thread_0_process_4=124.392747198
MEDIAN_waiting_thread_0_process_4=774
MIN_waiting_thread_0_process_4=562
MAX_waiting_thread_0_process_4=938
SUM_TURNAROUNDTIME_thread_0_process_5=281906
SUM_checkIfMemory_thread_0_process_5=60832
MEAN_checkIfMemory_thread_0_process_5=457.383458647
STDDEV_checkIfMemory_thread_0_process_5=1640.92913677
MEDIAN_checkIfMemory_thread_0_process_5=1
MIN_checkIfMemory_thread_0_process_5=0
MAX_checkIfMemory_thread_0_process_5=8387
SUM_init_thread_0_process_5=0
MEAN_init_thread_0_process_5=0
STDDEV_init_thread_0_process_5=0.0
MEDIAN_init_thread_0_process_5=0
MIN_init_thread_0_process_5=0
MAX_init_thread_0_process_5=0
SUM_releasing_thread_0_process_5=52811
MEAN_releasing_thread_0_process_5=5867.88888889
STDDEV_releasing_thread_0_process_5=1124.96700637
MEDIAN_releasing_thread_0_process_5=5722
MIN_releasing_thread_0_process_5=3699
MAX_releasing_thread_0_process_5=7539
SUM_rescheduling_thread_0_process_5=0
MEAN_rescheduling_thread_0_process_5=0
STDDEV_rescheduling_thread_0_process_5=0.0
MEDIAN_rescheduling_thread_0_process_5=0
MIN_rescheduling_thread_0_process_5=0
MAX_rescheduling_thread_0_process_5=0
SUM_running_thread_0_process_5=249
MEAN_running_thread_0_process_5=24.9
STDDEV_running_thread_0_process_5=31.1687343343
MEDIAN_running_thread_0_process_5=13.5
MIN_running_thread_0_process_5=3
MAX_running_thread_0_process_5=112
SUM_scheduling_thread_0_process_5=0
MEAN_scheduling_thread_0_process_5=0
STDDEV_scheduling_thread_0_process_5=0.0
MEDIAN_scheduling_thread_0_process_5=0
MIN_scheduling_thread_0_process_5=0
MAX_scheduling_thread_0_process_5=0
SUM_terminated_thread_0_process_5=2
MEAN_terminated_thread_0_process_5=2
STDDEV_terminated_thread_0_process_5=0.0
MEDIAN_terminated_thread_0_process_5=2
MIN_terminated_thread_0_process_5=2
MAX_terminated_thread_0_process_5=2
SUM_waitForMemory_thread_0_process_5=161378
MEAN_waitForMemory_thread_0_process_5=1312.01626016
STDDEV_waitForMemory_thread_0_process_5=703.643652696
MEDIAN_waitForMemory_thread_0_process_5=1343
MIN_waitForMemory_thread_0_process_5=3
MAX_waitForMemory_thread_0_process_5=2983
SUM_waiting_thread_0_process_5=6633
MEAN_waiting_thread_0_process_5=737
STDDEV_waiting_thread_0_process_5=130.722777068
MEDIAN_waiting_thread_0_process_5=713
MIN_waiting_thread_0_process_5=562
MAX_waiting_thread_0_process_5=979
SUM_TURNAROUNDTIME_thread_0_process_6=267187
SUM_checkIfMemory_thread_0_process_6=58090
MEAN_checkIfMemory_thread_0_process_6=472.276422764
STDDEV_checkIfMemory_thread_0_process_6=1617.73876262
MEDIAN_checkIfMemory_thread_0_process_6=1
MIN_checkIfMemory_thread_0_process_6=0
MAX_checkIfMemory_thread_0_process_6=7608
SUM_init_thread_0_process_6=0
MEAN_init_thread_0_process_6=0
STDDEV_init_thread_0_process_6=0.0
MEDIAN_init_thread_0_process_6=0
MIN_init_thread_0_process_6=0
MAX_init_thread_0_process_6=0
SUM_releasing_thread_0_process_6=43303
MEAN_releasing_thread_0_process_6=4811.44444444
STDDEV_releasing_thread_0_process_6=1386.58053507
MEDIAN_releasing_thread_0_process_6=4758
MIN_releasing_thread_0_process_6=2420
MAX_releasing_thread_0_process_6=7504
SUM_rescheduling_thread_0_process_6=0
MEAN_rescheduling_thread_0_process_6=0
STDDEV_rescheduling_thread_0_process_6=0.0
MEDIAN_rescheduling_thread_0_process_6=0
MIN_rescheduling_thread_0_process_6=0
MAX_rescheduling_thread_0_process_6=0
SUM_running_thread_0_process_6=9297
MEAN_running_thread_0_process_6=116.2125
STDDEV_running_thread_0_process_6=25.1935972769
MEDIAN_running_thread_0_process_6=125
MIN_running_thread_0_process_6=15
MAX_running_thread_0_process_6=125
SUM_scheduling_thread_0_process_6=0
MEAN_scheduling_thread_0_process_6=0
STDDEV_scheduling_thread_0_process_6=0.0
MEDIAN_scheduling_thread_0_process_6=0
MIN_scheduling_thread_0_process_6=0
MAX_scheduling_thread_0_process_6=0
SUM_terminated_thread_0_process_6=2
MEAN_terminated_thread_0_process_6=2
STDDEV_terminated_thread_0_process_6=0.0
MEDIAN_terminated_thread_0_process_6=2
MIN_terminated_thread_0_process_6=2
MAX_terminated_thread_0_process_6=2
SUM_waitForMemory_thread_0_process_6=149455
MEAN_waitForMemory_thread_0_process_6=1322.61061947
STDDEV_waitForMemory_thread_0_process_6=723.314952804
MEDIAN_waitForMemory_thread_0_process_6=1395
MIN_waitForMemory_thread_0_process_6=3
MAX_waitForMemory_thread_0_process_6=2721
SUM_waiting_thread_0_process_6=7039
MEAN_waiting_thread_0_process_6=782.111111111
STDDEV_waiting_thread_0_process_6=139.947168162
MEDIAN_waiting_thread_0_process_6=780
MIN_waiting_thread_0_process_6=580
MAX_waiting_thread_0_process_6=965
SUM_TURNAROUNDTIME_thread_0_process_7=274121
SUM_checkIfMemory_thread_0_process_7=49187
MEAN_checkIfMemory_thread_0_process_7=372.628787879
STDDEV_checkIfMemory_thread_0_process_7=1399.88451583
MEDIAN_checkIfMemory_thread_0_process_7=1
MIN_checkIfMemory_thread_0_process_7=0
MAX_checkIfMemory_thread_0_process_7=8539
SUM_init_thread_0_process_7=0
MEAN_init_thread_0_process_7=0
STDDEV_init_thread_0_process_7=0.0
MEDIAN_init_thread_0_process_7=0
MIN_init_thread_0_process_7=0
MAX_init_thread_0_process_7=0
SUM_releasing_thread_0_process_7=44514
MEAN_releasing_thread_0_process_7=4946
STDDEV_releasing_thread_0_process_7=1756.35405188
MEDIAN_releasing_thread_0_process_7=5083
MIN_releasing_thread_0_process_7=2132
MAX_releasing_thread_0_process_7=7481
SUM_rescheduling_thread_0_process_7=0
MEAN_rescheduling_thread_0_process_7=0
STDDEV_rescheduling_thread_0_process_7=0.0
MEDIAN_rescheduling_thread_0_process_7=0
MIN_rescheduling_thread_0_process_7=0
MAX_rescheduling_thread_0_process_7=0
SUM_running_thread_0_process_7=280
MEAN_running_thread_0_process_7=28
STDDEV_running_thread_0_process_7=24.8314316945
MEDIAN_running_thread_0_process_7=18
MIN_running_thread_0_process_7=2
MAX_running_thread_0_process_7=89
SUM_scheduling_thread_0_process_7=0
MEAN_scheduling_thread_0_process_7=0
STDDEV_scheduling_thread_0_process_7=0.0
MEDIAN_scheduling_thread_0_process_7=0
MIN_scheduling_thread_0_process_7=0
MAX_scheduling_thread_0_process_7=0
SUM_terminated_thread_0_process_7=2
MEAN_terminated_thread_0_process_7=2
STDDEV_terminated_thread_0_process_7=0.0
MEDIAN_terminated_thread_0_process_7=2
MIN_terminated_thread_0_process_7=2
MAX_terminated_thread_0_process_7=2
SUM_waitForMemory_thread_0_process_7=172869
MEAN_waitForMemory_thread_0_process_7=1416.95901639
STDDEV_waitForMemory_thread_0_process_7=712.408698752
MEDIAN_waitForMemory_thread_0_process_7=1469.5
MIN_waitForMemory_thread_0_process_7=3
MAX_waitForMemory_thread_0_process_7=2983
SUM_waiting_thread_0_process_7=7268
MEAN_waiting_thread_0_process_7=807.555555556
STDDEV_waiting_thread_0_process_7=148.903481872
MEDIAN_waiting_thread_0_process_7=870
MIN_waiting_thread_0_process_7=592
MAX_waiting_thread_0_process_7=990
SUM_TURNAROUNDTIME_thread_0_process_8=290035
SUM_checkIfMemory_thread_0_process_8=53352
MEAN_checkIfMemory_thread_0_process_8=370.5
STDDEV_checkIfMemory_thread_0_process_8=1419.4564345
MEDIAN_checkIfMemory_thread_0_process_8=1
MIN_checkIfMemory_thread_0_process_8=0
MAX_checkIfMemory_thread_0_process_8=8114
SUM_init_thread_0_process_8=0
MEAN_init_thread_0_process_8=0
STDDEV_init_thread_0_process_8=0.0
MEDIAN_init_thread_0_process_8=0
MIN_init_thread_0_process_8=0
MAX_init_thread_0_process_8=0
SUM_releasing_thread_0_process_8=38607
MEAN_releasing_thread_0_process_8=4289.66666667
STDDEV_releasing_thread_0_process_8=1376.07380293
MEDIAN_releasing_thread_0_process_8=4426
MIN_releasing_thread_0_process_8=2497
MAX_releasing_thread_0_process_8=7305
SUM_rescheduling_thread_0_process_8=0
MEAN_rescheduling_thread_0_process_8=0
STDDEV_rescheduling_thread_0_process_8=0.0
MEDIAN_rescheduling_thread_0_process_8=0
MIN_rescheduling_thread_0_process_8=0
MAX_rescheduling_thread_0_process_8=0
SUM_running_thread_0_process_8=9376
MEAN_running_thread_0_process_8=117.2
STDDEV_running_thread_0_process_8=23.5257305944
MEDIAN_running_thread_0_process_8=125
MIN_running_thread_0_process_8=21
MAX_running_thread_0_process_8=125
SUM_scheduling_thread_0_process_8=0
MEAN_scheduling_thread_0_process_8=0
STDDEV_scheduling_thread_0_process_8=0.0
MEDIAN_scheduling_thread_0_process_8=0
MIN_scheduling_thread_0_process_8=0
MAX_scheduling_thread_0_process_8=0
SUM_terminated_thread_0_process_8=1
MEAN_terminated_thread_0_process_8=1
STDDEV_terminated_thread_0_process_8=0.0
MEDIAN_terminated_thread_0_process_8=1
MIN_terminated_thread_0_process_8=1
MAX_terminated_thread_0_process_8=1
SUM_waitForMemory_thread_0_process_8=182088
MEAN_waitForMemory_thread_0_process_8=1358.86567164
STDDEV_waitForMemory_thread_0_process_8=738.145698022
MEDIAN_waitForMemory_thread_0_process_8=1386
MIN_waitForMemory_thread_0_process_8=3
MAX_waitForMemory_thread_0_process_8=2983
SUM_waiting_thread_0_process_8=6610
MEAN_waiting_thread_0_process_8=734.444444444
STDDEV_waiting_thread_0_process_8=154.350331037
MEDIAN_waiting_thread_0_process_8=707
MIN_waiting_thread_0_process_8=511
MAX_waiting_thread_0_process_8=943
SUM_TURNAROUNDTIME_thread_0_process_9=336238
SUM_checkIfMemory_thread_0_process_9=26379
MEAN_checkIfMemory_thread_0_process_9=125.614285714
STDDEV_checkIfMemory_thread_0_process_9=649.757433704
MEDIAN_checkIfMemory_thread_0_process_9=1
MIN_checkIfMemory_thread_0_process_9=0
MAX_checkIfMemory_thread_0_process_9=5746
SUM_init_thread_0_process_9=0
MEAN_init_thread_0_process_9=0
STDDEV_init_thread_0_process_9=0.0
MEDIAN_init_thread_0_process_9=0
MIN_init_thread_0_process_9=0
MAX_init_thread_0_process_9=0
SUM_releasing_thread_0_process_9=26034
MEAN_releasing_thread_0_process_9=2892.66666667
STDDEV_releasing_thread_0_process_9=1260.30701727
MEDIAN_releasing_thread_0_process_9=2796
MIN_releasing_thread_0_process_9=1287
MAX_releasing_thread_0_process_9=5284
SUM_rescheduling_thread_0_process_9=0
MEAN_rescheduling_thread_0_process_9=0
STDDEV_rescheduling_thread_0_process_9=0.0
MEDIAN_rescheduling_thread_0_process_9=0
MIN_rescheduling_thread_0_process_9=0
MAX_rescheduling_thread_0_process_9=0
SUM_running_thread_0_process_9=193
MEAN_running_thread_0_process_9=19.3
STDDEV_running_thread_0_process_9=19.3341666487
MEDIAN_running_thread_0_process_9=12
MIN_running_thread_0_process_9=3
MAX_running_thread_0_process_9=57
SUM_scheduling_thread_0_process_9=0
MEAN_scheduling_thread_0_process_9=0
STDDEV_scheduling_thread_0_process_9=0.0
MEDIAN_scheduling_thread_0_process_9=0
MIN_scheduling_thread_0_process_9=0
MAX_scheduling_thread_0_process_9=0
SUM_terminated_thread_0_process_9=1
MEAN_terminated_thread_0_process_9=1
STDDEV_terminated_thread_0_process_9=0.0
MEDIAN_terminated_thread_0_process_9=1
MIN_terminated_thread_0_process_9=1
MAX_terminated_thread_0_process_9=1
SUM_waitForMemory_thread_0_process_9=276892
MEAN_waitForMemory_thread_0_process_9=1384.46
STDDEV_waitForMemory_thread_0_process_9=711.464678252
MEDIAN_waitForMemory_thread_0_process_9=1420.5
MIN_waitForMemory_thread_0_process_9=3
MAX_waitForMemory_thread_0_process_9=2983
SUM_waiting_thread_0_process_9=6738
MEAN_waiting_thread_0_process_9=748.666666667
STDDEV_waiting_thread_0_process_9=178.886059329
MEDIAN_waiting_thread_0_process_9=718
MIN_waiting_thread_0_process_9=530
MAX_waiting_thread_0_process_9=998
