SUM_TURNAROUNDTIME=5258819
MEAN_TURNAROUNDTIME=219117.458333
STDDEV_TURNAROUNDTIME=68091.2049852
MEDIAN_TURNAROUNDTIME=201144.5
MIN_TURNAROUNDTIME=142876
MAX_TURNAROUNDTIME=348401
SUM_checkIfMemory=1088900
MEAN_checkIfMemory=2331.69164882
STDDEV_checkIfMemory=2995.88991673
MEDIAN_checkIfMemory=674
MIN_checkIfMemory=0
MAX_checkIfMemory=9477
SUM_init=0
MEAN_init=0
STDDEV_init=0.0
MEDIAN_init=0
MIN_init=0
MAX_init=0
SUM_ready=1823
MEAN_ready=95.9473684211
STDDEV_ready=52.201506012
MEDIAN_ready=98
MIN_ready=11
MAX_ready=237
SUM_releasing=913753
MEAN_releasing=4230.33796296
STDDEV_releasing=2731.93019738
MEDIAN_releasing=3780
MIN_releasing=504
MAX_releasing=8816
SUM_rescheduling=0
MEAN_rescheduling=0
STDDEV_rescheduling=0.0
MEDIAN_rescheduling=0
MIN_rescheduling=0
MAX_rescheduling=0
SUM_running=112748
MEAN_running=106.667928098
STDDEV_running=37.8062386011
MEDIAN_running=125
MIN_running=1
MAX_running=125
SUM_scheduling=0
MEAN_scheduling=0
STDDEV_scheduling=0.0
MEDIAN_scheduling=0
MIN_scheduling=0
MAX_scheduling=0
SUM_terminated=43
MEAN_terminated=1.79166666667
STDDEV_terminated=0.498260864296
MEDIAN_terminated=2
MIN_terminated=1
MAX_terminated=3
SUM_waitForMemory=2979880
MEAN_waitForMemory=13127.2246696
STDDEV_waitForMemory=49182.2145216
MEDIAN_waitForMemory=1335
MIN_waitForMemory=42
MAX_waitForMemory=307951
SUM_waiting=161648
MEAN_waiting=748.37037037
STDDEV_waiting=154.565795207
MEDIAN_waiting=731.5
MIN_waiting=500
MAX_waiting=1273
SUM_GETMEMORY=4068780
SUM_TURNAROUNDTIME_thread_0_process_0=143188
SUM_checkIfMemory_thread_0_process_0=68704
MEAN_checkIfMemory_thread_0_process_0=4580.26666667
STDDEV_checkIfMemory_thread_0_process_0=3756.37654248
MEDIAN_checkIfMemory_thread_0_process_0=6995
MIN_checkIfMemory_thread_0_process_0=0
MAX_checkIfMemory_thread_0_process_0=8353
SUM_init_thread_0_process_0=0
MEAN_init_thread_0_process_0=0
STDDEV_init_thread_0_process_0=0.0
MEDIAN_init_thread_0_process_0=0
MIN_init_thread_0_process_0=0
MAX_init_thread_0_process_0=0
SUM_releasing_thread_0_process_0=55371
MEAN_releasing_thread_0_process_0=6152.33333333
STDDEV_releasing_thread_0_process_0=1781.05337121
MEDIAN_releasing_thread_0_process_0=6315
MIN_releasing_thread_0_process_0=1554
MAX_releasing_thread_0_process_0=7906
SUM_rescheduling_thread_0_process_0=0
MEAN_rescheduling_thread_0_process_0=0
STDDEV_rescheduling_thread_0_process_0=0.0
MEDIAN_rescheduling_thread_0_process_0=0
MIN_rescheduling_thread_0_process_0=0
MAX_rescheduling_thread_0_process_0=0
SUM_running_thread_0_process_0=9072
MEAN_running_thread_0_process_0=119.368421053
STDDEV_running_thread_0_process_0=19.5662451722
MEDIAN_running_thread_0_process_0=125
MIN_running_thread_0_process_0=9
MAX_running_thread_0_process_0=125
SUM_scheduling_thread_0_process_0=0
MEAN_scheduling_thread_0_process_0=0
STDDEV_scheduling_thread_0_process_0=0.0
MEDIAN_scheduling_thread_0_process_0=0
MIN_scheduling_thread_0_process_0=0
MAX_scheduling_thread_0_process_0=0
SUM_terminated_thread_0_process_0=2
MEAN_terminated_thread_0_process_0=2
STDDEV_terminated_thread_0_process_0=0.0
MEDIAN_terminated_thread_0_process_0=2
MIN_terminated_thread_0_process_0=2
MAX_terminated_thread_0_process_0=2
SUM_waitForMemory_thread_0_process_0=3764
MEAN_waitForMemory_thread_0_process_0=752.8
STDDEV_waitForMemory_thread_0_process_0=480.641404792
MEDIAN_waitForMemory_thread_0_process_0=1007
MIN_waitForMemory_thread_0_process_0=64
MAX_waitForMemory_thread_0_process_0=1275
SUM_waiting_thread_0_process_0=6274
MEAN_waiting_thread_0_process_0=697.111111111
STDDEV_waiting_thread_0_process_0=130.108881279
MEDIAN_waiting_thread_0_process_0=671
MIN_waiting_thread_0_process_0=511
MAX_waiting_thread_0_process_0=907
SUM_TURNAROUNDTIME_thread_0_process_1=174143
SUM_checkIfMemory_thread_0_process_1=58975
MEAN_checkIfMemory_thread_0_process_1=1842.96875
STDDEV_checkIfMemory_thread_0_process_1=3121.80908573
MEDIAN_checkIfMemory_thread_0_process_1=2
MIN_checkIfMemory_thread_0_process_1=0
MAX_checkIfMemory_thread_0_process_1=8512
SUM_init_thread_0_process_1=0
MEAN_init_thread_0_process_1=0
STDDEV_init_thread_0_process_1=0.0
MEDIAN_init_thread_0_process_1=0
MIN_init_thread_0_process_1=0
MAX_init_thread_0_process_1=0
SUM_releasing_thread_0_process_1=51983
MEAN_releasing_thread_0_process_1=5775.88888889
STDDEV_releasing_thread_0_process_1=2174.65687942
MEDIAN_releasing_thread_0_process_1=6632
MIN_releasing_thread_0_process_1=531
MAX_releasing_thread_0_process_1=8154
SUM_rescheduling_thread_0_process_1=0
MEAN_rescheduling_thread_0_process_1=0
STDDEV_rescheduling_thread_0_process_1=0.0
MEDIAN_rescheduling_thread_0_process_1=0
MIN_rescheduling_thread_0_process_1=0
MAX_rescheduling_thread_0_process_1=0
SUM_running_thread_0_process_1=453
MEAN_running_thread_0_process_1=45.3
STDDEV_running_thread_0_process_1=26.1574081285
MEDIAN_running_thread_0_process_1=42.5
MIN_running_thread_0_process_1=21
MAX_running_thread_0_process_1=115
SUM_scheduling_thread_0_process_1=0
MEAN_scheduling_thread_0_process_1=0
STDDEV_scheduling_thread_0_process_1=0.0
MEDIAN_scheduling_thread_0_process_1=0
MIN_scheduling_thread_0_process_1=0
MAX_scheduling_thread_0_process_1=0
SUM_terminated_thread_0_process_1=2
MEAN_terminated_thread_0_process_1=2
STDDEV_terminated_thread_0_process_1=0.0
MEDIAN_terminated_thread_0_process_1=2
MIN_terminated_thread_0_process_1=2
MAX_terminated_thread_0_process_1=2
SUM_waitForMemory_thread_0_process_1=56999
MEAN_waitForMemory_thread_0_process_1=2590.86363636
STDDEV_waitForMemory_thread_0_process_1=3318.69322989
MEDIAN_waitForMemory_thread_0_process_1=2180.5
MIN_waitForMemory_thread_0_process_1=186
MAX_waitForMemory_thread_0_process_1=17198
SUM_waiting_thread_0_process_1=5730
MEAN_waiting_thread_0_process_1=636.666666667
STDDEV_waiting_thread_0_process_1=100.166528009
MEDIAN_waiting_thread_0_process_1=645
MIN_waiting_thread_0_process_1=505
MAX_waiting_thread_0_process_1=819
SUM_TURNAROUNDTIME_thread_0_process_10=155031
SUM_checkIfMemory_thread_0_process_10=67327
MEAN_checkIfMemory_thread_0_process_10=3960.41176471
STDDEV_checkIfMemory_thread_0_process_10=3512.5966105
MEDIAN_checkIfMemory_thread_0_process_10=5131
MIN_checkIfMemory_thread_0_process_10=0
MAX_checkIfMemory_thread_0_process_10=8696
SUM_init_thread_0_process_10=0
MEAN_init_thread_0_process_10=0
STDDEV_init_thread_0_process_10=0.0
MEDIAN_init_thread_0_process_10=0
MIN_init_thread_0_process_10=0
MAX_init_thread_0_process_10=0
SUM_releasing_thread_0_process_10=63503
MEAN_releasing_thread_0_process_10=7055.88888889
STDDEV_releasing_thread_0_process_10=451.900294914
MEDIAN_releasing_thread_0_process_10=7053
MIN_releasing_thread_0_process_10=6572
MAX_releasing_thread_0_process_10=7957
SUM_rescheduling_thread_0_process_10=0
MEAN_rescheduling_thread_0_process_10=0
STDDEV_rescheduling_thread_0_process_10=0.0
MEDIAN_rescheduling_thread_0_process_10=0
MIN_rescheduling_thread_0_process_10=0
MAX_rescheduling_thread_0_process_10=0
SUM_running_thread_0_process_10=9605
MEAN_running_thread_0_process_10=115.722891566
STDDEV_running_thread_0_process_10=26.7704716185
MEDIAN_running_thread_0_process_10=125
MIN_running_thread_0_process_10=5
MAX_running_thread_0_process_10=125
SUM_scheduling_thread_0_process_10=0
MEAN_scheduling_thread_0_process_10=0
STDDEV_scheduling_thread_0_process_10=0.0
MEDIAN_scheduling_thread_0_process_10=0
MIN_scheduling_thread_0_process_10=0
MAX_scheduling_thread_0_process_10=0
SUM_terminated_thread_0_process_10=2
MEAN_terminated_thread_0_process_10=2
STDDEV_terminated_thread_0_process_10=0.0
MEDIAN_terminated_thread_0_process_10=2
MIN_terminated_thread_0_process_10=2
MAX_terminated_thread_0_process_10=2
SUM_waitForMemory_thread_0_process_10=8062
MEAN_waitForMemory_thread_0_process_10=1151.71428571
STDDEV_waitForMemory_thread_0_process_10=878.140846868
MEDIAN_waitForMemory_thread_0_process_10=1045
MIN_waitForMemory_thread_0_process_10=48
MAX_waitForMemory_thread_0_process_10=2996
SUM_waiting_thread_0_process_10=6531
MEAN_waiting_thread_0_process_10=725.666666667
STDDEV_waiting_thread_0_process_10=141.259414632
MEDIAN_waiting_thread_0_process_10=741
MIN_waiting_thread_0_process_10=516
MAX_waiting_thread_0_process_10=984
SUM_TURNAROUNDTIME_thread_0_process_11=171983
SUM_checkIfMemory_thread_0_process_11=68752
MEAN_checkIfMemory_thread_0_process_11=2370.75862069
STDDEV_checkIfMemory_thread_0_process_11=3360.67654986
MEDIAN_checkIfMemory_thread_0_process_11=2
MIN_checkIfMemory_thread_0_process_11=0
MAX_checkIfMemory_thread_0_process_11=8352
SUM_init_thread_0_process_11=0
MEAN_init_thread_0_process_11=0
STDDEV_init_thread_0_process_11=0.0
MEDIAN_init_thread_0_process_11=0
MIN_init_thread_0_process_11=0
MAX_init_thread_0_process_11=0
SUM_releasing_thread_0_process_11=59221
MEAN_releasing_thread_0_process_11=6580.11111111
STDDEV_releasing_thread_0_process_11=1036.12605887
MEDIAN_releasing_thread_0_process_11=7025
MIN_releasing_thread_0_process_11=4253
MAX_releasing_thread_0_process_11=7707
SUM_rescheduling_thread_0_process_11=0
MEAN_rescheduling_thread_0_process_11=0
STDDEV_rescheduling_thread_0_process_11=0.0
MEDIAN_rescheduling_thread_0_process_11=0
MIN_rescheduling_thread_0_process_11=0
MAX_rescheduling_thread_0_process_11=0
SUM_running_thread_0_process_11=194
MEAN_running_thread_0_process_11=19.4
STDDEV_running_thread_0_process_11=15.8694675399
MEDIAN_running_thread_0_process_11=15.5
MIN_running_thread_0_process_11=1
MAX_running_thread_0_process_11=49
SUM_scheduling_thread_0_process_11=0
MEAN_scheduling_thread_0_process_11=0
STDDEV_scheduling_thread_0_process_11=0.0
MEDIAN_scheduling_thread_0_process_11=0
MIN_scheduling_thread_0_process_11=0
MAX_scheduling_thread_0_process_11=0
SUM_terminated_thread_0_process_11=2
MEAN_terminated_thread_0_process_11=2
STDDEV_terminated_thread_0_process_11=0.0
MEDIAN_terminated_thread_0_process_11=2
MIN_terminated_thread_0_process_11=2
MAX_terminated_thread_0_process_11=2
SUM_waitForMemory_thread_0_process_11=37478
MEAN_waitForMemory_thread_0_process_11=1972.52631579
STDDEV_waitForMemory_thread_0_process_11=1734.30053756
MEDIAN_waitForMemory_thread_0_process_11=1537
MIN_waitForMemory_thread_0_process_11=85
MAX_waitForMemory_thread_0_process_11=6748
SUM_waiting_thread_0_process_11=6335
MEAN_waiting_thread_0_process_11=703.888888889
STDDEV_waiting_thread_0_process_11=82.7035461344
MEDIAN_waiting_thread_0_process_11=671
MIN_waiting_thread_0_process_11=589
MAX_waiting_thread_0_process_11=864
SUM_TURNAROUNDTIME_thread_0_process_12=348401
SUM_checkIfMemory_thread_0_process_12=10826
MEAN_checkIfMemory_thread_0_process_12=832.769230769
STDDEV_checkIfMemory_thread_0_process_12=584.860424355
MEDIAN_checkIfMemory_thread_0_process_12=873
MIN_checkIfMemory_thread_0_process_12=0
MAX_checkIfMemory_thread_0_process_12=2093
SUM_init_thread_0_process_12=0
MEAN_init_thread_0_process_12=0
STDDEV_init_thread_0_process_12=0.0
MEDIAN_init_thread_0_process_12=0
MIN_init_thread_0_process_12=0
MAX_init_thread_0_process_12=0
SUM_releasing_thread_0_process_12=6921
MEAN_releasing_thread_0_process_12=769
STDDEV_releasing_thread_0_process_12=174.145533008
MEDIAN_releasing_thread_0_process_12=677
MIN_releasing_thread_0_process_12=584
MAX_releasing_thread_0_process_12=1081
SUM_rescheduling_thread_0_process_12=0
MEAN_rescheduling_thread_0_process_12=0
STDDEV_rescheduling_thread_0_process_12=0.0
MEDIAN_rescheduling_thread_0_process_12=0
MIN_rescheduling_thread_0_process_12=0
MAX_rescheduling_thread_0_process_12=0
SUM_running_thread_0_process_12=8995
MEAN_running_thread_0_process_12=116.818181818
STDDEV_running_thread_0_process_12=24.990765709
MEDIAN_running_thread_0_process_12=125
MIN_running_thread_0_process_12=6
MAX_running_thread_0_process_12=125
SUM_scheduling_thread_0_process_12=0
MEAN_scheduling_thread_0_process_12=0
STDDEV_scheduling_thread_0_process_12=0.0
MEDIAN_scheduling_thread_0_process_12=0
MIN_scheduling_thread_0_process_12=0
MAX_scheduling_thread_0_process_12=0
SUM_terminated_thread_0_process_12=1
MEAN_terminated_thread_0_process_12=1
STDDEV_terminated_thread_0_process_12=0.0
MEDIAN_terminated_thread_0_process_12=1
MIN_terminated_thread_0_process_12=1
MAX_terminated_thread_0_process_12=1
SUM_waitForMemory_thread_0_process_12=314703
MEAN_waitForMemory_thread_0_process_12=104901
STDDEV_waitForMemory_thread_0_process_12=143586.054931
MEDIAN_waitForMemory_thread_0_process_12=5235
MIN_waitForMemory_thread_0_process_12=1517
MAX_waitForMemory_thread_0_process_12=307951
SUM_waiting_thread_0_process_12=6954
MEAN_waiting_thread_0_process_12=772.666666667
STDDEV_waiting_thread_0_process_12=134.729358345
MEDIAN_waiting_thread_0_process_12=778
MIN_waiting_thread_0_process_12=540
MAX_waiting_thread_0_process_12=977
SUM_TURNAROUNDTIME_thread_0_process_13=277695
SUM_checkIfMemory_thread_0_process_13=18872
MEAN_checkIfMemory_thread_0_process_13=1179.5
STDDEV_checkIfMemory_thread_0_process_13=1124.43886005
MEDIAN_checkIfMemory_thread_0_process_13=1123.5
MIN_checkIfMemory_thread_0_process_13=0
MAX_checkIfMemory_thread_0_process_13=3585
SUM_init_thread_0_process_13=0
MEAN_init_thread_0_process_13=0
STDDEV_init_thread_0_process_13=0.0
MEDIAN_init_thread_0_process_13=0
MIN_init_thread_0_process_13=0
MAX_init_thread_0_process_13=0
SUM_releasing_thread_0_process_13=10687
MEAN_releasing_thread_0_process_13=1187.44444444
STDDEV_releasing_thread_0_process_13=566.007088906
MEDIAN_releasing_thread_0_process_13=940
MIN_releasing_thread_0_process_13=536
MAX_releasing_thread_0_process_13=2166
SUM_rescheduling_thread_0_process_13=0
MEAN_rescheduling_thread_0_process_13=0
STDDEV_rescheduling_thread_0_process_13=0.0
MEDIAN_rescheduling_thread_0_process_13=0
MIN_rescheduling_thread_0_process_13=0
MAX_rescheduling_thread_0_process_13=0
SUM_running_thread_0_process_13=204
MEAN_running_thread_0_process_13=20.4
STDDEV_running_thread_0_process_13=21.4764987836
MEDIAN_running_thread_0_process_13=13.5
MIN_running_thread_0_process_13=3
MAX_running_thread_0_process_13=81
SUM_scheduling_thread_0_process_13=0
MEAN_scheduling_thread_0_process_13=0
STDDEV_scheduling_thread_0_process_13=0.0
MEDIAN_scheduling_thread_0_process_13=0
MIN_scheduling_thread_0_process_13=0
MAX_scheduling_thread_0_process_13=0
SUM_terminated_thread_0_process_13=2
MEAN_terminated_thread_0_process_13=2
STDDEV_terminated_thread_0_process_13=0.0
MEDIAN_terminated_thread_0_process_13=2
MIN_terminated_thread_0_process_13=2
MAX_terminated_thread_0_process_13=2
SUM_waitForMemory_thread_0_process_13=240447
MEAN_waitForMemory_thread_0_process_13=40074.5
STDDEV_waitForMemory_thread_0_process_13=86705.5038041
MEDIAN_waitForMemory_thread_0_process_13=1029
MIN_waitForMemory_thread_0_process_13=334
MAX_waitForMemory_thread_0_process_13=233940
SUM_waiting_thread_0_process_13=7482
MEAN_waiting_thread_0_process_13=831.333333333
STDDEV_waiting_thread_0_process_13=134.158281311
MEDIAN_waiting_thread_0_process_13=894
MIN_waiting_thread_0_process_13=614
MAX_waiting_thread_0_process_13=998
SUM_TURNAROUNDTIME_thread_0_process_14=319335
SUM_checkIfMemory_thread_0_process_14=16597
MEAN_checkIfMemory_thread_0_process_14=754.409090909
STDDEV_checkIfMemory_thread_0_process_14=877.023927272
MEDIAN_checkIfMemory_thread_0_process_14=1
MIN_checkIfMemory_thread_0_process_14=0
MAX_checkIfMemory_thread_0_process_14=2102
SUM_init_thread_0_process_14=0
MEAN_init_thread_0_process_14=0
STDDEV_init_thread_0_process_14=0.0
MEDIAN_init_thread_0_process_14=0
MIN_init_thread_0_process_14=0
MAX_init_thread_0_process_14=0
SUM_releasing_thread_0_process_14=7767
MEAN_releasing_thread_0_process_14=863
STDDEV_releasing_thread_0_process_14=271.613287189
MEDIAN_releasing_thread_0_process_14=824
MIN_releasing_thread_0_process_14=563
MAX_releasing_thread_0_process_14=1368
SUM_rescheduling_thread_0_process_14=0
MEAN_rescheduling_thread_0_process_14=0
STDDEV_rescheduling_thread_0_process_14=0.0
MEDIAN_rescheduling_thread_0_process_14=0
MIN_rescheduling_thread_0_process_14=0
MAX_rescheduling_thread_0_process_14=0
SUM_running_thread_0_process_14=9345
MEAN_running_thread_0_process_14=115.37037037
STDDEV_running_thread_0_process_14=27.9445855726
MEDIAN_running_thread_0_process_14=125
MIN_running_thread_0_process_14=7
MAX_running_thread_0_process_14=125
SUM_scheduling_thread_0_process_14=0
MEAN_scheduling_thread_0_process_14=0
STDDEV_scheduling_thread_0_process_14=0.0
MEDIAN_scheduling_thread_0_process_14=0
MIN_scheduling_thread_0_process_14=0
MAX_scheduling_thread_0_process_14=0
SUM_terminated_thread_0_process_14=1
MEAN_terminated_thread_0_process_14=1
STDDEV_terminated_thread_0_process_14=0.0
MEDIAN_terminated_thread_0_process_14=1
MIN_terminated_thread_0_process_14=1
MAX_terminated_thread_0_process_14=1
SUM_waitForMemory_thread_0_process_14=279005
MEAN_waitForMemory_thread_0_process_14=23250.4166667
STDDEV_waitForMemory_thread_0_process_14=74164.480832
MEDIAN_waitForMemory_thread_0_process_14=778
MIN_waitForMemory_thread_0_process_14=384
MAX_waitForMemory_thread_0_process_14=269218
SUM_waiting_thread_0_process_14=6619
MEAN_waiting_thread_0_process_14=735.444444444
STDDEV_waiting_thread_0_process_14=177.534416764
MEDIAN_waiting_thread_0_process_14=684
MIN_waiting_thread_0_process_14=518
MAX_waiting_thread_0_process_14=988
SUM_TURNAROUNDTIME_thread_0_process_15=164802
SUM_checkIfMemory_thread_0_process_15=70561
MEAN_checkIfMemory_thread_0_process_15=4150.64705882
STDDEV_checkIfMemory_thread_0_process_15=3641.31600227
MEDIAN_checkIfMemory_thread_0_process_15=6191
MIN_checkIfMemory_thread_0_process_15=0
MAX_checkIfMemory_thread_0_process_15=8260
SUM_init_thread_0_process_15=0
MEAN_init_thread_0_process_15=0
STDDEV_init_thread_0_process_15=0.0
MEDIAN_init_thread_0_process_15=0
MIN_init_thread_0_process_15=0
MAX_init_thread_0_process_15=0
SUM_releasing_thread_0_process_15=61866
MEAN_releasing_thread_0_process_15=6874
STDDEV_releasing_thread_0_process_15=1206.48976604
MEDIAN_releasing_thread_0_process_15=7178
MIN_releasing_thread_0_process_15=4103
MAX_releasing_thread_0_process_15=8519
SUM_rescheduling_thread_0_process_15=0
MEAN_rescheduling_thread_0_process_15=0
STDDEV_rescheduling_thread_0_process_15=0.0
MEDIAN_rescheduling_thread_0_process_15=0
MIN_rescheduling_thread_0_process_15=0
MAX_rescheduling_thread_0_process_15=0
SUM_running_thread_0_process_15=143
MEAN_running_thread_0_process_15=14.3
STDDEV_running_thread_0_process_15=5.79741321625
MEDIAN_running_thread_0_process_15=14.5
MIN_running_thread_0_process_15=5
MAX_running_thread_0_process_15=22
SUM_scheduling_thread_0_process_15=0
MEAN_scheduling_thread_0_process_15=0
STDDEV_scheduling_thread_0_process_15=0.0
MEDIAN_scheduling_thread_0_process_15=0
MIN_scheduling_thread_0_process_15=0
MAX_scheduling_thread_0_process_15=0
SUM_terminated_thread_0_process_15=2
MEAN_terminated_thread_0_process_15=2
STDDEV_terminated_thread_0_process_15=0.0
MEDIAN_terminated_thread_0_process_15=2
MIN_terminated_thread_0_process_15=2
MAX_terminated_thread_0_process_15=2
SUM_waitForMemory_thread_0_process_15=25080
MEAN_waitForMemory_thread_0_process_15=3582.85714286
STDDEV_waitForMemory_thread_0_process_15=1494.64467144
MEDIAN_waitForMemory_thread_0_process_15=3285
MIN_waitForMemory_thread_0_process_15=2159
MAX_waitForMemory_thread_0_process_15=6250
SUM_waiting_thread_0_process_15=7149
MEAN_waiting_thread_0_process_15=794.333333333
STDDEV_waiting_thread_0_process_15=158.785669658
MEDIAN_waiting_thread_0_process_15=854
MIN_waiting_thread_0_process_15=562
MAX_waiting_thread_0_process_15=1072
SUM_TURNAROUNDTIME_thread_0_process_16=302612
SUM_checkIfMemory_thread_0_process_16=17225
MEAN_checkIfMemory_thread_0_process_16=820.238095238
STDDEV_checkIfMemory_thread_0_process_16=919.060695688
MEDIAN_checkIfMemory_thread_0_process_16=1
MIN_checkIfMemory_thread_0_process_16=0
MAX_checkIfMemory_thread_0_process_16=2529
SUM_init_thread_0_process_16=0
MEAN_init_thread_0_process_16=0
STDDEV_init_thread_0_process_16=0.0
MEDIAN_init_thread_0_process_16=0
MIN_init_thread_0_process_16=0
MAX_init_thread_0_process_16=0
SUM_releasing_thread_0_process_16=11177
MEAN_releasing_thread_0_process_16=1241.88888889
STDDEV_releasing_thread_0_process_16=522.405216165
MEDIAN_releasing_thread_0_process_16=1095
MIN_releasing_thread_0_process_16=586
MAX_releasing_thread_0_process_16=2321
SUM_rescheduling_thread_0_process_16=0
MEAN_rescheduling_thread_0_process_16=0
STDDEV_rescheduling_thread_0_process_16=0.0
MEDIAN_rescheduling_thread_0_process_16=0
MIN_rescheduling_thread_0_process_16=0
MAX_rescheduling_thread_0_process_16=0
SUM_running_thread_0_process_16=9982
MEAN_running_thread_0_process_16=117.435294118
STDDEV_running_thread_0_process_16=24.6249261851
MEDIAN_running_thread_0_process_16=125
MIN_running_thread_0_process_16=6
MAX_running_thread_0_process_16=125
SUM_scheduling_thread_0_process_16=0
MEAN_scheduling_thread_0_process_16=0
STDDEV_scheduling_thread_0_process_16=0.0
MEDIAN_scheduling_thread_0_process_16=0
MIN_scheduling_thread_0_process_16=0
MAX_scheduling_thread_0_process_16=0
SUM_terminated_thread_0_process_16=2
MEAN_terminated_thread_0_process_16=2
STDDEV_terminated_thread_0_process_16=0.0
MEDIAN_terminated_thread_0_process_16=2
MIN_terminated_thread_0_process_16=2
MAX_terminated_thread_0_process_16=2
SUM_waitForMemory_thread_0_process_16=258065
MEAN_waitForMemory_thread_0_process_16=23460.4545455
STDDEV_waitForMemory_thread_0_process_16=70499.7837603
MEDIAN_waitForMemory_thread_0_process_16=1437
MIN_waitForMemory_thread_0_process_16=227
MAX_waitForMemory_thread_0_process_16=246391
SUM_waiting_thread_0_process_16=6160
MEAN_waiting_thread_0_process_16=684.444444444
STDDEV_waiting_thread_0_process_16=135.524586626
MEDIAN_waiting_thread_0_process_16=687
MIN_waiting_thread_0_process_16=502
MAX_waiting_thread_0_process_16=881
SUM_TURNAROUNDTIME_thread_0_process_17=148824
SUM_checkIfMemory_thread_0_process_17=65907
MEAN_checkIfMemory_thread_0_process_17=4707.64285714
STDDEV_checkIfMemory_thread_0_process_17=3289.16136961
MEDIAN_checkIfMemory_thread_0_process_17=6497
MIN_checkIfMemory_thread_0_process_17=0
MAX_checkIfMemory_thread_0_process_17=8122
SUM_init_thread_0_process_17=0
MEAN_init_thread_0_process_17=0
STDDEV_init_thread_0_process_17=0.0
MEDIAN_init_thread_0_process_17=0
MIN_init_thread_0_process_17=0
MAX_init_thread_0_process_17=0
SUM_releasing_thread_0_process_17=70190
MEAN_releasing_thread_0_process_17=7798.88888889
STDDEV_releasing_thread_0_process_17=732.362454958
MEDIAN_releasing_thread_0_process_17=7845
MIN_releasing_thread_0_process_17=6573
MAX_releasing_thread_0_process_17=8816
SUM_rescheduling_thread_0_process_17=0
MEAN_rescheduling_thread_0_process_17=0
STDDEV_rescheduling_thread_0_process_17=0.0
MEDIAN_rescheduling_thread_0_process_17=0
MIN_rescheduling_thread_0_process_17=0
MAX_rescheduling_thread_0_process_17=0
SUM_running_thread_0_process_17=297
MEAN_running_thread_0_process_17=29.7
STDDEV_running_thread_0_process_17=27.2104759238
MEDIAN_running_thread_0_process_17=20.5
MIN_running_thread_0_process_17=2
MAX_running_thread_0_process_17=88
SUM_scheduling_thread_0_process_17=0
MEAN_scheduling_thread_0_process_17=0
STDDEV_scheduling_thread_0_process_17=0.0
MEDIAN_scheduling_thread_0_process_17=0
MIN_scheduling_thread_0_process_17=0
MAX_scheduling_thread_0_process_17=0
SUM_terminated_thread_0_process_17=2
MEAN_terminated_thread_0_process_17=2
STDDEV_terminated_thread_0_process_17=0.0
MEDIAN_terminated_thread_0_process_17=2
MIN_terminated_thread_0_process_17=2
MAX_terminated_thread_0_process_17=2
SUM_waitForMemory_thread_0_process_17=6295
MEAN_waitForMemory_thread_0_process_17=1573.75
STDDEV_waitForMemory_thread_0_process_17=748.019510107
MEDIAN_waitForMemory_thread_0_process_17=1690.5
MIN_waitForMemory_thread_0_process_17=572
MAX_waitForMemory_thread_0_process_17=2342
SUM_waiting_thread_0_process_17=6132
MEAN_waiting_thread_0_process_17=681.333333333
STDDEV_waiting_thread_0_process_17=154.739925179
MEDIAN_waiting_thread_0_process_17=600
MIN_waiting_thread_0_process_17=539
MAX_waiting_thread_0_process_17=971
SUM_TURNAROUNDTIME_thread_0_process_18=259102
SUM_checkIfMemory_thread_0_process_18=28125
MEAN_checkIfMemory_thread_0_process_18=1222.82608696
STDDEV_checkIfMemory_thread_0_process_18=1522.13076203
MEDIAN_checkIfMemory_thread_0_process_18=1
MIN_checkIfMemory_thread_0_process_18=0
MAX_checkIfMemory_thread_0_process_18=4058
SUM_init_thread_0_process_18=0
MEAN_init_thread_0_process_18=0
STDDEV_init_thread_0_process_18=0.0
MEDIAN_init_thread_0_process_18=0
MIN_init_thread_0_process_18=0
MAX_init_thread_0_process_18=0
SUM_releasing_thread_0_process_18=18495
MEAN_releasing_thread_0_process_18=2055
STDDEV_releasing_thread_0_process_18=688.402821351
MEDIAN_releasing_thread_0_process_18=2112
MIN_releasing_thread_0_process_18=504
MAX_releasing_thread_0_process_18=3142
SUM_rescheduling_thread_0_process_18=0
MEAN_rescheduling_thread_0_process_18=0
STDDEV_rescheduling_thread_0_process_18=0.0
MEDIAN_rescheduling_thread_0_process_18=0
MIN_rescheduling_thread_0_process_18=0
MAX_rescheduling_thread_0_process_18=0
SUM_running_thread_0_process_18=7471
MEAN_running_thread_0_process_18=118.587301587
STDDEV_running_thread_0_process_18=17.0700098294
MEDIAN_running_thread_0_process_18=125
MIN_running_thread_0_process_18=31
MAX_running_thread_0_process_18=125
SUM_scheduling_thread_0_process_18=0
MEAN_scheduling_thread_0_process_18=0
STDDEV_scheduling_thread_0_process_18=0.0
MEDIAN_scheduling_thread_0_process_18=0
MIN_scheduling_thread_0_process_18=0
MAX_scheduling_thread_0_process_18=0
SUM_terminated_thread_0_process_18=1
MEAN_terminated_thread_0_process_18=1
STDDEV_terminated_thread_0_process_18=0.0
MEDIAN_terminated_thread_0_process_18=1
MIN_terminated_thread_0_process_18=1
MAX_terminated_thread_0_process_18=1
SUM_waitForMemory_thread_0_process_18=198588
MEAN_waitForMemory_thread_0_process_18=15276
STDDEV_waitForMemory_thread_0_process_18=46948.1065662
MEDIAN_waitForMemory_thread_0_process_18=924
MIN_waitForMemory_thread_0_process_18=42
MAX_waitForMemory_thread_0_process_18=177748
SUM_waiting_thread_0_process_18=6421
MEAN_waiting_thread_0_process_18=713.444444444
STDDEV_waiting_thread_0_process_18=142.664416735
MEDIAN_waiting_thread_0_process_18=683
MIN_waiting_thread_0_process_18=505
MAX_waiting_thread_0_process_18=916
SUM_TURNAROUNDTIME_thread_0_process_19=333263
SUM_checkIfMemory_thread_0_process_19=15426
MEAN_checkIfMemory_thread_0_process_19=734.571428571
STDDEV_checkIfMemory_thread_0_process_19=876.218801302
MEDIAN_checkIfMemory_thread_0_process_19=1
MIN_checkIfMemory_thread_0_process_19=0
MAX_checkIfMemory_thread_0_process_19=2582
SUM_init_thread_0_process_19=0
MEAN_init_thread_0_process_19=0
STDDEV_init_thread_0_process_19=0.0
MEDIAN_init_thread_0_process_19=0
MIN_init_thread_0_process_19=0
MAX_init_thread_0_process_19=0
SUM_releasing_thread_0_process_19=9602
MEAN_releasing_thread_0_process_19=1066.88888889
STDDEV_releasing_thread_0_process_19=425.016455745
MEDIAN_releasing_thread_0_process_19=1188
MIN_releasing_thread_0_process_19=549
MAX_releasing_thread_0_process_19=1785
SUM_rescheduling_thread_0_process_19=0
MEAN_rescheduling_thread_0_process_19=0
STDDEV_rescheduling_thread_0_process_19=0.0
MEDIAN_rescheduling_thread_0_process_19=0
MIN_rescheduling_thread_0_process_19=0
MAX_rescheduling_thread_0_process_19=0
SUM_running_thread_0_process_19=371
MEAN_running_thread_0_process_19=37.1
STDDEV_running_thread_0_process_19=36.2944899399
MEDIAN_running_thread_0_process_19=20.5
MIN_running_thread_0_process_19=4
MAX_running_thread_0_process_19=111
SUM_scheduling_thread_0_process_19=0
MEAN_scheduling_thread_0_process_19=0
STDDEV_scheduling_thread_0_process_19=0.0
MEDIAN_scheduling_thread_0_process_19=0
MIN_scheduling_thread_0_process_19=0
MAX_scheduling_thread_0_process_19=0
SUM_terminated_thread_0_process_19=1
MEAN_terminated_thread_0_process_19=1
STDDEV_terminated_thread_0_process_19=0.0
MEDIAN_terminated_thread_0_process_19=1
MIN_terminated_thread_0_process_19=1
MAX_terminated_thread_0_process_19=1
SUM_waitForMemory_thread_0_process_19=300968
MEAN_waitForMemory_thread_0_process_19=27360.7272727
STDDEV_waitForMemory_thread_0_process_19=76823.3798174
MEDIAN_waitForMemory_thread_0_process_19=1156
MIN_waitForMemory_thread_0_process_19=512
MAX_waitForMemory_thread_0_process_19=269711
SUM_waiting_thread_0_process_19=6894
MEAN_waiting_thread_0_process_19=766
STDDEV_waiting_thread_0_process_19=161.963644755
MEDIAN_waiting_thread_0_process_19=885
MIN_waiting_thread_0_process_19=535
MAX_waiting_thread_0_process_19=922
SUM_TURNAROUNDTIME_thread_0_process_2=228352
SUM_checkIfMemory_thread_0_process_2=27123
MEAN_checkIfMemory_thread_0_process_2=1232.86363636
STDDEV_checkIfMemory_thread_0_process_2=1576.02158198
MEDIAN_checkIfMemory_thread_0_process_2=2
MIN_checkIfMemory_thread_0_process_2=0
MAX_checkIfMemory_thread_0_process_2=4746
SUM_init_thread_0_process_2=0
MEAN_init_thread_0_process_2=0
STDDEV_init_thread_0_process_2=0.0
MEDIAN_init_thread_0_process_2=0
MIN_init_thread_0_process_2=0
MAX_init_thread_0_process_2=0
SUM_ready_thread_0_process_2=114
MEAN_ready_thread_0_process_2=114
STDDEV_ready_thread_0_process_2=0.0
MEDIAN_ready_thread_0_process_2=114
MIN_ready_thread_0_process_2=114
MAX_ready_thread_0_process_2=114
SUM_releasing_thread_0_process_2=23085
MEAN_releasing_thread_0_process_2=2565
STDDEV_releasing_thread_0_process_2=529.716486015
MEDIAN_releasing_thread_0_process_2=2618
MIN_releasing_thread_0_process_2=1835
MAX_releasing_thread_0_process_2=3655
SUM_rescheduling_thread_0_process_2=0
MEAN_rescheduling_thread_0_process_2=0
STDDEV_rescheduling_thread_0_process_2=0.0
MEDIAN_rescheduling_thread_0_process_2=0
MIN_rescheduling_thread_0_process_2=0
MAX_rescheduling_thread_0_process_2=0
SUM_running_thread_0_process_2=9357
MEAN_running_thread_0_process_2=116.9625
STDDEV_running_thread_0_process_2=23.2607199749
MEDIAN_running_thread_0_process_2=125
MIN_running_thread_0_process_2=11
MAX_running_thread_0_process_2=125
SUM_scheduling_thread_0_process_2=0
MEAN_scheduling_thread_0_process_2=0
STDDEV_scheduling_thread_0_process_2=0.0
MEDIAN_scheduling_thread_0_process_2=0
MIN_scheduling_thread_0_process_2=0
MAX_scheduling_thread_0_process_2=0
SUM_terminated_thread_0_process_2=2
MEAN_terminated_thread_0_process_2=2
STDDEV_terminated_thread_0_process_2=0.0
MEDIAN_terminated_thread_0_process_2=2
MIN_terminated_thread_0_process_2=2
MAX_terminated_thread_0_process_2=2
SUM_waitForMemory_thread_0_process_2=162351
MEAN_waitForMemory_thread_0_process_2=13529.25
STDDEV_waitForMemory_thread_0_process_2=41291.2103664
MEDIAN_waitForMemory_thread_0_process_2=1259
MIN_waitForMemory_thread_0_process_2=54
MAX_waitForMemory_thread_0_process_2=150455
SUM_waiting_thread_0_process_2=6319
MEAN_waiting_thread_0_process_2=702.111111111
STDDEV_waiting_thread_0_process_2=122.101455487
MEDIAN_waiting_thread_0_process_2=746
MIN_waiting_thread_0_process_2=500
MAX_waiting_thread_0_process_2=874
SUM_TURNAROUNDTIME_thread_0_process_20=320176
SUM_checkIfMemory_thread_0_process_20=19565
MEAN_checkIfMemory_thread_0_process_20=1150.88235294
STDDEV_checkIfMemory_thread_0_process_20=1020.34255392
MEDIAN_checkIfMemory_thread_0_process_20=1361
MIN_checkIfMemory_thread_0_process_20=0
MAX_checkIfMemory_thread_0_process_20=2681
SUM_init_thread_0_process_20=0
MEAN_init_thread_0_process_20=0
STDDEV_init_thread_0_process_20=0.0
MEDIAN_init_thread_0_process_20=0
MIN_init_thread_0_process_20=0
MAX_init_thread_0_process_20=0
SUM_releasing_thread_0_process_20=10788
MEAN_releasing_thread_0_process_20=1198.66666667
STDDEV_releasing_thread_0_process_20=376.005319111
MEDIAN_releasing_thread_0_process_20=1246
MIN_releasing_thread_0_process_20=704
MAX_releasing_thread_0_process_20=1824
SUM_rescheduling_thread_0_process_20=0
MEAN_rescheduling_thread_0_process_20=0
STDDEV_rescheduling_thread_0_process_20=0.0
MEDIAN_rescheduling_thread_0_process_20=0
MIN_rescheduling_thread_0_process_20=0
MAX_rescheduling_thread_0_process_20=0
SUM_running_thread_0_process_20=8524
MEAN_running_thread_0_process_20=118.388888889
STDDEV_running_thread_0_process_20=20.5024087715
MEDIAN_running_thread_0_process_20=125
MIN_running_thread_0_process_20=11
MAX_running_thread_0_process_20=125
SUM_scheduling_thread_0_process_20=0
MEAN_scheduling_thread_0_process_20=0
STDDEV_scheduling_thread_0_process_20=0.0
MEDIAN_scheduling_thread_0_process_20=0
MIN_scheduling_thread_0_process_20=0
MAX_scheduling_thread_0_process_20=0
SUM_terminated_thread_0_process_20=2
MEAN_terminated_thread_0_process_20=2
STDDEV_terminated_thread_0_process_20=0.0
MEDIAN_terminated_thread_0_process_20=2
MIN_terminated_thread_0_process_20=2
MAX_terminated_thread_0_process_20=2
SUM_waitForMemory_thread_0_process_20=273571
MEAN_waitForMemory_thread_0_process_20=39081.5714286
STDDEV_waitForMemory_thread_0_process_20=90285.5657628
MEDIAN_waitForMemory_thread_0_process_20=3450
MIN_waitForMemory_thread_0_process_20=279
MAX_waitForMemory_thread_0_process_20=260198
SUM_waiting_thread_0_process_20=7725
MEAN_waiting_thread_0_process_20=858.333333333
STDDEV_waiting_thread_0_process_20=113.795137565
MEDIAN_waiting_thread_0_process_20=886
MIN_waiting_thread_0_process_20=643
MAX_waiting_thread_0_process_20=998
SUM_TURNAROUNDTIME_thread_0_process_21=235639
SUM_checkIfMemory_thread_0_process_21=32526
MEAN_checkIfMemory_thread_0_process_21=1807
STDDEV_checkIfMemory_thread_0_process_21=1694.77625531
MEDIAN_checkIfMemory_thread_0_process_21=2596.5
MIN_checkIfMemory_thread_0_process_21=0
MAX_checkIfMemory_thread_0_process_21=4829
SUM_init_thread_0_process_21=0
MEAN_init_thread_0_process_21=0
STDDEV_init_thread_0_process_21=0.0
MEDIAN_init_thread_0_process_21=0
MIN_init_thread_0_process_21=0
MAX_init_thread_0_process_21=0
SUM_releasing_thread_0_process_21=23696
MEAN_releasing_thread_0_process_21=2632.88888889
STDDEV_releasing_thread_0_process_21=720.701578625
MEDIAN_releasing_thread_0_process_21=2969
MIN_releasing_thread_0_process_21=1549
MAX_releasing_thread_0_process_21=3680
SUM_rescheduling_thread_0_process_21=0
MEAN_rescheduling_thread_0_process_21=0
STDDEV_rescheduling_thread_0_process_21=0.0
MEDIAN_rescheduling_thread_0_process_21=0
MIN_rescheduling_thread_0_process_21=0
MAX_rescheduling_thread_0_process_21=0
SUM_running_thread_0_process_21=163
MEAN_running_thread_0_process_21=16.3
STDDEV_running_thread_0_process_21=6.76830850361
MEDIAN_running_thread_0_process_21=16.5
MIN_running_thread_0_process_21=8
MAX_running_thread_0_process_21=32
SUM_scheduling_thread_0_process_21=0
MEAN_scheduling_thread_0_process_21=0
STDDEV_scheduling_thread_0_process_21=0.0
MEDIAN_scheduling_thread_0_process_21=0
MIN_scheduling_thread_0_process_21=0
MAX_scheduling_thread_0_process_21=0
SUM_terminated_thread_0_process_21=2
MEAN_terminated_thread_0_process_21=2
STDDEV_terminated_thread_0_process_21=0.0
MEDIAN_terminated_thread_0_process_21=2
MIN_terminated_thread_0_process_21=2
MAX_terminated_thread_0_process_21=2
SUM_waitForMemory_thread_0_process_21=171599
MEAN_waitForMemory_thread_0_process_21=21449.875
STDDEV_waitForMemory_thread_0_process_21=53367.1585327
MEDIAN_waitForMemory_thread_0_process_21=1025
MIN_waitForMemory_thread_0_process_21=331
MAX_waitForMemory_thread_0_process_21=162614
SUM_waiting_thread_0_process_21=7652
MEAN_waiting_thread_0_process_21=850.222222222
STDDEV_waiting_thread_0_process_21=82.316162552
MEDIAN_waiting_thread_0_process_21=855
MIN_waiting_thread_0_process_21=684
MAX_waiting_thread_0_process_21=937
SUM_TURNAROUNDTIME_thread_0_process_22=244777
SUM_checkIfMemory_thread_0_process_22=27286
MEAN_checkIfMemory_thread_0_process_22=1091.44
STDDEV_checkIfMemory_thread_0_process_22=1443.18162627
MEDIAN_checkIfMemory_thread_0_process_22=1
MIN_checkIfMemory_thread_0_process_22=0
MAX_checkIfMemory_thread_0_process_22=4232
SUM_init_thread_0_process_22=0
MEAN_init_thread_0_process_22=0
STDDEV_init_thread_0_process_22=0.0
MEDIAN_init_thread_0_process_22=0
MIN_init_thread_0_process_22=0
MAX_init_thread_0_process_22=0
SUM_releasing_thread_0_process_22=15044
MEAN_releasing_thread_0_process_22=1671.55555556
STDDEV_releasing_thread_0_process_22=233.315766534
MEDIAN_releasing_thread_0_process_22=1741
MIN_releasing_thread_0_process_22=1226
MAX_releasing_thread_0_process_22=1986
SUM_rescheduling_thread_0_process_22=0
MEAN_rescheduling_thread_0_process_22=0
STDDEV_rescheduling_thread_0_process_22=0.0
MEDIAN_rescheduling_thread_0_process_22=0
MIN_rescheduling_thread_0_process_22=0
MAX_rescheduling_thread_0_process_22=0
SUM_running_thread_0_process_22=9932
MEAN_running_thread_0_process_22=116.847058824
STDDEV_running_thread_0_process_22=25.8563933986
MEDIAN_running_thread_0_process_22=125
MIN_running_thread_0_process_22=1
MAX_running_thread_0_process_22=125
SUM_scheduling_thread_0_process_22=0
MEAN_scheduling_thread_0_process_22=0
STDDEV_scheduling_thread_0_process_22=0.0
MEDIAN_scheduling_thread_0_process_22=0
MIN_scheduling_thread_0_process_22=0
MAX_scheduling_thread_0_process_22=0
SUM_terminated_thread_0_process_22=1
MEAN_terminated_thread_0_process_22=1
STDDEV_terminated_thread_0_process_22=0.0
MEDIAN_terminated_thread_0_process_22=1
MIN_terminated_thread_0_process_22=1
MAX_terminated_thread_0_process_22=1
SUM_waitForMemory_thread_0_process_22=185451
MEAN_waitForMemory_thread_0_process_22=12363.4
STDDEV_waitForMemory_thread_0_process_22=40531.7123757
MEDIAN_waitForMemory_thread_0_process_22=1425
MIN_waitForMemory_thread_0_process_22=265
MAX_waitForMemory_thread_0_process_22=163974
SUM_waiting_thread_0_process_22=7062
MEAN_waiting_thread_0_process_22=784.666666667
STDDEV_waiting_thread_0_process_22=187.49577773
MEDIAN_waiting_thread_0_process_22=828
MIN_waiting_thread_0_process_22=520
MAX_waiting_thread_0_process_22=992
SUM_TURNAROUNDTIME_thread_0_process_23=228146
SUM_checkIfMemory_thread_0_process_23=33054
MEAN_checkIfMemory_thread_0_process_23=1944.35294118
STDDEV_checkIfMemory_thread_0_process_23=1831.40781404
MEDIAN_checkIfMemory_thread_0_process_23=2570
MIN_checkIfMemory_thread_0_process_23=0
MAX_checkIfMemory_thread_0_process_23=6010
SUM_init_thread_0_process_23=0
MEAN_init_thread_0_process_23=0
STDDEV_init_thread_0_process_23=0.0
MEDIAN_init_thread_0_process_23=0
MIN_init_thread_0_process_23=0
MAX_init_thread_0_process_23=0
SUM_releasing_thread_0_process_23=29387
MEAN_releasing_thread_0_process_23=3265.22222222
STDDEV_releasing_thread_0_process_23=593.92400894
MEDIAN_releasing_thread_0_process_23=3281
MIN_releasing_thread_0_process_23=1991
MAX_releasing_thread_0_process_23=4176
SUM_rescheduling_thread_0_process_23=0
MEAN_rescheduling_thread_0_process_23=0
STDDEV_rescheduling_thread_0_process_23=0.0
MEDIAN_rescheduling_thread_0_process_23=0
MIN_rescheduling_thread_0_process_23=0
MAX_rescheduling_thread_0_process_23=0
SUM_running_thread_0_process_23=345
MEAN_running_thread_0_process_23=34.5
STDDEV_running_thread_0_process_23=30.9071189211
MEDIAN_running_thread_0_process_23=26
MIN_running_thread_0_process_23=9
MAX_running_thread_0_process_23=121
SUM_scheduling_thread_0_process_23=0
MEAN_scheduling_thread_0_process_23=0
STDDEV_scheduling_thread_0_process_23=0.0
MEDIAN_scheduling_thread_0_process_23=0
MIN_scheduling_thread_0_process_23=0
MAX_scheduling_thread_0_process_23=0
SUM_terminated_thread_0_process_23=2
MEAN_terminated_thread_0_process_23=2
STDDEV_terminated_thread_0_process_23=0.0
MEDIAN_terminated_thread_0_process_23=2
MIN_terminated_thread_0_process_23=2
MAX_terminated_thread_0_process_23=2
SUM_waitForMemory_thread_0_process_23=159193
MEAN_waitForMemory_thread_0_process_23=22741.8571429
STDDEV_waitForMemory_thread_0_process_23=52151.5663795
MEDIAN_waitForMemory_thread_0_process_23=1186
MIN_waitForMemory_thread_0_process_23=798
MAX_waitForMemory_thread_0_process_23=150477
SUM_waiting_thread_0_process_23=6164
MEAN_waiting_thread_0_process_23=684.888888889
STDDEV_waiting_thread_0_process_23=118.599648158
MEDIAN_waiting_thread_0_process_23=667
MIN_waiting_thread_0_process_23=534
MAX_waiting_thread_0_process_23=913
SUM_TURNAROUNDTIME_thread_0_process_3=157979
SUM_checkIfMemory_thread_0_process_3=68716
MEAN_checkIfMemory_thread_0_process_3=3616.63157895
STDDEV_checkIfMemory_thread_0_process_3=3898.37039112
MEDIAN_checkIfMemory_thread_0_process_3=2
MIN_checkIfMemory_thread_0_process_3=0
MAX_checkIfMemory_thread_0_process_3=9110
SUM_init_thread_0_process_3=0
MEAN_init_thread_0_process_3=0
STDDEV_init_thread_0_process_3=0.0
MEDIAN_init_thread_0_process_3=0
MIN_init_thread_0_process_3=0
MAX_init_thread_0_process_3=0
SUM_ready_thread_0_process_3=1124
MEAN_ready_thread_0_process_3=80.2857142857
STDDEV_ready_thread_0_process_3=43.4468946308
MEDIAN_ready_thread_0_process_3=98
MIN_ready_thread_0_process_3=11
MAX_ready_thread_0_process_3=125
SUM_releasing_thread_0_process_3=59797
MEAN_releasing_thread_0_process_3=6644.11111111
STDDEV_releasing_thread_0_process_3=1211.53176181
MEDIAN_releasing_thread_0_process_3=6876
MIN_releasing_thread_0_process_3=3884
MAX_releasing_thread_0_process_3=8482
SUM_rescheduling_thread_0_process_3=0
MEAN_rescheduling_thread_0_process_3=0
STDDEV_rescheduling_thread_0_process_3=0.0
MEDIAN_rescheduling_thread_0_process_3=0
MIN_rescheduling_thread_0_process_3=0
MAX_rescheduling_thread_0_process_3=0
SUM_running_thread_0_process_3=207
MEAN_running_thread_0_process_3=20.7
STDDEV_running_thread_0_process_3=15.925137362
MEDIAN_running_thread_0_process_3=16
MIN_running_thread_0_process_3=4
MAX_running_thread_0_process_3=53
SUM_scheduling_thread_0_process_3=0
MEAN_scheduling_thread_0_process_3=0
STDDEV_scheduling_thread_0_process_3=0.0
MEDIAN_scheduling_thread_0_process_3=0
MIN_scheduling_thread_0_process_3=0
MAX_scheduling_thread_0_process_3=0
SUM_terminated_thread_0_process_3=2
MEAN_terminated_thread_0_process_3=2
STDDEV_terminated_thread_0_process_3=0.0
MEDIAN_terminated_thread_0_process_3=2
MIN_terminated_thread_0_process_3=2
MAX_terminated_thread_0_process_3=2
SUM_waitForMemory_thread_0_process_3=21023
MEAN_waitForMemory_thread_0_process_3=2335.88888889
STDDEV_waitForMemory_thread_0_process_3=1793.16941286
MEDIAN_waitForMemory_thread_0_process_3=2393
MIN_waitForMemory_thread_0_process_3=151
MAX_waitForMemory_thread_0_process_3=6193
SUM_waiting_thread_0_process_3=7109
MEAN_waiting_thread_0_process_3=789.888888889
STDDEV_waiting_thread_0_process_3=109.906469777
MEDIAN_waiting_thread_0_process_3=789
MIN_waiting_thread_0_process_3=638
MAX_waiting_thread_0_process_3=984
SUM_TURNAROUNDTIME_thread_0_process_4=147288
SUM_checkIfMemory_thread_0_process_4=67796
MEAN_checkIfMemory_thread_0_process_4=6163.27272727
STDDEV_checkIfMemory_thread_0_process_4=2957.59272785
MEDIAN_checkIfMemory_thread_0_process_4=7430
MIN_checkIfMemory_thread_0_process_4=0
MAX_checkIfMemory_thread_0_process_4=8520
SUM_init_thread_0_process_4=0
MEAN_init_thread_0_process_4=0
STDDEV_init_thread_0_process_4=0.0
MEDIAN_init_thread_0_process_4=0
MIN_init_thread_0_process_4=0
MAX_init_thread_0_process_4=0
SUM_ready_thread_0_process_4=585
MEAN_ready_thread_0_process_4=146.25
STDDEV_ready_thread_0_process_4=53.541455901
MEDIAN_ready_thread_0_process_4=125
MIN_ready_thread_0_process_4=98
MAX_ready_thread_0_process_4=237
SUM_releasing_thread_0_process_4=60591
MEAN_releasing_thread_0_process_4=6732.33333333
STDDEV_releasing_thread_0_process_4=576.284844692
MEDIAN_releasing_thread_0_process_4=6798
MIN_releasing_thread_0_process_4=5499
MAX_releasing_thread_0_process_4=7458
SUM_rescheduling_thread_0_process_4=0
MEAN_rescheduling_thread_0_process_4=0
STDDEV_rescheduling_thread_0_process_4=0.0
MEDIAN_rescheduling_thread_0_process_4=0
MIN_rescheduling_thread_0_process_4=0
MAX_rescheduling_thread_0_process_4=0
SUM_running_thread_0_process_4=8693
MEAN_running_thread_0_process_4=115.906666667
STDDEV_running_thread_0_process_4=26.5526763665
MEDIAN_running_thread_0_process_4=125
MIN_running_thread_0_process_4=17
MAX_running_thread_0_process_4=125
SUM_scheduling_thread_0_process_4=0
MEAN_scheduling_thread_0_process_4=0
STDDEV_scheduling_thread_0_process_4=0.0
MEDIAN_scheduling_thread_0_process_4=0
MIN_scheduling_thread_0_process_4=0
MAX_scheduling_thread_0_process_4=0
SUM_terminated_thread_0_process_4=2
MEAN_terminated_thread_0_process_4=2
STDDEV_terminated_thread_0_process_4=0.0
MEDIAN_terminated_thread_0_process_4=2
MIN_terminated_thread_0_process_4=2
MAX_terminated_thread_0_process_4=2
SUM_waitForMemory_thread_0_process_4=2726
MEAN_waitForMemory_thread_0_process_4=2726
STDDEV_waitForMemory_thread_0_process_4=0.0
MEDIAN_waitForMemory_thread_0_process_4=2726
MIN_waitForMemory_thread_0_process_4=2726
MAX_waitForMemory_thread_0_process_4=2726
SUM_waiting_thread_0_process_4=6894
MEAN_waiting_thread_0_process_4=766
STDDEV_waiting_thread_0_process_4=111.791472543
MEDIAN_waiting_thread_0_process_4=752
MIN_waiting_thread_0_process_4=580
MAX_waiting_thread_0_process_4=965
SUM_TURNAROUNDTIME_thread_0_process_5=142876
SUM_checkIfMemory_thread_0_process_5=68159
MEAN_checkIfMemory_thread_0_process_5=5679.91666667
STDDEV_checkIfMemory_thread_0_process_5=3137.57043635
MEDIAN_checkIfMemory_thread_0_process_5=7000
MIN_checkIfMemory_thread_0_process_5=0
MAX_checkIfMemory_thread_0_process_5=9354
SUM_init_thread_0_process_5=0
MEAN_init_thread_0_process_5=0
STDDEV_init_thread_0_process_5=0.0
MEDIAN_init_thread_0_process_5=0
MIN_init_thread_0_process_5=0
MAX_init_thread_0_process_5=0
SUM_releasing_thread_0_process_5=66857
MEAN_releasing_thread_0_process_5=7428.55555556
STDDEV_releasing_thread_0_process_5=873.159029821
MEDIAN_releasing_thread_0_process_5=7737
MIN_releasing_thread_0_process_5=6032
MAX_releasing_thread_0_process_5=8441
SUM_rescheduling_thread_0_process_5=0
MEAN_rescheduling_thread_0_process_5=0
STDDEV_rescheduling_thread_0_process_5=0.0
MEDIAN_rescheduling_thread_0_process_5=0
MIN_rescheduling_thread_0_process_5=0
MAX_rescheduling_thread_0_process_5=0
SUM_running_thread_0_process_5=249
MEAN_running_thread_0_process_5=24.9
STDDEV_running_thread_0_process_5=31.1687343343
MEDIAN_running_thread_0_process_5=13.5
MIN_running_thread_0_process_5=3
MAX_running_thread_0_process_5=112
SUM_scheduling_thread_0_process_5=0
MEAN_scheduling_thread_0_process_5=0
STDDEV_scheduling_thread_0_process_5=0.0
MEDIAN_scheduling_thread_0_process_5=0
MIN_scheduling_thread_0_process_5=0
MAX_scheduling_thread_0_process_5=0
SUM_terminated_thread_0_process_5=3
MEAN_terminated_thread_0_process_5=3
STDDEV_terminated_thread_0_process_5=0.0
MEDIAN_terminated_thread_0_process_5=3
MIN_terminated_thread_0_process_5=3
MAX_terminated_thread_0_process_5=3
SUM_waitForMemory_thread_0_process_5=996
MEAN_waitForMemory_thread_0_process_5=498
STDDEV_waitForMemory_thread_0_process_5=387.0
MEDIAN_waitForMemory_thread_0_process_5=498
MIN_waitForMemory_thread_0_process_5=111
MAX_waitForMemory_thread_0_process_5=885
SUM_waiting_thread_0_process_5=6611
MEAN_waiting_thread_0_process_5=734.555555556
STDDEV_waiting_thread_0_process_5=143.414016912
MEDIAN_waiting_thread_0_process_5=708
MIN_waiting_thread_0_process_5=560
MAX_waiting_thread_0_process_5=990
SUM_TURNAROUNDTIME_thread_0_process_6=161221
SUM_checkIfMemory_thread_0_process_6=69575
MEAN_checkIfMemory_thread_0_process_6=2898.95833333
STDDEV_checkIfMemory_thread_0_process_6=3502.22426323
MEDIAN_checkIfMemory_thread_0_process_6=2
MIN_checkIfMemory_thread_0_process_6=0
MAX_checkIfMemory_thread_0_process_6=8748
SUM_init_thread_0_process_6=0
MEAN_init_thread_0_process_6=0
STDDEV_init_thread_0_process_6=0.0
MEDIAN_init_thread_0_process_6=0
MIN_init_thread_0_process_6=0
MAX_init_thread_0_process_6=0
SUM_releasing_thread_0_process_6=57725
MEAN_releasing_thread_0_process_6=6413.88888889
STDDEV_releasing_thread_0_process_6=663.118967782
MEDIAN_releasing_thread_0_process_6=6438
MIN_releasing_thread_0_process_6=5252
MAX_releasing_thread_0_process_6=7293
SUM_rescheduling_thread_0_process_6=0
MEAN_rescheduling_thread_0_process_6=0
STDDEV_rescheduling_thread_0_process_6=0.0
MEDIAN_rescheduling_thread_0_process_6=0
MIN_rescheduling_thread_0_process_6=0
MAX_rescheduling_thread_0_process_6=0
SUM_running_thread_0_process_6=9297
MEAN_running_thread_0_process_6=116.2125
STDDEV_running_thread_0_process_6=25.1935972769
MEDIAN_running_thread_0_process_6=125
MIN_running_thread_0_process_6=15
MAX_running_thread_0_process_6=125
SUM_scheduling_thread_0_process_6=0
MEAN_scheduling_thread_0_process_6=0
STDDEV_scheduling_thread_0_process_6=0.0
MEDIAN_scheduling_thread_0_process_6=0
MIN_scheduling_thread_0_process_6=0
MAX_scheduling_thread_0_process_6=0
SUM_terminated_thread_0_process_6=2
MEAN_terminated_thread_0_process_6=2
STDDEV_terminated_thread_0_process_6=0.0
MEDIAN_terminated_thread_0_process_6=2
MIN_terminated_thread_0_process_6=2
MAX_terminated_thread_0_process_6=2
SUM_waitForMemory_thread_0_process_6=17121
MEAN_waitForMemory_thread_0_process_6=1222.92857143
STDDEV_waitForMemory_thread_0_process_6=1083.80002533
MEDIAN_waitForMemory_thread_0_process_6=917
MIN_waitForMemory_thread_0_process_6=155
MAX_waitForMemory_thread_0_process_6=4273
SUM_waiting_thread_0_process_6=7500
MEAN_waiting_thread_0_process_6=833.333333333
STDDEV_waiting_thread_0_process_6=154.318573808
MEDIAN_waiting_thread_0_process_6=914
MIN_waiting_thread_0_process_6=559
MAX_waiting_thread_0_process_6=998
SUM_TURNAROUNDTIME_thread_0_process_7=172998
SUM_checkIfMemory_thread_0_process_7=70241
MEAN_checkIfMemory_thread_0_process_7=3192.77272727
STDDEV_checkIfMemory_thread_0_process_7=3656.16511627
MEDIAN_checkIfMemory_thread_0_process_7=2
MIN_checkIfMemory_thread_0_process_7=0
MAX_checkIfMemory_thread_0_process_7=9477
SUM_init_thread_0_process_7=0
MEAN_init_thread_0_process_7=0
STDDEV_init_thread_0_process_7=0.0
MEDIAN_init_thread_0_process_7=0
MIN_init_thread_0_process_7=0
MAX_init_thread_0_process_7=0
SUM_releasing_thread_0_process_7=58225
MEAN_releasing_thread_0_process_7=6469.44444444
STDDEV_releasing_thread_0_process_7=1166.8068593
MEDIAN_releasing_thread_0_process_7=6567
MIN_releasing_thread_0_process_7=4430
MAX_releasing_thread_0_process_7=8303
SUM_rescheduling_thread_0_process_7=0
MEAN_rescheduling_thread_0_process_7=0
STDDEV_rescheduling_thread_0_process_7=0.0
MEDIAN_rescheduling_thread_0_process_7=0
MIN_rescheduling_thread_0_process_7=0
MAX_rescheduling_thread_0_process_7=0
SUM_running_thread_0_process_7=280
MEAN_running_thread_0_process_7=28
STDDEV_running_thread_0_process_7=24.8314316945
MEDIAN_running_thread_0_process_7=18
MIN_running_thread_0_process_7=2
MAX_running_thread_0_process_7=89
SUM_scheduling_thread_0_process_7=0
MEAN_scheduling_thread_0_process_7=0
STDDEV_scheduling_thread_0_process_7=0.0
MEDIAN_scheduling_thread_0_process_7=0
MIN_scheduling_thread_0_process_7=0
MAX_scheduling_thread_0_process_7=0
SUM_terminated_thread_0_process_7=2
MEAN_terminated_thread_0_process_7=2
STDDEV_terminated_thread_0_process_7=0.0
MEDIAN_terminated_thread_0_process_7=2
MIN_terminated_thread_0_process_7=2
MAX_terminated_thread_0_process_7=2
SUM_waitForMemory_thread_0_process_7=37940
MEAN_waitForMemory_thread_0_process_7=3161.66666667
STDDEV_waitForMemory_thread_0_process_7=4011.38792135
MEDIAN_waitForMemory_thread_0_process_7=2015
MIN_waitForMemory_thread_0_process_7=45
MAX_waitForMemory_thread_0_process_7=15642
SUM_waiting_thread_0_process_7=6309
MEAN_waiting_thread_0_process_7=701
STDDEV_waiting_thread_0_process_7=138.874843734
MEDIAN_waiting_thread_0_process_7=670
MIN_waiting_thread_0_process_7=501
MAX_waiting_thread_0_process_7=931
SUM_TURNAROUNDTIME_thread_0_process_8=156510
SUM_checkIfMemory_thread_0_process_8=70468
MEAN_checkIfMemory_thread_0_process_8=3708.84210526
STDDEV_checkIfMemory_thread_0_process_8=3583.01768233
MEDIAN_checkIfMemory_thread_0_process_8=4577
MIN_checkIfMemory_thread_0_process_8=0
MAX_checkIfMemory_thread_0_process_8=7996
SUM_init_thread_0_process_8=0
MEAN_init_thread_0_process_8=0
STDDEV_init_thread_0_process_8=0.0
MEDIAN_init_thread_0_process_8=0
MIN_init_thread_0_process_8=0
MAX_init_thread_0_process_8=0
SUM_releasing_thread_0_process_8=60936
MEAN_releasing_thread_0_process_8=6770.66666667
STDDEV_releasing_thread_0_process_8=843.086788731
MEDIAN_releasing_thread_0_process_8=6541
MIN_releasing_thread_0_process_8=5542
MAX_releasing_thread_0_process_8=8038
SUM_rescheduling_thread_0_process_8=0
MEAN_rescheduling_thread_0_process_8=0
STDDEV_rescheduling_thread_0_process_8=0.0
MEDIAN_rescheduling_thread_0_process_8=0
MIN_rescheduling_thread_0_process_8=0
MAX_rescheduling_thread_0_process_8=0
SUM_running_thread_0_process_8=9376
MEAN_running_thread_0_process_8=117.2
STDDEV_running_thread_0_process_8=23.5257305944
MEDIAN_running_thread_0_process_8=125
MIN_running_thread_0_process_8=21
MAX_running_thread_0_process_8=125
SUM_scheduling_thread_0_process_8=0
MEAN_scheduling_thread_0_process_8=0
STDDEV_scheduling_thread_0_process_8=0.0
MEDIAN_scheduling_thread_0_process_8=0
MIN_scheduling_thread_0_process_8=0
MAX_scheduling_thread_0_process_8=0
SUM_terminated_thread_0_process_8=2
MEAN_terminated_thread_0_process_8=2
STDDEV_terminated_thread_0_process_8=0.0
MEDIAN_terminated_thread_0_process_8=2
MIN_terminated_thread_0_process_8=2
MAX_terminated_thread_0_process_8=2
SUM_waitForMemory_thread_0_process_8=8330
MEAN_waitForMemory_thread_0_process_8=925.555555556
STDDEV_waitForMemory_thread_0_process_8=549.317983425
MEDIAN_waitForMemory_thread_0_process_8=1099
MIN_waitForMemory_thread_0_process_8=137
MAX_waitForMemory_thread_0_process_8=1910
SUM_waiting_thread_0_process_8=7397
MEAN_waiting_thread_0_process_8=821.888888889
STDDEV_waiting_thread_0_process_8=220.577748674
MEDIAN_waiting_thread_0_process_8=860
MIN_waiting_thread_0_process_8=538
MAX_waiting_thread_0_process_8=1273
SUM_TURNAROUNDTIME_thread_0_process_9=264478
SUM_checkIfMemory_thread_0_process_9=27094
MEAN_checkIfMemory_thread_0_process_9=1290.19047619
STDDEV_checkIfMemory_thread_0_process_9=1559.77289614
MEDIAN_checkIfMemory_thread_0_process_9=1
MIN_checkIfMemory_thread_0_process_9=0
MAX_checkIfMemory_thread_0_process_9=4304
SUM_init_thread_0_process_9=0
MEAN_init_thread_0_process_9=0
STDDEV_init_thread_0_process_9=0.0
MEDIAN_init_thread_0_process_9=0
MIN_init_thread_0_process_9=0
MAX_init_thread_0_process_9=0
SUM_releasing_thread_0_process_9=20839
MEAN_releasing_thread_0_process_9=2315.44444444
STDDEV_releasing_thread_0_process_9=636.007706297
MEDIAN_releasing_thread_0_process_9=2638
MIN_releasing_thread_0_process_9=1327
MAX_releasing_thread_0_process_9=3086
SUM_rescheduling_thread_0_process_9=0
MEAN_rescheduling_thread_0_process_9=0
STDDEV_rescheduling_thread_0_process_9=0.0
MEDIAN_rescheduling_thread_0_process_9=0
MIN_rescheduling_thread_0_process_9=0
MAX_rescheduling_thread_0_process_9=0
SUM_running_thread_0_process_9=193
MEAN_running_thread_0_process_9=19.3
STDDEV_running_thread_0_process_9=19.3341666487
MEDIAN_running_thread_0_process_9=12
MIN_running_thread_0_process_9=3
MAX_running_thread_0_process_9=57
SUM_scheduling_thread_0_process_9=0
MEAN_scheduling_thread_0_process_9=0
STDDEV_scheduling_thread_0_process_9=0.0
MEDIAN_scheduling_thread_0_process_9=0
MIN_scheduling_thread_0_process_9=0
MAX_scheduling_thread_0_process_9=0
SUM_terminated_thread_0_process_9=1
MEAN_terminated_thread_0_process_9=1
STDDEV_terminated_thread_0_process_9=0.0
MEDIAN_terminated_thread_0_process_9=1
MIN_terminated_thread_0_process_9=1
MAX_terminated_thread_0_process_9=1
SUM_waitForMemory_thread_0_process_9=210125
MEAN_waitForMemory_thread_0_process_9=19102.2727273
STDDEV_waitForMemory_thread_0_process_9=51304.3051908
MEDIAN_waitForMemory_thread_0_process_9=2382
MIN_waitForMemory_thread_0_process_9=562
MAX_waitForMemory_thread_0_process_9=181218
SUM_waiting_thread_0_process_9=6225
MEAN_waiting_thread_0_process_9=691.666666667
STDDEV_waiting_thread_0_process_9=171.351490607
MEDIAN_waiting_thread_0_process_9=602
MIN_waiting_thread_0_process_9=539
MAX_waiting_thread_0_process_9=979
