DUMP OF VM:
	ip = 38, isSupervisorMode = 1, topds = 0, topcs = 0
	lower_user_ip = 17, upper_user_ip = 57
	lower_user_static = 0, upper_user_static = 1023
		staticMemory[0] = 0
		staticMemory[1] = 0
		staticMemory[2] = 0
		staticMemory[3] = 0
		staticMemory[4] = 0
		staticMemory[5] = 0
		staticMemory[6] = 0
		staticMemory[7] = 0
		staticMemory[8] = 0
		staticMemory[9] = 0
		staticMemory[10] = 0
		staticMemory[11] = 0
		staticMemory[12] = 0
		staticMemory[13] = 0
		staticMemory[14] = 0
		staticMemory[15] = 0
		staticMemory[16] = 0
		staticMemory[17] = 0
		staticMemory[18] = 0
		staticMemory[19] = 0
		staticMemory[20] = 0
		staticMemory[21] = 0
		staticMemory[22] = 0
		staticMemory[23] = 0
		staticMemory[24] = 0
		staticMemory[25] = 0
		staticMemory[26] = 0
		staticMemory[27] = 0
		staticMemory[28] = 0
		staticMemory[29] = 0
		staticMemory[30] = 0
		staticMemory[31] = 0
		staticMemory[32] = 0
		staticMemory[33] = 0
		staticMemory[34] = 0
		staticMemory[35] = 0
		staticMemory[36] = 0
		staticMemory[37] = 0
		staticMemory[38] = 0
		staticMemory[39] = 0
		staticMemory[40] = 0
		staticMemory[41] = 0
		staticMemory[42] = 0
		staticMemory[43] = 0
		staticMemory[44] = 0
		staticMemory[45] = 0
		staticMemory[46] = 0
		staticMemory[47] = 0
		staticMemory[48] = 0
		staticMemory[49] = 0
		staticMemory[50] = 0
		staticMemory[51] = 0
		staticMemory[52] = 0
		staticMemory[53] = 0
		staticMemory[54] = 0
		staticMemory[55] = 0
		staticMemory[56] = 0
		staticMemory[57] = 0
		staticMemory[58] = 0
		staticMemory[59] = 0
		staticMemory[60] = 0
		staticMemory[61] = 0
		staticMemory[62] = 0
		staticMemory[63] = 0
		staticMemory[64] = 0
		staticMemory[65] = 0
		staticMemory[66] = 0
		staticMemory[67] = 0
		staticMemory[68] = 0
		staticMemory[69] = 0
		staticMemory[70] = 0
		staticMemory[71] = 0
		staticMemory[72] = 0
		staticMemory[73] = 0
		staticMemory[74] = 0
		staticMemory[75] = 0
		staticMemory[76] = 0
		staticMemory[77] = 0
		staticMemory[78] = 0
		staticMemory[79] = 0
		staticMemory[80] = 0
		staticMemory[81] = 0
		staticMemory[82] = 0
		staticMemory[83] = 0
		staticMemory[84] = 0
		staticMemory[85] = 0
		staticMemory[86] = 0
		staticMemory[87] = 0
		staticMemory[88] = 0
		staticMemory[89] = 0
		staticMemory[90] = 0
		staticMemory[91] = 0
		staticMemory[92] = 0
		staticMemory[93] = 0
		staticMemory[94] = 0
		staticMemory[95] = 0
		staticMemory[96] = 0
		staticMemory[97] = 0
		staticMemory[98] = 0
		staticMemory[99] = 0
		staticMemory[100] = 0
		staticMemory[101] = 0
		staticMemory[102] = 0
		staticMemory[103] = 0
		staticMemory[104] = 0
		staticMemory[105] = 0
		staticMemory[106] = 0
		staticMemory[107] = 0
		staticMemory[108] = 0
		staticMemory[109] = 0
		staticMemory[110] = 0
		staticMemory[111] = 0
		staticMemory[112] = 0
		staticMemory[113] = 0
		staticMemory[114] = 0
		staticMemory[115] = 0
		staticMemory[116] = 0
		staticMemory[117] = 0
		staticMemory[118] = 0
		staticMemory[119] = 0
		staticMemory[120] = 0
		staticMemory[121] = 0
		staticMemory[122] = 0
		staticMemory[123] = 0
		staticMemory[124] = 0
		staticMemory[125] = 0
		staticMemory[126] = 0
		staticMemory[127] = 0
		staticMemory[128] = 0
		staticMemory[129] = 0
		staticMemory[130] = 0
		staticMemory[131] = 0
		staticMemory[132] = 0
		staticMemory[133] = 0
		staticMemory[134] = 0
		staticMemory[135] = 0
		staticMemory[136] = 0
		staticMemory[137] = 0
		staticMemory[138] = 0
		staticMemory[139] = 0
		staticMemory[140] = 0
		staticMemory[141] = 0
		staticMemory[142] = 0
		staticMemory[143] = 0
		staticMemory[144] = 0
		staticMemory[145] = 0
		staticMemory[146] = 0
		staticMemory[147] = 0
		staticMemory[148] = 0
		staticMemory[149] = 0
		staticMemory[150] = 0
		staticMemory[151] = 0
		staticMemory[152] = 0
		staticMemory[153] = 0
		staticMemory[154] = 0
		staticMemory[155] = 0
		staticMemory[156] = 0
		staticMemory[157] = 0
		staticMemory[158] = 0
		staticMemory[159] = 0
		staticMemory[160] = 0
		staticMemory[161] = 0
		staticMemory[162] = 0
		staticMemory[163] = 0
		staticMemory[164] = 0
		staticMemory[165] = 0
		staticMemory[166] = 0
		staticMemory[167] = 0
		staticMemory[168] = 0
		staticMemory[169] = 0
		staticMemory[170] = 0
		staticMemory[171] = 0
		staticMemory[172] = 0
		staticMemory[173] = 0
		staticMemory[174] = 0
		staticMemory[175] = 0
		staticMemory[176] = 0
		staticMemory[177] = 0
		staticMemory[178] = 0
		staticMemory[179] = 0
		staticMemory[180] = 0
		staticMemory[181] = 0
		staticMemory[182] = 0
		staticMemory[183] = 0
		staticMemory[184] = 0
		staticMemory[185] = 0
		staticMemory[186] = 0
		staticMemory[187] = 0
		staticMemory[188] = 0
		staticMemory[189] = 0
		staticMemory[190] = 0
		staticMemory[191] = 0
		staticMemory[192] = 0
		staticMemory[193] = 0
		staticMemory[194] = 0
		staticMemory[195] = 0
		staticMemory[196] = 0
		staticMemory[197] = 0
		staticMemory[198] = 0
		staticMemory[199] = 0
		staticMemory[200] = 0
		staticMemory[201] = 0
		staticMemory[202] = 0
		staticMemory[203] = 0
		staticMemory[204] = 0
		staticMemory[205] = 0
		staticMemory[206] = 0
		staticMemory[207] = 0
		staticMemory[208] = 0
		staticMemory[209] = 0
		staticMemory[210] = 0
		staticMemory[211] = 0
		staticMemory[212] = 0
		staticMemory[213] = 0
		staticMemory[214] = 0
		staticMemory[215] = 0
		staticMemory[216] = 0
		staticMemory[217] = 0
		staticMemory[218] = 0
		staticMemory[219] = 0
		staticMemory[220] = 0
		staticMemory[221] = 0
		staticMemory[222] = 0
		staticMemory[223] = 0
		staticMemory[224] = 0
		staticMemory[225] = 0
		staticMemory[226] = 0
		staticMemory[227] = 0
		staticMemory[228] = 0
		staticMemory[229] = 0
		staticMemory[230] = 0
		staticMemory[231] = 0
		staticMemory[232] = 0
		staticMemory[233] = 0
		staticMemory[234] = 0
		staticMemory[235] = 0
		staticMemory[236] = 0
		staticMemory[237] = 0
		staticMemory[238] = 0
		staticMemory[239] = 0
		staticMemory[240] = 0
		staticMemory[241] = 0
		staticMemory[242] = 0
		staticMemory[243] = 0
		staticMemory[244] = 0
		staticMemory[245] = 0
		staticMemory[246] = 0
		staticMemory[247] = 0
		staticMemory[248] = 0
		staticMemory[249] = 0
		staticMemory[250] = 0
		staticMemory[251] = 0
		staticMemory[252] = 0
		staticMemory[253] = 0
		staticMemory[254] = 0
		staticMemory[255] = 0
		staticMemory[256] = 0
		staticMemory[257] = 0
		staticMemory[258] = 0
		staticMemory[259] = 0
		staticMemory[260] = 0
		staticMemory[261] = 0
		staticMemory[262] = 0
		staticMemory[263] = 0
		staticMemory[264] = 0
		staticMemory[265] = 0
		staticMemory[266] = 0
		staticMemory[267] = 0
		staticMemory[268] = 0
		staticMemory[269] = 0
		staticMemory[270] = 0
		staticMemory[271] = 0
		staticMemory[272] = 0
		staticMemory[273] = 0
		staticMemory[274] = 0
		staticMemory[275] = 0
		staticMemory[276] = 0
		staticMemory[277] = 0
		staticMemory[278] = 0
		staticMemory[279] = 0
		staticMemory[280] = 0
		staticMemory[281] = 0
		staticMemory[282] = 0
		staticMemory[283] = 0
		staticMemory[284] = 0
		staticMemory[285] = 0
		staticMemory[286] = 0
		staticMemory[287] = 0
		staticMemory[288] = 0
		staticMemory[289] = 0
		staticMemory[290] = 0
		staticMemory[291] = 0
		staticMemory[292] = 0
		staticMemory[293] = 0
		staticMemory[294] = 0
		staticMemory[295] = 0
		staticMemory[296] = 0
		staticMemory[297] = 0
		staticMemory[298] = 0
		staticMemory[299] = 0
		staticMemory[300] = 0
		staticMemory[301] = 0
		staticMemory[302] = 0
		staticMemory[303] = 0
		staticMemory[304] = 0
		staticMemory[305] = 0
		staticMemory[306] = 0
		staticMemory[307] = 0
		staticMemory[308] = 0
		staticMemory[309] = 0
		staticMemory[310] = 0
		staticMemory[311] = 0
		staticMemory[312] = 0
		staticMemory[313] = 0
		staticMemory[314] = 0
		staticMemory[315] = 0
		staticMemory[316] = 0
		staticMemory[317] = 0
		staticMemory[318] = 0
		staticMemory[319] = 0
		staticMemory[320] = 0
		staticMemory[321] = 0
		staticMemory[322] = 0
		staticMemory[323] = 0
		staticMemory[324] = 0
		staticMemory[325] = 0
		staticMemory[326] = 0
		staticMemory[327] = 0
		staticMemory[328] = 0
		staticMemory[329] = 0
		staticMemory[330] = 0
		staticMemory[331] = 0
		staticMemory[332] = 0
		staticMemory[333] = 0
		staticMemory[334] = 0
		staticMemory[335] = 0
		staticMemory[336] = 0
		staticMemory[337] = 0
		staticMemory[338] = 0
		staticMemory[339] = 0
		staticMemory[340] = 0
		staticMemory[341] = 0
		staticMemory[342] = 0
		staticMemory[343] = 0
		staticMemory[344] = 0
		staticMemory[345] = 0
		staticMemory[346] = 0
		staticMemory[347] = 0
		staticMemory[348] = 0
		staticMemory[349] = 0
		staticMemory[350] = 0
		staticMemory[351] = 0
		staticMemory[352] = 0
		staticMemory[353] = 0
		staticMemory[354] = 0
		staticMemory[355] = 0
		staticMemory[356] = 0
		staticMemory[357] = 0
		staticMemory[358] = 0
		staticMemory[359] = 0
		staticMemory[360] = 0
		staticMemory[361] = 0
		staticMemory[362] = 0
		staticMemory[363] = 0
		staticMemory[364] = 0
		staticMemory[365] = 0
		staticMemory[366] = 0
		staticMemory[367] = 0
		staticMemory[368] = 0
		staticMemory[369] = 0
		staticMemory[370] = 0
		staticMemory[371] = 0
		staticMemory[372] = 0
		staticMemory[373] = 0
		staticMemory[374] = 0
		staticMemory[375] = 0
		staticMemory[376] = 0
		staticMemory[377] = 0
		staticMemory[378] = 0
		staticMemory[379] = 0
		staticMemory[380] = 0
		staticMemory[381] = 0
		staticMemory[382] = 0
		staticMemory[383] = 0
		staticMemory[384] = 0
		staticMemory[385] = 0
		staticMemory[386] = 0
		staticMemory[387] = 0
		staticMemory[388] = 0
		staticMemory[389] = 0
		staticMemory[390] = 0
		staticMemory[391] = 0
		staticMemory[392] = 0
		staticMemory[393] = 0
		staticMemory[394] = 0
		staticMemory[395] = 0
		staticMemory[396] = 0
		staticMemory[397] = 0
		staticMemory[398] = 0
		staticMemory[399] = 0
		staticMemory[400] = 0
		staticMemory[401] = 0
		staticMemory[402] = 0
		staticMemory[403] = 0
		staticMemory[404] = 0
		staticMemory[405] = 0
		staticMemory[406] = 0
		staticMemory[407] = 0
		staticMemory[408] = 0
		staticMemory[409] = 0
		staticMemory[410] = 0
		staticMemory[411] = 0
		staticMemory[412] = 0
		staticMemory[413] = 0
		staticMemory[414] = 0
		staticMemory[415] = 0
		staticMemory[416] = 0
		staticMemory[417] = 0
		staticMemory[418] = 0
		staticMemory[419] = 0
		staticMemory[420] = 0
		staticMemory[421] = 0
		staticMemory[422] = 0
		staticMemory[423] = 0
		staticMemory[424] = 0
		staticMemory[425] = 0
		staticMemory[426] = 0
		staticMemory[427] = 0
		staticMemory[428] = 0
		staticMemory[429] = 0
		staticMemory[430] = 0
		staticMemory[431] = 0
		staticMemory[432] = 0
		staticMemory[433] = 0
		staticMemory[434] = 0
		staticMemory[435] = 0
		staticMemory[436] = 0
		staticMemory[437] = 0
		staticMemory[438] = 0
		staticMemory[439] = 0
		staticMemory[440] = 0
		staticMemory[441] = 0
		staticMemory[442] = 0
		staticMemory[443] = 0
		staticMemory[444] = 0
		staticMemory[445] = 0
		staticMemory[446] = 0
		staticMemory[447] = 0
		staticMemory[448] = 0
		staticMemory[449] = 0
		staticMemory[450] = 0
		staticMemory[451] = 0
		staticMemory[452] = 0
		staticMemory[453] = 0
		staticMemory[454] = 0
		staticMemory[455] = 0
		staticMemory[456] = 0
		staticMemory[457] = 0
		staticMemory[458] = 0
		staticMemory[459] = 0
		staticMemory[460] = 0
		staticMemory[461] = 0
		staticMemory[462] = 0
		staticMemory[463] = 0
		staticMemory[464] = 0
		staticMemory[465] = 0
		staticMemory[466] = 0
		staticMemory[467] = 0
		staticMemory[468] = 0
		staticMemory[469] = 0
		staticMemory[470] = 0
		staticMemory[471] = 0
		staticMemory[472] = 0
		staticMemory[473] = 0
		staticMemory[474] = 0
		staticMemory[475] = 0
		staticMemory[476] = 0
		staticMemory[477] = 0
		staticMemory[478] = 0
		staticMemory[479] = 0
		staticMemory[480] = 0
		staticMemory[481] = 0
		staticMemory[482] = 0
		staticMemory[483] = 0
		staticMemory[484] = 0
		staticMemory[485] = 0
		staticMemory[486] = 0
		staticMemory[487] = 0
		staticMemory[488] = 0
		staticMemory[489] = 0
		staticMemory[490] = 0
		staticMemory[491] = 0
		staticMemory[492] = 0
		staticMemory[493] = 0
		staticMemory[494] = 0
		staticMemory[495] = 0
		staticMemory[496] = 0
		staticMemory[497] = 0
		staticMemory[498] = 0
		staticMemory[499] = 0
		staticMemory[500] = 0
		staticMemory[501] = 0
		staticMemory[502] = 0
		staticMemory[503] = 0
		staticMemory[504] = 0
		staticMemory[505] = 0
		staticMemory[506] = 0
		staticMemory[507] = 0
		staticMemory[508] = 0
		staticMemory[509] = 0
		staticMemory[510] = 0
		staticMemory[511] = 0
		staticMemory[512] = 0
		staticMemory[513] = 0
		staticMemory[514] = 0
		staticMemory[515] = 0
		staticMemory[516] = 0
		staticMemory[517] = 0
		staticMemory[518] = 0
		staticMemory[519] = 0
		staticMemory[520] = 0
		staticMemory[521] = 0
		staticMemory[522] = 0
		staticMemory[523] = 0
		staticMemory[524] = 0
		staticMemory[525] = 0
		staticMemory[526] = 0
		staticMemory[527] = 0
		staticMemory[528] = 0
		staticMemory[529] = 0
		staticMemory[530] = 0
		staticMemory[531] = 0
		staticMemory[532] = 0
		staticMemory[533] = 0
		staticMemory[534] = 0
		staticMemory[535] = 0
		staticMemory[536] = 0
		staticMemory[537] = 0
		staticMemory[538] = 0
		staticMemory[539] = 0
		staticMemory[540] = 0
		staticMemory[541] = 0
		staticMemory[542] = 0
		staticMemory[543] = 0
		staticMemory[544] = 0
		staticMemory[545] = 0
		staticMemory[546] = 0
		staticMemory[547] = 0
		staticMemory[548] = 0
		staticMemory[549] = 0
		staticMemory[550] = 0
		staticMemory[551] = 0
		staticMemory[552] = 0
		staticMemory[553] = 0
		staticMemory[554] = 0
		staticMemory[555] = 0
		staticMemory[556] = 0
		staticMemory[557] = 0
		staticMemory[558] = 0
		staticMemory[559] = 0
		staticMemory[560] = 0
		staticMemory[561] = 0
		staticMemory[562] = 0
		staticMemory[563] = 0
		staticMemory[564] = 0
		staticMemory[565] = 0
		staticMemory[566] = 0
		staticMemory[567] = 0
		staticMemory[568] = 0
		staticMemory[569] = 0
		staticMemory[570] = 0
		staticMemory[571] = 0
		staticMemory[572] = 0
		staticMemory[573] = 0
		staticMemory[574] = 0
		staticMemory[575] = 0
		staticMemory[576] = 0
		staticMemory[577] = 0
		staticMemory[578] = 0
		staticMemory[579] = 0
		staticMemory[580] = 0
		staticMemory[581] = 0
		staticMemory[582] = 0
		staticMemory[583] = 0
		staticMemory[584] = 0
		staticMemory[585] = 0
		staticMemory[586] = 0
		staticMemory[587] = 0
		staticMemory[588] = 0
		staticMemory[589] = 0
		staticMemory[590] = 0
		staticMemory[591] = 0
		staticMemory[592] = 0
		staticMemory[593] = 0
		staticMemory[594] = 0
		staticMemory[595] = 0
		staticMemory[596] = 0
		staticMemory[597] = 0
		staticMemory[598] = 0
		staticMemory[599] = 0
		staticMemory[600] = 0
		staticMemory[601] = 0
		staticMemory[602] = 0
		staticMemory[603] = 0
		staticMemory[604] = 0
		staticMemory[605] = 0
		staticMemory[606] = 0
		staticMemory[607] = 0
		staticMemory[608] = 0
		staticMemory[609] = 0
		staticMemory[610] = 0
		staticMemory[611] = 0
		staticMemory[612] = 0
		staticMemory[613] = 0
		staticMemory[614] = 0
		staticMemory[615] = 0
		staticMemory[616] = 0
		staticMemory[617] = 0
		staticMemory[618] = 0
		staticMemory[619] = 0
		staticMemory[620] = 0
		staticMemory[621] = 0
		staticMemory[622] = 0
		staticMemory[623] = 0
		staticMemory[624] = 0
		staticMemory[625] = 0
		staticMemory[626] = 0
		staticMemory[627] = 0
		staticMemory[628] = 0
		staticMemory[629] = 0
		staticMemory[630] = 0
		staticMemory[631] = 0
		staticMemory[632] = 0
		staticMemory[633] = 0
		staticMemory[634] = 0
		staticMemory[635] = 0
		staticMemory[636] = 0
		staticMemory[637] = 0
		staticMemory[638] = 0
		staticMemory[639] = 0
		staticMemory[640] = 0
		staticMemory[641] = 0
		staticMemory[642] = 0
		staticMemory[643] = 0
		staticMemory[644] = 0
		staticMemory[645] = 0
		staticMemory[646] = 0
		staticMemory[647] = 0
		staticMemory[648] = 0
		staticMemory[649] = 0
		staticMemory[650] = 0
		staticMemory[651] = 0
		staticMemory[652] = 0
		staticMemory[653] = 0
		staticMemory[654] = 0
		staticMemory[655] = 0
		staticMemory[656] = 0
		staticMemory[657] = 0
		staticMemory[658] = 0
		staticMemory[659] = 0
		staticMemory[660] = 0
		staticMemory[661] = 0
		staticMemory[662] = 0
		staticMemory[663] = 0
		staticMemory[664] = 0
		staticMemory[665] = 0
		staticMemory[666] = 0
		staticMemory[667] = 0
		staticMemory[668] = 0
		staticMemory[669] = 0
		staticMemory[670] = 0
		staticMemory[671] = 0
		staticMemory[672] = 0
		staticMemory[673] = 0
		staticMemory[674] = 0
		staticMemory[675] = 0
		staticMemory[676] = 0
		staticMemory[677] = 0
		staticMemory[678] = 0
		staticMemory[679] = 0
		staticMemory[680] = 0
		staticMemory[681] = 0
		staticMemory[682] = 0
		staticMemory[683] = 0
		staticMemory[684] = 0
		staticMemory[685] = 0
		staticMemory[686] = 0
		staticMemory[687] = 0
		staticMemory[688] = 0
		staticMemory[689] = 0
		staticMemory[690] = 0
		staticMemory[691] = 0
		staticMemory[692] = 0
		staticMemory[693] = 0
		staticMemory[694] = 0
		staticMemory[695] = 0
		staticMemory[696] = 0
		staticMemory[697] = 0
		staticMemory[698] = 0
		staticMemory[699] = 0
		staticMemory[700] = 0
		staticMemory[701] = 0
		staticMemory[702] = 0
		staticMemory[703] = 0
		staticMemory[704] = 0
		staticMemory[705] = 0
		staticMemory[706] = 0
		staticMemory[707] = 0
		staticMemory[708] = 0
		staticMemory[709] = 0
		staticMemory[710] = 0
		staticMemory[711] = 0
		staticMemory[712] = 0
		staticMemory[713] = 0
		staticMemory[714] = 0
		staticMemory[715] = 0
		staticMemory[716] = 0
		staticMemory[717] = 0
		staticMemory[718] = 0
		staticMemory[719] = 0
		staticMemory[720] = 0
		staticMemory[721] = 0
		staticMemory[722] = 0
		staticMemory[723] = 0
		staticMemory[724] = 0
		staticMemory[725] = 0
		staticMemory[726] = 0
		staticMemory[727] = 0
		staticMemory[728] = 0
		staticMemory[729] = 0
		staticMemory[730] = 0
		staticMemory[731] = 0
		staticMemory[732] = 0
		staticMemory[733] = 0
		staticMemory[734] = 0
		staticMemory[735] = 0
		staticMemory[736] = 0
		staticMemory[737] = 0
		staticMemory[738] = 0
		staticMemory[739] = 0
		staticMemory[740] = 0
		staticMemory[741] = 0
		staticMemory[742] = 0
		staticMemory[743] = 0
		staticMemory[744] = 0
		staticMemory[745] = 0
		staticMemory[746] = 0
		staticMemory[747] = 0
		staticMemory[748] = 0
		staticMemory[749] = 0
		staticMemory[750] = 0
		staticMemory[751] = 0
		staticMemory[752] = 0
		staticMemory[753] = 0
		staticMemory[754] = 0
		staticMemory[755] = 0
		staticMemory[756] = 0
		staticMemory[757] = 0
		staticMemory[758] = 0
		staticMemory[759] = 0
		staticMemory[760] = 0
		staticMemory[761] = 0
		staticMemory[762] = 0
		staticMemory[763] = 0
		staticMemory[764] = 0
		staticMemory[765] = 0
		staticMemory[766] = 0
		staticMemory[767] = 0
		staticMemory[768] = 0
		staticMemory[769] = 0
		staticMemory[770] = 0
		staticMemory[771] = 0
		staticMemory[772] = 0
		staticMemory[773] = 0
		staticMemory[774] = 0
		staticMemory[775] = 0
		staticMemory[776] = 0
		staticMemory[777] = 0
		staticMemory[778] = 0
		staticMemory[779] = 0
		staticMemory[780] = 0
		staticMemory[781] = 0
		staticMemory[782] = 0
		staticMemory[783] = 0
		staticMemory[784] = 0
		staticMemory[785] = 0
		staticMemory[786] = 0
		staticMemory[787] = 0
		staticMemory[788] = 0
		staticMemory[789] = 0
		staticMemory[790] = 0
		staticMemory[791] = 0
		staticMemory[792] = 0
		staticMemory[793] = 0
		staticMemory[794] = 0
		staticMemory[795] = 0
		staticMemory[796] = 0
		staticMemory[797] = 0
		staticMemory[798] = 0
		staticMemory[799] = 0
		staticMemory[800] = 0
		staticMemory[801] = 0
		staticMemory[802] = 0
		staticMemory[803] = 0
		staticMemory[804] = 0
		staticMemory[805] = 0
		staticMemory[806] = 0
		staticMemory[807] = 0
		staticMemory[808] = 0
		staticMemory[809] = 0
		staticMemory[810] = 0
		staticMemory[811] = 0
		staticMemory[812] = 0
		staticMemory[813] = 0
		staticMemory[814] = 0
		staticMemory[815] = 0
		staticMemory[816] = 0
		staticMemory[817] = 0
		staticMemory[818] = 0
		staticMemory[819] = 0
		staticMemory[820] = 0
		staticMemory[821] = 0
		staticMemory[822] = 0
		staticMemory[823] = 0
		staticMemory[824] = 0
		staticMemory[825] = 0
		staticMemory[826] = 0
		staticMemory[827] = 0
		staticMemory[828] = 0
		staticMemory[829] = 0
		staticMemory[830] = 0
		staticMemory[831] = 0
		staticMemory[832] = 0
		staticMemory[833] = 0
		staticMemory[834] = 0
		staticMemory[835] = 0
		staticMemory[836] = 0
		staticMemory[837] = 0
		staticMemory[838] = 0
		staticMemory[839] = 0
		staticMemory[840] = 0
		staticMemory[841] = 0
		staticMemory[842] = 0
		staticMemory[843] = 0
		staticMemory[844] = 0
		staticMemory[845] = 0
		staticMemory[846] = 0
		staticMemory[847] = 0
		staticMemory[848] = 0
		staticMemory[849] = 0
		staticMemory[850] = 0
		staticMemory[851] = 0
		staticMemory[852] = 0
		staticMemory[853] = 0
		staticMemory[854] = 0
		staticMemory[855] = 0
		staticMemory[856] = 0
		staticMemory[857] = 0
		staticMemory[858] = 0
		staticMemory[859] = 0
		staticMemory[860] = 0
		staticMemory[861] = 0
		staticMemory[862] = 0
		staticMemory[863] = 0
		staticMemory[864] = 0
		staticMemory[865] = 0
		staticMemory[866] = 0
		staticMemory[867] = 0
		staticMemory[868] = 0
		staticMemory[869] = 0
		staticMemory[870] = 0
		staticMemory[871] = 0
		staticMemory[872] = 0
		staticMemory[873] = 0
		staticMemory[874] = 0
		staticMemory[875] = 0
		staticMemory[876] = 0
		staticMemory[877] = 0
		staticMemory[878] = 0
		staticMemory[879] = 0
		staticMemory[880] = 0
		staticMemory[881] = 0
		staticMemory[882] = 0
		staticMemory[883] = 0
		staticMemory[884] = 0
		staticMemory[885] = 0
		staticMemory[886] = 0
		staticMemory[887] = 0
		staticMemory[888] = 0
		staticMemory[889] = 0
		staticMemory[890] = 0
		staticMemory[891] = 0
		staticMemory[892] = 0
		staticMemory[893] = 0
		staticMemory[894] = 0
		staticMemory[895] = 0
		staticMemory[896] = 0
		staticMemory[897] = 0
		staticMemory[898] = 0
		staticMemory[899] = 0
		staticMemory[900] = 0
		staticMemory[901] = 0
		staticMemory[902] = 0
		staticMemory[903] = 0
		staticMemory[904] = 0
		staticMemory[905] = 0
		staticMemory[906] = 0
		staticMemory[907] = 0
		staticMemory[908] = 0
		staticMemory[909] = 0
		staticMemory[910] = 0
		staticMemory[911] = 0
		staticMemory[912] = 0
		staticMemory[913] = 0
		staticMemory[914] = 0
		staticMemory[915] = 0
		staticMemory[916] = 0
		staticMemory[917] = 0
		staticMemory[918] = 0
		staticMemory[919] = 0
		staticMemory[920] = 0
		staticMemory[921] = 0
		staticMemory[922] = 0
		staticMemory[923] = 0
		staticMemory[924] = 0
		staticMemory[925] = 0
		staticMemory[926] = 0
		staticMemory[927] = 0
		staticMemory[928] = 0
		staticMemory[929] = 0
		staticMemory[930] = 0
		staticMemory[931] = 0
		staticMemory[932] = 0
		staticMemory[933] = 0
		staticMemory[934] = 0
		staticMemory[935] = 0
		staticMemory[936] = 0
		staticMemory[937] = 0
		staticMemory[938] = 0
		staticMemory[939] = 0
		staticMemory[940] = 0
		staticMemory[941] = 0
		staticMemory[942] = 0
		staticMemory[943] = 0
		staticMemory[944] = 0
		staticMemory[945] = 0
		staticMemory[946] = 0
		staticMemory[947] = 0
		staticMemory[948] = 0
		staticMemory[949] = 0
		staticMemory[950] = 0
		staticMemory[951] = 0
		staticMemory[952] = 0
		staticMemory[953] = 0
		staticMemory[954] = 0
		staticMemory[955] = 0
		staticMemory[956] = 0
		staticMemory[957] = 0
		staticMemory[958] = 0
		staticMemory[959] = 0
		staticMemory[960] = 0
		staticMemory[961] = 0
		staticMemory[962] = 0
		staticMemory[963] = 0
		staticMemory[964] = 0
		staticMemory[965] = 0
		staticMemory[966] = 0
		staticMemory[967] = 0
		staticMemory[968] = 0
		staticMemory[969] = 0
		staticMemory[970] = 0
		staticMemory[971] = 0
		staticMemory[972] = 0
		staticMemory[973] = 0
		staticMemory[974] = 0
		staticMemory[975] = 0
		staticMemory[976] = 0
		staticMemory[977] = 0
		staticMemory[978] = 0
		staticMemory[979] = 0
		staticMemory[980] = 0
		staticMemory[981] = 0
		staticMemory[982] = 0
		staticMemory[983] = 0
		staticMemory[984] = 0
		staticMemory[985] = 0
		staticMemory[986] = 0
		staticMemory[987] = 0
		staticMemory[988] = 0
		staticMemory[989] = 0
		staticMemory[990] = 0
		staticMemory[991] = 0
		staticMemory[992] = 0
		staticMemory[993] = 0
		staticMemory[994] = 0
		staticMemory[995] = 0
		staticMemory[996] = 0
		staticMemory[997] = 0
		staticMemory[998] = 0
		staticMemory[999] = 0
		staticMemory[1000] = 0
		staticMemory[1001] = 0
		staticMemory[1002] = 0
		staticMemory[1003] = 0
		staticMemory[1004] = 0
		staticMemory[1005] = 0
		staticMemory[1006] = 0
		staticMemory[1007] = 0
		staticMemory[1008] = 0
		staticMemory[1009] = 0
		staticMemory[1010] = 0
		staticMemory[1011] = 0
		staticMemory[1012] = 0
		staticMemory[1013] = 0
		staticMemory[1014] = 0
		staticMemory[1015] = 0
		staticMemory[1016] = 0
		staticMemory[1017] = 0
		staticMemory[1018] = 0
		staticMemory[1019] = 0
		staticMemory[1020] = 0
		staticMemory[1021] = 0
		staticMemory[1022] = 0
		staticMemory[1023] = 0
		codeMemory[0] = 27
		codeMemory[1] = 0
		codeMemory[2] = 27
		codeMemory[3] = 1023
		codeMemory[4] = 35
		codeMemory[5] = 27
		codeMemory[6] = 17
		codeMemory[7] = 27
		codeMemory[8] = 57
		codeMemory[9] = 36
		codeMemory[10] = 37
		codeMemory[11] = 38
		codeMemory[12] = 33
		codeMemory[13] = 32
		codeMemory[14] = 33
		codeMemory[15] = 32
		codeMemory[16] = 38
		codeMemory[17] = 27
		codeMemory[18] = 2
		codeMemory[19] = 27
		codeMemory[20] = 3
		codeMemory[21] = 24
		codeMemory[22] = 38
		codeMemory[23] = 27
		codeMemory[24] = 1
		codeMemory[25] = 26
		codeMemory[26] = 27
		codeMemory[27] = 2
		codeMemory[28] = 27
		codeMemory[29] = 62
		codeMemory[30] = 24
		codeMemory[31] = 38
		codeMemory[32] = 27
		codeMemory[33] = 1
		codeMemory[34] = 26
		codeMemory[35] = 27
		codeMemory[36] = 2
		codeMemory[37] = 26
		codeMemory[38] = 27
		codeMemory[39] = 1
		codeMemory[40] = 16
		codeMemory[41] = 23
		codeMemory[42] = 53
		codeMemory[43] = 17
		codeMemory[44] = 2
		codeMemory[45] = 16
		codeMemory[46] = 27
		codeMemory[47] = 1
		codeMemory[48] = 1
		codeMemory[49] = 19
		codeMemory[50] = 28
		codeMemory[51] = 22
		codeMemory[52] = 40
		codeMemory[53] = 18
		codeMemory[54] = 28
		codeMemory[55] = 18
		codeMemory[56] = 28
		codeMemory[57] = 25
SYSCALL(2) termination.
