SUM_TURNAROUNDTIME=1021376
MEAN_TURNAROUNDTIME=102137.6
STDDEV_TURNAROUNDTIME=1608.73025707
MEDIAN_TURNAROUNDTIME=101726
MIN_TURNAROUNDTIME=100005
MAX_TURNAROUNDTIME=105434
SUM_init=0
MEAN_init=0
STDDEV_init=0.0
MEDIAN_init=0
MIN_init=0
MAX_init=0
SUM_ready=50814
MEAN_ready=102.654545455
STDDEV_ready=86.560143478
MEDIAN_ready=90
MIN_ready=1
MAX_ready=491
SUM_rescheduling=0
MEAN_rescheduling=0
STDDEV_rescheduling=0.0
MEDIAN_rescheduling=0
MIN_rescheduling=0
MAX_rescheduling=0
SUM_running=134798
MEAN_running=102.899236641
STDDEV_running=41.1587941429
MEDIAN_running=125
MIN_running=1
MAX_running=125
SUM_scheduling=0
MEAN_scheduling=0
STDDEV_scheduling=0.0
MEDIAN_scheduling=0
MIN_scheduling=0
MAX_scheduling=0
SUM_terminated=0
MEAN_terminated=0
STDDEV_terminated=0.0
MEDIAN_terminated=0
MIN_terminated=0
MAX_terminated=0
SUM_waiting=835754
MEAN_waiting=2509.77177177
STDDEV_waiting=1935.59582329
MEDIAN_waiting=1616
MIN_waiting=502
MAX_waiting=7334
SUM_TURNAROUNDTIME_thread_0_process_0=101894
SUM_init_thread_0_process_0=0
MEAN_init_thread_0_process_0=0
STDDEV_init_thread_0_process_0=0.0
MEDIAN_init_thread_0_process_0=0
MIN_init_thread_0_process_0=502
MAX_init_thread_0_process_0=0
SUM_ready_thread_0_process_0=4692
MEAN_ready_thread_0_process_0=95.7551020408
STDDEV_ready_thread_0_process_0=70.1681742534
MEDIAN_ready_thread_0_process_0=95
MIN_ready_thread_0_process_0=502
MAX_ready_thread_0_process_0=308
SUM_rescheduling_thread_0_process_0=0
MEAN_rescheduling_thread_0_process_0=0
STDDEV_rescheduling_thread_0_process_0=0.0
MEDIAN_rescheduling_thread_0_process_0=0
MIN_rescheduling_thread_0_process_0=502
MAX_rescheduling_thread_0_process_0=0
SUM_running_thread_0_process_0=25965
MEAN_running_thread_0_process_0=116.959459459
STDDEV_running_thread_0_process_0=23.77471546
MEDIAN_running_thread_0_process_0=125
MIN_running_thread_0_process_0=502
MAX_running_thread_0_process_0=125
SUM_scheduling_thread_0_process_0=0
MEAN_scheduling_thread_0_process_0=0
STDDEV_scheduling_thread_0_process_0=0.0
MEDIAN_scheduling_thread_0_process_0=0
MIN_scheduling_thread_0_process_0=502
MAX_scheduling_thread_0_process_0=0
SUM_terminated_thread_0_process_0=0
MEAN_terminated_thread_0_process_0=0
STDDEV_terminated_thread_0_process_0=0.0
MEDIAN_terminated_thread_0_process_0=0
MIN_terminated_thread_0_process_0=502
MAX_terminated_thread_0_process_0=0
SUM_waiting_thread_0_process_0=71236
MEAN_waiting_thread_0_process_0=2544.14285714
STDDEV_waiting_thread_0_process_0=2041.27408943
MEDIAN_waiting_thread_0_process_0=1726.5
MIN_waiting_thread_0_process_0=502
MAX_waiting_thread_0_process_0=7013
SUM_TURNAROUNDTIME_thread_0_process_1=100005
SUM_init_thread_0_process_1=0
MEAN_init_thread_0_process_1=0
STDDEV_init_thread_0_process_1=0.0
MEDIAN_init_thread_0_process_1=0
MIN_init_thread_0_process_1=502
MAX_init_thread_0_process_1=0
SUM_ready_thread_0_process_1=5779
MEAN_ready_thread_0_process_1=90.296875
STDDEV_ready_thread_0_process_1=77.0717360012
MEDIAN_ready_thread_0_process_1=77.5
MIN_ready_thread_0_process_1=502
MAX_ready_thread_0_process_1=341
SUM_rescheduling_thread_0_process_1=0
MEAN_rescheduling_thread_0_process_1=0
STDDEV_rescheduling_thread_0_process_1=0.0
MEDIAN_rescheduling_thread_0_process_1=0
MIN_rescheduling_thread_0_process_1=502
MAX_rescheduling_thread_0_process_1=0
SUM_running_thread_0_process_1=1076
MEAN_running_thread_0_process_1=29.8888888889
STDDEV_running_thread_0_process_1=26.8822305806
MEDIAN_running_thread_0_process_1=20.5
MIN_running_thread_0_process_1=502
MAX_running_thread_0_process_1=96
SUM_scheduling_thread_0_process_1=0
MEAN_scheduling_thread_0_process_1=0
STDDEV_scheduling_thread_0_process_1=0.0
MEDIAN_scheduling_thread_0_process_1=0
MIN_scheduling_thread_0_process_1=502
MAX_scheduling_thread_0_process_1=0
SUM_terminated_thread_0_process_1=0
MEAN_terminated_thread_0_process_1=0
STDDEV_terminated_thread_0_process_1=0.0
MEDIAN_terminated_thread_0_process_1=0
MIN_terminated_thread_0_process_1=502
MAX_terminated_thread_0_process_1=0
SUM_waiting_thread_0_process_1=93149
MEAN_waiting_thread_0_process_1=2661.4
STDDEV_waiting_thread_0_process_1=1819.87433161
MEDIAN_waiting_thread_0_process_1=1912
MIN_waiting_thread_0_process_1=502
MAX_waiting_thread_0_process_1=6934
SUM_TURNAROUNDTIME_thread_0_process_2=101434
SUM_init_thread_0_process_2=0
MEAN_init_thread_0_process_2=0
STDDEV_init_thread_0_process_2=0.0
MEDIAN_init_thread_0_process_2=0
MIN_init_thread_0_process_2=502
MAX_init_thread_0_process_2=0
SUM_ready_thread_0_process_2=2247
MEAN_ready_thread_0_process_2=107
STDDEV_ready_thread_0_process_2=54.6660859435
MEDIAN_ready_thread_0_process_2=96
MIN_ready_thread_0_process_2=502
MAX_ready_thread_0_process_2=224
SUM_rescheduling_thread_0_process_2=0
MEAN_rescheduling_thread_0_process_2=0
STDDEV_rescheduling_thread_0_process_2=0.0
MEDIAN_rescheduling_thread_0_process_2=0
MIN_rescheduling_thread_0_process_2=502
MAX_rescheduling_thread_0_process_2=0
SUM_running_thread_0_process_2=26360
MEAN_running_thread_0_process_2=117.155555556
STDDEV_running_thread_0_process_2=23.2903943534
MEDIAN_running_thread_0_process_2=125
MIN_running_thread_0_process_2=502
MAX_running_thread_0_process_2=125
SUM_scheduling_thread_0_process_2=0
MEAN_scheduling_thread_0_process_2=0
STDDEV_scheduling_thread_0_process_2=0.0
MEDIAN_scheduling_thread_0_process_2=0
MIN_scheduling_thread_0_process_2=502
MAX_scheduling_thread_0_process_2=0
SUM_terminated_thread_0_process_2=0
MEAN_terminated_thread_0_process_2=0
STDDEV_terminated_thread_0_process_2=0.0
MEDIAN_terminated_thread_0_process_2=0
MIN_terminated_thread_0_process_2=502
MAX_terminated_thread_0_process_2=0
SUM_waiting_thread_0_process_2=72826
MEAN_waiting_thread_0_process_2=2511.24137931
STDDEV_waiting_thread_0_process_2=1838.77842987
MEDIAN_waiting_thread_0_process_2=1394
MIN_waiting_thread_0_process_2=502
MAX_waiting_thread_0_process_2=5755
SUM_TURNAROUNDTIME_thread_0_process_3=100149
SUM_init_thread_0_process_3=0
MEAN_init_thread_0_process_3=0
STDDEV_init_thread_0_process_3=0.0
MEDIAN_init_thread_0_process_3=0
MIN_init_thread_0_process_3=502
MAX_init_thread_0_process_3=0
SUM_ready_thread_0_process_3=6602
MEAN_ready_thread_0_process_3=104.793650794
STDDEV_ready_thread_0_process_3=76.5971027531
MEDIAN_ready_thread_0_process_3=112
MIN_ready_thread_0_process_3=502
MAX_ready_thread_0_process_3=389
SUM_rescheduling_thread_0_process_3=0
MEAN_rescheduling_thread_0_process_3=0
STDDEV_rescheduling_thread_0_process_3=0.0
MEDIAN_rescheduling_thread_0_process_3=0
MIN_rescheduling_thread_0_process_3=502
MAX_rescheduling_thread_0_process_3=0
SUM_running_thread_0_process_3=724
MEAN_running_thread_0_process_3=21.2941176471
STDDEV_running_thread_0_process_3=22.8891567081
MEDIAN_running_thread_0_process_3=11.5
MIN_running_thread_0_process_3=502
MAX_running_thread_0_process_3=92
SUM_scheduling_thread_0_process_3=0
MEAN_scheduling_thread_0_process_3=0
STDDEV_scheduling_thread_0_process_3=0.0
MEDIAN_scheduling_thread_0_process_3=0
MIN_scheduling_thread_0_process_3=502
MAX_scheduling_thread_0_process_3=0
SUM_terminated_thread_0_process_3=0
MEAN_terminated_thread_0_process_3=0
STDDEV_terminated_thread_0_process_3=0.0
MEDIAN_terminated_thread_0_process_3=0
MIN_terminated_thread_0_process_3=502
MAX_terminated_thread_0_process_3=0
SUM_waiting_thread_0_process_3=92822
MEAN_waiting_thread_0_process_3=2812.78787879
STDDEV_waiting_thread_0_process_3=2141.2158364
MEDIAN_waiting_thread_0_process_3=1802
MIN_waiting_thread_0_process_3=502
MAX_waiting_thread_0_process_3=7334
SUM_TURNAROUNDTIME_thread_0_process_4=101020
SUM_init_thread_0_process_4=0
MEAN_init_thread_0_process_4=0
STDDEV_init_thread_0_process_4=0.0
MEDIAN_init_thread_0_process_4=0
MIN_init_thread_0_process_4=502
MAX_init_thread_0_process_4=0
SUM_ready_thread_0_process_4=4895
MEAN_ready_thread_0_process_4=97.9
STDDEV_ready_thread_0_process_4=89.6950946262
MEDIAN_ready_thread_0_process_4=80.5
MIN_ready_thread_0_process_4=502
MAX_ready_thread_0_process_4=486
SUM_rescheduling_thread_0_process_4=0
MEAN_rescheduling_thread_0_process_4=0
STDDEV_rescheduling_thread_0_process_4=0.0
MEDIAN_rescheduling_thread_0_process_4=0
MIN_rescheduling_thread_0_process_4=502
MAX_rescheduling_thread_0_process_4=0
SUM_running_thread_0_process_4=25990
MEAN_running_thread_0_process_4=117.601809955
STDDEV_running_thread_0_process_4=22.8828374577
MEDIAN_running_thread_0_process_4=125
MIN_running_thread_0_process_4=502
MAX_running_thread_0_process_4=125
SUM_scheduling_thread_0_process_4=0
MEAN_scheduling_thread_0_process_4=0
STDDEV_scheduling_thread_0_process_4=0.0
MEDIAN_scheduling_thread_0_process_4=0
MIN_scheduling_thread_0_process_4=502
MAX_scheduling_thread_0_process_4=0
SUM_terminated_thread_0_process_4=0
MEAN_terminated_thread_0_process_4=0
STDDEV_terminated_thread_0_process_4=0.0
MEDIAN_terminated_thread_0_process_4=0
MIN_terminated_thread_0_process_4=502
MAX_terminated_thread_0_process_4=0
SUM_waiting_thread_0_process_4=70134
MEAN_waiting_thread_0_process_4=2597.55555556
STDDEV_waiting_thread_0_process_4=1836.66475768
MEDIAN_waiting_thread_0_process_4=2652
MIN_waiting_thread_0_process_4=502
MAX_waiting_thread_0_process_4=6542
SUM_TURNAROUNDTIME_thread_0_process_5=103784
SUM_init_thread_0_process_5=0
MEAN_init_thread_0_process_5=0
STDDEV_init_thread_0_process_5=0.0
MEDIAN_init_thread_0_process_5=0
MIN_init_thread_0_process_5=502
MAX_init_thread_0_process_5=0
SUM_ready_thread_0_process_5=5756
MEAN_ready_thread_0_process_5=112.862745098
STDDEV_ready_thread_0_process_5=96.1608170188
MEDIAN_ready_thread_0_process_5=81
MIN_ready_thread_0_process_5=502
MAX_ready_thread_0_process_5=389
SUM_rescheduling_thread_0_process_5=0
MEAN_rescheduling_thread_0_process_5=0
STDDEV_rescheduling_thread_0_process_5=0.0
MEDIAN_rescheduling_thread_0_process_5=0
MIN_rescheduling_thread_0_process_5=502
MAX_rescheduling_thread_0_process_5=0
SUM_running_thread_0_process_5=1023
MEAN_running_thread_0_process_5=23.7906976744
STDDEV_running_thread_0_process_5=22.8081565781
MEDIAN_running_thread_0_process_5=20
MIN_running_thread_0_process_5=502
MAX_running_thread_0_process_5=115
SUM_scheduling_thread_0_process_5=0
MEAN_scheduling_thread_0_process_5=0
STDDEV_scheduling_thread_0_process_5=0.0
MEDIAN_scheduling_thread_0_process_5=0
MIN_scheduling_thread_0_process_5=502
MAX_scheduling_thread_0_process_5=0
SUM_terminated_thread_0_process_5=0
MEAN_terminated_thread_0_process_5=0
STDDEV_terminated_thread_0_process_5=0.0
MEDIAN_terminated_thread_0_process_5=0
MIN_terminated_thread_0_process_5=502
MAX_terminated_thread_0_process_5=0
SUM_waiting_thread_0_process_5=97004
MEAN_waiting_thread_0_process_5=2309.61904762
STDDEV_waiting_thread_0_process_5=1814.00061627
MEDIAN_waiting_thread_0_process_5=1518
MIN_waiting_thread_0_process_5=502
MAX_waiting_thread_0_process_5=6510
SUM_TURNAROUNDTIME_thread_0_process_6=105434
SUM_init_thread_0_process_6=0
MEAN_init_thread_0_process_6=0
STDDEV_init_thread_0_process_6=0.0
MEDIAN_init_thread_0_process_6=0
MIN_init_thread_0_process_6=502
MAX_init_thread_0_process_6=0
SUM_ready_thread_0_process_6=3506
MEAN_ready_thread_0_process_6=103.117647059
STDDEV_ready_thread_0_process_6=103.620280977
MEDIAN_ready_thread_0_process_6=78.5
MIN_ready_thread_0_process_6=502
MAX_ready_thread_0_process_6=486
SUM_rescheduling_thread_0_process_6=0
MEAN_rescheduling_thread_0_process_6=0
STDDEV_rescheduling_thread_0_process_6=0.0
MEDIAN_rescheduling_thread_0_process_6=0
MIN_rescheduling_thread_0_process_6=502
MAX_rescheduling_thread_0_process_6=0
SUM_running_thread_0_process_6=27516
MEAN_running_thread_0_process_6=117.58974359
STDDEV_running_thread_0_process_6=23.7918875229
MEDIAN_running_thread_0_process_6=125
MIN_running_thread_0_process_6=502
MAX_running_thread_0_process_6=125
SUM_scheduling_thread_0_process_6=0
MEAN_scheduling_thread_0_process_6=0
STDDEV_scheduling_thread_0_process_6=0.0
MEDIAN_scheduling_thread_0_process_6=0
MIN_scheduling_thread_0_process_6=502
MAX_scheduling_thread_0_process_6=0
SUM_terminated_thread_0_process_6=0
MEAN_terminated_thread_0_process_6=0
STDDEV_terminated_thread_0_process_6=0.0
MEDIAN_terminated_thread_0_process_6=0
MIN_terminated_thread_0_process_6=502
MAX_terminated_thread_0_process_6=0
SUM_waiting_thread_0_process_6=74411
MEAN_waiting_thread_0_process_6=2480.36666667
STDDEV_waiting_thread_0_process_6=1998.01874338
MEDIAN_waiting_thread_0_process_6=1315.5
MIN_waiting_thread_0_process_6=502
MAX_waiting_thread_0_process_6=6747
SUM_TURNAROUNDTIME_thread_0_process_7=101558
SUM_init_thread_0_process_7=0
MEAN_init_thread_0_process_7=0
STDDEV_init_thread_0_process_7=0.0
MEDIAN_init_thread_0_process_7=0
MIN_init_thread_0_process_7=502
MAX_init_thread_0_process_7=0
SUM_ready_thread_0_process_7=5850
MEAN_ready_thread_0_process_7=94.3548387097
STDDEV_ready_thread_0_process_7=86.5239285893
MEDIAN_ready_thread_0_process_7=66.5
MIN_ready_thread_0_process_7=502
MAX_ready_thread_0_process_7=380
SUM_rescheduling_thread_0_process_7=0
MEAN_rescheduling_thread_0_process_7=0
STDDEV_rescheduling_thread_0_process_7=0.0
MEDIAN_rescheduling_thread_0_process_7=0
MIN_rescheduling_thread_0_process_7=502
MAX_rescheduling_thread_0_process_7=0
SUM_running_thread_0_process_7=829
MEAN_running_thread_0_process_7=19.2790697674
STDDEV_running_thread_0_process_7=16.1566828011
MEDIAN_running_thread_0_process_7=15
MIN_running_thread_0_process_7=502
MAX_running_thread_0_process_7=70
SUM_scheduling_thread_0_process_7=0
MEAN_scheduling_thread_0_process_7=0
STDDEV_scheduling_thread_0_process_7=0.0
MEDIAN_scheduling_thread_0_process_7=0
MIN_scheduling_thread_0_process_7=502
MAX_scheduling_thread_0_process_7=0
SUM_terminated_thread_0_process_7=0
MEAN_terminated_thread_0_process_7=0
STDDEV_terminated_thread_0_process_7=0.0
MEDIAN_terminated_thread_0_process_7=0
MIN_terminated_thread_0_process_7=502
MAX_terminated_thread_0_process_7=0
SUM_waiting_thread_0_process_7=94878
MEAN_waiting_thread_0_process_7=2259
STDDEV_waiting_thread_0_process_7=1928.22984453
MEDIAN_waiting_thread_0_process_7=1199
MIN_waiting_thread_0_process_7=502
MAX_waiting_thread_0_process_7=6315
SUM_TURNAROUNDTIME_thread_0_process_8=103043
SUM_init_thread_0_process_8=0
MEAN_init_thread_0_process_8=0
STDDEV_init_thread_0_process_8=0.0
MEDIAN_init_thread_0_process_8=0
MIN_init_thread_0_process_8=502
MAX_init_thread_0_process_8=0
SUM_ready_thread_0_process_8=3522
MEAN_ready_thread_0_process_8=130.444444444
STDDEV_ready_thread_0_process_8=103.67768192
MEDIAN_ready_thread_0_process_8=118
MIN_ready_thread_0_process_8=502
MAX_ready_thread_0_process_8=381
SUM_rescheduling_thread_0_process_8=0
MEAN_rescheduling_thread_0_process_8=0
STDDEV_rescheduling_thread_0_process_8=0.0
MEDIAN_rescheduling_thread_0_process_8=0
MIN_rescheduling_thread_0_process_8=502
MAX_rescheduling_thread_0_process_8=0
SUM_running_thread_0_process_8=24391
MEAN_running_thread_0_process_8=116.703349282
STDDEV_running_thread_0_process_8=25.2483935398
MEDIAN_running_thread_0_process_8=125
MIN_running_thread_0_process_8=502
MAX_running_thread_0_process_8=125
SUM_scheduling_thread_0_process_8=0
MEAN_scheduling_thread_0_process_8=0
STDDEV_scheduling_thread_0_process_8=0.0
MEDIAN_scheduling_thread_0_process_8=0
MIN_scheduling_thread_0_process_8=502
MAX_scheduling_thread_0_process_8=0
SUM_terminated_thread_0_process_8=0
MEAN_terminated_thread_0_process_8=0
STDDEV_terminated_thread_0_process_8=0.0
MEDIAN_terminated_thread_0_process_8=0
MIN_terminated_thread_0_process_8=502
MAX_terminated_thread_0_process_8=0
SUM_waiting_thread_0_process_8=75129
MEAN_waiting_thread_0_process_8=3005.16
STDDEV_waiting_thread_0_process_8=1929.08713499
MEDIAN_waiting_thread_0_process_8=3530
MIN_waiting_thread_0_process_8=502
MAX_waiting_thread_0_process_8=6244
SUM_TURNAROUNDTIME_thread_0_process_9=103055
SUM_init_thread_0_process_9=0
MEAN_init_thread_0_process_9=0
STDDEV_init_thread_0_process_9=0.0
MEDIAN_init_thread_0_process_9=0
MIN_init_thread_0_process_9=502
MAX_init_thread_0_process_9=0
SUM_ready_thread_0_process_9=7965
MEAN_ready_thread_0_process_9=107.635135135
STDDEV_ready_thread_0_process_9=91.2055259001
MEDIAN_ready_thread_0_process_9=95.5
MIN_ready_thread_0_process_9=502
MAX_ready_thread_0_process_9=491
SUM_rescheduling_thread_0_process_9=0
MEAN_rescheduling_thread_0_process_9=0
STDDEV_rescheduling_thread_0_process_9=0.0
MEDIAN_rescheduling_thread_0_process_9=0
MIN_rescheduling_thread_0_process_9=502
MAX_rescheduling_thread_0_process_9=0
SUM_running_thread_0_process_9=924
MEAN_running_thread_0_process_9=21.488372093
STDDEV_running_thread_0_process_9=16.7323278424
MEDIAN_running_thread_0_process_9=17
MIN_running_thread_0_process_9=502
MAX_running_thread_0_process_9=83
SUM_scheduling_thread_0_process_9=0
MEAN_scheduling_thread_0_process_9=0
STDDEV_scheduling_thread_0_process_9=0.0
MEDIAN_scheduling_thread_0_process_9=0
MIN_scheduling_thread_0_process_9=502
MAX_scheduling_thread_0_process_9=0
SUM_terminated_thread_0_process_9=0
MEAN_terminated_thread_0_process_9=0
STDDEV_terminated_thread_0_process_9=0.0
MEDIAN_terminated_thread_0_process_9=0
MIN_terminated_thread_0_process_9=502
MAX_terminated_thread_0_process_9=0
SUM_waiting_thread_0_process_9=94165
MEAN_waiting_thread_0_process_9=2242.02380952
STDDEV_waiting_thread_0_process_9=1888.83333213
MEDIAN_waiting_thread_0_process_9=1343.5
MIN_waiting_thread_0_process_9=502
MAX_waiting_thread_0_process_9=6501
