SUM_TURNAROUNDTIME=5106937
MEAN_TURNAROUNDTIME=102138.74
STDDEV_TURNAROUNDTIME=14098.0857421
MEDIAN_TURNAROUNDTIME=106116
MIN_TURNAROUNDTIME=66226
MAX_TURNAROUNDTIME=119669
SUM_init=0
MEAN_init=0
STDDEV_init=0.0
MEDIAN_init=0
MIN_init=0
MAX_init=0
SUM_pagingIn=656088
MEAN_pagingIn=6834.25
STDDEV_pagingIn=1208.51785085
MEDIAN_pagingIn=7249.5
MIN_pagingIn=827
MAX_pagingIn=8187
SUM_pagingOut=412004
MEAN_pagingOut=6437.5625
STDDEV_pagingOut=1824.84671338
MEDIAN_pagingOut=7206
MIN_pagingOut=531
MAX_pagingOut=7988
SUM_pagingWait=97614
MEAN_pagingWait=920.886792453
STDDEV_pagingWait=4088.96050434
MEDIAN_pagingWait=0
MIN_pagingWait=0
MAX_pagingWait=30731
SUM_pcbinit=40
MEAN_pcbinit=4
STDDEV_pcbinit=0.0
MEDIAN_pcbinit=4
MIN_pcbinit=4
MAX_pcbinit=4
SUM_postinit=0
MEAN_postinit=0
STDDEV_postinit=0.0
MEDIAN_postinit=0
MIN_postinit=0
MAX_postinit=0
SUM_ready=102651
MEAN_ready=1166.48863636
STDDEV_ready=608.325159656
MEDIAN_ready=1159.5
MIN_ready=17
MAX_ready=2148
SUM_rescheduling=0
MEAN_rescheduling=0
STDDEV_rescheduling=0.0
MEDIAN_rescheduling=0
MIN_rescheduling=0
MAX_rescheduling=0
SUM_running_cpu=7476
MEAN_running_cpu=3.95346377578
STDDEV_running_cpu=15.0210482469
MEDIAN_running_cpu=0
MIN_running_cpu=0
MAX_running_cpu=123
SUM_running_memory=7564
MEAN_running_memory=4
STDDEV_running_memory=0.0
MEDIAN_running_memory=4
MIN_running_memory=4
MAX_running_memory=4
SUM_scheduling=0
MEAN_scheduling=0
STDDEV_scheduling=0.0
MEDIAN_scheduling=0
MIN_scheduling=0
MAX_scheduling=0
SUM_terminated=0
MEAN_terminated=0
STDDEV_terminated=0.0
MEDIAN_terminated=0
MIN_terminated=0
MAX_terminated=0
SUM_waiting_io=384420
MEAN_waiting_io=3844.2
STDDEV_waiting_io=3980.10870203
MEDIAN_waiting_io=1674.5
MIN_waiting_io=524
MAX_waiting_io=12130
SUM_waiting_paging=3439030
MEAN_waiting_paging=32140.4672897
STDDEV_waiting_paging=13876.855871
MEDIAN_waiting_paging=34340
MIN_waiting_paging=1358
MAX_waiting_paging=59659
SUM_TURNAROUNDTIME_thread_0_process_0=113731
SUM_init_thread_0_process_0=0
MEAN_init_thread_0_process_0=0
STDDEV_init_thread_0_process_0=0.0
MEDIAN_init_thread_0_process_0=0
MIN_init_thread_0_process_0=1358
MAX_init_thread_0_process_0=0
SUM_pagingIn_thread_0_process_0=78834
MEAN_pagingIn_thread_0_process_0=6064.15384615
STDDEV_pagingIn_thread_0_process_0=2076.94345859
MEDIAN_pagingIn_thread_0_process_0=7166
MIN_pagingIn_thread_0_process_0=1358
MAX_pagingIn_thread_0_process_0=7596
SUM_pagingOut_thread_0_process_0=34392
MEAN_pagingOut_thread_0_process_0=4913.14285714
STDDEV_pagingOut_thread_0_process_0=3024.83045232
MEDIAN_pagingOut_thread_0_process_0=6474
MIN_pagingOut_thread_0_process_0=1358
MAX_pagingOut_thread_0_process_0=7803
SUM_pagingWait_thread_0_process_0=500
MEAN_pagingWait_thread_0_process_0=35.7142857143
STDDEV_pagingWait_thread_0_process_0=101.810347896
MEDIAN_pagingWait_thread_0_process_0=0
MIN_pagingWait_thread_0_process_0=1358
MAX_pagingWait_thread_0_process_0=399
SUM_pcbinit_thread_0_process_0=4
MEAN_pcbinit_thread_0_process_0=4
STDDEV_pcbinit_thread_0_process_0=0.0
MEDIAN_pcbinit_thread_0_process_0=4
MIN_pcbinit_thread_0_process_0=1358
MAX_pcbinit_thread_0_process_0=4
SUM_postinit_thread_0_process_0=0
MEAN_postinit_thread_0_process_0=0
STDDEV_postinit_thread_0_process_0=0.0
MEDIAN_postinit_thread_0_process_0=0
MIN_postinit_thread_0_process_0=1358
MAX_postinit_thread_0_process_0=0
SUM_TURNAROUNDTIME_thread_0_process_1=118851
SUM_init_thread_0_process_1=0
MEAN_init_thread_0_process_1=0
STDDEV_init_thread_0_process_1=0.0
MEDIAN_init_thread_0_process_1=0
MIN_init_thread_0_process_1=1358
MAX_init_thread_0_process_1=0
SUM_pagingIn_thread_0_process_1=59982
MEAN_pagingIn_thread_0_process_1=7497.75
STDDEV_pagingIn_thread_0_process_1=239.370920331
MEDIAN_pagingIn_thread_0_process_1=7495.5
MIN_pagingIn_thread_0_process_1=1358
MAX_pagingIn_thread_0_process_1=7885
SUM_pagingOut_thread_0_process_1=34843
MEAN_pagingOut_thread_0_process_1=6968.6
STDDEV_pagingOut_thread_0_process_1=493.91440554
MEDIAN_pagingOut_thread_0_process_1=6783
MIN_pagingOut_thread_0_process_1=1358
MAX_pagingOut_thread_0_process_1=7935
SUM_pagingWait_thread_0_process_1=24021
MEAN_pagingWait_thread_0_process_1=2669
STDDEV_pagingWait_thread_0_process_1=7549.07199595
MEDIAN_pagingWait_thread_0_process_1=0
MIN_pagingWait_thread_0_process_1=1358
MAX_pagingWait_thread_0_process_1=24021
SUM_pcbinit_thread_0_process_1=4
MEAN_pcbinit_thread_0_process_1=4
STDDEV_pcbinit_thread_0_process_1=0.0
MEDIAN_pcbinit_thread_0_process_1=4
MIN_pcbinit_thread_0_process_1=1358
MAX_pcbinit_thread_0_process_1=4
SUM_postinit_thread_0_process_1=0
MEAN_postinit_thread_0_process_1=0
STDDEV_postinit_thread_0_process_1=0.0
MEDIAN_postinit_thread_0_process_1=0
MIN_postinit_thread_0_process_1=1358
MAX_postinit_thread_0_process_1=0
SUM_TURNAROUNDTIME_thread_0_process_2=118097
SUM_init_thread_0_process_2=0
MEAN_init_thread_0_process_2=0
STDDEV_init_thread_0_process_2=0.0
MEDIAN_init_thread_0_process_2=0
MIN_init_thread_0_process_2=1358
MAX_init_thread_0_process_2=0
SUM_pagingIn_thread_0_process_2=59231
MEAN_pagingIn_thread_0_process_2=6581.22222222
STDDEV_pagingIn_thread_0_process_2=1380.39340429
MEDIAN_pagingIn_thread_0_process_2=7031
MIN_pagingIn_thread_0_process_2=1358
MAX_pagingIn_thread_0_process_2=8187
SUM_pagingOut_thread_0_process_2=56497
MEAN_pagingOut_thread_0_process_2=6277.44444444
STDDEV_pagingOut_thread_0_process_2=1773.45946363
MEDIAN_pagingOut_thread_0_process_2=7162
MIN_pagingOut_thread_0_process_2=1358
MAX_pagingOut_thread_0_process_2=7693
SUM_pagingWait_thread_0_process_2=2364
MEAN_pagingWait_thread_0_process_2=236.4
STDDEV_pagingWait_thread_0_process_2=709.2
MEDIAN_pagingWait_thread_0_process_2=0
MIN_pagingWait_thread_0_process_2=1358
MAX_pagingWait_thread_0_process_2=2364
SUM_pcbinit_thread_0_process_2=4
MEAN_pcbinit_thread_0_process_2=4
STDDEV_pcbinit_thread_0_process_2=0.0
MEDIAN_pcbinit_thread_0_process_2=4
MIN_pcbinit_thread_0_process_2=1358
MAX_pcbinit_thread_0_process_2=4
SUM_postinit_thread_0_process_2=0
MEAN_postinit_thread_0_process_2=0
STDDEV_postinit_thread_0_process_2=0.0
MEDIAN_postinit_thread_0_process_2=0
MIN_postinit_thread_0_process_2=1358
MAX_postinit_thread_0_process_2=0
SUM_TURNAROUNDTIME_thread_0_process_3=114849
SUM_init_thread_0_process_3=0
MEAN_init_thread_0_process_3=0
STDDEV_init_thread_0_process_3=0.0
MEDIAN_init_thread_0_process_3=0
MIN_init_thread_0_process_3=1358
MAX_init_thread_0_process_3=0
SUM_pagingIn_thread_0_process_3=56903
MEAN_pagingIn_thread_0_process_3=7112.875
STDDEV_pagingIn_thread_0_process_3=529.524182049
MEDIAN_pagingIn_thread_0_process_3=7230.5
MIN_pagingIn_thread_0_process_3=1358
MAX_pagingIn_thread_0_process_3=7929
SUM_pagingOut_thread_0_process_3=42961
MEAN_pagingOut_thread_0_process_3=7160.16666667
STDDEV_pagingOut_thread_0_process_3=907.362738319
MEDIAN_pagingOut_thread_0_process_3=7484.5
MIN_pagingOut_thread_0_process_3=1358
MAX_pagingOut_thread_0_process_3=7940
SUM_pagingWait_thread_0_process_3=14980
MEAN_pagingWait_thread_0_process_3=1664.44444444
STDDEV_pagingWait_thread_0_process_3=4118.49312009
MEDIAN_pagingWait_thread_0_process_3=0
MIN_pagingWait_thread_0_process_3=1358
MAX_pagingWait_thread_0_process_3=13208
SUM_pcbinit_thread_0_process_3=4
MEAN_pcbinit_thread_0_process_3=4
STDDEV_pcbinit_thread_0_process_3=0.0
MEDIAN_pcbinit_thread_0_process_3=4
MIN_pcbinit_thread_0_process_3=1358
MAX_pcbinit_thread_0_process_3=4
SUM_postinit_thread_0_process_3=0
MEAN_postinit_thread_0_process_3=0
STDDEV_postinit_thread_0_process_3=0.0
MEDIAN_postinit_thread_0_process_3=0
MIN_postinit_thread_0_process_3=1358
MAX_postinit_thread_0_process_3=0
SUM_TURNAROUNDTIME_thread_0_process_4=114326
SUM_init_thread_0_process_4=0
MEAN_init_thread_0_process_4=0
STDDEV_init_thread_0_process_4=0.0
MEDIAN_init_thread_0_process_4=0
MIN_init_thread_0_process_4=1358
MAX_init_thread_0_process_4=0
SUM_pagingIn_thread_0_process_4=75272
MEAN_pagingIn_thread_0_process_4=6842.90909091
STDDEV_pagingIn_thread_0_process_4=1094.88890715
MEDIAN_pagingIn_thread_0_process_4=7291
MIN_pagingIn_thread_0_process_4=1358
MAX_pagingIn_thread_0_process_4=7830
SUM_pagingOut_thread_0_process_4=36177
MEAN_pagingOut_thread_0_process_4=6029.5
STDDEV_pagingOut_thread_0_process_4=1775.65487919
MEDIAN_pagingOut_thread_0_process_4=6810
MIN_pagingOut_thread_0_process_4=1358
MAX_pagingOut_thread_0_process_4=7549
SUM_pagingWait_thread_0_process_4=2872
MEAN_pagingWait_thread_0_process_4=239.333333333
STDDEV_pagingWait_thread_0_process_4=771.3041265
MEDIAN_pagingWait_thread_0_process_4=0
MIN_pagingWait_thread_0_process_4=1358
MAX_pagingWait_thread_0_process_4=2797
SUM_pcbinit_thread_0_process_4=4
MEAN_pcbinit_thread_0_process_4=4
STDDEV_pcbinit_thread_0_process_4=0.0
MEDIAN_pcbinit_thread_0_process_4=4
MIN_pcbinit_thread_0_process_4=1358
MAX_pcbinit_thread_0_process_4=4
SUM_postinit_thread_0_process_4=0
MEAN_postinit_thread_0_process_4=0
STDDEV_postinit_thread_0_process_4=0.0
MEDIAN_postinit_thread_0_process_4=0
MIN_postinit_thread_0_process_4=1358
MAX_postinit_thread_0_process_4=0
SUM_TURNAROUNDTIME_thread_0_process_5=116216
SUM_init_thread_0_process_5=0
MEAN_init_thread_0_process_5=0
STDDEV_init_thread_0_process_5=0.0
MEDIAN_init_thread_0_process_5=0
MIN_init_thread_0_process_5=1358
MAX_init_thread_0_process_5=0
SUM_pagingIn_thread_0_process_5=77824
MEAN_pagingIn_thread_0_process_5=7074.90909091
STDDEV_pagingIn_thread_0_process_5=625.986995878
MEDIAN_pagingIn_thread_0_process_5=7194
MIN_pagingIn_thread_0_process_5=1358
MAX_pagingIn_thread_0_process_5=7676
SUM_pagingOut_thread_0_process_5=32500
MEAN_pagingOut_thread_0_process_5=6500
STDDEV_pagingOut_thread_0_process_5=1331.80223757
MEDIAN_pagingOut_thread_0_process_5=7274
MIN_pagingOut_thread_0_process_5=1358
MAX_pagingOut_thread_0_process_5=7924
SUM_pagingWait_thread_0_process_5=5887
MEAN_pagingWait_thread_0_process_5=490.583333333
STDDEV_pagingWait_thread_0_process_5=1627.08084507
MEDIAN_pagingWait_thread_0_process_5=0
MIN_pagingWait_thread_0_process_5=1358
MAX_pagingWait_thread_0_process_5=5887
SUM_pcbinit_thread_0_process_5=4
MEAN_pcbinit_thread_0_process_5=4
STDDEV_pcbinit_thread_0_process_5=0.0
MEDIAN_pcbinit_thread_0_process_5=4
MIN_pcbinit_thread_0_process_5=1358
MAX_pcbinit_thread_0_process_5=4
SUM_postinit_thread_0_process_5=0
MEAN_postinit_thread_0_process_5=0
STDDEV_postinit_thread_0_process_5=0.0
MEDIAN_postinit_thread_0_process_5=0
MIN_postinit_thread_0_process_5=1358
MAX_postinit_thread_0_process_5=0
SUM_TURNAROUNDTIME_thread_0_process_6=117542
SUM_init_thread_0_process_6=0
MEAN_init_thread_0_process_6=0
STDDEV_init_thread_0_process_6=0.0
MEDIAN_init_thread_0_process_6=0
MIN_init_thread_0_process_6=1358
MAX_init_thread_0_process_6=0
SUM_pagingIn_thread_0_process_6=64289
MEAN_pagingIn_thread_0_process_6=6428.9
STDDEV_pagingIn_thread_0_process_6=1373.18501667
MEDIAN_pagingIn_thread_0_process_6=7021
MIN_pagingIn_thread_0_process_6=1358
MAX_pagingIn_thread_0_process_6=8012
SUM_pagingOut_thread_0_process_6=50868
MEAN_pagingOut_thread_0_process_6=6358.5
STDDEV_pagingOut_thread_0_process_6=2080.33542968
MEDIAN_pagingOut_thread_0_process_6=7154
MIN_pagingOut_thread_0_process_6=1358
MAX_pagingOut_thread_0_process_6=7625
SUM_pagingWait_thread_0_process_6=2380
MEAN_pagingWait_thread_0_process_6=216.363636364
STDDEV_pagingWait_thread_0_process_6=676.020880894
MEDIAN_pagingWait_thread_0_process_6=0
MIN_pagingWait_thread_0_process_6=1358
MAX_pagingWait_thread_0_process_6=2354
SUM_pcbinit_thread_0_process_6=4
MEAN_pcbinit_thread_0_process_6=4
STDDEV_pcbinit_thread_0_process_6=0.0
MEDIAN_pcbinit_thread_0_process_6=4
MIN_pcbinit_thread_0_process_6=1358
MAX_pcbinit_thread_0_process_6=4
SUM_postinit_thread_0_process_6=0
MEAN_postinit_thread_0_process_6=0
STDDEV_postinit_thread_0_process_6=0.0
MEDIAN_postinit_thread_0_process_6=0
MIN_postinit_thread_0_process_6=1358
MAX_postinit_thread_0_process_6=0
SUM_TURNAROUNDTIME_thread_0_process_7=115705
SUM_init_thread_0_process_7=0
MEAN_init_thread_0_process_7=0
STDDEV_init_thread_0_process_7=0.0
MEDIAN_init_thread_0_process_7=0
MIN_init_thread_0_process_7=1358
MAX_init_thread_0_process_7=0
SUM_pagingIn_thread_0_process_7=64098
MEAN_pagingIn_thread_0_process_7=7122
STDDEV_pagingIn_thread_0_process_7=486.348526151
MEDIAN_pagingIn_thread_0_process_7=7215
MIN_pagingIn_thread_0_process_7=1358
MAX_pagingIn_thread_0_process_7=7483
SUM_pagingOut_thread_0_process_7=41593
MEAN_pagingOut_thread_0_process_7=6932.16666667
STDDEV_pagingOut_thread_0_process_7=1009.88240515
MEDIAN_pagingOut_thread_0_process_7=7478
MIN_pagingOut_thread_0_process_7=1358
MAX_pagingOut_thread_0_process_7=7852
SUM_pagingWait_thread_0_process_7=10009
MEAN_pagingWait_thread_0_process_7=1000.9
STDDEV_pagingWait_thread_0_process_7=3002.7
MEDIAN_pagingWait_thread_0_process_7=0
MIN_pagingWait_thread_0_process_7=1358
MAX_pagingWait_thread_0_process_7=10009
SUM_pcbinit_thread_0_process_7=4
MEAN_pcbinit_thread_0_process_7=4
STDDEV_pcbinit_thread_0_process_7=0.0
MEDIAN_pcbinit_thread_0_process_7=4
MIN_pcbinit_thread_0_process_7=1358
MAX_pcbinit_thread_0_process_7=4
SUM_postinit_thread_0_process_7=0
MEAN_postinit_thread_0_process_7=0
STDDEV_postinit_thread_0_process_7=0.0
MEDIAN_postinit_thread_0_process_7=0
MIN_postinit_thread_0_process_7=1358
MAX_postinit_thread_0_process_7=0
SUM_TURNAROUNDTIME_thread_0_process_8=116770
SUM_init_thread_0_process_8=0
MEAN_init_thread_0_process_8=0
STDDEV_init_thread_0_process_8=0.0
MEDIAN_init_thread_0_process_8=0
MIN_init_thread_0_process_8=1358
MAX_init_thread_0_process_8=0
SUM_pagingIn_thread_0_process_8=68082
MEAN_pagingIn_thread_0_process_8=6808.2
STDDEV_pagingIn_thread_0_process_8=877.072152106
MEDIAN_pagingIn_thread_0_process_8=7164.5
MIN_pagingIn_thread_0_process_8=1358
MAX_pagingIn_thread_0_process_8=7699
SUM_pagingOut_thread_0_process_8=45677
MEAN_pagingOut_thread_0_process_8=6525.28571429
STDDEV_pagingOut_thread_0_process_8=1574.25081631
MEDIAN_pagingOut_thread_0_process_8=7298
MIN_pagingOut_thread_0_process_8=1358
MAX_pagingOut_thread_0_process_8=7890
SUM_pagingWait_thread_0_process_8=3006
MEAN_pagingWait_thread_0_process_8=273.272727273
STDDEV_pagingWait_thread_0_process_8=833.95182888
MEDIAN_pagingWait_thread_0_process_8=0
MIN_pagingWait_thread_0_process_8=1358
MAX_pagingWait_thread_0_process_8=2909
SUM_pcbinit_thread_0_process_8=4
MEAN_pcbinit_thread_0_process_8=4
STDDEV_pcbinit_thread_0_process_8=0.0
MEDIAN_pcbinit_thread_0_process_8=4
MIN_pcbinit_thread_0_process_8=1358
MAX_pcbinit_thread_0_process_8=4
SUM_postinit_thread_0_process_8=0
MEAN_postinit_thread_0_process_8=0
STDDEV_postinit_thread_0_process_8=0.0
MEDIAN_postinit_thread_0_process_8=0
MIN_postinit_thread_0_process_8=1358
MAX_postinit_thread_0_process_8=0
SUM_TURNAROUNDTIME_thread_0_process_9=119669
SUM_init_thread_0_process_9=0
MEAN_init_thread_0_process_9=0
STDDEV_init_thread_0_process_9=0.0
MEDIAN_init_thread_0_process_9=0
MIN_init_thread_0_process_9=1358
MAX_init_thread_0_process_9=0
SUM_pagingIn_thread_0_process_9=51573
MEAN_pagingIn_thread_0_process_9=7367.57142857
STDDEV_pagingIn_thread_0_process_9=305.42235728
MEDIAN_pagingIn_thread_0_process_9=7419
MIN_pagingIn_thread_0_process_9=1358
MAX_pagingIn_thread_0_process_9=7838
SUM_pagingOut_thread_0_process_9=36496
MEAN_pagingOut_thread_0_process_9=7299.2
STDDEV_pagingOut_thread_0_process_9=527.704993344
MEDIAN_pagingOut_thread_0_process_9=7216
MIN_pagingOut_thread_0_process_9=1358
MAX_pagingOut_thread_0_process_9=7988
SUM_pagingWait_thread_0_process_9=31595
MEAN_pagingWait_thread_0_process_9=3949.375
STDDEV_pagingWait_thread_0_process_9=10126.4526975
MEDIAN_pagingWait_thread_0_process_9=0
MIN_pagingWait_thread_0_process_9=1358
MAX_pagingWait_thread_0_process_9=30731
SUM_pcbinit_thread_0_process_9=4
MEAN_pcbinit_thread_0_process_9=4
STDDEV_pcbinit_thread_0_process_9=0.0
MEDIAN_pcbinit_thread_0_process_9=4
MIN_pcbinit_thread_0_process_9=1358
MAX_pcbinit_thread_0_process_9=4
SUM_postinit_thread_0_process_9=0
MEAN_postinit_thread_0_process_9=0
STDDEV_postinit_thread_0_process_9=0.0
MEDIAN_postinit_thread_0_process_9=0
MIN_postinit_thread_0_process_9=1358
MAX_postinit_thread_0_process_9=0
SUM_TURNAROUNDTIME_thread_1_process_0=91442
SUM_init_thread_1_process_0=0
MEAN_init_thread_1_process_0=0
STDDEV_init_thread_1_process_0=0.0
MEDIAN_init_thread_1_process_0=0
MIN_init_thread_1_process_0=1358
MAX_init_thread_1_process_0=0
SUM_postinit_thread_1_process_0=0
MEAN_postinit_thread_1_process_0=0
STDDEV_postinit_thread_1_process_0=0.0
MEDIAN_postinit_thread_1_process_0=0
MIN_postinit_thread_1_process_0=1358
MAX_postinit_thread_1_process_0=0
SUM_ready_thread_1_process_0=1160
MEAN_ready_thread_1_process_0=1160
STDDEV_ready_thread_1_process_0=0.0
MEDIAN_ready_thread_1_process_0=1160
MIN_ready_thread_1_process_0=1358
MAX_ready_thread_1_process_0=1160
SUM_running_cpu_thread_1_process_0=428
MEAN_running_cpu_thread_1_process_0=3.21804511278
STDDEV_running_cpu_thread_1_process_0=15.9512124346
MEDIAN_running_cpu_thread_1_process_0=0
MIN_running_cpu_thread_1_process_0=1358
MAX_running_cpu_thread_1_process_0=121
SUM_running_memory_thread_1_process_0=532
MEAN_running_memory_thread_1_process_0=4
STDDEV_running_memory_thread_1_process_0=0.0
MEDIAN_running_memory_thread_1_process_0=4
MIN_running_memory_thread_1_process_0=1358
MAX_running_memory_thread_1_process_0=4
SUM_scheduling_thread_1_process_0=0
MEAN_scheduling_thread_1_process_0=0
STDDEV_scheduling_thread_1_process_0=0.0
MEDIAN_scheduling_thread_1_process_0=0
MIN_scheduling_thread_1_process_0=1358
MAX_scheduling_thread_1_process_0=0
SUM_waiting_paging_thread_1_process_0=89321
MEAN_waiting_paging_thread_1_process_0=22330.25
STDDEV_waiting_paging_thread_1_process_0=15437.1358317
MEDIAN_waiting_paging_thread_1_process_0=22290
MIN_waiting_paging_thread_1_process_0=1358
MAX_waiting_paging_thread_1_process_0=43383
SUM_TURNAROUNDTIME_thread_1_process_1=112282
SUM_init_thread_1_process_1=0
MEAN_init_thread_1_process_1=0
STDDEV_init_thread_1_process_1=0.0
MEDIAN_init_thread_1_process_1=0
MIN_init_thread_1_process_1=1358
MAX_init_thread_1_process_1=0
SUM_postinit_thread_1_process_1=0
MEAN_postinit_thread_1_process_1=0
STDDEV_postinit_thread_1_process_1=0.0
MEDIAN_postinit_thread_1_process_1=0
MIN_postinit_thread_1_process_1=1358
MAX_postinit_thread_1_process_1=0
SUM_ready_thread_1_process_1=3148
MEAN_ready_thread_1_process_1=1049.33333333
STDDEV_ready_thread_1_process_1=804.982125405
MEDIAN_ready_thread_1_process_1=936
MIN_ready_thread_1_process_1=1358
MAX_ready_thread_1_process_1=2087
SUM_rescheduling_thread_1_process_1=0
MEAN_rescheduling_thread_1_process_1=0
STDDEV_rescheduling_thread_1_process_1=0.0
MEDIAN_rescheduling_thread_1_process_1=0
MIN_rescheduling_thread_1_process_1=1358
MAX_rescheduling_thread_1_process_1=0
SUM_running_cpu_thread_1_process_1=159
MEAN_running_cpu_thread_1_process_1=4.2972972973
STDDEV_running_cpu_thread_1_process_1=13.4443092852
MEDIAN_running_cpu_thread_1_process_1=0
MIN_running_cpu_thread_1_process_1=1358
MAX_running_cpu_thread_1_process_1=72
SUM_running_memory_thread_1_process_1=148
MEAN_running_memory_thread_1_process_1=4
STDDEV_running_memory_thread_1_process_1=0.0
MEDIAN_running_memory_thread_1_process_1=4
MIN_running_memory_thread_1_process_1=1358
MAX_running_memory_thread_1_process_1=4
SUM_scheduling_thread_1_process_1=0
MEAN_scheduling_thread_1_process_1=0
STDDEV_scheduling_thread_1_process_1=0.0
MEDIAN_scheduling_thread_1_process_1=0
MIN_scheduling_thread_1_process_1=1358
MAX_scheduling_thread_1_process_1=0
SUM_terminated_thread_1_process_1=0
MEAN_terminated_thread_1_process_1=0
STDDEV_terminated_thread_1_process_1=0.0
MEDIAN_terminated_thread_1_process_1=0
MIN_terminated_thread_1_process_1=1358
MAX_terminated_thread_1_process_1=0
SUM_waiting_io_thread_1_process_1=29594
MEAN_waiting_io_thread_1_process_1=4932.33333333
STDDEV_waiting_io_thread_1_process_1=3344.95623622
MEDIAN_waiting_io_thread_1_process_1=4602.5
MIN_waiting_io_thread_1_process_1=1358
MAX_waiting_io_thread_1_process_1=9821
SUM_waiting_paging_thread_1_process_1=79232
MEAN_waiting_paging_thread_1_process_1=39616
STDDEV_waiting_paging_thread_1_process_1=4534.0
MEDIAN_waiting_paging_thread_1_process_1=39616
MIN_waiting_paging_thread_1_process_1=1358
MAX_waiting_paging_thread_1_process_1=44150
SUM_TURNAROUNDTIME_thread_1_process_2=111335
SUM_init_thread_1_process_2=0
MEAN_init_thread_1_process_2=0
STDDEV_init_thread_1_process_2=0.0
MEDIAN_init_thread_1_process_2=0
MIN_init_thread_1_process_2=1358
MAX_init_thread_1_process_2=0
SUM_postinit_thread_1_process_2=0
MEAN_postinit_thread_1_process_2=0
STDDEV_postinit_thread_1_process_2=0.0
MEDIAN_postinit_thread_1_process_2=0
MIN_postinit_thread_1_process_2=1358
MAX_postinit_thread_1_process_2=0
SUM_ready_thread_1_process_2=2361
MEAN_ready_thread_1_process_2=1180.5
STDDEV_ready_thread_1_process_2=928.5
MEDIAN_ready_thread_1_process_2=1180.5
MIN_ready_thread_1_process_2=1358
MAX_ready_thread_1_process_2=2109
SUM_running_cpu_thread_1_process_2=70
MEAN_running_cpu_thread_1_process_2=2.5
STDDEV_running_cpu_thread_1_process_2=7.01783442381
MEDIAN_running_cpu_thread_1_process_2=0
MIN_running_cpu_thread_1_process_2=1358
MAX_running_cpu_thread_1_process_2=25
SUM_running_memory_thread_1_process_2=112
MEAN_running_memory_thread_1_process_2=4
STDDEV_running_memory_thread_1_process_2=0.0
MEDIAN_running_memory_thread_1_process_2=4
MIN_running_memory_thread_1_process_2=1358
MAX_running_memory_thread_1_process_2=4
SUM_scheduling_thread_1_process_2=0
MEAN_scheduling_thread_1_process_2=0
STDDEV_scheduling_thread_1_process_2=0.0
MEDIAN_scheduling_thread_1_process_2=0
MIN_scheduling_thread_1_process_2=1358
MAX_scheduling_thread_1_process_2=0
SUM_terminated_thread_1_process_2=0
MEAN_terminated_thread_1_process_2=0
STDDEV_terminated_thread_1_process_2=0.0
MEDIAN_terminated_thread_1_process_2=0
MIN_terminated_thread_1_process_2=1358
MAX_terminated_thread_1_process_2=0
SUM_waiting_paging_thread_1_process_2=108791
MEAN_waiting_paging_thread_1_process_2=36263.6666667
STDDEV_waiting_paging_thread_1_process_2=22519.0522348
MEDIAN_waiting_paging_thread_1_process_2=44764
MIN_waiting_paging_thread_1_process_2=1358
MAX_waiting_paging_thread_1_process_2=58593
SUM_TURNAROUNDTIME_thread_1_process_3=100371
SUM_init_thread_1_process_3=0
MEAN_init_thread_1_process_3=0
STDDEV_init_thread_1_process_3=0.0
MEDIAN_init_thread_1_process_3=0
MIN_init_thread_1_process_3=1358
MAX_init_thread_1_process_3=0
SUM_postinit_thread_1_process_3=0
MEAN_postinit_thread_1_process_3=0
STDDEV_postinit_thread_1_process_3=0.0
MEDIAN_postinit_thread_1_process_3=0
MIN_postinit_thread_1_process_3=1358
MAX_postinit_thread_1_process_3=0
SUM_ready_thread_1_process_3=2489
MEAN_ready_thread_1_process_3=829.666666667
STDDEV_ready_thread_1_process_3=575.567739039
MEDIAN_ready_thread_1_process_3=451
MIN_ready_thread_1_process_3=1358
MAX_ready_thread_1_process_3=1643
SUM_rescheduling_thread_1_process_3=0
MEAN_rescheduling_thread_1_process_3=0
STDDEV_rescheduling_thread_1_process_3=0.0
MEDIAN_rescheduling_thread_1_process_3=0
MIN_rescheduling_thread_1_process_3=1358
MAX_rescheduling_thread_1_process_3=0
SUM_running_cpu_thread_1_process_3=327
MEAN_running_cpu_thread_1_process_3=6.41176470588
STDDEV_running_cpu_thread_1_process_3=17.2367328584
MEDIAN_running_cpu_thread_1_process_3=0
MIN_running_cpu_thread_1_process_3=1358
MAX_running_cpu_thread_1_process_3=85
SUM_running_memory_thread_1_process_3=204
MEAN_running_memory_thread_1_process_3=4
STDDEV_running_memory_thread_1_process_3=0.0
MEDIAN_running_memory_thread_1_process_3=4
MIN_running_memory_thread_1_process_3=1358
MAX_running_memory_thread_1_process_3=4
SUM_scheduling_thread_1_process_3=0
MEAN_scheduling_thread_1_process_3=0
STDDEV_scheduling_thread_1_process_3=0.0
MEDIAN_scheduling_thread_1_process_3=0
MIN_scheduling_thread_1_process_3=1358
MAX_scheduling_thread_1_process_3=0
SUM_terminated_thread_1_process_3=0
MEAN_terminated_thread_1_process_3=0
STDDEV_terminated_thread_1_process_3=0.0
MEDIAN_terminated_thread_1_process_3=0
MIN_terminated_thread_1_process_3=1358
MAX_terminated_thread_1_process_3=0
SUM_waiting_io_thread_1_process_3=31581
MEAN_waiting_io_thread_1_process_3=3158.1
STDDEV_waiting_io_thread_1_process_3=4180.73540062
MEDIAN_waiting_io_thread_1_process_3=1093
MIN_waiting_io_thread_1_process_3=1358
MAX_waiting_io_thread_1_process_3=12119
SUM_waiting_paging_thread_1_process_3=65769
MEAN_waiting_paging_thread_1_process_3=32884.5
STDDEV_waiting_paging_thread_1_process_3=3585.5
MEDIAN_waiting_paging_thread_1_process_3=32884.5
MIN_waiting_paging_thread_1_process_3=1358
MAX_waiting_paging_thread_1_process_3=36470
SUM_TURNAROUNDTIME_thread_1_process_4=114325
SUM_init_thread_1_process_4=0
MEAN_init_thread_1_process_4=0
STDDEV_init_thread_1_process_4=0.0
MEDIAN_init_thread_1_process_4=0
MIN_init_thread_1_process_4=1358
MAX_init_thread_1_process_4=0
SUM_postinit_thread_1_process_4=0
MEAN_postinit_thread_1_process_4=0
STDDEV_postinit_thread_1_process_4=0.0
MEDIAN_postinit_thread_1_process_4=0
MIN_postinit_thread_1_process_4=1358
MAX_postinit_thread_1_process_4=0
SUM_ready_thread_1_process_4=3181
MEAN_ready_thread_1_process_4=1060.33333333
STDDEV_ready_thread_1_process_4=610.395682233
MEDIAN_ready_thread_1_process_4=656
MIN_ready_thread_1_process_4=1358
MAX_ready_thread_1_process_4=1923
SUM_running_cpu_thread_1_process_4=48
MEAN_running_cpu_thread_1_process_4=16
STDDEV_running_cpu_thread_1_process_4=10.0332779622
MEDIAN_running_cpu_thread_1_process_4=21
MIN_running_cpu_thread_1_process_4=1358
MAX_running_cpu_thread_1_process_4=25
SUM_running_memory_thread_1_process_4=12
MEAN_running_memory_thread_1_process_4=4
STDDEV_running_memory_thread_1_process_4=0.0
MEDIAN_running_memory_thread_1_process_4=4
MIN_running_memory_thread_1_process_4=1358
MAX_running_memory_thread_1_process_4=4
SUM_scheduling_thread_1_process_4=0
MEAN_scheduling_thread_1_process_4=0
STDDEV_scheduling_thread_1_process_4=0.0
MEDIAN_scheduling_thread_1_process_4=0
MIN_scheduling_thread_1_process_4=1358
MAX_scheduling_thread_1_process_4=0
SUM_terminated_thread_1_process_4=0
MEAN_terminated_thread_1_process_4=0
STDDEV_terminated_thread_1_process_4=0.0
MEDIAN_terminated_thread_1_process_4=0
MIN_terminated_thread_1_process_4=1358
MAX_terminated_thread_1_process_4=0
SUM_waiting_paging_thread_1_process_4=111083
MEAN_waiting_paging_thread_1_process_4=37027.6666667
STDDEV_waiting_paging_thread_1_process_4=5772.71434326
MEDIAN_waiting_paging_thread_1_process_4=37912
MIN_waiting_paging_thread_1_process_4=1358
MAX_waiting_paging_thread_1_process_4=43614
SUM_TURNAROUNDTIME_thread_1_process_5=109309
SUM_init_thread_1_process_5=0
MEAN_init_thread_1_process_5=0
STDDEV_init_thread_1_process_5=0.0
MEDIAN_init_thread_1_process_5=0
MIN_init_thread_1_process_5=1358
MAX_init_thread_1_process_5=0
SUM_postinit_thread_1_process_5=0
MEAN_postinit_thread_1_process_5=0
STDDEV_postinit_thread_1_process_5=0.0
MEDIAN_postinit_thread_1_process_5=0
MIN_postinit_thread_1_process_5=1358
MAX_postinit_thread_1_process_5=0
SUM_ready_thread_1_process_5=2618
MEAN_ready_thread_1_process_5=1309
STDDEV_ready_thread_1_process_5=458.0
MEDIAN_ready_thread_1_process_5=1309
MIN_ready_thread_1_process_5=1358
MAX_ready_thread_1_process_5=1767
SUM_rescheduling_thread_1_process_5=0
MEAN_rescheduling_thread_1_process_5=0
STDDEV_rescheduling_thread_1_process_5=0.0
MEDIAN_rescheduling_thread_1_process_5=0
MIN_rescheduling_thread_1_process_5=1358
MAX_rescheduling_thread_1_process_5=0
SUM_running_cpu_thread_1_process_5=14
MEAN_running_cpu_thread_1_process_5=1.27272727273
STDDEV_running_cpu_thread_1_process_5=1.6006197147
MEDIAN_running_cpu_thread_1_process_5=0
MIN_running_cpu_thread_1_process_5=1358
MAX_running_cpu_thread_1_process_5=4
SUM_running_memory_thread_1_process_5=44
MEAN_running_memory_thread_1_process_5=4
STDDEV_running_memory_thread_1_process_5=0.0
MEDIAN_running_memory_thread_1_process_5=4
MIN_running_memory_thread_1_process_5=1358
MAX_running_memory_thread_1_process_5=4
SUM_scheduling_thread_1_process_5=0
MEAN_scheduling_thread_1_process_5=0
STDDEV_scheduling_thread_1_process_5=0.0
MEDIAN_scheduling_thread_1_process_5=0
MIN_scheduling_thread_1_process_5=1358
MAX_scheduling_thread_1_process_5=0
SUM_terminated_thread_1_process_5=0
MEAN_terminated_thread_1_process_5=0
STDDEV_terminated_thread_1_process_5=0.0
MEDIAN_terminated_thread_1_process_5=0
MIN_terminated_thread_1_process_5=1358
MAX_terminated_thread_1_process_5=0
SUM_waiting_io_thread_1_process_5=4277
MEAN_waiting_io_thread_1_process_5=2138.5
STDDEV_waiting_io_thread_1_process_5=251.5
MEDIAN_waiting_io_thread_1_process_5=2138.5
MIN_waiting_io_thread_1_process_5=1358
MAX_waiting_io_thread_1_process_5=2390
SUM_waiting_paging_thread_1_process_5=102355
MEAN_waiting_paging_thread_1_process_5=34118.3333333
STDDEV_waiting_paging_thread_1_process_5=9989.65412592
MEDIAN_waiting_paging_thread_1_process_5=37439
MIN_waiting_paging_thread_1_process_5=1358
MAX_waiting_paging_thread_1_process_5=44350
SUM_TURNAROUNDTIME_thread_1_process_6=110697
SUM_init_thread_1_process_6=0
MEAN_init_thread_1_process_6=0
STDDEV_init_thread_1_process_6=0.0
MEDIAN_init_thread_1_process_6=0
MIN_init_thread_1_process_6=1358
MAX_init_thread_1_process_6=0
SUM_postinit_thread_1_process_6=0
MEAN_postinit_thread_1_process_6=0
STDDEV_postinit_thread_1_process_6=0.0
MEDIAN_postinit_thread_1_process_6=0
MIN_postinit_thread_1_process_6=1358
MAX_postinit_thread_1_process_6=0
SUM_ready_thread_1_process_6=3201
MEAN_ready_thread_1_process_6=1067
STDDEV_ready_thread_1_process_6=505.167299021
MEDIAN_ready_thread_1_process_6=1101
MIN_ready_thread_1_process_6=1358
MAX_ready_thread_1_process_6=1668
SUM_running_cpu_thread_1_process_6=48
MEAN_running_cpu_thread_1_process_6=16
STDDEV_running_cpu_thread_1_process_6=10.0332779622
MEDIAN_running_cpu_thread_1_process_6=21
MIN_running_cpu_thread_1_process_6=1358
MAX_running_cpu_thread_1_process_6=25
SUM_running_memory_thread_1_process_6=12
MEAN_running_memory_thread_1_process_6=4
STDDEV_running_memory_thread_1_process_6=0.0
MEDIAN_running_memory_thread_1_process_6=4
MIN_running_memory_thread_1_process_6=1358
MAX_running_memory_thread_1_process_6=4
SUM_scheduling_thread_1_process_6=0
MEAN_scheduling_thread_1_process_6=0
STDDEV_scheduling_thread_1_process_6=0.0
MEDIAN_scheduling_thread_1_process_6=0
MIN_scheduling_thread_1_process_6=1358
MAX_scheduling_thread_1_process_6=0
SUM_terminated_thread_1_process_6=0
MEAN_terminated_thread_1_process_6=0
STDDEV_terminated_thread_1_process_6=0.0
MEDIAN_terminated_thread_1_process_6=0
MIN_terminated_thread_1_process_6=1358
MAX_terminated_thread_1_process_6=0
SUM_waiting_paging_thread_1_process_6=107435
MEAN_waiting_paging_thread_1_process_6=35811.6666667
STDDEV_waiting_paging_thread_1_process_6=16687.6397839
MEDIAN_waiting_paging_thread_1_process_6=28777
MIN_waiting_paging_thread_1_process_6=1358
MAX_waiting_paging_thread_1_process_6=58838
SUM_TURNAROUNDTIME_thread_1_process_7=101203
SUM_init_thread_1_process_7=0
MEAN_init_thread_1_process_7=0
STDDEV_init_thread_1_process_7=0.0
MEDIAN_init_thread_1_process_7=0
MIN_init_thread_1_process_7=1358
MAX_init_thread_1_process_7=0
SUM_postinit_thread_1_process_7=0
MEAN_postinit_thread_1_process_7=0
STDDEV_postinit_thread_1_process_7=0.0
MEDIAN_postinit_thread_1_process_7=0
MIN_postinit_thread_1_process_7=1358
MAX_postinit_thread_1_process_7=0
SUM_ready_thread_1_process_7=2855
MEAN_ready_thread_1_process_7=1427.5
STDDEV_ready_thread_1_process_7=72.5
MEDIAN_ready_thread_1_process_7=1427.5
MIN_ready_thread_1_process_7=1358
MAX_ready_thread_1_process_7=1500
SUM_rescheduling_thread_1_process_7=0
MEAN_rescheduling_thread_1_process_7=0
STDDEV_rescheduling_thread_1_process_7=0.0
MEDIAN_rescheduling_thread_1_process_7=0
MIN_rescheduling_thread_1_process_7=1358
MAX_rescheduling_thread_1_process_7=0
SUM_running_cpu_thread_1_process_7=179
MEAN_running_cpu_thread_1_process_7=4.71052631579
STDDEV_running_cpu_thread_1_process_7=12.4813711602
MEDIAN_running_cpu_thread_1_process_7=0
MIN_running_cpu_thread_1_process_7=1358
MAX_running_cpu_thread_1_process_7=61
SUM_running_memory_thread_1_process_7=152
MEAN_running_memory_thread_1_process_7=4
STDDEV_running_memory_thread_1_process_7=0.0
MEDIAN_running_memory_thread_1_process_7=4
MIN_running_memory_thread_1_process_7=1358
MAX_running_memory_thread_1_process_7=4
SUM_scheduling_thread_1_process_7=0
MEAN_scheduling_thread_1_process_7=0
STDDEV_scheduling_thread_1_process_7=0.0
MEDIAN_scheduling_thread_1_process_7=0
MIN_scheduling_thread_1_process_7=1358
MAX_scheduling_thread_1_process_7=0
SUM_terminated_thread_1_process_7=0
MEAN_terminated_thread_1_process_7=0
STDDEV_terminated_thread_1_process_7=0.0
MEDIAN_terminated_thread_1_process_7=0
MIN_terminated_thread_1_process_7=1358
MAX_terminated_thread_1_process_7=0
SUM_waiting_io_thread_1_process_7=20580
MEAN_waiting_io_thread_1_process_7=2572.5
STDDEV_waiting_io_thread_1_process_7=3413.39145865
MEDIAN_waiting_io_thread_1_process_7=883
MIN_waiting_io_thread_1_process_7=1358
MAX_waiting_io_thread_1_process_7=11236
SUM_waiting_paging_thread_1_process_7=77436
MEAN_waiting_paging_thread_1_process_7=38718
STDDEV_waiting_paging_thread_1_process_7=9322.0
MEDIAN_waiting_paging_thread_1_process_7=38718
MIN_waiting_paging_thread_1_process_7=1358
MAX_waiting_paging_thread_1_process_7=48040
SUM_TURNAROUNDTIME_thread_1_process_8=116769
SUM_init_thread_1_process_8=0
MEAN_init_thread_1_process_8=0
STDDEV_init_thread_1_process_8=0.0
MEDIAN_init_thread_1_process_8=0
MIN_init_thread_1_process_8=1358
MAX_init_thread_1_process_8=0
SUM_postinit_thread_1_process_8=0
MEAN_postinit_thread_1_process_8=0
STDDEV_postinit_thread_1_process_8=0.0
MEDIAN_postinit_thread_1_process_8=0
MIN_postinit_thread_1_process_8=1358
MAX_postinit_thread_1_process_8=0
SUM_ready_thread_1_process_8=1512
MEAN_ready_thread_1_process_8=1512
STDDEV_ready_thread_1_process_8=0.0
MEDIAN_ready_thread_1_process_8=1512
MIN_ready_thread_1_process_8=1358
MAX_ready_thread_1_process_8=1512
SUM_rescheduling_thread_1_process_8=0
MEAN_rescheduling_thread_1_process_8=0
STDDEV_rescheduling_thread_1_process_8=0.0
MEDIAN_rescheduling_thread_1_process_8=0
MIN_rescheduling_thread_1_process_8=1358
MAX_rescheduling_thread_1_process_8=0
SUM_running_cpu_thread_1_process_8=482
MEAN_running_cpu_thread_1_process_8=2.30622009569
STDDEV_running_cpu_thread_1_process_8=12.3482951023
MEDIAN_running_cpu_thread_1_process_8=0
MIN_running_cpu_thread_1_process_8=1358
MAX_running_cpu_thread_1_process_8=97
SUM_running_memory_thread_1_process_8=836
MEAN_running_memory_thread_1_process_8=4
STDDEV_running_memory_thread_1_process_8=0.0
MEDIAN_running_memory_thread_1_process_8=4
MIN_running_memory_thread_1_process_8=1358
MAX_running_memory_thread_1_process_8=4
SUM_scheduling_thread_1_process_8=0
MEAN_scheduling_thread_1_process_8=0
STDDEV_scheduling_thread_1_process_8=0.0
MEDIAN_scheduling_thread_1_process_8=0
MIN_scheduling_thread_1_process_8=1358
MAX_scheduling_thread_1_process_8=0
SUM_terminated_thread_1_process_8=0
MEAN_terminated_thread_1_process_8=0
STDDEV_terminated_thread_1_process_8=0.0
MEDIAN_terminated_thread_1_process_8=0
MIN_terminated_thread_1_process_8=1358
MAX_terminated_thread_1_process_8=0
SUM_waiting_io_thread_1_process_8=883
MEAN_waiting_io_thread_1_process_8=883
STDDEV_waiting_io_thread_1_process_8=0.0
MEDIAN_waiting_io_thread_1_process_8=883
MIN_waiting_io_thread_1_process_8=1358
MAX_waiting_io_thread_1_process_8=883
SUM_waiting_paging_thread_1_process_8=113055
MEAN_waiting_paging_thread_1_process_8=37685
STDDEV_waiting_paging_thread_1_process_8=6320.04214121
MEDIAN_waiting_paging_thread_1_process_8=40012
MIN_waiting_paging_thread_1_process_8=1358
MAX_waiting_paging_thread_1_process_8=43995
SUM_TURNAROUNDTIME_thread_1_process_9=105705
SUM_init_thread_1_process_9=0
MEAN_init_thread_1_process_9=0
STDDEV_init_thread_1_process_9=0.0
MEDIAN_init_thread_1_process_9=0
MIN_init_thread_1_process_9=1358
MAX_init_thread_1_process_9=0
SUM_postinit_thread_1_process_9=0
MEAN_postinit_thread_1_process_9=0
STDDEV_postinit_thread_1_process_9=0.0
MEDIAN_postinit_thread_1_process_9=0
MIN_postinit_thread_1_process_9=1358
MAX_postinit_thread_1_process_9=0
SUM_ready_thread_1_process_9=3228
MEAN_ready_thread_1_process_9=1076
STDDEV_ready_thread_1_process_9=596.893625364
MEDIAN_ready_thread_1_process_9=1159
MIN_ready_thread_1_process_9=1358
MAX_ready_thread_1_process_9=1762
SUM_rescheduling_thread_1_process_9=0
MEAN_rescheduling_thread_1_process_9=0
STDDEV_rescheduling_thread_1_process_9=0.0
MEDIAN_rescheduling_thread_1_process_9=0
MIN_rescheduling_thread_1_process_9=1358
MAX_rescheduling_thread_1_process_9=0
SUM_running_cpu_thread_1_process_9=327
MEAN_running_cpu_thread_1_process_9=6.41176470588
STDDEV_running_cpu_thread_1_process_9=17.2367328584
MEDIAN_running_cpu_thread_1_process_9=0
MIN_running_cpu_thread_1_process_9=1358
MAX_running_cpu_thread_1_process_9=85
SUM_running_memory_thread_1_process_9=204
MEAN_running_memory_thread_1_process_9=4
STDDEV_running_memory_thread_1_process_9=0.0
MEDIAN_running_memory_thread_1_process_9=4
MIN_running_memory_thread_1_process_9=1358
MAX_running_memory_thread_1_process_9=4
SUM_scheduling_thread_1_process_9=0
MEAN_scheduling_thread_1_process_9=0
STDDEV_scheduling_thread_1_process_9=0.0
MEDIAN_scheduling_thread_1_process_9=0
MIN_scheduling_thread_1_process_9=1358
MAX_scheduling_thread_1_process_9=0
SUM_terminated_thread_1_process_9=0
MEAN_terminated_thread_1_process_9=0
STDDEV_terminated_thread_1_process_9=0.0
MEDIAN_terminated_thread_1_process_9=0
MIN_terminated_thread_1_process_9=1358
MAX_terminated_thread_1_process_9=0
SUM_waiting_io_thread_1_process_9=33524
MEAN_waiting_io_thread_1_process_9=3352.4
STDDEV_waiting_io_thread_1_process_9=3908.96554602
MEDIAN_waiting_io_thread_1_process_9=870
MIN_waiting_io_thread_1_process_9=1358
MAX_waiting_io_thread_1_process_9=11283
SUM_waiting_paging_thread_1_process_9=68421
MEAN_waiting_paging_thread_1_process_9=34210.5
STDDEV_waiting_paging_thread_1_process_9=4270.5
MEDIAN_waiting_paging_thread_1_process_9=34210.5
MIN_waiting_paging_thread_1_process_9=1358
MAX_waiting_paging_thread_1_process_9=38481
SUM_TURNAROUNDTIME_thread_2_process_0=84200
SUM_init_thread_2_process_0=0
MEAN_init_thread_2_process_0=0
STDDEV_init_thread_2_process_0=0.0
MEDIAN_init_thread_2_process_0=0
MIN_init_thread_2_process_0=1358
MAX_init_thread_2_process_0=0
SUM_postinit_thread_2_process_0=0
MEAN_postinit_thread_2_process_0=0
STDDEV_postinit_thread_2_process_0=0.0
MEDIAN_postinit_thread_2_process_0=0
MIN_postinit_thread_2_process_0=1358
MAX_postinit_thread_2_process_0=0
SUM_running_cpu_thread_2_process_0=371
MEAN_running_cpu_thread_2_process_0=4.5243902439
STDDEV_running_cpu_thread_2_process_0=17.5931150681
MEDIAN_running_cpu_thread_2_process_0=0
MIN_running_cpu_thread_2_process_0=1358
MAX_running_cpu_thread_2_process_0=123
SUM_running_memory_thread_2_process_0=328
MEAN_running_memory_thread_2_process_0=4
STDDEV_running_memory_thread_2_process_0=0.0
MEDIAN_running_memory_thread_2_process_0=4
MIN_running_memory_thread_2_process_0=1358
MAX_running_memory_thread_2_process_0=4
SUM_scheduling_thread_2_process_0=0
MEAN_scheduling_thread_2_process_0=0
STDDEV_scheduling_thread_2_process_0=0.0
MEDIAN_scheduling_thread_2_process_0=0
MIN_scheduling_thread_2_process_0=1358
MAX_scheduling_thread_2_process_0=0
SUM_waiting_paging_thread_2_process_0=83500
MEAN_waiting_paging_thread_2_process_0=20875
STDDEV_waiting_paging_thread_2_process_0=11753.2124332
MEDIAN_waiting_paging_thread_2_process_0=20888.5
MIN_waiting_paging_thread_2_process_0=1358
MAX_waiting_paging_thread_2_process_0=37481
SUM_TURNAROUNDTIME_thread_2_process_1=97678
SUM_init_thread_2_process_1=0
MEAN_init_thread_2_process_1=0
STDDEV_init_thread_2_process_1=0.0
MEDIAN_init_thread_2_process_1=0
MIN_init_thread_2_process_1=1358
MAX_init_thread_2_process_1=0
SUM_postinit_thread_2_process_1=0
MEAN_postinit_thread_2_process_1=0
STDDEV_postinit_thread_2_process_1=0.0
MEDIAN_postinit_thread_2_process_1=0
MIN_postinit_thread_2_process_1=1358
MAX_postinit_thread_2_process_1=0
SUM_ready_thread_2_process_1=3166
MEAN_ready_thread_2_process_1=1055.33333333
STDDEV_ready_thread_2_process_1=768.184150376
MEDIAN_ready_thread_2_process_1=828
MIN_ready_thread_2_process_1=1358
MAX_ready_thread_2_process_1=2089
SUM_rescheduling_thread_2_process_1=0
MEAN_rescheduling_thread_2_process_1=0
STDDEV_rescheduling_thread_2_process_1=0.0
MEDIAN_rescheduling_thread_2_process_1=0
MIN_rescheduling_thread_2_process_1=1358
MAX_rescheduling_thread_2_process_1=0
SUM_running_cpu_thread_2_process_1=32
MEAN_running_cpu_thread_2_process_1=2.46153846154
STDDEV_running_cpu_thread_2_process_1=2.95128093742
MEDIAN_running_cpu_thread_2_process_1=1
MIN_running_cpu_thread_2_process_1=1358
MAX_running_cpu_thread_2_process_1=8
SUM_running_memory_thread_2_process_1=52
MEAN_running_memory_thread_2_process_1=4
STDDEV_running_memory_thread_2_process_1=0.0
MEDIAN_running_memory_thread_2_process_1=4
MIN_running_memory_thread_2_process_1=1358
MAX_running_memory_thread_2_process_1=4
SUM_scheduling_thread_2_process_1=0
MEAN_scheduling_thread_2_process_1=0
STDDEV_scheduling_thread_2_process_1=0.0
MEDIAN_scheduling_thread_2_process_1=0
MIN_scheduling_thread_2_process_1=1358
MAX_scheduling_thread_2_process_1=0
SUM_waiting_io_thread_2_process_1=21352
MEAN_waiting_io_thread_2_process_1=5338
STDDEV_waiting_io_thread_2_process_1=4182.84598091
MEDIAN_waiting_io_thread_2_process_1=4914.5
MIN_waiting_io_thread_2_process_1=1358
MAX_waiting_io_thread_2_process_1=10554
SUM_waiting_paging_thread_2_process_1=73075
MEAN_waiting_paging_thread_2_process_1=36537.5
STDDEV_waiting_paging_thread_2_process_1=14897.5
MEDIAN_waiting_paging_thread_2_process_1=36537.5
MIN_waiting_paging_thread_2_process_1=1358
MAX_waiting_paging_thread_2_process_1=51435
SUM_TURNAROUNDTIME_thread_2_process_2=81788
SUM_init_thread_2_process_2=0
MEAN_init_thread_2_process_2=0
STDDEV_init_thread_2_process_2=0.0
MEDIAN_init_thread_2_process_2=0
MIN_init_thread_2_process_2=1358
MAX_init_thread_2_process_2=0
SUM_postinit_thread_2_process_2=0
MEAN_postinit_thread_2_process_2=0
STDDEV_postinit_thread_2_process_2=0.0
MEDIAN_postinit_thread_2_process_2=0
MIN_postinit_thread_2_process_2=1358
MAX_postinit_thread_2_process_2=0
SUM_ready_thread_2_process_2=997
MEAN_ready_thread_2_process_2=498.5
STDDEV_ready_thread_2_process_2=99.5
MEDIAN_ready_thread_2_process_2=498.5
MIN_ready_thread_2_process_2=1358
MAX_ready_thread_2_process_2=598
SUM_rescheduling_thread_2_process_2=0
MEAN_rescheduling_thread_2_process_2=0
STDDEV_rescheduling_thread_2_process_2=0.0
MEDIAN_rescheduling_thread_2_process_2=0
MIN_rescheduling_thread_2_process_2=1358
MAX_rescheduling_thread_2_process_2=0
SUM_running_cpu_thread_2_process_2=722
MEAN_running_cpu_thread_2_process_2=4.29761904762
STDDEV_running_cpu_thread_2_process_2=17.8937204747
MEDIAN_running_cpu_thread_2_process_2=0
MIN_running_cpu_thread_2_process_2=1358
MAX_running_cpu_thread_2_process_2=123
SUM_running_memory_thread_2_process_2=672
MEAN_running_memory_thread_2_process_2=4
STDDEV_running_memory_thread_2_process_2=0.0
MEDIAN_running_memory_thread_2_process_2=4
MIN_running_memory_thread_2_process_2=1358
MAX_running_memory_thread_2_process_2=4
SUM_scheduling_thread_2_process_2=0
MEAN_scheduling_thread_2_process_2=0
STDDEV_scheduling_thread_2_process_2=0.0
MEDIAN_scheduling_thread_2_process_2=0
MIN_scheduling_thread_2_process_2=1358
MAX_scheduling_thread_2_process_2=0
SUM_waiting_io_thread_2_process_2=1086
MEAN_waiting_io_thread_2_process_2=1086
STDDEV_waiting_io_thread_2_process_2=0.0
MEDIAN_waiting_io_thread_2_process_2=1086
MIN_waiting_io_thread_2_process_2=1358
MAX_waiting_io_thread_2_process_2=1086
SUM_waiting_paging_thread_2_process_2=78310
MEAN_waiting_paging_thread_2_process_2=39155
STDDEV_waiting_paging_thread_2_process_2=12378.0
MEDIAN_waiting_paging_thread_2_process_2=39155
MIN_waiting_paging_thread_2_process_2=1358
MAX_waiting_paging_thread_2_process_2=51533
SUM_TURNAROUNDTIME_thread_2_process_3=85324
SUM_init_thread_2_process_3=0
MEAN_init_thread_2_process_3=0
STDDEV_init_thread_2_process_3=0.0
MEDIAN_init_thread_2_process_3=0
MIN_init_thread_2_process_3=1358
MAX_init_thread_2_process_3=0
SUM_postinit_thread_2_process_3=0
MEAN_postinit_thread_2_process_3=0
STDDEV_postinit_thread_2_process_3=0.0
MEDIAN_postinit_thread_2_process_3=0
MIN_postinit_thread_2_process_3=1358
MAX_postinit_thread_2_process_3=0
SUM_ready_thread_2_process_3=3177
MEAN_ready_thread_2_process_3=1059
STDDEV_ready_thread_2_process_3=645.450230459
MEDIAN_ready_thread_2_process_3=686
MIN_ready_thread_2_process_3=1358
MAX_ready_thread_2_process_3=1967
SUM_rescheduling_thread_2_process_3=0
MEAN_rescheduling_thread_2_process_3=0
STDDEV_rescheduling_thread_2_process_3=0.0
MEDIAN_rescheduling_thread_2_process_3=0
MIN_rescheduling_thread_2_process_3=1358
MAX_rescheduling_thread_2_process_3=0
SUM_running_cpu_thread_2_process_3=46
MEAN_running_cpu_thread_2_process_3=5.75
STDDEV_running_cpu_thread_2_process_3=10.9857862714
MEDIAN_running_cpu_thread_2_process_3=0.5
MIN_running_cpu_thread_2_process_3=1358
MAX_running_cpu_thread_2_process_3=34
SUM_running_memory_thread_2_process_3=32
MEAN_running_memory_thread_2_process_3=4
STDDEV_running_memory_thread_2_process_3=0.0
MEDIAN_running_memory_thread_2_process_3=4
MIN_running_memory_thread_2_process_3=1358
MAX_running_memory_thread_2_process_3=4
SUM_scheduling_thread_2_process_3=0
MEAN_scheduling_thread_2_process_3=0
STDDEV_scheduling_thread_2_process_3=0.0
MEDIAN_scheduling_thread_2_process_3=0
MIN_scheduling_thread_2_process_3=1358
MAX_scheduling_thread_2_process_3=0
SUM_waiting_io_thread_2_process_3=10914
MEAN_waiting_io_thread_2_process_3=5457
STDDEV_waiting_io_thread_2_process_3=4556.0
MEDIAN_waiting_io_thread_2_process_3=5457
MIN_waiting_io_thread_2_process_3=1358
MAX_waiting_io_thread_2_process_3=10013
SUM_waiting_paging_thread_2_process_3=71154
MEAN_waiting_paging_thread_2_process_3=23718
STDDEV_waiting_paging_thread_2_process_3=15076.6444543
MEDIAN_waiting_paging_thread_2_process_3=15070
MIN_waiting_paging_thread_2_process_3=1358
MAX_waiting_paging_thread_2_process_3=44920
SUM_TURNAROUNDTIME_thread_2_process_4=84826
SUM_init_thread_2_process_4=0
MEAN_init_thread_2_process_4=0
STDDEV_init_thread_2_process_4=0.0
MEDIAN_init_thread_2_process_4=0
MIN_init_thread_2_process_4=1358
MAX_init_thread_2_process_4=0
SUM_postinit_thread_2_process_4=0
MEAN_postinit_thread_2_process_4=0
STDDEV_postinit_thread_2_process_4=0.0
MEDIAN_postinit_thread_2_process_4=0
MIN_postinit_thread_2_process_4=1358
MAX_postinit_thread_2_process_4=0
SUM_ready_thread_2_process_4=2560
MEAN_ready_thread_2_process_4=1280
STDDEV_ready_thread_2_process_4=505.0
MEDIAN_ready_thread_2_process_4=1280
MIN_ready_thread_2_process_4=1358
MAX_ready_thread_2_process_4=1785
SUM_running_cpu_thread_2_process_4=309
MEAN_running_cpu_thread_2_process_4=5.61818181818
STDDEV_running_cpu_thread_2_process_4=20.49965934
MEDIAN_running_cpu_thread_2_process_4=0
MIN_running_cpu_thread_2_process_4=1358
MAX_running_cpu_thread_2_process_4=123
SUM_running_memory_thread_2_process_4=220
MEAN_running_memory_thread_2_process_4=4
STDDEV_running_memory_thread_2_process_4=0.0
MEDIAN_running_memory_thread_2_process_4=4
MIN_running_memory_thread_2_process_4=1358
MAX_running_memory_thread_2_process_4=4
SUM_scheduling_thread_2_process_4=0
MEAN_scheduling_thread_2_process_4=0
STDDEV_scheduling_thread_2_process_4=0.0
MEDIAN_scheduling_thread_2_process_4=0
MIN_scheduling_thread_2_process_4=1358
MAX_scheduling_thread_2_process_4=0
SUM_waiting_paging_thread_2_process_4=81736
MEAN_waiting_paging_thread_2_process_4=27245.3333333
STDDEV_waiting_paging_thread_2_process_4=7770.55923913
MEDIAN_waiting_paging_thread_2_process_4=28561
MIN_waiting_paging_thread_2_process_4=1358
MAX_waiting_paging_thread_2_process_4=36036
SUM_TURNAROUNDTIME_thread_2_process_5=87994
SUM_init_thread_2_process_5=0
MEAN_init_thread_2_process_5=0
STDDEV_init_thread_2_process_5=0.0
MEDIAN_init_thread_2_process_5=0
MIN_init_thread_2_process_5=1358
MAX_init_thread_2_process_5=0
SUM_postinit_thread_2_process_5=0
MEAN_postinit_thread_2_process_5=0
STDDEV_postinit_thread_2_process_5=0.0
MEDIAN_postinit_thread_2_process_5=0
MIN_postinit_thread_2_process_5=1358
MAX_postinit_thread_2_process_5=0
SUM_ready_thread_2_process_5=3188
MEAN_ready_thread_2_process_5=1062.66666667
STDDEV_ready_thread_2_process_5=472.64668505
MEDIAN_ready_thread_2_process_5=1026
MIN_ready_thread_2_process_5=1358
MAX_ready_thread_2_process_5=1659
SUM_rescheduling_thread_2_process_5=0
MEAN_rescheduling_thread_2_process_5=0
STDDEV_rescheduling_thread_2_process_5=0.0
MEDIAN_rescheduling_thread_2_process_5=0
MIN_rescheduling_thread_2_process_5=1358
MAX_rescheduling_thread_2_process_5=0
SUM_running_cpu_thread_2_process_5=12
MEAN_running_cpu_thread_2_process_5=1.71428571429
STDDEV_running_cpu_thread_2_process_5=2.76272565797
MEDIAN_running_cpu_thread_2_process_5=0
MIN_running_cpu_thread_2_process_5=1358
MAX_running_cpu_thread_2_process_5=8
SUM_running_memory_thread_2_process_5=28
MEAN_running_memory_thread_2_process_5=4
STDDEV_running_memory_thread_2_process_5=0.0
MEDIAN_running_memory_thread_2_process_5=4
MIN_running_memory_thread_2_process_5=1358
MAX_running_memory_thread_2_process_5=4
SUM_scheduling_thread_2_process_5=0
MEAN_scheduling_thread_2_process_5=0
STDDEV_scheduling_thread_2_process_5=0.0
MEDIAN_scheduling_thread_2_process_5=0
MIN_scheduling_thread_2_process_5=1358
MAX_scheduling_thread_2_process_5=0
SUM_waiting_io_thread_2_process_5=11668
MEAN_waiting_io_thread_2_process_5=5834
STDDEV_waiting_io_thread_2_process_5=4918.0
MEDIAN_waiting_io_thread_2_process_5=5834
MIN_waiting_io_thread_2_process_5=1358
MAX_waiting_io_thread_2_process_5=10752
SUM_waiting_paging_thread_2_process_5=73097
MEAN_waiting_paging_thread_2_process_5=36548.5
STDDEV_waiting_paging_thread_2_process_5=7819.5
MEDIAN_waiting_paging_thread_2_process_5=36548.5
MIN_waiting_paging_thread_2_process_5=1358
MAX_waiting_paging_thread_2_process_5=44368
SUM_TURNAROUNDTIME_thread_2_process_6=80889
SUM_init_thread_2_process_6=0
MEAN_init_thread_2_process_6=0
STDDEV_init_thread_2_process_6=0.0
MEDIAN_init_thread_2_process_6=0
MIN_init_thread_2_process_6=1358
MAX_init_thread_2_process_6=0
SUM_postinit_thread_2_process_6=0
MEAN_postinit_thread_2_process_6=0
STDDEV_postinit_thread_2_process_6=0.0
MEDIAN_postinit_thread_2_process_6=0
MIN_postinit_thread_2_process_6=1358
MAX_postinit_thread_2_process_6=0
SUM_ready_thread_2_process_6=2849
MEAN_ready_thread_2_process_6=1424.5
STDDEV_ready_thread_2_process_6=145.5
MEDIAN_ready_thread_2_process_6=1424.5
MIN_ready_thread_2_process_6=1358
MAX_ready_thread_2_process_6=1570
SUM_running_cpu_thread_2_process_6=141
MEAN_running_cpu_thread_2_process_6=35.25
STDDEV_running_cpu_thread_2_process_6=26.099568962
MEDIAN_running_cpu_thread_2_process_6=34
MIN_running_cpu_thread_2_process_6=1358
MAX_running_cpu_thread_2_process_6=71
SUM_running_memory_thread_2_process_6=16
MEAN_running_memory_thread_2_process_6=4
STDDEV_running_memory_thread_2_process_6=0.0
MEDIAN_running_memory_thread_2_process_6=4
MIN_running_memory_thread_2_process_6=1358
MAX_running_memory_thread_2_process_6=4
SUM_scheduling_thread_2_process_6=0
MEAN_scheduling_thread_2_process_6=0
STDDEV_scheduling_thread_2_process_6=0.0
MEDIAN_scheduling_thread_2_process_6=0
MIN_scheduling_thread_2_process_6=1358
MAX_scheduling_thread_2_process_6=0
SUM_waiting_paging_thread_2_process_6=77882
MEAN_waiting_paging_thread_2_process_6=25960.6666667
STDDEV_waiting_paging_thread_2_process_6=12657.9484997
MEDIAN_waiting_paging_thread_2_process_6=28981
MIN_waiting_paging_thread_2_process_6=1358
MAX_waiting_paging_thread_2_process_6=39731
SUM_TURNAROUNDTIME_thread_2_process_7=86146
SUM_init_thread_2_process_7=0
MEAN_init_thread_2_process_7=0
STDDEV_init_thread_2_process_7=0.0
MEDIAN_init_thread_2_process_7=0
MIN_init_thread_2_process_7=1358
MAX_init_thread_2_process_7=0
SUM_postinit_thread_2_process_7=0
MEAN_postinit_thread_2_process_7=0
STDDEV_postinit_thread_2_process_7=0.0
MEDIAN_postinit_thread_2_process_7=0
MIN_postinit_thread_2_process_7=1358
MAX_postinit_thread_2_process_7=0
SUM_ready_thread_2_process_7=1590
MEAN_ready_thread_2_process_7=530
STDDEV_ready_thread_2_process_7=685.581505001
MEDIAN_ready_thread_2_process_7=74
MIN_ready_thread_2_process_7=1358
MAX_ready_thread_2_process_7=1499
SUM_rescheduling_thread_2_process_7=0
MEAN_rescheduling_thread_2_process_7=0
STDDEV_rescheduling_thread_2_process_7=0.0
MEDIAN_rescheduling_thread_2_process_7=0
MIN_rescheduling_thread_2_process_7=1358
MAX_rescheduling_thread_2_process_7=0
SUM_running_cpu_thread_2_process_7=32
MEAN_running_cpu_thread_2_process_7=2.46153846154
STDDEV_running_cpu_thread_2_process_7=2.95128093742
MEDIAN_running_cpu_thread_2_process_7=1
MIN_running_cpu_thread_2_process_7=1358
MAX_running_cpu_thread_2_process_7=8
SUM_running_memory_thread_2_process_7=52
MEAN_running_memory_thread_2_process_7=4
STDDEV_running_memory_thread_2_process_7=0.0
MEDIAN_running_memory_thread_2_process_7=4
MIN_running_memory_thread_2_process_7=1358
MAX_running_memory_thread_2_process_7=4
SUM_scheduling_thread_2_process_7=0
MEAN_scheduling_thread_2_process_7=0
STDDEV_scheduling_thread_2_process_7=0.0
MEDIAN_scheduling_thread_2_process_7=0
MIN_scheduling_thread_2_process_7=1358
MAX_scheduling_thread_2_process_7=0
SUM_waiting_io_thread_2_process_7=15522
MEAN_waiting_io_thread_2_process_7=3880.5
STDDEV_waiting_io_thread_2_process_7=4257.21490531
MEDIAN_waiting_io_thread_2_process_7=1796
MIN_waiting_io_thread_2_process_7=1358
MAX_waiting_io_thread_2_process_7=11214
SUM_waiting_paging_thread_2_process_7=68949
MEAN_waiting_paging_thread_2_process_7=34474.5
STDDEV_waiting_paging_thread_2_process_7=17502.5
MEDIAN_waiting_paging_thread_2_process_7=34474.5
MIN_waiting_paging_thread_2_process_7=1358
MAX_waiting_paging_thread_2_process_7=51977
SUM_TURNAROUNDTIME_thread_2_process_8=102726
SUM_init_thread_2_process_8=0
MEAN_init_thread_2_process_8=0
STDDEV_init_thread_2_process_8=0.0
MEDIAN_init_thread_2_process_8=0
MIN_init_thread_2_process_8=1358
MAX_init_thread_2_process_8=0
SUM_postinit_thread_2_process_8=0
MEAN_postinit_thread_2_process_8=0
STDDEV_postinit_thread_2_process_8=0.0
MEDIAN_postinit_thread_2_process_8=0
MIN_postinit_thread_2_process_8=1358
MAX_postinit_thread_2_process_8=0
SUM_ready_thread_2_process_8=2905
MEAN_ready_thread_2_process_8=1452.5
STDDEV_ready_thread_2_process_8=247.5
MEDIAN_ready_thread_2_process_8=1452.5
MIN_ready_thread_2_process_8=1358
MAX_ready_thread_2_process_8=1700
SUM_running_cpu_thread_2_process_8=309
MEAN_running_cpu_thread_2_process_8=4.90476190476
STDDEV_running_cpu_thread_2_process_8=19.2450482485
MEDIAN_running_cpu_thread_2_process_8=0
MIN_running_cpu_thread_2_process_8=1358
MAX_running_cpu_thread_2_process_8=123
SUM_running_memory_thread_2_process_8=252
MEAN_running_memory_thread_2_process_8=4
STDDEV_running_memory_thread_2_process_8=0.0
MEDIAN_running_memory_thread_2_process_8=4
MIN_running_memory_thread_2_process_8=1358
MAX_running_memory_thread_2_process_8=4
SUM_scheduling_thread_2_process_8=0
MEAN_scheduling_thread_2_process_8=0
STDDEV_scheduling_thread_2_process_8=0.0
MEDIAN_scheduling_thread_2_process_8=0
MIN_scheduling_thread_2_process_8=1358
MAX_scheduling_thread_2_process_8=0
SUM_terminated_thread_2_process_8=0
MEAN_terminated_thread_2_process_8=0
STDDEV_terminated_thread_2_process_8=0.0
MEDIAN_terminated_thread_2_process_8=0
MIN_terminated_thread_2_process_8=1358
MAX_terminated_thread_2_process_8=0
SUM_waiting_paging_thread_2_process_8=99259
MEAN_waiting_paging_thread_2_process_8=33086.3333333
STDDEV_waiting_paging_thread_2_process_8=17624.6670386
MEDIAN_waiting_paging_thread_2_process_8=44000
MIN_waiting_paging_thread_2_process_8=1358
MAX_waiting_paging_thread_2_process_8=47036
SUM_TURNAROUNDTIME_thread_2_process_9=90714
SUM_init_thread_2_process_9=0
MEAN_init_thread_2_process_9=0
STDDEV_init_thread_2_process_9=0.0
MEDIAN_init_thread_2_process_9=0
MIN_init_thread_2_process_9=1358
MAX_init_thread_2_process_9=0
SUM_postinit_thread_2_process_9=0
MEAN_postinit_thread_2_process_9=0
STDDEV_postinit_thread_2_process_9=0.0
MEDIAN_postinit_thread_2_process_9=0
MIN_postinit_thread_2_process_9=1358
MAX_postinit_thread_2_process_9=0
SUM_ready_thread_2_process_9=2972
MEAN_ready_thread_2_process_9=1486
STDDEV_ready_thread_2_process_9=465.0
MEDIAN_ready_thread_2_process_9=1486
MIN_ready_thread_2_process_9=1358
MAX_ready_thread_2_process_9=1951
SUM_rescheduling_thread_2_process_9=0
MEAN_rescheduling_thread_2_process_9=0
STDDEV_rescheduling_thread_2_process_9=0.0
MEDIAN_rescheduling_thread_2_process_9=0
MIN_rescheduling_thread_2_process_9=1358
MAX_rescheduling_thread_2_process_9=0
SUM_running_cpu_thread_2_process_9=188
MEAN_running_cpu_thread_2_process_9=7.83333333333
STDDEV_running_cpu_thread_2_process_9=18.89811866
MEDIAN_running_cpu_thread_2_process_9=0
MIN_running_cpu_thread_2_process_9=1358
MAX_running_cpu_thread_2_process_9=85
SUM_running_memory_thread_2_process_9=96
MEAN_running_memory_thread_2_process_9=4
STDDEV_running_memory_thread_2_process_9=0.0
MEDIAN_running_memory_thread_2_process_9=4
MIN_running_memory_thread_2_process_9=1358
MAX_running_memory_thread_2_process_9=4
SUM_scheduling_thread_2_process_9=0
MEAN_scheduling_thread_2_process_9=0
STDDEV_scheduling_thread_2_process_9=0.0
MEDIAN_scheduling_thread_2_process_9=0
MIN_scheduling_thread_2_process_9=1358
MAX_scheduling_thread_2_process_9=0
SUM_waiting_io_thread_2_process_9=27499
MEAN_waiting_io_thread_2_process_9=3928.42857143
STDDEV_waiting_io_thread_2_process_9=3507.30579779
MEDIAN_waiting_io_thread_2_process_9=1435
MIN_waiting_io_thread_2_process_9=1358
MAX_waiting_io_thread_2_process_9=9874
SUM_waiting_paging_thread_2_process_9=59958
MEAN_waiting_paging_thread_2_process_9=29979
STDDEV_waiting_paging_thread_2_process_9=15344.0
MEDIAN_waiting_paging_thread_2_process_9=29979
MIN_waiting_paging_thread_2_process_9=1358
MAX_waiting_paging_thread_2_process_9=45323
SUM_TURNAROUNDTIME_thread_3_process_0=113728
SUM_init_thread_3_process_0=0
MEAN_init_thread_3_process_0=0
STDDEV_init_thread_3_process_0=0.0
MEDIAN_init_thread_3_process_0=0
MIN_init_thread_3_process_0=1358
MAX_init_thread_3_process_0=0
SUM_postinit_thread_3_process_0=0
MEAN_postinit_thread_3_process_0=0
STDDEV_postinit_thread_3_process_0=0.0
MEDIAN_postinit_thread_3_process_0=0
MIN_postinit_thread_3_process_0=1358
MAX_postinit_thread_3_process_0=0
SUM_ready_thread_3_process_0=3160
MEAN_ready_thread_3_process_0=1053.33333333
STDDEV_ready_thread_3_process_0=834.219129219
MEDIAN_ready_thread_3_process_0=887
MIN_ready_thread_3_process_0=1358
MAX_ready_thread_3_process_0=2148
SUM_running_cpu_thread_3_process_0=70
MEAN_running_cpu_thread_3_process_0=7
STDDEV_running_cpu_thread_3_process_0=10.3150375666
MEDIAN_running_cpu_thread_3_process_0=0
MIN_running_cpu_thread_3_process_0=1358
MAX_running_cpu_thread_3_process_0=25
SUM_running_memory_thread_3_process_0=40
MEAN_running_memory_thread_3_process_0=4
STDDEV_running_memory_thread_3_process_0=0.0
MEDIAN_running_memory_thread_3_process_0=4
MIN_running_memory_thread_3_process_0=1358
MAX_running_memory_thread_3_process_0=4
SUM_scheduling_thread_3_process_0=0
MEAN_scheduling_thread_3_process_0=0
STDDEV_scheduling_thread_3_process_0=0.0
MEDIAN_scheduling_thread_3_process_0=0
MIN_scheduling_thread_3_process_0=1358
MAX_scheduling_thread_3_process_0=0
SUM_terminated_thread_3_process_0=0
MEAN_terminated_thread_3_process_0=0
STDDEV_terminated_thread_3_process_0=0.0
MEDIAN_terminated_thread_3_process_0=0
MIN_terminated_thread_3_process_0=1358
MAX_terminated_thread_3_process_0=0
SUM_waiting_paging_thread_3_process_0=110457
MEAN_waiting_paging_thread_3_process_0=27614.25
STDDEV_waiting_paging_thread_3_process_0=10157.0310223
MEDIAN_waiting_paging_thread_3_process_0=25374.5
MIN_waiting_paging_thread_3_process_0=1358
MAX_waiting_paging_thread_3_process_0=43540
SUM_TURNAROUNDTIME_thread_3_process_1=89786
SUM_init_thread_3_process_1=0
MEAN_init_thread_3_process_1=0
STDDEV_init_thread_3_process_1=0.0
MEDIAN_init_thread_3_process_1=0
MIN_init_thread_3_process_1=1358
MAX_init_thread_3_process_1=0
SUM_postinit_thread_3_process_1=0
MEAN_postinit_thread_3_process_1=0
STDDEV_postinit_thread_3_process_1=0.0
MEDIAN_postinit_thread_3_process_1=0
MIN_postinit_thread_3_process_1=1358
MAX_postinit_thread_3_process_1=0
SUM_ready_thread_3_process_1=3169
MEAN_ready_thread_3_process_1=1056.33333333
STDDEV_ready_thread_3_process_1=702.207155253
MEDIAN_ready_thread_3_process_1=770
MIN_ready_thread_3_process_1=1358
MAX_ready_thread_3_process_1=2023
SUM_rescheduling_thread_3_process_1=0
MEAN_rescheduling_thread_3_process_1=0
STDDEV_rescheduling_thread_3_process_1=0.0
MEDIAN_rescheduling_thread_3_process_1=0
MIN_rescheduling_thread_3_process_1=1358
MAX_rescheduling_thread_3_process_1=0
SUM_running_cpu_thread_3_process_1=58
MEAN_running_cpu_thread_3_process_1=3.625
STDDEV_running_cpu_thread_3_process_1=9.64284060845
MEDIAN_running_cpu_thread_3_process_1=0
MIN_running_cpu_thread_3_process_1=1358
MAX_running_cpu_thread_3_process_1=40
SUM_running_memory_thread_3_process_1=64
MEAN_running_memory_thread_3_process_1=4
STDDEV_running_memory_thread_3_process_1=0.0
MEDIAN_running_memory_thread_3_process_1=4
MIN_running_memory_thread_3_process_1=1358
MAX_running_memory_thread_3_process_1=4
SUM_scheduling_thread_3_process_1=0
MEAN_scheduling_thread_3_process_1=0
STDDEV_scheduling_thread_3_process_1=0.0
MEDIAN_scheduling_thread_3_process_1=0
MIN_scheduling_thread_3_process_1=1358
MAX_scheduling_thread_3_process_1=0
SUM_waiting_io_thread_3_process_1=20748
MEAN_waiting_io_thread_3_process_1=6916
STDDEV_waiting_io_thread_3_process_1=4110.33048144
MEDIAN_waiting_io_thread_3_process_1=9316
MIN_waiting_io_thread_3_process_1=1358
MAX_waiting_io_thread_3_process_1=10301
SUM_waiting_paging_thread_3_process_1=65746
MEAN_waiting_paging_thread_3_process_1=32873
STDDEV_waiting_paging_thread_3_process_1=18230.0
MEDIAN_waiting_paging_thread_3_process_1=32873
MIN_waiting_paging_thread_3_process_1=1358
MAX_waiting_paging_thread_3_process_1=51103
SUM_TURNAROUNDTIME_thread_3_process_2=97122
SUM_init_thread_3_process_2=0
MEAN_init_thread_3_process_2=0
STDDEV_init_thread_3_process_2=0.0
MEDIAN_init_thread_3_process_2=0
MIN_init_thread_3_process_2=1358
MAX_init_thread_3_process_2=0
SUM_postinit_thread_3_process_2=0
MEAN_postinit_thread_3_process_2=0
STDDEV_postinit_thread_3_process_2=0.0
MEDIAN_postinit_thread_3_process_2=0
MIN_postinit_thread_3_process_2=1358
MAX_postinit_thread_3_process_2=0
SUM_ready_thread_3_process_2=1632
MEAN_ready_thread_3_process_2=544
STDDEV_ready_thread_3_process_2=359.225091922
MEDIAN_ready_thread_3_process_2=476
MIN_ready_thread_3_process_2=1358
MAX_ready_thread_3_process_2=1014
SUM_rescheduling_thread_3_process_2=0
MEAN_rescheduling_thread_3_process_2=0
STDDEV_rescheduling_thread_3_process_2=0.0
MEDIAN_rescheduling_thread_3_process_2=0
MIN_rescheduling_thread_3_process_2=1358
MAX_rescheduling_thread_3_process_2=0
SUM_running_cpu_thread_3_process_2=732
MEAN_running_cpu_thread_3_process_2=2.50684931507
STDDEV_running_cpu_thread_3_process_2=12.4643307934
MEDIAN_running_cpu_thread_3_process_2=0
MIN_running_cpu_thread_3_process_2=1358
MAX_running_cpu_thread_3_process_2=97
SUM_running_memory_thread_3_process_2=1168
MEAN_running_memory_thread_3_process_2=4
STDDEV_running_memory_thread_3_process_2=0.0
MEDIAN_running_memory_thread_3_process_2=4
MIN_running_memory_thread_3_process_2=1358
MAX_running_memory_thread_3_process_2=4
SUM_scheduling_thread_3_process_2=0
MEAN_scheduling_thread_3_process_2=0
STDDEV_scheduling_thread_3_process_2=0.0
MEDIAN_scheduling_thread_3_process_2=0
MIN_scheduling_thread_3_process_2=1358
MAX_scheduling_thread_3_process_2=0
SUM_waiting_io_thread_3_process_2=524
MEAN_waiting_io_thread_3_process_2=524
STDDEV_waiting_io_thread_3_process_2=0.0
MEDIAN_waiting_io_thread_3_process_2=524
MIN_waiting_io_thread_3_process_2=1358
MAX_waiting_io_thread_3_process_2=524
SUM_waiting_paging_thread_3_process_2=93065
MEAN_waiting_paging_thread_3_process_2=46532.5
STDDEV_waiting_paging_thread_3_process_2=13126.5
MEDIAN_waiting_paging_thread_3_process_2=46532.5
MIN_waiting_paging_thread_3_process_2=1358
MAX_waiting_paging_thread_3_process_2=59659
SUM_TURNAROUNDTIME_thread_3_process_3=107686
SUM_init_thread_3_process_3=0
MEAN_init_thread_3_process_3=0
STDDEV_init_thread_3_process_3=0.0
MEDIAN_init_thread_3_process_3=0
MIN_init_thread_3_process_3=1358
MAX_init_thread_3_process_3=0
SUM_postinit_thread_3_process_3=0
MEAN_postinit_thread_3_process_3=0
STDDEV_postinit_thread_3_process_3=0.0
MEDIAN_postinit_thread_3_process_3=0
MIN_postinit_thread_3_process_3=1358
MAX_postinit_thread_3_process_3=0
SUM_ready_thread_3_process_3=2547
MEAN_ready_thread_3_process_3=1273.5
STDDEV_ready_thread_3_process_3=547.5
MEDIAN_ready_thread_3_process_3=1273.5
MIN_ready_thread_3_process_3=1358
MAX_ready_thread_3_process_3=1821
SUM_rescheduling_thread_3_process_3=0
MEAN_rescheduling_thread_3_process_3=0
STDDEV_rescheduling_thread_3_process_3=0.0
MEDIAN_rescheduling_thread_3_process_3=0
MIN_rescheduling_thread_3_process_3=1358
MAX_rescheduling_thread_3_process_3=0
SUM_running_cpu_thread_3_process_3=131
MEAN_running_cpu_thread_3_process_3=4.09375
STDDEV_running_cpu_thread_3_process_3=14.0831445685
MEDIAN_running_cpu_thread_3_process_3=0
MIN_running_cpu_thread_3_process_3=1358
MAX_running_cpu_thread_3_process_3=72
SUM_running_memory_thread_3_process_3=128
MEAN_running_memory_thread_3_process_3=4
STDDEV_running_memory_thread_3_process_3=0.0
MEDIAN_running_memory_thread_3_process_3=4
MIN_running_memory_thread_3_process_3=1358
MAX_running_memory_thread_3_process_3=4
SUM_scheduling_thread_3_process_3=0
MEAN_scheduling_thread_3_process_3=0
STDDEV_scheduling_thread_3_process_3=0.0
MEDIAN_scheduling_thread_3_process_3=0
MIN_scheduling_thread_3_process_3=1358
MAX_scheduling_thread_3_process_3=0
SUM_terminated_thread_3_process_3=0
MEAN_terminated_thread_3_process_3=0
STDDEV_terminated_thread_3_process_3=0.0
MEDIAN_terminated_thread_3_process_3=0
MIN_terminated_thread_3_process_3=1358
MAX_terminated_thread_3_process_3=0
SUM_waiting_io_thread_3_process_3=16773
MEAN_waiting_io_thread_3_process_3=3354.6
STDDEV_waiting_io_thread_3_process_3=4228.44972064
MEDIAN_waiting_io_thread_3_process_3=1361
MIN_waiting_io_thread_3_process_3=1358
MAX_waiting_io_thread_3_process_3=11752
SUM_waiting_paging_thread_3_process_3=88106
MEAN_waiting_paging_thread_3_process_3=29368.6666667
STDDEV_waiting_paging_thread_3_process_3=5992.9825815
MEDIAN_waiting_paging_thread_3_process_3=30959
MIN_waiting_paging_thread_3_process_3=1358
MAX_waiting_paging_thread_3_process_3=35783
SUM_TURNAROUNDTIME_thread_3_process_4=92293
SUM_init_thread_3_process_4=0
MEAN_init_thread_3_process_4=0
STDDEV_init_thread_3_process_4=0.0
MEDIAN_init_thread_3_process_4=0
MIN_init_thread_3_process_4=1358
MAX_init_thread_3_process_4=0
SUM_postinit_thread_3_process_4=0
MEAN_postinit_thread_3_process_4=0
STDDEV_postinit_thread_3_process_4=0.0
MEDIAN_postinit_thread_3_process_4=0
MIN_postinit_thread_3_process_4=1358
MAX_postinit_thread_3_process_4=0
SUM_ready_thread_3_process_4=2643
MEAN_ready_thread_3_process_4=1321.5
STDDEV_ready_thread_3_process_4=345.5
MEDIAN_ready_thread_3_process_4=1321.5
MIN_ready_thread_3_process_4=1358
MAX_ready_thread_3_process_4=1667
SUM_running_cpu_thread_3_process_4=167
MEAN_running_cpu_thread_3_process_4=4.63888888889
STDDEV_running_cpu_thread_3_process_4=12.3696599652
MEDIAN_running_cpu_thread_3_process_4=0
MIN_running_cpu_thread_3_process_4=1358
MAX_running_cpu_thread_3_process_4=52
SUM_running_memory_thread_3_process_4=144
MEAN_running_memory_thread_3_process_4=4
STDDEV_running_memory_thread_3_process_4=0.0
MEDIAN_running_memory_thread_3_process_4=4
MIN_running_memory_thread_3_process_4=1358
MAX_running_memory_thread_3_process_4=4
SUM_scheduling_thread_3_process_4=0
MEAN_scheduling_thread_3_process_4=0
STDDEV_scheduling_thread_3_process_4=0.0
MEDIAN_scheduling_thread_3_process_4=0
MIN_scheduling_thread_3_process_4=1358
MAX_scheduling_thread_3_process_4=0
SUM_waiting_paging_thread_3_process_4=89338
MEAN_waiting_paging_thread_3_process_4=22334.5
STDDEV_waiting_paging_thread_3_process_4=11985.7478386
MEDIAN_waiting_paging_thread_3_process_4=23390.5
MIN_waiting_paging_thread_3_process_4=1358
MAX_waiting_paging_thread_3_process_4=35979
SUM_TURNAROUNDTIME_thread_3_process_5=102142
SUM_init_thread_3_process_5=0
MEAN_init_thread_3_process_5=0
STDDEV_init_thread_3_process_5=0.0
MEDIAN_init_thread_3_process_5=0
MIN_init_thread_3_process_5=1358
MAX_init_thread_3_process_5=0
SUM_postinit_thread_3_process_5=0
MEAN_postinit_thread_3_process_5=0
STDDEV_postinit_thread_3_process_5=0.0
MEDIAN_postinit_thread_3_process_5=0
MIN_postinit_thread_3_process_5=1358
MAX_postinit_thread_3_process_5=0
SUM_ready_thread_3_process_5=2836
MEAN_ready_thread_3_process_5=1418
STDDEV_ready_thread_3_process_5=190.0
MEDIAN_ready_thread_3_process_5=1418
MIN_ready_thread_3_process_5=1358
MAX_ready_thread_3_process_5=1608
SUM_rescheduling_thread_3_process_5=0
MEAN_rescheduling_thread_3_process_5=0
STDDEV_rescheduling_thread_3_process_5=0.0
MEDIAN_rescheduling_thread_3_process_5=0
MIN_rescheduling_thread_3_process_5=1358
MAX_rescheduling_thread_3_process_5=0
SUM_running_cpu_thread_3_process_5=13
MEAN_running_cpu_thread_3_process_5=2.16666666667
STDDEV_running_cpu_thread_3_process_5=2.19215773966
MEDIAN_running_cpu_thread_3_process_5=1.5
MIN_running_cpu_thread_3_process_5=1358
MAX_running_cpu_thread_3_process_5=6
SUM_running_memory_thread_3_process_5=24
MEAN_running_memory_thread_3_process_5=4
STDDEV_running_memory_thread_3_process_5=0.0
MEDIAN_running_memory_thread_3_process_5=4
MIN_running_memory_thread_3_process_5=1358
MAX_running_memory_thread_3_process_5=4
SUM_scheduling_thread_3_process_5=0
MEAN_scheduling_thread_3_process_5=0
STDDEV_scheduling_thread_3_process_5=0.0
MEDIAN_scheduling_thread_3_process_5=0
MIN_scheduling_thread_3_process_5=1358
MAX_scheduling_thread_3_process_5=0
SUM_terminated_thread_3_process_5=0
MEAN_terminated_thread_3_process_5=0
STDDEV_terminated_thread_3_process_5=0.0
MEDIAN_terminated_thread_3_process_5=0
MIN_terminated_thread_3_process_5=1358
MAX_terminated_thread_3_process_5=0
SUM_waiting_io_thread_3_process_5=3031
MEAN_waiting_io_thread_3_process_5=3031
STDDEV_waiting_io_thread_3_process_5=0.0
MEDIAN_waiting_io_thread_3_process_5=3031
MIN_waiting_io_thread_3_process_5=1358
MAX_waiting_io_thread_3_process_5=3031
SUM_waiting_paging_thread_3_process_5=96237
MEAN_waiting_paging_thread_3_process_5=32079
STDDEV_waiting_paging_thread_3_process_5=15629.4848923
MEDIAN_waiting_paging_thread_3_process_5=41686
MIN_waiting_paging_thread_3_process_5=1358
MAX_waiting_paging_thread_3_process_5=44515
SUM_TURNAROUNDTIME_thread_3_process_6=96361
SUM_init_thread_3_process_6=0
MEAN_init_thread_3_process_6=0
STDDEV_init_thread_3_process_6=0.0
MEDIAN_init_thread_3_process_6=0
MIN_init_thread_3_process_6=1358
MAX_init_thread_3_process_6=0
SUM_postinit_thread_3_process_6=0
MEAN_postinit_thread_3_process_6=0
STDDEV_postinit_thread_3_process_6=0.0
MEDIAN_postinit_thread_3_process_6=0
MIN_postinit_thread_3_process_6=1358
MAX_postinit_thread_3_process_6=0
SUM_ready_thread_3_process_6=2880
MEAN_ready_thread_3_process_6=1440
STDDEV_ready_thread_3_process_6=41.0
MEDIAN_ready_thread_3_process_6=1440
MIN_ready_thread_3_process_6=1358
MAX_ready_thread_3_process_6=1481
SUM_running_cpu_thread_3_process_6=115
MEAN_running_cpu_thread_3_process_6=3.96551724138
STDDEV_running_cpu_thread_3_process_6=10.3773053396
MEDIAN_running_cpu_thread_3_process_6=0
MIN_running_cpu_thread_3_process_6=1358
MAX_running_cpu_thread_3_process_6=45
SUM_running_memory_thread_3_process_6=116
MEAN_running_memory_thread_3_process_6=4
STDDEV_running_memory_thread_3_process_6=0.0
MEDIAN_running_memory_thread_3_process_6=4
MIN_running_memory_thread_3_process_6=1358
MAX_running_memory_thread_3_process_6=4
SUM_scheduling_thread_3_process_6=0
MEAN_scheduling_thread_3_process_6=0
STDDEV_scheduling_thread_3_process_6=0.0
MEDIAN_scheduling_thread_3_process_6=0
MIN_scheduling_thread_3_process_6=1358
MAX_scheduling_thread_3_process_6=0
SUM_waiting_paging_thread_3_process_6=93249
MEAN_waiting_paging_thread_3_process_6=31083
STDDEV_waiting_paging_thread_3_process_6=12481.7636841
MEDIAN_waiting_paging_thread_3_process_6=34340
MIN_waiting_paging_thread_3_process_6=1358
MAX_waiting_paging_thread_3_process_6=44479
SUM_TURNAROUNDTIME_thread_3_process_7=108633
SUM_init_thread_3_process_7=0
MEAN_init_thread_3_process_7=0
STDDEV_init_thread_3_process_7=0.0
MEDIAN_init_thread_3_process_7=0
MIN_init_thread_3_process_7=1358
MAX_init_thread_3_process_7=0
SUM_postinit_thread_3_process_7=0
MEAN_postinit_thread_3_process_7=0
STDDEV_postinit_thread_3_process_7=0.0
MEDIAN_postinit_thread_3_process_7=0
MIN_postinit_thread_3_process_7=1358
MAX_postinit_thread_3_process_7=0
SUM_ready_thread_3_process_7=2885
MEAN_ready_thread_3_process_7=1442.5
STDDEV_ready_thread_3_process_7=194.5
MEDIAN_ready_thread_3_process_7=1442.5
MIN_ready_thread_3_process_7=1358
MAX_ready_thread_3_process_7=1637
SUM_rescheduling_thread_3_process_7=0
MEAN_rescheduling_thread_3_process_7=0
STDDEV_rescheduling_thread_3_process_7=0.0
MEDIAN_rescheduling_thread_3_process_7=0
MIN_rescheduling_thread_3_process_7=1358
MAX_rescheduling_thread_3_process_7=0
SUM_running_cpu_thread_3_process_7=57
MEAN_running_cpu_thread_3_process_7=3.8
STDDEV_running_cpu_thread_3_process_7=9.93445183859
MEDIAN_running_cpu_thread_3_process_7=0
MIN_running_cpu_thread_3_process_7=1358
MAX_running_cpu_thread_3_process_7=40
SUM_running_memory_thread_3_process_7=60
MEAN_running_memory_thread_3_process_7=4
STDDEV_running_memory_thread_3_process_7=0.0
MEDIAN_running_memory_thread_3_process_7=4
MIN_running_memory_thread_3_process_7=1358
MAX_running_memory_thread_3_process_7=4
SUM_scheduling_thread_3_process_7=0
MEAN_scheduling_thread_3_process_7=0
STDDEV_scheduling_thread_3_process_7=0.0
MEDIAN_scheduling_thread_3_process_7=0
MIN_scheduling_thread_3_process_7=1358
MAX_scheduling_thread_3_process_7=0
SUM_terminated_thread_3_process_7=0
MEAN_terminated_thread_3_process_7=0
STDDEV_terminated_thread_3_process_7=0.0
MEDIAN_terminated_thread_3_process_7=0
MIN_terminated_thread_3_process_7=1358
MAX_terminated_thread_3_process_7=0
SUM_waiting_io_thread_3_process_7=17732
MEAN_waiting_io_thread_3_process_7=5910.66666667
STDDEV_waiting_io_thread_3_process_7=4204.25136684
MEDIAN_waiting_io_thread_3_process_7=5039
MIN_waiting_io_thread_3_process_7=1358
MAX_waiting_io_thread_3_process_7=11440
SUM_waiting_paging_thread_3_process_7=87898
MEAN_waiting_paging_thread_3_process_7=43949
STDDEV_waiting_paging_thread_3_process_7=348.0
MEDIAN_waiting_paging_thread_3_process_7=43949
MIN_waiting_paging_thread_3_process_7=1358
MAX_waiting_paging_thread_3_process_7=44297
SUM_TURNAROUNDTIME_thread_3_process_8=110006
SUM_init_thread_3_process_8=0
MEAN_init_thread_3_process_8=0
STDDEV_init_thread_3_process_8=0.0
MEDIAN_init_thread_3_process_8=0
MIN_init_thread_3_process_8=1358
MAX_init_thread_3_process_8=0
SUM_postinit_thread_3_process_8=0
MEAN_postinit_thread_3_process_8=0
STDDEV_postinit_thread_3_process_8=0.0
MEDIAN_postinit_thread_3_process_8=0
MIN_postinit_thread_3_process_8=1358
MAX_postinit_thread_3_process_8=0
SUM_ready_thread_3_process_8=2971
MEAN_ready_thread_3_process_8=1485.5
STDDEV_ready_thread_3_process_8=400.5
MEDIAN_ready_thread_3_process_8=1485.5
MIN_ready_thread_3_process_8=1358
MAX_ready_thread_3_process_8=1886
SUM_running_cpu_thread_3_process_8=115
MEAN_running_cpu_thread_3_process_8=1.91666666667
STDDEV_running_cpu_thread_3_process_8=7.48173702351
MEDIAN_running_cpu_thread_3_process_8=0
MIN_running_cpu_thread_3_process_8=1358
MAX_running_cpu_thread_3_process_8=45
SUM_running_memory_thread_3_process_8=240
MEAN_running_memory_thread_3_process_8=4
STDDEV_running_memory_thread_3_process_8=0.0
MEDIAN_running_memory_thread_3_process_8=4
MIN_running_memory_thread_3_process_8=1358
MAX_running_memory_thread_3_process_8=4
SUM_scheduling_thread_3_process_8=0
MEAN_scheduling_thread_3_process_8=0
STDDEV_scheduling_thread_3_process_8=0.0
MEDIAN_scheduling_thread_3_process_8=0
MIN_scheduling_thread_3_process_8=1358
MAX_scheduling_thread_3_process_8=0
SUM_terminated_thread_3_process_8=0
MEAN_terminated_thread_3_process_8=0
STDDEV_terminated_thread_3_process_8=0.0
MEDIAN_terminated_thread_3_process_8=0
MIN_terminated_thread_3_process_8=1358
MAX_terminated_thread_3_process_8=0
SUM_waiting_paging_thread_3_process_8=106679
MEAN_waiting_paging_thread_3_process_8=35559.6666667
STDDEV_waiting_paging_thread_3_process_8=12957.3727361
MEDIAN_waiting_paging_thread_3_process_8=37138
MIN_waiting_paging_thread_3_process_8=1358
MAX_waiting_paging_thread_3_process_8=50581
SUM_TURNAROUNDTIME_thread_3_process_9=119666
SUM_init_thread_3_process_9=0
MEAN_init_thread_3_process_9=0
STDDEV_init_thread_3_process_9=0.0
MEDIAN_init_thread_3_process_9=0
MIN_init_thread_3_process_9=1358
MAX_init_thread_3_process_9=0
SUM_postinit_thread_3_process_9=0
MEAN_postinit_thread_3_process_9=0
STDDEV_postinit_thread_3_process_9=0.0
MEDIAN_postinit_thread_3_process_9=0
MIN_postinit_thread_3_process_9=1358
MAX_postinit_thread_3_process_9=0
SUM_ready_thread_3_process_9=3239
MEAN_ready_thread_3_process_9=1079.66666667
STDDEV_ready_thread_3_process_9=790.71669319
MEDIAN_ready_thread_3_process_9=1019
MIN_ready_thread_3_process_9=1358
MAX_ready_thread_3_process_9=2077
SUM_rescheduling_thread_3_process_9=0
MEAN_rescheduling_thread_3_process_9=0
STDDEV_rescheduling_thread_3_process_9=0.0
MEDIAN_rescheduling_thread_3_process_9=0
MIN_rescheduling_thread_3_process_9=1358
MAX_rescheduling_thread_3_process_9=0
SUM_running_cpu_thread_3_process_9=263
MEAN_running_cpu_thread_3_process_9=5.26
STDDEV_running_cpu_thread_3_process_9=16.3594743192
MEDIAN_running_cpu_thread_3_process_9=0
MIN_running_cpu_thread_3_process_9=1358
MAX_running_cpu_thread_3_process_9=85
SUM_running_memory_thread_3_process_9=200
MEAN_running_memory_thread_3_process_9=4
STDDEV_running_memory_thread_3_process_9=0.0
MEDIAN_running_memory_thread_3_process_9=4
MIN_running_memory_thread_3_process_9=1358
MAX_running_memory_thread_3_process_9=4
SUM_scheduling_thread_3_process_9=0
MEAN_scheduling_thread_3_process_9=0
STDDEV_scheduling_thread_3_process_9=0.0
MEDIAN_scheduling_thread_3_process_9=0
MIN_scheduling_thread_3_process_9=1358
MAX_scheduling_thread_3_process_9=0
SUM_terminated_thread_3_process_9=0
MEAN_terminated_thread_3_process_9=0
STDDEV_terminated_thread_3_process_9=0.0
MEDIAN_terminated_thread_3_process_9=0
MIN_terminated_thread_3_process_9=1358
MAX_terminated_thread_3_process_9=0
SUM_waiting_io_thread_3_process_9=35197
MEAN_waiting_io_thread_3_process_9=3519.7
STDDEV_waiting_io_thread_3_process_9=4127.79476355
MEDIAN_waiting_io_thread_3_process_9=1362
MIN_waiting_io_thread_3_process_9=1358
MAX_waiting_io_thread_3_process_9=12130
SUM_waiting_paging_thread_3_process_9=80766
MEAN_waiting_paging_thread_3_process_9=40383
STDDEV_waiting_paging_thread_3_process_9=750.0
MEDIAN_waiting_paging_thread_3_process_9=40383
MIN_waiting_paging_thread_3_process_9=1358
MAX_waiting_paging_thread_3_process_9=41133
SUM_TURNAROUNDTIME_thread_4_process_0=106527
SUM_init_thread_4_process_0=0
MEAN_init_thread_4_process_0=0
STDDEV_init_thread_4_process_0=0.0
MEDIAN_init_thread_4_process_0=0
MIN_init_thread_4_process_0=1358
MAX_init_thread_4_process_0=0
SUM_postinit_thread_4_process_0=0
MEAN_postinit_thread_4_process_0=0
STDDEV_postinit_thread_4_process_0=0.0
MEDIAN_postinit_thread_4_process_0=0
MIN_postinit_thread_4_process_0=1358
MAX_postinit_thread_4_process_0=0
SUM_ready_thread_4_process_0=2366
MEAN_ready_thread_4_process_0=1183
STDDEV_ready_thread_4_process_0=810.0
MEDIAN_ready_thread_4_process_0=1183
MIN_ready_thread_4_process_0=1358
MAX_ready_thread_4_process_0=1993
SUM_running_cpu_thread_4_process_0=186
MEAN_running_cpu_thread_4_process_0=5.31428571429
STDDEV_running_cpu_thread_4_process_0=15.794703323
MEDIAN_running_cpu_thread_4_process_0=0
MIN_running_cpu_thread_4_process_0=1358
MAX_running_cpu_thread_4_process_0=71
SUM_running_memory_thread_4_process_0=140
MEAN_running_memory_thread_4_process_0=4
STDDEV_running_memory_thread_4_process_0=0.0
MEDIAN_running_memory_thread_4_process_0=4
MIN_running_memory_thread_4_process_0=1358
MAX_running_memory_thread_4_process_0=4
SUM_scheduling_thread_4_process_0=0
MEAN_scheduling_thread_4_process_0=0
STDDEV_scheduling_thread_4_process_0=0.0
MEDIAN_scheduling_thread_4_process_0=0
MIN_scheduling_thread_4_process_0=1358
MAX_scheduling_thread_4_process_0=0
SUM_terminated_thread_4_process_0=0
MEAN_terminated_thread_4_process_0=0
STDDEV_terminated_thread_4_process_0=0.0
MEDIAN_terminated_thread_4_process_0=0
MIN_terminated_thread_4_process_0=1358
MAX_terminated_thread_4_process_0=0
SUM_waiting_paging_thread_4_process_0=103834
MEAN_waiting_paging_thread_4_process_0=25958.5
STDDEV_waiting_paging_thread_4_process_0=11298.7510482
MEDIAN_waiting_paging_thread_4_process_0=27620.5
MIN_waiting_paging_thread_4_process_0=1358
MAX_waiting_paging_thread_4_process_0=37478
SUM_TURNAROUNDTIME_thread_4_process_1=105103
SUM_init_thread_4_process_1=0
MEAN_init_thread_4_process_1=0
STDDEV_init_thread_4_process_1=0.0
MEDIAN_init_thread_4_process_1=0
MIN_init_thread_4_process_1=1358
MAX_init_thread_4_process_1=0
SUM_postinit_thread_4_process_1=0
MEAN_postinit_thread_4_process_1=0
STDDEV_postinit_thread_4_process_1=0.0
MEDIAN_postinit_thread_4_process_1=0
MIN_postinit_thread_4_process_1=1358
MAX_postinit_thread_4_process_1=0
SUM_ready_thread_4_process_1=1690
MEAN_ready_thread_4_process_1=845
STDDEV_ready_thread_4_process_1=382.0
MEDIAN_ready_thread_4_process_1=845
MIN_ready_thread_4_process_1=1358
MAX_ready_thread_4_process_1=1227
SUM_rescheduling_thread_4_process_1=0
MEAN_rescheduling_thread_4_process_1=0
STDDEV_rescheduling_thread_4_process_1=0.0
MEDIAN_rescheduling_thread_4_process_1=0
MIN_rescheduling_thread_4_process_1=1358
MAX_rescheduling_thread_4_process_1=0
SUM_running_cpu_thread_4_process_1=102
MEAN_running_cpu_thread_4_process_1=5.36842105263
STDDEV_running_cpu_thread_4_process_1=18.8573886854
MEDIAN_running_cpu_thread_4_process_1=0
MIN_running_cpu_thread_4_process_1=1358
MAX_running_cpu_thread_4_process_1=85
SUM_running_memory_thread_4_process_1=76
MEAN_running_memory_thread_4_process_1=4
STDDEV_running_memory_thread_4_process_1=0.0
MEDIAN_running_memory_thread_4_process_1=4
MIN_running_memory_thread_4_process_1=1358
MAX_running_memory_thread_4_process_1=4
SUM_scheduling_thread_4_process_1=0
MEAN_scheduling_thread_4_process_1=0
STDDEV_scheduling_thread_4_process_1=0.0
MEDIAN_scheduling_thread_4_process_1=0
MIN_scheduling_thread_4_process_1=1358
MAX_scheduling_thread_4_process_1=0
SUM_terminated_thread_4_process_1=0
MEAN_terminated_thread_4_process_1=0
STDDEV_terminated_thread_4_process_1=0.0
MEDIAN_terminated_thread_4_process_1=0
MIN_terminated_thread_4_process_1=1358
MAX_terminated_thread_4_process_1=0
SUM_waiting_io_thread_4_process_1=24047
MEAN_waiting_io_thread_4_process_1=4809.4
STDDEV_waiting_io_thread_4_process_1=4834.46198041
MEDIAN_waiting_io_thread_4_process_1=1200
MIN_waiting_io_thread_4_process_1=1358
MAX_waiting_io_thread_4_process_1=11571
SUM_waiting_paging_thread_4_process_1=79187
MEAN_waiting_paging_thread_4_process_1=39593.5
STDDEV_waiting_paging_thread_4_process_1=3722.5
MEDIAN_waiting_paging_thread_4_process_1=39593.5
MIN_waiting_paging_thread_4_process_1=1358
MAX_waiting_paging_thread_4_process_1=43316
SUM_TURNAROUNDTIME_thread_4_process_2=67168
SUM_init_thread_4_process_2=0
MEAN_init_thread_4_process_2=0
STDDEV_init_thread_4_process_2=0.0
MEDIAN_init_thread_4_process_2=0
MIN_init_thread_4_process_2=1358
MAX_init_thread_4_process_2=0
SUM_postinit_thread_4_process_2=0
MEAN_postinit_thread_4_process_2=0
STDDEV_postinit_thread_4_process_2=0.0
MEDIAN_postinit_thread_4_process_2=0
MIN_postinit_thread_4_process_2=1358
MAX_postinit_thread_4_process_2=0
SUM_ready_thread_4_process_2=2541
MEAN_ready_thread_4_process_2=1270.5
STDDEV_ready_thread_4_process_2=620.5
MEDIAN_ready_thread_4_process_2=1270.5
MIN_ready_thread_4_process_2=1358
MAX_ready_thread_4_process_2=1891
SUM_running_cpu_thread_4_process_2=186
MEAN_running_cpu_thread_4_process_2=4.32558139535
STDDEV_running_cpu_thread_4_process_2=14.3991616846
MEDIAN_running_cpu_thread_4_process_2=0
MIN_running_cpu_thread_4_process_2=1358
MAX_running_cpu_thread_4_process_2=71
SUM_running_memory_thread_4_process_2=172
MEAN_running_memory_thread_4_process_2=4
STDDEV_running_memory_thread_4_process_2=0.0
MEDIAN_running_memory_thread_4_process_2=4
MIN_running_memory_thread_4_process_2=1358
MAX_running_memory_thread_4_process_2=4
SUM_scheduling_thread_4_process_2=0
MEAN_scheduling_thread_4_process_2=0
STDDEV_scheduling_thread_4_process_2=0.0
MEDIAN_scheduling_thread_4_process_2=0
MIN_scheduling_thread_4_process_2=1358
MAX_scheduling_thread_4_process_2=0
SUM_waiting_paging_thread_4_process_2=64268
MEAN_waiting_paging_thread_4_process_2=32134
STDDEV_waiting_paging_thread_4_process_2=16784.0
MEDIAN_waiting_paging_thread_4_process_2=32134
MIN_waiting_paging_thread_4_process_2=1358
MAX_waiting_paging_thread_4_process_2=48918
SUM_TURNAROUNDTIME_thread_4_process_3=77977
SUM_init_thread_4_process_3=0
MEAN_init_thread_4_process_3=0
STDDEV_init_thread_4_process_3=0.0
MEDIAN_init_thread_4_process_3=0
MIN_init_thread_4_process_3=1358
MAX_init_thread_4_process_3=0
SUM_postinit_thread_4_process_3=0
MEAN_postinit_thread_4_process_3=0
STDDEV_postinit_thread_4_process_3=0.0
MEDIAN_postinit_thread_4_process_3=0
MIN_postinit_thread_4_process_3=1358
MAX_postinit_thread_4_process_3=0
SUM_ready_thread_4_process_3=2630
MEAN_ready_thread_4_process_3=1315
STDDEV_ready_thread_4_process_3=414.0
MEDIAN_ready_thread_4_process_3=1315
MIN_ready_thread_4_process_3=1358
MAX_ready_thread_4_process_3=1729
SUM_rescheduling_thread_4_process_3=0
MEAN_rescheduling_thread_4_process_3=0
STDDEV_rescheduling_thread_4_process_3=0.0
MEDIAN_rescheduling_thread_4_process_3=0
MIN_rescheduling_thread_4_process_3=1358
MAX_rescheduling_thread_4_process_3=0
SUM_running_cpu_thread_4_process_3=32
MEAN_running_cpu_thread_4_process_3=2.46153846154
STDDEV_running_cpu_thread_4_process_3=2.95128093742
MEDIAN_running_cpu_thread_4_process_3=1
MIN_running_cpu_thread_4_process_3=1358
MAX_running_cpu_thread_4_process_3=8
SUM_running_memory_thread_4_process_3=52
MEAN_running_memory_thread_4_process_3=4
STDDEV_running_memory_thread_4_process_3=0.0
MEDIAN_running_memory_thread_4_process_3=4
MIN_running_memory_thread_4_process_3=1358
MAX_running_memory_thread_4_process_3=4
SUM_scheduling_thread_4_process_3=0
MEAN_scheduling_thread_4_process_3=0
STDDEV_scheduling_thread_4_process_3=0.0
MEDIAN_scheduling_thread_4_process_3=0
MIN_scheduling_thread_4_process_3=1358
MAX_scheduling_thread_4_process_3=0
SUM_waiting_io_thread_4_process_3=16138
MEAN_waiting_io_thread_4_process_3=4034.5
STDDEV_waiting_io_thread_4_process_3=3848.12645972
MEDIAN_waiting_io_thread_4_process_3=2450
MIN_waiting_io_thread_4_process_3=1358
MAX_waiting_io_thread_4_process_3=10574
SUM_waiting_paging_thread_4_process_3=59124
MEAN_waiting_paging_thread_4_process_3=29562
STDDEV_waiting_paging_thread_4_process_3=6289.0
MEDIAN_waiting_paging_thread_4_process_3=29562
MIN_waiting_paging_thread_4_process_3=1358
MAX_waiting_paging_thread_4_process_3=35851
SUM_TURNAROUNDTIME_thread_4_process_4=107076
SUM_init_thread_4_process_4=0
MEAN_init_thread_4_process_4=0
STDDEV_init_thread_4_process_4=0.0
MEDIAN_init_thread_4_process_4=0
MIN_init_thread_4_process_4=1358
MAX_init_thread_4_process_4=0
SUM_postinit_thread_4_process_4=0
MEAN_postinit_thread_4_process_4=0
STDDEV_postinit_thread_4_process_4=0.0
MEDIAN_postinit_thread_4_process_4=0
MIN_postinit_thread_4_process_4=1358
MAX_postinit_thread_4_process_4=0
SUM_ready_thread_4_process_4=2797
MEAN_ready_thread_4_process_4=1398.5
STDDEV_ready_thread_4_process_4=246.5
MEDIAN_ready_thread_4_process_4=1398.5
MIN_ready_thread_4_process_4=1358
MAX_ready_thread_4_process_4=1645
SUM_running_cpu_thread_4_process_4=141
MEAN_running_cpu_thread_4_process_4=4.14705882353
STDDEV_running_cpu_thread_4_process_4=14.4611698187
MEDIAN_running_cpu_thread_4_process_4=0
MIN_running_cpu_thread_4_process_4=1358
MAX_running_cpu_thread_4_process_4=71
SUM_running_memory_thread_4_process_4=136
MEAN_running_memory_thread_4_process_4=4
STDDEV_running_memory_thread_4_process_4=0.0
MEDIAN_running_memory_thread_4_process_4=4
MIN_running_memory_thread_4_process_4=1358
MAX_running_memory_thread_4_process_4=4
SUM_scheduling_thread_4_process_4=0
MEAN_scheduling_thread_4_process_4=0
STDDEV_scheduling_thread_4_process_4=0.0
MEDIAN_scheduling_thread_4_process_4=0
MIN_scheduling_thread_4_process_4=1358
MAX_scheduling_thread_4_process_4=0
SUM_terminated_thread_4_process_4=0
MEAN_terminated_thread_4_process_4=0
STDDEV_terminated_thread_4_process_4=0.0
MEDIAN_terminated_thread_4_process_4=0
MIN_terminated_thread_4_process_4=1358
MAX_terminated_thread_4_process_4=0
SUM_waiting_paging_thread_4_process_4=104001
MEAN_waiting_paging_thread_4_process_4=34667
STDDEV_waiting_paging_thread_4_process_4=11741.1026172
MEDIAN_waiting_paging_thread_4_process_4=30031
MIN_waiting_paging_thread_4_process_4=1358
MAX_waiting_paging_thread_4_process_4=50793
SUM_TURNAROUNDTIME_thread_4_process_5=116212
SUM_init_thread_4_process_5=0
MEAN_init_thread_4_process_5=0
STDDEV_init_thread_4_process_5=0.0
MEDIAN_init_thread_4_process_5=0
MIN_init_thread_4_process_5=1358
MAX_init_thread_4_process_5=0
SUM_postinit_thread_4_process_5=0
MEAN_postinit_thread_4_process_5=0
STDDEV_postinit_thread_4_process_5=0.0
MEDIAN_postinit_thread_4_process_5=0
MIN_postinit_thread_4_process_5=1358
MAX_postinit_thread_4_process_5=0
SUM_ready_thread_4_process_5=2867
MEAN_ready_thread_4_process_5=1433.5
STDDEV_ready_thread_4_process_5=28.5
MEDIAN_ready_thread_4_process_5=1433.5
MIN_ready_thread_4_process_5=1358
MAX_ready_thread_4_process_5=1462
SUM_rescheduling_thread_4_process_5=0
MEAN_rescheduling_thread_4_process_5=0
STDDEV_rescheduling_thread_4_process_5=0.0
MEDIAN_rescheduling_thread_4_process_5=0
MIN_rescheduling_thread_4_process_5=1358
MAX_rescheduling_thread_4_process_5=0
SUM_running_cpu_thread_4_process_5=12
MEAN_running_cpu_thread_4_process_5=1.71428571429
STDDEV_running_cpu_thread_4_process_5=2.76272565797
MEDIAN_running_cpu_thread_4_process_5=0
MIN_running_cpu_thread_4_process_5=1358
MAX_running_cpu_thread_4_process_5=8
SUM_running_memory_thread_4_process_5=28
MEAN_running_memory_thread_4_process_5=4
STDDEV_running_memory_thread_4_process_5=0.0
MEDIAN_running_memory_thread_4_process_5=4
MIN_running_memory_thread_4_process_5=1358
MAX_running_memory_thread_4_process_5=4
SUM_scheduling_thread_4_process_5=0
MEAN_scheduling_thread_4_process_5=0
STDDEV_scheduling_thread_4_process_5=0.0
MEDIAN_scheduling_thread_4_process_5=0
MIN_scheduling_thread_4_process_5=1358
MAX_scheduling_thread_4_process_5=0
SUM_terminated_thread_4_process_5=0
MEAN_terminated_thread_4_process_5=0
STDDEV_terminated_thread_4_process_5=0.0
MEDIAN_terminated_thread_4_process_5=0
MIN_terminated_thread_4_process_5=1358
MAX_terminated_thread_4_process_5=0
SUM_waiting_io_thread_4_process_5=5071
MEAN_waiting_io_thread_4_process_5=2535.5
STDDEV_waiting_io_thread_4_process_5=1741.5
MEDIAN_waiting_io_thread_4_process_5=2535.5
MIN_waiting_io_thread_4_process_5=1358
MAX_waiting_io_thread_4_process_5=4277
SUM_waiting_paging_thread_4_process_5=108233
MEAN_waiting_paging_thread_4_process_5=36077.6666667
STDDEV_waiting_paging_thread_4_process_5=6335.52214809
MEDIAN_waiting_paging_thread_4_process_5=37127
MIN_waiting_paging_thread_4_process_5=1358
MAX_waiting_paging_thread_4_process_5=43259
SUM_TURNAROUNDTIME_thread_4_process_6=66226
SUM_init_thread_4_process_6=0
MEAN_init_thread_4_process_6=0
STDDEV_init_thread_4_process_6=0.0
MEDIAN_init_thread_4_process_6=0
MIN_init_thread_4_process_6=1358
MAX_init_thread_4_process_6=0
SUM_postinit_thread_4_process_6=0
MEAN_postinit_thread_4_process_6=0
STDDEV_postinit_thread_4_process_6=0.0
MEDIAN_postinit_thread_4_process_6=0
MIN_postinit_thread_4_process_6=1358
MAX_postinit_thread_4_process_6=0
SUM_ready_thread_4_process_6=1574
MEAN_ready_thread_4_process_6=1574
STDDEV_ready_thread_4_process_6=0.0
MEDIAN_ready_thread_4_process_6=1574
MIN_ready_thread_4_process_6=1358
MAX_ready_thread_4_process_6=1574
SUM_running_cpu_thread_4_process_6=493
MEAN_running_cpu_thread_4_process_6=4.25
STDDEV_running_cpu_thread_4_process_6=18.477794222
MEDIAN_running_cpu_thread_4_process_6=0
MIN_running_cpu_thread_4_process_6=1358
MAX_running_cpu_thread_4_process_6=123
SUM_running_memory_thread_4_process_6=464
MEAN_running_memory_thread_4_process_6=4
STDDEV_running_memory_thread_4_process_6=0.0
MEDIAN_running_memory_thread_4_process_6=4
MIN_running_memory_thread_4_process_6=1358
MAX_running_memory_thread_4_process_6=4
SUM_scheduling_thread_4_process_6=0
MEAN_scheduling_thread_4_process_6=0
STDDEV_scheduling_thread_4_process_6=0.0
MEDIAN_scheduling_thread_4_process_6=0
MIN_scheduling_thread_4_process_6=1358
MAX_scheduling_thread_4_process_6=0
SUM_waiting_paging_thread_4_process_6=63694
MEAN_waiting_paging_thread_4_process_6=21231.3333333
STDDEV_waiting_paging_thread_4_process_6=11836.0986065
MEDIAN_waiting_paging_thread_4_process_6=29410
MIN_waiting_paging_thread_4_process_6=1358
MAX_waiting_paging_thread_4_process_6=29790
SUM_TURNAROUNDTIME_thread_4_process_7=115701
SUM_init_thread_4_process_7=0
MEAN_init_thread_4_process_7=0
STDDEV_init_thread_4_process_7=0.0
MEDIAN_init_thread_4_process_7=0
MIN_init_thread_4_process_7=1358
MAX_init_thread_4_process_7=0
SUM_postinit_thread_4_process_7=0
MEAN_postinit_thread_4_process_7=0
STDDEV_postinit_thread_4_process_7=0.0
MEDIAN_postinit_thread_4_process_7=0
MIN_postinit_thread_4_process_7=1358
MAX_postinit_thread_4_process_7=0
SUM_ready_thread_4_process_7=2959
MEAN_ready_thread_4_process_7=1479.5
STDDEV_ready_thread_4_process_7=346.5
MEDIAN_ready_thread_4_process_7=1479.5
MIN_ready_thread_4_process_7=1358
MAX_ready_thread_4_process_7=1826
SUM_rescheduling_thread_4_process_7=0
MEAN_rescheduling_thread_4_process_7=0
STDDEV_rescheduling_thread_4_process_7=0.0
MEDIAN_rescheduling_thread_4_process_7=0
MIN_rescheduling_thread_4_process_7=1358
MAX_rescheduling_thread_4_process_7=0
SUM_running_cpu_thread_4_process_7=28
MEAN_running_cpu_thread_4_process_7=3.5
STDDEV_running_cpu_thread_4_process_7=4.27200187266
MEDIAN_running_cpu_thread_4_process_7=2
MIN_running_cpu_thread_4_process_7=1358
MAX_running_cpu_thread_4_process_7=13
SUM_running_memory_thread_4_process_7=32
MEAN_running_memory_thread_4_process_7=4
STDDEV_running_memory_thread_4_process_7=0.0
MEDIAN_running_memory_thread_4_process_7=4
MIN_running_memory_thread_4_process_7=1358
MAX_running_memory_thread_4_process_7=4
SUM_scheduling_thread_4_process_7=0
MEAN_scheduling_thread_4_process_7=0
STDDEV_scheduling_thread_4_process_7=0.0
MEDIAN_scheduling_thread_4_process_7=0
MIN_scheduling_thread_4_process_7=1358
MAX_scheduling_thread_4_process_7=0
SUM_terminated_thread_4_process_7=0
MEAN_terminated_thread_4_process_7=0
STDDEV_terminated_thread_4_process_7=0.0
MEDIAN_terminated_thread_4_process_7=0
MIN_terminated_thread_4_process_7=1358
MAX_terminated_thread_4_process_7=0
SUM_waiting_io_thread_4_process_7=7615
MEAN_waiting_io_thread_4_process_7=2538.33333333
STDDEV_waiting_io_thread_4_process_7=2160.22241653
MEDIAN_waiting_io_thread_4_process_7=1471
MIN_waiting_io_thread_4_process_7=1358
MAX_waiting_io_thread_4_process_7=5551
SUM_waiting_paging_thread_4_process_7=105066
MEAN_waiting_paging_thread_4_process_7=35022
STDDEV_waiting_paging_thread_4_process_7=17308.370942
MEDIAN_waiting_paging_thread_4_process_7=43634
MIN_waiting_paging_thread_4_process_7=1358
MAX_waiting_paging_thread_4_process_7=50559
SUM_TURNAROUNDTIME_thread_4_process_8=87797
SUM_init_thread_4_process_8=0
MEAN_init_thread_4_process_8=0
STDDEV_init_thread_4_process_8=0.0
MEDIAN_init_thread_4_process_8=0
MIN_init_thread_4_process_8=1358
MAX_init_thread_4_process_8=0
SUM_postinit_thread_4_process_8=0
MEAN_postinit_thread_4_process_8=0
STDDEV_postinit_thread_4_process_8=0.0
MEDIAN_postinit_thread_4_process_8=0
MIN_postinit_thread_4_process_8=1358
MAX_postinit_thread_4_process_8=0
SUM_ready_thread_4_process_8=2984
MEAN_ready_thread_4_process_8=1492
STDDEV_ready_thread_4_process_8=519.0
MEDIAN_ready_thread_4_process_8=1492
MIN_ready_thread_4_process_8=1358
MAX_ready_thread_4_process_8=2011
SUM_running_cpu_thread_4_process_8=186
MEAN_running_cpu_thread_4_process_8=3.875
STDDEV_running_cpu_thread_4_process_8=13.6924933814
MEDIAN_running_cpu_thread_4_process_8=0
MIN_running_cpu_thread_4_process_8=1358
MAX_running_cpu_thread_4_process_8=71
SUM_running_memory_thread_4_process_8=192
MEAN_running_memory_thread_4_process_8=4
STDDEV_running_memory_thread_4_process_8=0.0
MEDIAN_running_memory_thread_4_process_8=4
MIN_running_memory_thread_4_process_8=1358
MAX_running_memory_thread_4_process_8=4
SUM_scheduling_thread_4_process_8=0
MEAN_scheduling_thread_4_process_8=0
STDDEV_scheduling_thread_4_process_8=0.0
MEDIAN_scheduling_thread_4_process_8=0
MIN_scheduling_thread_4_process_8=1358
MAX_scheduling_thread_4_process_8=0
SUM_waiting_paging_thread_4_process_8=84434
MEAN_waiting_paging_thread_4_process_8=42217
STDDEV_waiting_paging_thread_4_process_8=17081.0
MEDIAN_waiting_paging_thread_4_process_8=42217
MIN_waiting_paging_thread_4_process_8=1358
MAX_waiting_paging_thread_4_process_8=59298
SUM_TURNAROUNDTIME_thread_4_process_9=98248
SUM_init_thread_4_process_9=0
MEAN_init_thread_4_process_9=0
STDDEV_init_thread_4_process_9=0.0
MEDIAN_init_thread_4_process_9=0
MIN_init_thread_4_process_9=1358
MAX_init_thread_4_process_9=0
SUM_postinit_thread_4_process_9=0
MEAN_postinit_thread_4_process_9=0
STDDEV_postinit_thread_4_process_9=0.0
MEDIAN_postinit_thread_4_process_9=0
MIN_postinit_thread_4_process_9=1358
MAX_postinit_thread_4_process_9=0
SUM_ready_thread_4_process_9=3124
MEAN_ready_thread_4_process_9=1562
STDDEV_ready_thread_4_process_9=573.0
MEDIAN_ready_thread_4_process_9=1562
MIN_ready_thread_4_process_9=1358
MAX_ready_thread_4_process_9=2135
SUM_rescheduling_thread_4_process_9=0
MEAN_rescheduling_thread_4_process_9=0
STDDEV_rescheduling_thread_4_process_9=0.0
MEDIAN_rescheduling_thread_4_process_9=0
MIN_rescheduling_thread_4_process_9=1358
MAX_rescheduling_thread_4_process_9=0
SUM_running_cpu_thread_4_process_9=145
MEAN_running_cpu_thread_4_process_9=6.90476190476
STDDEV_running_cpu_thread_4_process_9=19.4101219591
MEDIAN_running_cpu_thread_4_process_9=0
MIN_running_cpu_thread_4_process_9=1358
MAX_running_cpu_thread_4_process_9=85
SUM_running_memory_thread_4_process_9=84
MEAN_running_memory_thread_4_process_9=4
STDDEV_running_memory_thread_4_process_9=0.0
MEDIAN_running_memory_thread_4_process_9=4
MIN_running_memory_thread_4_process_9=1358
MAX_running_memory_thread_4_process_9=4
SUM_scheduling_thread_4_process_9=0
MEAN_scheduling_thread_4_process_9=0
STDDEV_scheduling_thread_4_process_9=0.0
MEDIAN_scheduling_thread_4_process_9=0
MIN_scheduling_thread_4_process_9=1358
MAX_scheduling_thread_4_process_9=0
SUM_waiting_io_thread_4_process_9=29064
MEAN_waiting_io_thread_4_process_9=4844
STDDEV_waiting_io_thread_4_process_9=3465.9947586
MEDIAN_waiting_io_thread_4_process_9=4577.5
MIN_waiting_io_thread_4_process_9=1358
MAX_waiting_io_thread_4_process_9=10579
SUM_waiting_paging_thread_4_process_9=65830
MEAN_waiting_paging_thread_4_process_9=32915
STDDEV_waiting_paging_thread_4_process_9=4129.0
MEDIAN_waiting_paging_thread_4_process_9=32915
MIN_waiting_paging_thread_4_process_9=1358
MAX_waiting_paging_thread_4_process_9=37044
