SUM_TURNAROUNDTIME=5101906
MEAN_TURNAROUNDTIME=102038.12
STDDEV_TURNAROUNDTIME=13850.960203
MEDIAN_TURNAROUNDTIME=106804
MIN_TURNAROUNDTIME=66226
MAX_TURNAROUNDTIME=119678
SUM_init=0
MEAN_init=0
STDDEV_init=0.0
MEDIAN_init=0
MIN_init=0
MAX_init=0
SUM_pagingIn=652911
MEAN_pagingIn=6801.15625
STDDEV_pagingIn=1268.15527381
MEDIAN_pagingIn=7249.5
MIN_pagingIn=827
MAX_pagingIn=8012
SUM_pagingOut=412767
MEAN_pagingOut=6449.484375
STDDEV_pagingOut=1817.27373069
MEDIAN_pagingOut=7238.5
MIN_pagingOut=531
MAX_pagingOut=8187
SUM_pagingWait=94268
MEAN_pagingWait=906.423076923
STDDEV_pagingWait=4016.09351354
MEDIAN_pagingWait=0
MIN_pagingWait=0
MAX_pagingWait=29120
SUM_pcbinit=40
MEAN_pcbinit=4
STDDEV_pcbinit=0.0
MEDIAN_pcbinit=4
MIN_pcbinit=4
MAX_pcbinit=4
SUM_postinit=0
MEAN_postinit=0
STDDEV_postinit=0.0
MEDIAN_postinit=0
MIN_postinit=0
MAX_postinit=0
SUM_ready=102803
MEAN_ready=1129.7032967
STDDEV_ready=630.566577508
MEDIAN_ready=1152
MIN_ready=8
MAX_ready=2148
SUM_rescheduling=0
MEAN_rescheduling=0
STDDEV_rescheduling=0.0
MEDIAN_rescheduling=0
MIN_rescheduling=0
MAX_rescheduling=0
SUM_running_cpu=7647
MEAN_running_cpu=3.79127416956
STDDEV_running_cpu=14.7754490661
MEDIAN_running_cpu=0
MIN_running_cpu=0
MAX_running_cpu=123
SUM_running_memory=8068
MEAN_running_memory=4
STDDEV_running_memory=0.0
MEDIAN_running_memory=4
MIN_running_memory=4
MAX_running_memory=4
SUM_scheduling=0
MEAN_scheduling=0
STDDEV_scheduling=0.0
MEDIAN_scheduling=0
MIN_scheduling=0
MAX_scheduling=0
SUM_terminated=0
MEAN_terminated=0
STDDEV_terminated=0.0
MEDIAN_terminated=0
MIN_terminated=0
MAX_terminated=0
SUM_waiting_io=371933
MEAN_waiting_io=3476.00934579
STDDEV_waiting_io=3853.83829908
MEDIAN_waiting_io=1401
MIN_waiting_io=516
MAX_waiting_io=12130
SUM_waiting_paging=3451419
MEAN_waiting_paging=31957.5833333
STDDEV_waiting_paging=14371.1774622
MEDIAN_waiting_paging=33414
MIN_waiting_paging=1358
MAX_waiting_paging=59803
SUM_TURNAROUNDTIME_thread_0_process_0=119678
SUM_init_thread_0_process_0=0
MEAN_init_thread_0_process_0=0
STDDEV_init_thread_0_process_0=0.0
MEDIAN_init_thread_0_process_0=0
MIN_init_thread_0_process_0=1358
MAX_init_thread_0_process_0=0
SUM_pagingIn_thread_0_process_0=78785
MEAN_pagingIn_thread_0_process_0=6060.38461538
STDDEV_pagingIn_thread_0_process_0=2076.67039489
MEDIAN_pagingIn_thread_0_process_0=7158
MIN_pagingIn_thread_0_process_0=1358
MAX_pagingIn_thread_0_process_0=7665
SUM_pagingOut_thread_0_process_0=40411
MEAN_pagingOut_thread_0_process_0=5051.375
STDDEV_pagingOut_thread_0_process_0=2880.72885471
MEDIAN_pagingOut_thread_0_process_0=6428.5
MIN_pagingOut_thread_0_process_0=1358
MAX_pagingOut_thread_0_process_0=7556
SUM_pagingWait_thread_0_process_0=477
MEAN_pagingWait_thread_0_process_0=34.0714285714
STDDEV_pagingWait_thread_0_process_0=101.768269182
MEDIAN_pagingWait_thread_0_process_0=0
MIN_pagingWait_thread_0_process_0=1358
MAX_pagingWait_thread_0_process_0=399
SUM_pcbinit_thread_0_process_0=4
MEAN_pcbinit_thread_0_process_0=4
STDDEV_pcbinit_thread_0_process_0=0.0
MEDIAN_pcbinit_thread_0_process_0=4
MIN_pcbinit_thread_0_process_0=1358
MAX_pcbinit_thread_0_process_0=4
SUM_postinit_thread_0_process_0=0
MEAN_postinit_thread_0_process_0=0
STDDEV_postinit_thread_0_process_0=0.0
MEDIAN_postinit_thread_0_process_0=0
MIN_postinit_thread_0_process_0=1358
MAX_postinit_thread_0_process_0=0
SUM_TURNAROUNDTIME_thread_0_process_1=118098
SUM_init_thread_0_process_1=0
MEAN_init_thread_0_process_1=0
STDDEV_init_thread_0_process_1=0.0
MEDIAN_init_thread_0_process_1=0
MIN_init_thread_0_process_1=1358
MAX_init_thread_0_process_1=0
SUM_pagingIn_thread_0_process_1=51340
MEAN_pagingIn_thread_0_process_1=7334.28571429
STDDEV_pagingIn_thread_0_process_1=243.132952627
MEDIAN_pagingIn_thread_0_process_1=7280
MIN_pagingIn_thread_0_process_1=1358
MAX_pagingIn_thread_0_process_1=7630
SUM_pagingOut_thread_0_process_1=42732
MEAN_pagingOut_thread_0_process_1=7122
STDDEV_pagingOut_thread_0_process_1=959.692138136
MEDIAN_pagingOut_thread_0_process_1=7586
MIN_pagingOut_thread_0_process_1=1358
MAX_pagingOut_thread_0_process_1=7935
SUM_pagingWait_thread_0_process_1=24021
MEAN_pagingWait_thread_0_process_1=3002.625
STDDEV_pagingWait_thread_0_process_1=7944.19903039
MEDIAN_pagingWait_thread_0_process_1=0
MIN_pagingWait_thread_0_process_1=1358
MAX_pagingWait_thread_0_process_1=24021
SUM_pcbinit_thread_0_process_1=4
MEAN_pcbinit_thread_0_process_1=4
STDDEV_pcbinit_thread_0_process_1=0.0
MEDIAN_pcbinit_thread_0_process_1=4
MIN_pcbinit_thread_0_process_1=1358
MAX_pcbinit_thread_0_process_1=4
SUM_postinit_thread_0_process_1=0
MEAN_postinit_thread_0_process_1=0
STDDEV_postinit_thread_0_process_1=0.0
MEDIAN_postinit_thread_0_process_1=0
MIN_postinit_thread_0_process_1=1358
MAX_postinit_thread_0_process_1=0
SUM_TURNAROUNDTIME_thread_0_process_2=117546
SUM_init_thread_0_process_2=0
MEAN_init_thread_0_process_2=0
STDDEV_init_thread_0_process_2=0.0
MEDIAN_init_thread_0_process_2=0
MIN_init_thread_0_process_2=1358
MAX_init_thread_0_process_2=0
SUM_pagingIn_thread_0_process_2=63904
MEAN_pagingIn_thread_0_process_2=6390.4
STDDEV_pagingIn_thread_0_process_2=1255.18550023
MEDIAN_pagingIn_thread_0_process_2=6491
MIN_pagingIn_thread_0_process_2=1358
MAX_pagingIn_thread_0_process_2=7988
SUM_pagingOut_thread_0_process_2=51273
MEAN_pagingOut_thread_0_process_2=6409.125
STDDEV_pagingOut_thread_0_process_2=1971.33739106
MEDIAN_pagingOut_thread_0_process_2=7225
MIN_pagingOut_thread_0_process_2=1358
MAX_pagingOut_thread_0_process_2=8187
SUM_pagingWait_thread_0_process_2=2364
MEAN_pagingWait_thread_0_process_2=214.909090909
STDDEV_pagingWait_thread_0_process_2=679.602217149
MEDIAN_pagingWait_thread_0_process_2=0
MIN_pagingWait_thread_0_process_2=1358
MAX_pagingWait_thread_0_process_2=2364
SUM_pcbinit_thread_0_process_2=4
MEAN_pcbinit_thread_0_process_2=4
STDDEV_pcbinit_thread_0_process_2=0.0
MEDIAN_pcbinit_thread_0_process_2=4
MIN_pcbinit_thread_0_process_2=1358
MAX_pcbinit_thread_0_process_2=4
SUM_postinit_thread_0_process_2=0
MEAN_postinit_thread_0_process_2=0
STDDEV_postinit_thread_0_process_2=0.0
MEDIAN_postinit_thread_0_process_2=0
MIN_postinit_thread_0_process_2=1358
MAX_postinit_thread_0_process_2=0
SUM_TURNAROUNDTIME_thread_0_process_3=118849
SUM_init_thread_0_process_3=0
MEAN_init_thread_0_process_3=0
STDDEV_init_thread_0_process_3=0.0
MEDIAN_init_thread_0_process_3=0
MIN_init_thread_0_process_3=1358
MAX_init_thread_0_process_3=0
SUM_pagingIn_thread_0_process_3=66243
MEAN_pagingIn_thread_0_process_3=7360.33333333
STDDEV_pagingIn_thread_0_process_3=540.343100878
MEDIAN_pagingIn_thread_0_process_3=7410
MIN_pagingIn_thread_0_process_3=1358
MAX_pagingIn_thread_0_process_3=7929
SUM_pagingOut_thread_0_process_3=39378
MEAN_pagingOut_thread_0_process_3=6563
STDDEV_pagingOut_thread_0_process_3=1010.26217719
MEDIAN_pagingOut_thread_0_process_3=7043.5
MIN_pagingOut_thread_0_process_3=1358
MAX_pagingOut_thread_0_process_3=7509
SUM_pagingWait_thread_0_process_3=13223
MEAN_pagingWait_thread_0_process_3=1322.3
STDDEV_pagingWait_thread_0_process_3=3961.90141346
MEDIAN_pagingWait_thread_0_process_3=0
MIN_pagingWait_thread_0_process_3=1358
MAX_pagingWait_thread_0_process_3=13208
SUM_pcbinit_thread_0_process_3=4
MEAN_pcbinit_thread_0_process_3=4
STDDEV_pcbinit_thread_0_process_3=0.0
MEDIAN_pcbinit_thread_0_process_3=4
MIN_pcbinit_thread_0_process_3=1358
MAX_pcbinit_thread_0_process_3=4
SUM_postinit_thread_0_process_3=0
MEAN_postinit_thread_0_process_3=0
STDDEV_postinit_thread_0_process_3=0.0
MEDIAN_postinit_thread_0_process_3=0
MIN_postinit_thread_0_process_3=1358
MAX_postinit_thread_0_process_3=0
SUM_TURNAROUNDTIME_thread_0_process_4=114848
SUM_init_thread_0_process_4=0
MEAN_init_thread_0_process_4=0
STDDEV_init_thread_0_process_4=0.0
MEDIAN_init_thread_0_process_4=0
MIN_init_thread_0_process_4=1358
MAX_init_thread_0_process_4=0
SUM_pagingIn_thread_0_process_4=75038
MEAN_pagingIn_thread_0_process_4=6821.63636364
STDDEV_pagingIn_thread_0_process_4=1161.1012228
MEDIAN_pagingIn_thread_0_process_4=7317
MIN_pagingIn_thread_0_process_4=1358
MAX_pagingIn_thread_0_process_4=7940
SUM_pagingOut_thread_0_process_4=36933
MEAN_pagingOut_thread_0_process_4=6155.5
STDDEV_pagingOut_thread_0_process_4=1757.74834661
MEDIAN_pagingOut_thread_0_process_4=7129.5
MIN_pagingOut_thread_0_process_4=1358
MAX_pagingOut_thread_0_process_4=7402
SUM_pagingWait_thread_0_process_4=2872
MEAN_pagingWait_thread_0_process_4=239.333333333
STDDEV_pagingWait_thread_0_process_4=771.3041265
MEDIAN_pagingWait_thread_0_process_4=0
MIN_pagingWait_thread_0_process_4=1358
MAX_pagingWait_thread_0_process_4=2797
SUM_pcbinit_thread_0_process_4=4
MEAN_pcbinit_thread_0_process_4=4
STDDEV_pcbinit_thread_0_process_4=0.0
MEDIAN_pcbinit_thread_0_process_4=4
MIN_pcbinit_thread_0_process_4=1358
MAX_pcbinit_thread_0_process_4=4
SUM_postinit_thread_0_process_4=0
MEAN_postinit_thread_0_process_4=0
STDDEV_postinit_thread_0_process_4=0.0
MEDIAN_postinit_thread_0_process_4=0
MIN_postinit_thread_0_process_4=1358
MAX_postinit_thread_0_process_4=0
SUM_TURNAROUNDTIME_thread_0_process_5=116216
SUM_init_thread_0_process_5=0
MEAN_init_thread_0_process_5=0
STDDEV_init_thread_0_process_5=0.0
MEDIAN_init_thread_0_process_5=0
MIN_init_thread_0_process_5=1358
MAX_init_thread_0_process_5=0
SUM_pagingIn_thread_0_process_5=77824
MEAN_pagingIn_thread_0_process_5=7074.90909091
STDDEV_pagingIn_thread_0_process_5=625.986995878
MEDIAN_pagingIn_thread_0_process_5=7194
MIN_pagingIn_thread_0_process_5=1358
MAX_pagingIn_thread_0_process_5=7676
SUM_pagingOut_thread_0_process_5=32500
MEAN_pagingOut_thread_0_process_5=6500
STDDEV_pagingOut_thread_0_process_5=1331.80223757
MEDIAN_pagingOut_thread_0_process_5=7274
MIN_pagingOut_thread_0_process_5=1358
MAX_pagingOut_thread_0_process_5=7924
SUM_pagingWait_thread_0_process_5=5887
MEAN_pagingWait_thread_0_process_5=490.583333333
STDDEV_pagingWait_thread_0_process_5=1627.08084507
MEDIAN_pagingWait_thread_0_process_5=0
MIN_pagingWait_thread_0_process_5=1358
MAX_pagingWait_thread_0_process_5=5887
SUM_pcbinit_thread_0_process_5=4
MEAN_pcbinit_thread_0_process_5=4
STDDEV_pcbinit_thread_0_process_5=0.0
MEDIAN_pcbinit_thread_0_process_5=4
MIN_pcbinit_thread_0_process_5=1358
MAX_pcbinit_thread_0_process_5=4
SUM_postinit_thread_0_process_5=0
MEAN_postinit_thread_0_process_5=0
STDDEV_postinit_thread_0_process_5=0.0
MEDIAN_postinit_thread_0_process_5=0
MIN_postinit_thread_0_process_5=1358
MAX_postinit_thread_0_process_5=0
SUM_TURNAROUNDTIME_thread_0_process_6=116772
SUM_init_thread_0_process_6=0
MEAN_init_thread_0_process_6=0
STDDEV_init_thread_0_process_6=0.0
MEDIAN_init_thread_0_process_6=0
MIN_init_thread_0_process_6=1358
MAX_init_thread_0_process_6=0
SUM_pagingIn_thread_0_process_6=64289
MEAN_pagingIn_thread_0_process_6=6428.9
STDDEV_pagingIn_thread_0_process_6=1373.18501667
MEDIAN_pagingIn_thread_0_process_6=7021
MIN_pagingIn_thread_0_process_6=1358
MAX_pagingIn_thread_0_process_6=8012
SUM_pagingOut_thread_0_process_6=50098
MEAN_pagingOut_thread_0_process_6=6262.25
STDDEV_pagingOut_thread_0_process_6=2073.44765728
MEDIAN_pagingOut_thread_0_process_6=7154
MIN_pagingOut_thread_0_process_6=1358
MAX_pagingOut_thread_0_process_6=7625
SUM_pagingWait_thread_0_process_6=2380
MEAN_pagingWait_thread_0_process_6=216.363636364
STDDEV_pagingWait_thread_0_process_6=676.020880894
MEDIAN_pagingWait_thread_0_process_6=0
MIN_pagingWait_thread_0_process_6=1358
MAX_pagingWait_thread_0_process_6=2354
SUM_pcbinit_thread_0_process_6=4
MEAN_pcbinit_thread_0_process_6=4
STDDEV_pcbinit_thread_0_process_6=0.0
MEDIAN_pcbinit_thread_0_process_6=4
MIN_pcbinit_thread_0_process_6=1358
MAX_pcbinit_thread_0_process_6=4
SUM_postinit_thread_0_process_6=0
MEAN_postinit_thread_0_process_6=0
STDDEV_postinit_thread_0_process_6=0.0
MEDIAN_postinit_thread_0_process_6=0
MIN_postinit_thread_0_process_6=1358
MAX_postinit_thread_0_process_6=0
SUM_TURNAROUNDTIME_thread_0_process_7=115705
SUM_init_thread_0_process_7=0
MEAN_init_thread_0_process_7=0
STDDEV_init_thread_0_process_7=0.0
MEDIAN_init_thread_0_process_7=0
MIN_init_thread_0_process_7=1358
MAX_init_thread_0_process_7=0
SUM_pagingIn_thread_0_process_7=64506
MEAN_pagingIn_thread_0_process_7=7167.33333333
STDDEV_pagingIn_thread_0_process_7=501.421756387
MEDIAN_pagingIn_thread_0_process_7=7317
MIN_pagingIn_thread_0_process_7=1358
MAX_pagingIn_thread_0_process_7=7599
SUM_pagingOut_thread_0_process_7=41185
MEAN_pagingOut_thread_0_process_7=6864.16666667
STDDEV_pagingOut_thread_0_process_7=981.837633669
MEDIAN_pagingOut_thread_0_process_7=7274
MIN_pagingOut_thread_0_process_7=1358
MAX_pagingOut_thread_0_process_7=7852
SUM_pagingWait_thread_0_process_7=10009
MEAN_pagingWait_thread_0_process_7=1000.9
STDDEV_pagingWait_thread_0_process_7=3002.7
MEDIAN_pagingWait_thread_0_process_7=0
MIN_pagingWait_thread_0_process_7=1358
MAX_pagingWait_thread_0_process_7=10009
SUM_pcbinit_thread_0_process_7=4
MEAN_pcbinit_thread_0_process_7=4
STDDEV_pcbinit_thread_0_process_7=0.0
MEDIAN_pcbinit_thread_0_process_7=4
MIN_pcbinit_thread_0_process_7=1358
MAX_pcbinit_thread_0_process_7=4
SUM_postinit_thread_0_process_7=0
MEAN_postinit_thread_0_process_7=0
STDDEV_postinit_thread_0_process_7=0.0
MEDIAN_postinit_thread_0_process_7=0
MIN_postinit_thread_0_process_7=1358
MAX_postinit_thread_0_process_7=0
SUM_TURNAROUNDTIME_thread_0_process_8=110009
SUM_init_thread_0_process_8=0
MEAN_init_thread_0_process_8=0
STDDEV_init_thread_0_process_8=0.0
MEDIAN_init_thread_0_process_8=0
MIN_init_thread_0_process_8=1358
MAX_init_thread_0_process_8=0
SUM_pagingIn_thread_0_process_8=60260
MEAN_pagingIn_thread_0_process_8=6695.55555556
STDDEV_pagingIn_thread_0_process_8=1478.5855186
MEDIAN_pagingIn_thread_0_process_8=7281
MIN_pagingIn_thread_0_process_8=1358
MAX_pagingIn_thread_0_process_8=7987
SUM_pagingOut_thread_0_process_8=46835
MEAN_pagingOut_thread_0_process_8=6690.71428571
STDDEV_pagingOut_thread_0_process_8=920.480730657
MEDIAN_pagingOut_thread_0_process_8=7116
MIN_pagingOut_thread_0_process_8=1358
MAX_pagingOut_thread_0_process_8=7612
SUM_pagingWait_thread_0_process_8=2909
MEAN_pagingWait_thread_0_process_8=323.222222222
STDDEV_pagingWait_thread_0_process_8=914.210500654
MEDIAN_pagingWait_thread_0_process_8=0
MIN_pagingWait_thread_0_process_8=1358
MAX_pagingWait_thread_0_process_8=2909
SUM_pcbinit_thread_0_process_8=4
MEAN_pcbinit_thread_0_process_8=4
STDDEV_pcbinit_thread_0_process_8=0.0
MEDIAN_pcbinit_thread_0_process_8=4
MIN_pcbinit_thread_0_process_8=1358
MAX_pcbinit_thread_0_process_8=4
SUM_postinit_thread_0_process_8=0
MEAN_postinit_thread_0_process_8=0
STDDEV_postinit_thread_0_process_8=0.0
MEDIAN_postinit_thread_0_process_8=0
MIN_postinit_thread_0_process_8=1358
MAX_postinit_thread_0_process_8=0
SUM_TURNAROUNDTIME_thread_0_process_9=112275
SUM_init_thread_0_process_9=0
MEAN_init_thread_0_process_9=0
STDDEV_init_thread_0_process_9=0.0
MEDIAN_init_thread_0_process_9=0
MIN_init_thread_0_process_9=1358
MAX_init_thread_0_process_9=0
SUM_pagingIn_thread_0_process_9=50722
MEAN_pagingIn_thread_0_process_9=7246
STDDEV_pagingIn_thread_0_process_9=389.558724713
MEDIAN_pagingIn_thread_0_process_9=7279
MIN_pagingIn_thread_0_process_9=1358
MAX_pagingIn_thread_0_process_9=7693
SUM_pagingOut_thread_0_process_9=31422
MEAN_pagingOut_thread_0_process_9=7855.5
STDDEV_pagingOut_thread_0_process_9=170.156545569
MEDIAN_pagingOut_thread_0_process_9=7877.5
MIN_pagingOut_thread_0_process_9=1358
MAX_pagingOut_thread_0_process_9=8072
SUM_pagingWait_thread_0_process_9=30126
MEAN_pagingWait_thread_0_process_9=4303.71428571
STDDEV_pagingWait_thread_0_process_9=10137.1504832
MEDIAN_pagingWait_thread_0_process_9=0
MIN_pagingWait_thread_0_process_9=1358
MAX_pagingWait_thread_0_process_9=29120
SUM_pcbinit_thread_0_process_9=4
MEAN_pcbinit_thread_0_process_9=4
STDDEV_pcbinit_thread_0_process_9=0.0
MEDIAN_pcbinit_thread_0_process_9=4
MIN_pcbinit_thread_0_process_9=1358
MAX_pcbinit_thread_0_process_9=4
SUM_postinit_thread_0_process_9=0
MEAN_postinit_thread_0_process_9=0
STDDEV_postinit_thread_0_process_9=0.0
MEDIAN_postinit_thread_0_process_9=0
MIN_postinit_thread_0_process_9=1358
MAX_postinit_thread_0_process_9=0
SUM_TURNAROUNDTIME_thread_1_process_0=92507
SUM_init_thread_1_process_0=0
MEAN_init_thread_1_process_0=0
STDDEV_init_thread_1_process_0=0.0
MEDIAN_init_thread_1_process_0=0
MIN_init_thread_1_process_0=1358
MAX_init_thread_1_process_0=0
SUM_postinit_thread_1_process_0=0
MEAN_postinit_thread_1_process_0=0
STDDEV_postinit_thread_1_process_0=0.0
MEDIAN_postinit_thread_1_process_0=0
MIN_postinit_thread_1_process_0=1358
MAX_postinit_thread_1_process_0=0
SUM_ready_thread_1_process_0=1160
MEAN_ready_thread_1_process_0=1160
STDDEV_ready_thread_1_process_0=0.0
MEDIAN_ready_thread_1_process_0=1160
MIN_ready_thread_1_process_0=1358
MAX_ready_thread_1_process_0=1160
SUM_running_cpu_thread_1_process_0=534
MEAN_running_cpu_thread_1_process_0=3.76056338028
STDDEV_running_cpu_thread_1_process_0=17.340796795
MEDIAN_running_cpu_thread_1_process_0=0
MIN_running_cpu_thread_1_process_0=1358
MAX_running_cpu_thread_1_process_0=121
SUM_running_memory_thread_1_process_0=568
MEAN_running_memory_thread_1_process_0=4
STDDEV_running_memory_thread_1_process_0=0.0
MEDIAN_running_memory_thread_1_process_0=4
MIN_running_memory_thread_1_process_0=1358
MAX_running_memory_thread_1_process_0=4
SUM_scheduling_thread_1_process_0=0
MEAN_scheduling_thread_1_process_0=0
STDDEV_scheduling_thread_1_process_0=0.0
MEDIAN_scheduling_thread_1_process_0=0
MIN_scheduling_thread_1_process_0=1358
MAX_scheduling_thread_1_process_0=0
SUM_waiting_paging_thread_1_process_0=90244
MEAN_waiting_paging_thread_1_process_0=22561
STDDEV_waiting_paging_thread_1_process_0=14693.9085168
MEDIAN_waiting_paging_thread_1_process_0=26086
MIN_waiting_paging_thread_1_process_0=1358
MAX_waiting_paging_thread_1_process_0=36714
SUM_TURNAROUNDTIME_thread_1_process_1=76752
SUM_init_thread_1_process_1=0
MEAN_init_thread_1_process_1=0
STDDEV_init_thread_1_process_1=0.0
MEDIAN_init_thread_1_process_1=0
MIN_init_thread_1_process_1=1358
MAX_init_thread_1_process_1=0
SUM_postinit_thread_1_process_1=0
MEAN_postinit_thread_1_process_1=0
STDDEV_postinit_thread_1_process_1=0.0
MEDIAN_postinit_thread_1_process_1=0
MIN_postinit_thread_1_process_1=1358
MAX_postinit_thread_1_process_1=0
SUM_ready_thread_1_process_1=3148
MEAN_ready_thread_1_process_1=1049.33333333
STDDEV_ready_thread_1_process_1=804.982125405
MEDIAN_ready_thread_1_process_1=936
MIN_ready_thread_1_process_1=1358
MAX_ready_thread_1_process_1=2087
SUM_rescheduling_thread_1_process_1=0
MEAN_rescheduling_thread_1_process_1=0
STDDEV_rescheduling_thread_1_process_1=0.0
MEDIAN_rescheduling_thread_1_process_1=0
MIN_rescheduling_thread_1_process_1=1358
MAX_rescheduling_thread_1_process_1=0
SUM_running_cpu_thread_1_process_1=159
MEAN_running_cpu_thread_1_process_1=4.2972972973
STDDEV_running_cpu_thread_1_process_1=13.4443092852
MEDIAN_running_cpu_thread_1_process_1=0
MIN_running_cpu_thread_1_process_1=1358
MAX_running_cpu_thread_1_process_1=72
SUM_running_memory_thread_1_process_1=148
MEAN_running_memory_thread_1_process_1=4
STDDEV_running_memory_thread_1_process_1=0.0
MEDIAN_running_memory_thread_1_process_1=4
MIN_running_memory_thread_1_process_1=1358
MAX_running_memory_thread_1_process_1=4
SUM_scheduling_thread_1_process_1=0
MEAN_scheduling_thread_1_process_1=0
STDDEV_scheduling_thread_1_process_1=0.0
MEDIAN_scheduling_thread_1_process_1=0
MIN_scheduling_thread_1_process_1=1358
MAX_scheduling_thread_1_process_1=0
SUM_waiting_io_thread_1_process_1=26881
MEAN_waiting_io_thread_1_process_1=4480.16666667
STDDEV_waiting_io_thread_1_process_1=3613.48273446
MEDIAN_waiting_io_thread_1_process_1=3748
MIN_waiting_io_thread_1_process_1=1358
MAX_waiting_io_thread_1_process_1=9821
SUM_waiting_paging_thread_1_process_1=46415
MEAN_waiting_paging_thread_1_process_1=46415
STDDEV_waiting_paging_thread_1_process_1=0.0
MEDIAN_waiting_paging_thread_1_process_1=46415
MIN_waiting_paging_thread_1_process_1=1358
MAX_waiting_paging_thread_1_process_1=46415
SUM_TURNAROUNDTIME_thread_1_process_2=104304
SUM_init_thread_1_process_2=0
MEAN_init_thread_1_process_2=0
STDDEV_init_thread_1_process_2=0.0
MEDIAN_init_thread_1_process_2=0
MIN_init_thread_1_process_2=1358
MAX_init_thread_1_process_2=0
SUM_postinit_thread_1_process_2=0
MEAN_postinit_thread_1_process_2=0
STDDEV_postinit_thread_1_process_2=0.0
MEDIAN_postinit_thread_1_process_2=0
MIN_postinit_thread_1_process_2=1358
MAX_postinit_thread_1_process_2=0
SUM_ready_thread_1_process_2=2361
MEAN_ready_thread_1_process_2=1180.5
STDDEV_ready_thread_1_process_2=928.5
MEDIAN_ready_thread_1_process_2=1180.5
MIN_ready_thread_1_process_2=1358
MAX_ready_thread_1_process_2=2109
SUM_running_cpu_thread_1_process_2=115
MEAN_running_cpu_thread_1_process_2=2.12962962963
STDDEV_running_cpu_thread_1_process_2=7.85763675785
MEDIAN_running_cpu_thread_1_process_2=0
MIN_running_cpu_thread_1_process_2=1358
MAX_running_cpu_thread_1_process_2=45
SUM_running_memory_thread_1_process_2=216
MEAN_running_memory_thread_1_process_2=4
STDDEV_running_memory_thread_1_process_2=0.0
MEDIAN_running_memory_thread_1_process_2=4
MIN_running_memory_thread_1_process_2=1358
MAX_running_memory_thread_1_process_2=4
SUM_scheduling_thread_1_process_2=0
MEAN_scheduling_thread_1_process_2=0
STDDEV_scheduling_thread_1_process_2=0.0
MEDIAN_scheduling_thread_1_process_2=0
MIN_scheduling_thread_1_process_2=1358
MAX_scheduling_thread_1_process_2=0
SUM_terminated_thread_1_process_2=0
MEAN_terminated_thread_1_process_2=0
STDDEV_terminated_thread_1_process_2=0.0
MEDIAN_terminated_thread_1_process_2=0
MIN_terminated_thread_1_process_2=1358
MAX_terminated_thread_1_process_2=0
SUM_waiting_paging_thread_1_process_2=101611
MEAN_waiting_paging_thread_1_process_2=33870.3333333
STDDEV_waiting_paging_thread_1_process_2=20225.8430452
MEDIAN_waiting_paging_thread_1_process_2=45413
MIN_waiting_paging_thread_1_process_2=1358
MAX_waiting_paging_thread_1_process_2=50764
SUM_TURNAROUNDTIME_thread_1_process_3=106527
SUM_init_thread_1_process_3=0
MEAN_init_thread_1_process_3=0
STDDEV_init_thread_1_process_3=0.0
MEDIAN_init_thread_1_process_3=0
MIN_init_thread_1_process_3=1358
MAX_init_thread_1_process_3=0
SUM_postinit_thread_1_process_3=0
MEAN_postinit_thread_1_process_3=0
STDDEV_postinit_thread_1_process_3=0.0
MEDIAN_postinit_thread_1_process_3=0
MIN_postinit_thread_1_process_3=1358
MAX_postinit_thread_1_process_3=0
SUM_ready_thread_1_process_3=2489
MEAN_ready_thread_1_process_3=829.666666667
STDDEV_ready_thread_1_process_3=575.567739039
MEDIAN_ready_thread_1_process_3=451
MIN_ready_thread_1_process_3=1358
MAX_ready_thread_1_process_3=1643
SUM_rescheduling_thread_1_process_3=0
MEAN_rescheduling_thread_1_process_3=0
STDDEV_rescheduling_thread_1_process_3=0.0
MEDIAN_rescheduling_thread_1_process_3=0
MIN_rescheduling_thread_1_process_3=1358
MAX_rescheduling_thread_1_process_3=0
SUM_running_cpu_thread_1_process_3=179
MEAN_running_cpu_thread_1_process_3=4.58974358974
STDDEV_running_cpu_thread_1_process_3=12.3427918313
MEDIAN_running_cpu_thread_1_process_3=0
MIN_running_cpu_thread_1_process_3=1358
MAX_running_cpu_thread_1_process_3=61
SUM_running_memory_thread_1_process_3=156
MEAN_running_memory_thread_1_process_3=4
STDDEV_running_memory_thread_1_process_3=0.0
MEDIAN_running_memory_thread_1_process_3=4
MIN_running_memory_thread_1_process_3=1358
MAX_running_memory_thread_1_process_3=4
SUM_scheduling_thread_1_process_3=0
MEAN_scheduling_thread_1_process_3=0
STDDEV_scheduling_thread_1_process_3=0.0
MEDIAN_scheduling_thread_1_process_3=0
MIN_scheduling_thread_1_process_3=1358
MAX_scheduling_thread_1_process_3=0
SUM_terminated_thread_1_process_3=0
MEAN_terminated_thread_1_process_3=0
STDDEV_terminated_thread_1_process_3=0.0
MEDIAN_terminated_thread_1_process_3=0
MIN_terminated_thread_1_process_3=1358
MAX_terminated_thread_1_process_3=0
SUM_waiting_io_thread_1_process_3=16786
MEAN_waiting_io_thread_1_process_3=2098.25
STDDEV_waiting_io_thread_1_process_3=3540.84886539
MEDIAN_waiting_io_thread_1_process_3=692.5
MIN_waiting_io_thread_1_process_3=1358
MAX_waiting_io_thread_1_process_3=11448
SUM_waiting_paging_thread_1_process_3=86916
MEAN_waiting_paging_thread_1_process_3=28972
STDDEV_waiting_paging_thread_1_process_3=8743.8029865
MEDIAN_waiting_paging_thread_1_process_3=23216
MIN_waiting_paging_thread_1_process_3=1358
MAX_waiting_paging_thread_1_process_3=41328
SUM_TURNAROUNDTIME_thread_1_process_4=114847
SUM_init_thread_1_process_4=0
MEAN_init_thread_1_process_4=0
STDDEV_init_thread_1_process_4=0.0
MEDIAN_init_thread_1_process_4=0
MIN_init_thread_1_process_4=1358
MAX_init_thread_1_process_4=0
SUM_postinit_thread_1_process_4=0
MEAN_postinit_thread_1_process_4=0
STDDEV_postinit_thread_1_process_4=0.0
MEDIAN_postinit_thread_1_process_4=0
MIN_postinit_thread_1_process_4=1358
MAX_postinit_thread_1_process_4=0
SUM_ready_thread_1_process_4=3181
MEAN_ready_thread_1_process_4=1060.33333333
STDDEV_ready_thread_1_process_4=610.395682233
MEDIAN_ready_thread_1_process_4=656
MIN_ready_thread_1_process_4=1358
MAX_ready_thread_1_process_4=1923
SUM_running_cpu_thread_1_process_4=48
MEAN_running_cpu_thread_1_process_4=16
STDDEV_running_cpu_thread_1_process_4=10.0332779622
MEDIAN_running_cpu_thread_1_process_4=21
MIN_running_cpu_thread_1_process_4=1358
MAX_running_cpu_thread_1_process_4=25
SUM_running_memory_thread_1_process_4=12
MEAN_running_memory_thread_1_process_4=4
STDDEV_running_memory_thread_1_process_4=0.0
MEDIAN_running_memory_thread_1_process_4=4
MIN_running_memory_thread_1_process_4=1358
MAX_running_memory_thread_1_process_4=4
SUM_scheduling_thread_1_process_4=0
MEAN_scheduling_thread_1_process_4=0
STDDEV_scheduling_thread_1_process_4=0.0
MEDIAN_scheduling_thread_1_process_4=0
MIN_scheduling_thread_1_process_4=1358
MAX_scheduling_thread_1_process_4=0
SUM_terminated_thread_1_process_4=0
MEAN_terminated_thread_1_process_4=0
STDDEV_terminated_thread_1_process_4=0.0
MEDIAN_terminated_thread_1_process_4=0
MIN_terminated_thread_1_process_4=1358
MAX_terminated_thread_1_process_4=0
SUM_waiting_paging_thread_1_process_4=111605
MEAN_waiting_paging_thread_1_process_4=37201.6666667
STDDEV_waiting_paging_thread_1_process_4=5973.00819428
MEDIAN_waiting_paging_thread_1_process_4=37912
MIN_waiting_paging_thread_1_process_4=1358
MAX_waiting_paging_thread_1_process_4=44136
SUM_TURNAROUNDTIME_thread_1_process_5=109309
SUM_init_thread_1_process_5=0
MEAN_init_thread_1_process_5=0
STDDEV_init_thread_1_process_5=0.0
MEDIAN_init_thread_1_process_5=0
MIN_init_thread_1_process_5=1358
MAX_init_thread_1_process_5=0
SUM_postinit_thread_1_process_5=0
MEAN_postinit_thread_1_process_5=0
STDDEV_postinit_thread_1_process_5=0.0
MEDIAN_postinit_thread_1_process_5=0
MIN_postinit_thread_1_process_5=1358
MAX_postinit_thread_1_process_5=0
SUM_ready_thread_1_process_5=2618
MEAN_ready_thread_1_process_5=1309
STDDEV_ready_thread_1_process_5=458.0
MEDIAN_ready_thread_1_process_5=1309
MIN_ready_thread_1_process_5=1358
MAX_ready_thread_1_process_5=1767
SUM_rescheduling_thread_1_process_5=0
MEAN_rescheduling_thread_1_process_5=0
STDDEV_rescheduling_thread_1_process_5=0.0
MEDIAN_rescheduling_thread_1_process_5=0
MIN_rescheduling_thread_1_process_5=1358
MAX_rescheduling_thread_1_process_5=0
SUM_running_cpu_thread_1_process_5=14
MEAN_running_cpu_thread_1_process_5=1.27272727273
STDDEV_running_cpu_thread_1_process_5=1.6006197147
MEDIAN_running_cpu_thread_1_process_5=0
MIN_running_cpu_thread_1_process_5=1358
MAX_running_cpu_thread_1_process_5=4
SUM_running_memory_thread_1_process_5=44
MEAN_running_memory_thread_1_process_5=4
STDDEV_running_memory_thread_1_process_5=0.0
MEDIAN_running_memory_thread_1_process_5=4
MIN_running_memory_thread_1_process_5=1358
MAX_running_memory_thread_1_process_5=4
SUM_scheduling_thread_1_process_5=0
MEAN_scheduling_thread_1_process_5=0
STDDEV_scheduling_thread_1_process_5=0.0
MEDIAN_scheduling_thread_1_process_5=0
MIN_scheduling_thread_1_process_5=1358
MAX_scheduling_thread_1_process_5=0
SUM_terminated_thread_1_process_5=0
MEAN_terminated_thread_1_process_5=0
STDDEV_terminated_thread_1_process_5=0.0
MEDIAN_terminated_thread_1_process_5=0
MIN_terminated_thread_1_process_5=1358
MAX_terminated_thread_1_process_5=0
SUM_waiting_io_thread_1_process_5=4277
MEAN_waiting_io_thread_1_process_5=2138.5
STDDEV_waiting_io_thread_1_process_5=251.5
MEDIAN_waiting_io_thread_1_process_5=2138.5
MIN_waiting_io_thread_1_process_5=1358
MAX_waiting_io_thread_1_process_5=2390
SUM_waiting_paging_thread_1_process_5=102355
MEAN_waiting_paging_thread_1_process_5=34118.3333333
STDDEV_waiting_paging_thread_1_process_5=9989.65412592
MEDIAN_waiting_paging_thread_1_process_5=37439
MIN_waiting_paging_thread_1_process_5=1358
MAX_waiting_paging_thread_1_process_5=44350
SUM_TURNAROUNDTIME_thread_1_process_6=110697
SUM_init_thread_1_process_6=0
MEAN_init_thread_1_process_6=0
STDDEV_init_thread_1_process_6=0.0
MEDIAN_init_thread_1_process_6=0
MIN_init_thread_1_process_6=1358
MAX_init_thread_1_process_6=0
SUM_postinit_thread_1_process_6=0
MEAN_postinit_thread_1_process_6=0
STDDEV_postinit_thread_1_process_6=0.0
MEDIAN_postinit_thread_1_process_6=0
MIN_postinit_thread_1_process_6=1358
MAX_postinit_thread_1_process_6=0
SUM_ready_thread_1_process_6=3201
MEAN_ready_thread_1_process_6=1067
STDDEV_ready_thread_1_process_6=505.167299021
MEDIAN_ready_thread_1_process_6=1101
MIN_ready_thread_1_process_6=1358
MAX_ready_thread_1_process_6=1668
SUM_running_cpu_thread_1_process_6=48
MEAN_running_cpu_thread_1_process_6=16
STDDEV_running_cpu_thread_1_process_6=10.0332779622
MEDIAN_running_cpu_thread_1_process_6=21
MIN_running_cpu_thread_1_process_6=1358
MAX_running_cpu_thread_1_process_6=25
SUM_running_memory_thread_1_process_6=12
MEAN_running_memory_thread_1_process_6=4
STDDEV_running_memory_thread_1_process_6=0.0
MEDIAN_running_memory_thread_1_process_6=4
MIN_running_memory_thread_1_process_6=1358
MAX_running_memory_thread_1_process_6=4
SUM_scheduling_thread_1_process_6=0
MEAN_scheduling_thread_1_process_6=0
STDDEV_scheduling_thread_1_process_6=0.0
MEDIAN_scheduling_thread_1_process_6=0
MIN_scheduling_thread_1_process_6=1358
MAX_scheduling_thread_1_process_6=0
SUM_terminated_thread_1_process_6=0
MEAN_terminated_thread_1_process_6=0
STDDEV_terminated_thread_1_process_6=0.0
MEDIAN_terminated_thread_1_process_6=0
MIN_terminated_thread_1_process_6=1358
MAX_terminated_thread_1_process_6=0
SUM_waiting_paging_thread_1_process_6=107435
MEAN_waiting_paging_thread_1_process_6=35811.6666667
STDDEV_waiting_paging_thread_1_process_6=16687.6397839
MEDIAN_waiting_paging_thread_1_process_6=28777
MIN_waiting_paging_thread_1_process_6=1358
MAX_waiting_paging_thread_1_process_6=58838
SUM_TURNAROUNDTIME_thread_1_process_7=86140
SUM_init_thread_1_process_7=0
MEAN_init_thread_1_process_7=0
STDDEV_init_thread_1_process_7=0.0
MEDIAN_init_thread_1_process_7=0
MIN_init_thread_1_process_7=1358
MAX_init_thread_1_process_7=0
SUM_postinit_thread_1_process_7=0
MEAN_postinit_thread_1_process_7=0
STDDEV_postinit_thread_1_process_7=0.0
MEDIAN_postinit_thread_1_process_7=0
MIN_postinit_thread_1_process_7=1358
MAX_postinit_thread_1_process_7=0
SUM_ready_thread_1_process_7=2855
MEAN_ready_thread_1_process_7=1427.5
STDDEV_ready_thread_1_process_7=72.5
MEDIAN_ready_thread_1_process_7=1427.5
MIN_ready_thread_1_process_7=1358
MAX_ready_thread_1_process_7=1500
SUM_rescheduling_thread_1_process_7=0
MEAN_rescheduling_thread_1_process_7=0
STDDEV_rescheduling_thread_1_process_7=0.0
MEDIAN_rescheduling_thread_1_process_7=0
MIN_rescheduling_thread_1_process_7=1358
MAX_rescheduling_thread_1_process_7=0
SUM_running_cpu_thread_1_process_7=179
MEAN_running_cpu_thread_1_process_7=4.58974358974
STDDEV_running_cpu_thread_1_process_7=12.3427918313
MEDIAN_running_cpu_thread_1_process_7=0
MIN_running_cpu_thread_1_process_7=1358
MAX_running_cpu_thread_1_process_7=61
SUM_running_memory_thread_1_process_7=156
MEAN_running_memory_thread_1_process_7=4
STDDEV_running_memory_thread_1_process_7=0.0
MEDIAN_running_memory_thread_1_process_7=4
MIN_running_memory_thread_1_process_7=1358
MAX_running_memory_thread_1_process_7=4
SUM_scheduling_thread_1_process_7=0
MEAN_scheduling_thread_1_process_7=0
STDDEV_scheduling_thread_1_process_7=0.0
MEDIAN_scheduling_thread_1_process_7=0
MIN_scheduling_thread_1_process_7=1358
MAX_scheduling_thread_1_process_7=0
SUM_waiting_io_thread_1_process_7=20778
MEAN_waiting_io_thread_1_process_7=2597.25
STDDEV_waiting_io_thread_1_process_7=3401.28548309
MEDIAN_waiting_io_thread_1_process_7=925.5
MIN_waiting_io_thread_1_process_7=1358
MAX_waiting_io_thread_1_process_7=11236
SUM_waiting_paging_thread_1_process_7=62171
MEAN_waiting_paging_thread_1_process_7=31085.5
STDDEV_waiting_paging_thread_1_process_7=1689.5
MEDIAN_waiting_paging_thread_1_process_7=31085.5
MIN_waiting_paging_thread_1_process_7=1358
MAX_waiting_paging_thread_1_process_7=32775
SUM_TURNAROUNDTIME_thread_1_process_8=95643
SUM_init_thread_1_process_8=0
MEAN_init_thread_1_process_8=0
STDDEV_init_thread_1_process_8=0.0
MEDIAN_init_thread_1_process_8=0
MIN_init_thread_1_process_8=1358
MAX_init_thread_1_process_8=0
SUM_postinit_thread_1_process_8=0
MEAN_postinit_thread_1_process_8=0
STDDEV_postinit_thread_1_process_8=0.0
MEDIAN_postinit_thread_1_process_8=0
MIN_postinit_thread_1_process_8=1358
MAX_postinit_thread_1_process_8=0
SUM_ready_thread_1_process_8=1512
MEAN_ready_thread_1_process_8=1512
STDDEV_ready_thread_1_process_8=0.0
MEDIAN_ready_thread_1_process_8=1512
MIN_ready_thread_1_process_8=1358
MAX_ready_thread_1_process_8=1512
SUM_rescheduling_thread_1_process_8=0
MEAN_rescheduling_thread_1_process_8=0
STDDEV_rescheduling_thread_1_process_8=0.0
MEDIAN_rescheduling_thread_1_process_8=0
MIN_rescheduling_thread_1_process_8=1358
MAX_rescheduling_thread_1_process_8=0
SUM_running_cpu_thread_1_process_8=606
MEAN_running_cpu_thread_1_process_8=2.33976833977
STDDEV_running_cpu_thread_1_process_8=12.0491433211
MEDIAN_running_cpu_thread_1_process_8=0
MIN_running_cpu_thread_1_process_8=1358
MAX_running_cpu_thread_1_process_8=97
SUM_running_memory_thread_1_process_8=1036
MEAN_running_memory_thread_1_process_8=4
STDDEV_running_memory_thread_1_process_8=0.0
MEDIAN_running_memory_thread_1_process_8=4
MIN_running_memory_thread_1_process_8=1358
MAX_running_memory_thread_1_process_8=4
SUM_scheduling_thread_1_process_8=0
MEAN_scheduling_thread_1_process_8=0
STDDEV_scheduling_thread_1_process_8=0.0
MEDIAN_scheduling_thread_1_process_8=0
MIN_scheduling_thread_1_process_8=1358
MAX_scheduling_thread_1_process_8=0
SUM_waiting_io_thread_1_process_8=883
MEAN_waiting_io_thread_1_process_8=883
STDDEV_waiting_io_thread_1_process_8=0.0
MEDIAN_waiting_io_thread_1_process_8=883
MIN_waiting_io_thread_1_process_8=1358
MAX_waiting_io_thread_1_process_8=883
SUM_waiting_paging_thread_1_process_8=91605
MEAN_waiting_paging_thread_1_process_8=45802.5
STDDEV_waiting_paging_thread_1_process_8=6036.5
MEDIAN_waiting_paging_thread_1_process_8=45802.5
MIN_waiting_paging_thread_1_process_8=1358
MAX_waiting_paging_thread_1_process_8=51839
SUM_TURNAROUNDTIME_thread_1_process_9=105098
SUM_init_thread_1_process_9=0
MEAN_init_thread_1_process_9=0
STDDEV_init_thread_1_process_9=0.0
MEDIAN_init_thread_1_process_9=0
MIN_init_thread_1_process_9=1358
MAX_init_thread_1_process_9=0
SUM_postinit_thread_1_process_9=0
MEAN_postinit_thread_1_process_9=0
STDDEV_postinit_thread_1_process_9=0.0
MEDIAN_postinit_thread_1_process_9=0
MIN_postinit_thread_1_process_9=1358
MAX_postinit_thread_1_process_9=0
SUM_ready_thread_1_process_9=3228
MEAN_ready_thread_1_process_9=1076
STDDEV_ready_thread_1_process_9=596.893625364
MEDIAN_ready_thread_1_process_9=1159
MIN_ready_thread_1_process_9=1358
MAX_ready_thread_1_process_9=1762
SUM_rescheduling_thread_1_process_9=0
MEAN_rescheduling_thread_1_process_9=0
STDDEV_rescheduling_thread_1_process_9=0.0
MEDIAN_rescheduling_thread_1_process_9=0
MIN_rescheduling_thread_1_process_9=1358
MAX_rescheduling_thread_1_process_9=0
SUM_running_cpu_thread_1_process_9=327
MEAN_running_cpu_thread_1_process_9=6.41176470588
STDDEV_running_cpu_thread_1_process_9=17.2367328584
MEDIAN_running_cpu_thread_1_process_9=0
MIN_running_cpu_thread_1_process_9=1358
MAX_running_cpu_thread_1_process_9=85
SUM_running_memory_thread_1_process_9=204
MEAN_running_memory_thread_1_process_9=4
STDDEV_running_memory_thread_1_process_9=0.0
MEDIAN_running_memory_thread_1_process_9=4
MIN_running_memory_thread_1_process_9=1358
MAX_running_memory_thread_1_process_9=4
SUM_scheduling_thread_1_process_9=0
MEAN_scheduling_thread_1_process_9=0
STDDEV_scheduling_thread_1_process_9=0.0
MEDIAN_scheduling_thread_1_process_9=0
MIN_scheduling_thread_1_process_9=1358
MAX_scheduling_thread_1_process_9=0
SUM_terminated_thread_1_process_9=0
MEAN_terminated_thread_1_process_9=0
STDDEV_terminated_thread_1_process_9=0.0
MEDIAN_terminated_thread_1_process_9=0
MIN_terminated_thread_1_process_9=1358
MAX_terminated_thread_1_process_9=0
SUM_waiting_io_thread_1_process_9=32952
MEAN_waiting_io_thread_1_process_9=3295.2
STDDEV_waiting_io_thread_1_process_9=3846.22949913
MEDIAN_waiting_io_thread_1_process_9=924.5
MIN_waiting_io_thread_1_process_9=1358
MAX_waiting_io_thread_1_process_9=11283
SUM_waiting_paging_thread_1_process_9=68386
MEAN_waiting_paging_thread_1_process_9=34193
STDDEV_waiting_paging_thread_1_process_9=3036.0
MEDIAN_waiting_paging_thread_1_process_9=34193
MIN_waiting_paging_thread_1_process_9=1358
MAX_waiting_paging_thread_1_process_9=37229
SUM_TURNAROUNDTIME_thread_2_process_0=77241
SUM_init_thread_2_process_0=0
MEAN_init_thread_2_process_0=0
STDDEV_init_thread_2_process_0=0.0
MEDIAN_init_thread_2_process_0=0
MIN_init_thread_2_process_0=1358
MAX_init_thread_2_process_0=0
SUM_postinit_thread_2_process_0=0
MEAN_postinit_thread_2_process_0=0
STDDEV_postinit_thread_2_process_0=0.0
MEDIAN_postinit_thread_2_process_0=0
MIN_postinit_thread_2_process_0=1358
MAX_postinit_thread_2_process_0=0
SUM_running_cpu_thread_2_process_0=371
MEAN_running_cpu_thread_2_process_0=4.5243902439
STDDEV_running_cpu_thread_2_process_0=17.5931150681
MEDIAN_running_cpu_thread_2_process_0=0
MIN_running_cpu_thread_2_process_0=1358
MAX_running_cpu_thread_2_process_0=123
SUM_running_memory_thread_2_process_0=328
MEAN_running_memory_thread_2_process_0=4
STDDEV_running_memory_thread_2_process_0=0.0
MEDIAN_running_memory_thread_2_process_0=4
MIN_running_memory_thread_2_process_0=1358
MAX_running_memory_thread_2_process_0=4
SUM_scheduling_thread_2_process_0=0
MEAN_scheduling_thread_2_process_0=0
STDDEV_scheduling_thread_2_process_0=0.0
MEDIAN_scheduling_thread_2_process_0=0
MIN_scheduling_thread_2_process_0=1358
MAX_scheduling_thread_2_process_0=0
SUM_waiting_paging_thread_2_process_0=76541
MEAN_waiting_paging_thread_2_process_0=19135.25
STDDEV_waiting_paging_thread_2_process_0=9312.80047502
MEDIAN_waiting_paging_thread_2_process_0=21198
MIN_waiting_paging_thread_2_process_0=1358
MAX_waiting_paging_thread_2_process_0=29903
SUM_TURNAROUNDTIME_thread_2_process_1=98265
SUM_init_thread_2_process_1=0
MEAN_init_thread_2_process_1=0
STDDEV_init_thread_2_process_1=0.0
MEDIAN_init_thread_2_process_1=0
MIN_init_thread_2_process_1=1358
MAX_init_thread_2_process_1=0
SUM_postinit_thread_2_process_1=0
MEAN_postinit_thread_2_process_1=0
STDDEV_postinit_thread_2_process_1=0.0
MEDIAN_postinit_thread_2_process_1=0
MIN_postinit_thread_2_process_1=1358
MAX_postinit_thread_2_process_1=0
SUM_ready_thread_2_process_1=3166
MEAN_ready_thread_2_process_1=1055.33333333
STDDEV_ready_thread_2_process_1=768.184150376
MEDIAN_ready_thread_2_process_1=828
MIN_ready_thread_2_process_1=1358
MAX_ready_thread_2_process_1=2089
SUM_rescheduling_thread_2_process_1=0
MEAN_rescheduling_thread_2_process_1=0
STDDEV_rescheduling_thread_2_process_1=0.0
MEDIAN_rescheduling_thread_2_process_1=0
MIN_rescheduling_thread_2_process_1=1358
MAX_rescheduling_thread_2_process_1=0
SUM_running_cpu_thread_2_process_1=32
MEAN_running_cpu_thread_2_process_1=2.46153846154
STDDEV_running_cpu_thread_2_process_1=2.95128093742
MEDIAN_running_cpu_thread_2_process_1=1
MIN_running_cpu_thread_2_process_1=1358
MAX_running_cpu_thread_2_process_1=8
SUM_running_memory_thread_2_process_1=52
MEAN_running_memory_thread_2_process_1=4
STDDEV_running_memory_thread_2_process_1=0.0
MEDIAN_running_memory_thread_2_process_1=4
MIN_running_memory_thread_2_process_1=1358
MAX_running_memory_thread_2_process_1=4
SUM_scheduling_thread_2_process_1=0
MEAN_scheduling_thread_2_process_1=0
STDDEV_scheduling_thread_2_process_1=0.0
MEDIAN_scheduling_thread_2_process_1=0
MIN_scheduling_thread_2_process_1=1358
MAX_scheduling_thread_2_process_1=0
SUM_waiting_io_thread_2_process_1=21352
MEAN_waiting_io_thread_2_process_1=5338
STDDEV_waiting_io_thread_2_process_1=4182.84598091
MEDIAN_waiting_io_thread_2_process_1=4914.5
MIN_waiting_io_thread_2_process_1=1358
MAX_waiting_io_thread_2_process_1=10554
SUM_waiting_paging_thread_2_process_1=73662
MEAN_waiting_paging_thread_2_process_1=36831
STDDEV_waiting_paging_thread_2_process_1=15191.0
MEDIAN_waiting_paging_thread_2_process_1=36831
MIN_waiting_paging_thread_2_process_1=1358
MAX_waiting_paging_thread_2_process_1=52022
SUM_TURNAROUNDTIME_thread_2_process_2=74254
SUM_init_thread_2_process_2=0
MEAN_init_thread_2_process_2=0
STDDEV_init_thread_2_process_2=0.0
MEDIAN_init_thread_2_process_2=0
MIN_init_thread_2_process_2=1358
MAX_init_thread_2_process_2=0
SUM_postinit_thread_2_process_2=0
MEAN_postinit_thread_2_process_2=0
STDDEV_postinit_thread_2_process_2=0.0
MEDIAN_postinit_thread_2_process_2=0
MIN_postinit_thread_2_process_2=1358
MAX_postinit_thread_2_process_2=0
SUM_ready_thread_2_process_2=997
MEAN_ready_thread_2_process_2=498.5
STDDEV_ready_thread_2_process_2=99.5
MEDIAN_ready_thread_2_process_2=498.5
MIN_ready_thread_2_process_2=1358
MAX_ready_thread_2_process_2=598
SUM_rescheduling_thread_2_process_2=0
MEAN_rescheduling_thread_2_process_2=0
STDDEV_rescheduling_thread_2_process_2=0.0
MEDIAN_rescheduling_thread_2_process_2=0
MIN_rescheduling_thread_2_process_2=1358
MAX_rescheduling_thread_2_process_2=0
SUM_running_cpu_thread_2_process_2=722
MEAN_running_cpu_thread_2_process_2=4.29761904762
STDDEV_running_cpu_thread_2_process_2=17.8937204747
MEDIAN_running_cpu_thread_2_process_2=0
MIN_running_cpu_thread_2_process_2=1358
MAX_running_cpu_thread_2_process_2=123
SUM_running_memory_thread_2_process_2=672
MEAN_running_memory_thread_2_process_2=4
STDDEV_running_memory_thread_2_process_2=0.0
MEDIAN_running_memory_thread_2_process_2=4
MIN_running_memory_thread_2_process_2=1358
MAX_running_memory_thread_2_process_2=4
SUM_scheduling_thread_2_process_2=0
MEAN_scheduling_thread_2_process_2=0
STDDEV_scheduling_thread_2_process_2=0.0
MEDIAN_scheduling_thread_2_process_2=0
MIN_scheduling_thread_2_process_2=1358
MAX_scheduling_thread_2_process_2=0
SUM_waiting_io_thread_2_process_2=1086
MEAN_waiting_io_thread_2_process_2=1086
STDDEV_waiting_io_thread_2_process_2=0.0
MEDIAN_waiting_io_thread_2_process_2=1086
MIN_waiting_io_thread_2_process_2=1358
MAX_waiting_io_thread_2_process_2=1086
SUM_waiting_paging_thread_2_process_2=70776
MEAN_waiting_paging_thread_2_process_2=35388
STDDEV_waiting_paging_thread_2_process_2=15115.0
MEDIAN_waiting_paging_thread_2_process_2=35388
MIN_waiting_paging_thread_2_process_2=1358
MAX_waiting_paging_thread_2_process_2=50503
SUM_TURNAROUNDTIME_thread_2_process_3=99157
SUM_init_thread_2_process_3=0
MEAN_init_thread_2_process_3=0
STDDEV_init_thread_2_process_3=0.0
MEDIAN_init_thread_2_process_3=0
MIN_init_thread_2_process_3=1358
MAX_init_thread_2_process_3=0
SUM_postinit_thread_2_process_3=0
MEAN_postinit_thread_2_process_3=0
STDDEV_postinit_thread_2_process_3=0.0
MEDIAN_postinit_thread_2_process_3=0
MIN_postinit_thread_2_process_3=1358
MAX_postinit_thread_2_process_3=0
SUM_ready_thread_2_process_3=3177
MEAN_ready_thread_2_process_3=1059
STDDEV_ready_thread_2_process_3=645.450230459
MEDIAN_ready_thread_2_process_3=686
MIN_ready_thread_2_process_3=1358
MAX_ready_thread_2_process_3=1967
SUM_rescheduling_thread_2_process_3=0
MEAN_rescheduling_thread_2_process_3=0
STDDEV_rescheduling_thread_2_process_3=0.0
MEDIAN_rescheduling_thread_2_process_3=0
MIN_rescheduling_thread_2_process_3=1358
MAX_rescheduling_thread_2_process_3=0
SUM_running_cpu_thread_2_process_3=46
MEAN_running_cpu_thread_2_process_3=5.75
STDDEV_running_cpu_thread_2_process_3=10.9857862714
MEDIAN_running_cpu_thread_2_process_3=0.5
MIN_running_cpu_thread_2_process_3=1358
MAX_running_cpu_thread_2_process_3=34
SUM_running_memory_thread_2_process_3=32
MEAN_running_memory_thread_2_process_3=4
STDDEV_running_memory_thread_2_process_3=0.0
MEDIAN_running_memory_thread_2_process_3=4
MIN_running_memory_thread_2_process_3=1358
MAX_running_memory_thread_2_process_3=4
SUM_scheduling_thread_2_process_3=0
MEAN_scheduling_thread_2_process_3=0
STDDEV_scheduling_thread_2_process_3=0.0
MEDIAN_scheduling_thread_2_process_3=0
MIN_scheduling_thread_2_process_3=1358
MAX_scheduling_thread_2_process_3=0
SUM_waiting_io_thread_2_process_3=11574
MEAN_waiting_io_thread_2_process_3=5787
STDDEV_waiting_io_thread_2_process_3=4226.0
MEDIAN_waiting_io_thread_2_process_3=5787
MIN_waiting_io_thread_2_process_3=1358
MAX_waiting_io_thread_2_process_3=10013
SUM_waiting_paging_thread_2_process_3=84327
MEAN_waiting_paging_thread_2_process_3=28109
STDDEV_waiting_paging_thread_2_process_3=17545.9904442
MEDIAN_waiting_paging_thread_2_process_3=20883
MIN_waiting_paging_thread_2_process_3=1358
MAX_waiting_paging_thread_2_process_3=52280
SUM_TURNAROUNDTIME_thread_2_process_4=85412
SUM_init_thread_2_process_4=0
MEAN_init_thread_2_process_4=0
STDDEV_init_thread_2_process_4=0.0
MEDIAN_init_thread_2_process_4=0
MIN_init_thread_2_process_4=1358
MAX_init_thread_2_process_4=0
SUM_postinit_thread_2_process_4=0
MEAN_postinit_thread_2_process_4=0
STDDEV_postinit_thread_2_process_4=0.0
MEDIAN_postinit_thread_2_process_4=0
MIN_postinit_thread_2_process_4=1358
MAX_postinit_thread_2_process_4=0
SUM_ready_thread_2_process_4=2560
MEAN_ready_thread_2_process_4=1280
STDDEV_ready_thread_2_process_4=505.0
MEDIAN_ready_thread_2_process_4=1280
MIN_ready_thread_2_process_4=1358
MAX_ready_thread_2_process_4=1785
SUM_running_cpu_thread_2_process_4=309
MEAN_running_cpu_thread_2_process_4=5.61818181818
STDDEV_running_cpu_thread_2_process_4=20.49965934
MEDIAN_running_cpu_thread_2_process_4=0
MIN_running_cpu_thread_2_process_4=1358
MAX_running_cpu_thread_2_process_4=123
SUM_running_memory_thread_2_process_4=220
MEAN_running_memory_thread_2_process_4=4
STDDEV_running_memory_thread_2_process_4=0.0
MEDIAN_running_memory_thread_2_process_4=4
MIN_running_memory_thread_2_process_4=1358
MAX_running_memory_thread_2_process_4=4
SUM_scheduling_thread_2_process_4=0
MEAN_scheduling_thread_2_process_4=0
STDDEV_scheduling_thread_2_process_4=0.0
MEDIAN_scheduling_thread_2_process_4=0
MIN_scheduling_thread_2_process_4=1358
MAX_scheduling_thread_2_process_4=0
SUM_waiting_paging_thread_2_process_4=82322
MEAN_waiting_paging_thread_2_process_4=27440.6666667
STDDEV_waiting_paging_thread_2_process_4=11216.9476042
MEDIAN_waiting_paging_thread_2_process_4=34053
MIN_waiting_paging_thread_2_process_4=1358
MAX_waiting_paging_thread_2_process_4=36622
SUM_TURNAROUNDTIME_thread_2_process_5=87848
SUM_init_thread_2_process_5=0
MEAN_init_thread_2_process_5=0
STDDEV_init_thread_2_process_5=0.0
MEDIAN_init_thread_2_process_5=0
MIN_init_thread_2_process_5=1358
MAX_init_thread_2_process_5=0
SUM_postinit_thread_2_process_5=0
MEAN_postinit_thread_2_process_5=0
STDDEV_postinit_thread_2_process_5=0.0
MEDIAN_postinit_thread_2_process_5=0
MIN_postinit_thread_2_process_5=1358
MAX_postinit_thread_2_process_5=0
SUM_ready_thread_2_process_5=3188
MEAN_ready_thread_2_process_5=1062.66666667
STDDEV_ready_thread_2_process_5=472.64668505
MEDIAN_ready_thread_2_process_5=1026
MIN_ready_thread_2_process_5=1358
MAX_ready_thread_2_process_5=1659
SUM_rescheduling_thread_2_process_5=0
MEAN_rescheduling_thread_2_process_5=0
STDDEV_rescheduling_thread_2_process_5=0.0
MEDIAN_rescheduling_thread_2_process_5=0
MIN_rescheduling_thread_2_process_5=1358
MAX_rescheduling_thread_2_process_5=0
SUM_running_cpu_thread_2_process_5=12
MEAN_running_cpu_thread_2_process_5=1.71428571429
STDDEV_running_cpu_thread_2_process_5=2.76272565797
MEDIAN_running_cpu_thread_2_process_5=0
MIN_running_cpu_thread_2_process_5=1358
MAX_running_cpu_thread_2_process_5=8
SUM_running_memory_thread_2_process_5=28
MEAN_running_memory_thread_2_process_5=4
STDDEV_running_memory_thread_2_process_5=0.0
MEDIAN_running_memory_thread_2_process_5=4
MIN_running_memory_thread_2_process_5=1358
MAX_running_memory_thread_2_process_5=4
SUM_scheduling_thread_2_process_5=0
MEAN_scheduling_thread_2_process_5=0
STDDEV_scheduling_thread_2_process_5=0.0
MEDIAN_scheduling_thread_2_process_5=0
MIN_scheduling_thread_2_process_5=1358
MAX_scheduling_thread_2_process_5=0
SUM_waiting_io_thread_2_process_5=11522
MEAN_waiting_io_thread_2_process_5=5761
STDDEV_waiting_io_thread_2_process_5=4991.0
MEDIAN_waiting_io_thread_2_process_5=5761
MIN_waiting_io_thread_2_process_5=1358
MAX_waiting_io_thread_2_process_5=10752
SUM_waiting_paging_thread_2_process_5=73097
MEAN_waiting_paging_thread_2_process_5=36548.5
STDDEV_waiting_paging_thread_2_process_5=7819.5
MEDIAN_waiting_paging_thread_2_process_5=36548.5
MIN_waiting_paging_thread_2_process_5=1358
MAX_waiting_paging_thread_2_process_5=44368
SUM_TURNAROUNDTIME_thread_2_process_6=80889
SUM_init_thread_2_process_6=0
MEAN_init_thread_2_process_6=0
STDDEV_init_thread_2_process_6=0.0
MEDIAN_init_thread_2_process_6=0
MIN_init_thread_2_process_6=1358
MAX_init_thread_2_process_6=0
SUM_postinit_thread_2_process_6=0
MEAN_postinit_thread_2_process_6=0
STDDEV_postinit_thread_2_process_6=0.0
MEDIAN_postinit_thread_2_process_6=0
MIN_postinit_thread_2_process_6=1358
MAX_postinit_thread_2_process_6=0
SUM_ready_thread_2_process_6=2849
MEAN_ready_thread_2_process_6=1424.5
STDDEV_ready_thread_2_process_6=145.5
MEDIAN_ready_thread_2_process_6=1424.5
MIN_ready_thread_2_process_6=1358
MAX_ready_thread_2_process_6=1570
SUM_running_cpu_thread_2_process_6=141
MEAN_running_cpu_thread_2_process_6=35.25
STDDEV_running_cpu_thread_2_process_6=26.099568962
MEDIAN_running_cpu_thread_2_process_6=34
MIN_running_cpu_thread_2_process_6=1358
MAX_running_cpu_thread_2_process_6=71
SUM_running_memory_thread_2_process_6=16
MEAN_running_memory_thread_2_process_6=4
STDDEV_running_memory_thread_2_process_6=0.0
MEDIAN_running_memory_thread_2_process_6=4
MIN_running_memory_thread_2_process_6=1358
MAX_running_memory_thread_2_process_6=4
SUM_scheduling_thread_2_process_6=0
MEAN_scheduling_thread_2_process_6=0
STDDEV_scheduling_thread_2_process_6=0.0
MEDIAN_scheduling_thread_2_process_6=0
MIN_scheduling_thread_2_process_6=1358
MAX_scheduling_thread_2_process_6=0
SUM_waiting_paging_thread_2_process_6=77882
MEAN_waiting_paging_thread_2_process_6=25960.6666667
STDDEV_waiting_paging_thread_2_process_6=12657.9484997
MEDIAN_waiting_paging_thread_2_process_6=28981
MIN_waiting_paging_thread_2_process_6=1358
MAX_waiting_paging_thread_2_process_6=39731
SUM_TURNAROUNDTIME_thread_2_process_7=78829
SUM_init_thread_2_process_7=0
MEAN_init_thread_2_process_7=0
STDDEV_init_thread_2_process_7=0.0
MEDIAN_init_thread_2_process_7=0
MIN_init_thread_2_process_7=1358
MAX_init_thread_2_process_7=0
SUM_postinit_thread_2_process_7=0
MEAN_postinit_thread_2_process_7=0
STDDEV_postinit_thread_2_process_7=0.0
MEDIAN_postinit_thread_2_process_7=0
MIN_postinit_thread_2_process_7=1358
MAX_postinit_thread_2_process_7=0
SUM_ready_thread_2_process_7=1590
MEAN_ready_thread_2_process_7=530
STDDEV_ready_thread_2_process_7=685.581505001
MEDIAN_ready_thread_2_process_7=74
MIN_ready_thread_2_process_7=1358
MAX_ready_thread_2_process_7=1499
SUM_rescheduling_thread_2_process_7=0
MEAN_rescheduling_thread_2_process_7=0
STDDEV_rescheduling_thread_2_process_7=0.0
MEDIAN_rescheduling_thread_2_process_7=0
MIN_rescheduling_thread_2_process_7=1358
MAX_rescheduling_thread_2_process_7=0
SUM_running_cpu_thread_2_process_7=32
MEAN_running_cpu_thread_2_process_7=2.46153846154
STDDEV_running_cpu_thread_2_process_7=2.95128093742
MEDIAN_running_cpu_thread_2_process_7=1
MIN_running_cpu_thread_2_process_7=1358
MAX_running_cpu_thread_2_process_7=8
SUM_running_memory_thread_2_process_7=52
MEAN_running_memory_thread_2_process_7=4
STDDEV_running_memory_thread_2_process_7=0.0
MEDIAN_running_memory_thread_2_process_7=4
MIN_running_memory_thread_2_process_7=1358
MAX_running_memory_thread_2_process_7=4
SUM_scheduling_thread_2_process_7=0
MEAN_scheduling_thread_2_process_7=0
STDDEV_scheduling_thread_2_process_7=0.0
MEDIAN_scheduling_thread_2_process_7=0
MIN_scheduling_thread_2_process_7=1358
MAX_scheduling_thread_2_process_7=0
SUM_waiting_io_thread_2_process_7=15522
MEAN_waiting_io_thread_2_process_7=3880.5
STDDEV_waiting_io_thread_2_process_7=4257.21490531
MEDIAN_waiting_io_thread_2_process_7=1796
MIN_waiting_io_thread_2_process_7=1358
MAX_waiting_io_thread_2_process_7=11214
SUM_waiting_paging_thread_2_process_7=61632
MEAN_waiting_paging_thread_2_process_7=30816
STDDEV_waiting_paging_thread_2_process_7=13844.0
MEDIAN_waiting_paging_thread_2_process_7=30816
MIN_waiting_paging_thread_2_process_7=1358
MAX_waiting_paging_thread_2_process_7=44660
SUM_TURNAROUNDTIME_thread_2_process_8=110007
SUM_init_thread_2_process_8=0
MEAN_init_thread_2_process_8=0
STDDEV_init_thread_2_process_8=0.0
MEDIAN_init_thread_2_process_8=0
MIN_init_thread_2_process_8=1358
MAX_init_thread_2_process_8=0
SUM_postinit_thread_2_process_8=0
MEAN_postinit_thread_2_process_8=0
STDDEV_postinit_thread_2_process_8=0.0
MEDIAN_postinit_thread_2_process_8=0
MIN_postinit_thread_2_process_8=1358
MAX_postinit_thread_2_process_8=0
SUM_ready_thread_2_process_8=2905
MEAN_ready_thread_2_process_8=1452.5
STDDEV_ready_thread_2_process_8=247.5
MEDIAN_ready_thread_2_process_8=1452.5
MIN_ready_thread_2_process_8=1358
MAX_ready_thread_2_process_8=1700
SUM_running_cpu_thread_2_process_8=309
MEAN_running_cpu_thread_2_process_8=4.90476190476
STDDEV_running_cpu_thread_2_process_8=19.2450482485
MEDIAN_running_cpu_thread_2_process_8=0
MIN_running_cpu_thread_2_process_8=1358
MAX_running_cpu_thread_2_process_8=123
SUM_running_memory_thread_2_process_8=252
MEAN_running_memory_thread_2_process_8=4
STDDEV_running_memory_thread_2_process_8=0.0
MEDIAN_running_memory_thread_2_process_8=4
MIN_running_memory_thread_2_process_8=1358
MAX_running_memory_thread_2_process_8=4
SUM_scheduling_thread_2_process_8=0
MEAN_scheduling_thread_2_process_8=0
STDDEV_scheduling_thread_2_process_8=0.0
MEDIAN_scheduling_thread_2_process_8=0
MIN_scheduling_thread_2_process_8=1358
MAX_scheduling_thread_2_process_8=0
SUM_terminated_thread_2_process_8=0
MEAN_terminated_thread_2_process_8=0
STDDEV_terminated_thread_2_process_8=0.0
MEDIAN_terminated_thread_2_process_8=0
MIN_terminated_thread_2_process_8=1358
MAX_terminated_thread_2_process_8=0
SUM_waiting_paging_thread_2_process_8=106540
MEAN_waiting_paging_thread_2_process_8=35513.3333333
STDDEV_waiting_paging_thread_2_process_8=22940.327727
MEDIAN_waiting_paging_thread_2_process_8=51281
MIN_waiting_paging_thread_2_process_8=1358
MAX_waiting_paging_thread_2_process_8=52184
SUM_TURNAROUNDTIME_thread_2_process_9=89778
SUM_init_thread_2_process_9=0
MEAN_init_thread_2_process_9=0
STDDEV_init_thread_2_process_9=0.0
MEDIAN_init_thread_2_process_9=0
MIN_init_thread_2_process_9=1358
MAX_init_thread_2_process_9=0
SUM_postinit_thread_2_process_9=0
MEAN_postinit_thread_2_process_9=0
STDDEV_postinit_thread_2_process_9=0.0
MEDIAN_postinit_thread_2_process_9=0
MIN_postinit_thread_2_process_9=1358
MAX_postinit_thread_2_process_9=0
SUM_ready_thread_2_process_9=2972
MEAN_ready_thread_2_process_9=1486
STDDEV_ready_thread_2_process_9=465.0
MEDIAN_ready_thread_2_process_9=1486
MIN_ready_thread_2_process_9=1358
MAX_ready_thread_2_process_9=1951
SUM_rescheduling_thread_2_process_9=0
MEAN_rescheduling_thread_2_process_9=0
STDDEV_rescheduling_thread_2_process_9=0.0
MEDIAN_rescheduling_thread_2_process_9=0
MIN_rescheduling_thread_2_process_9=1358
MAX_rescheduling_thread_2_process_9=0
SUM_running_cpu_thread_2_process_9=206
MEAN_running_cpu_thread_2_process_9=6.24242424242
STDDEV_running_cpu_thread_2_process_9=16.8271611301
MEDIAN_running_cpu_thread_2_process_9=0
MIN_running_cpu_thread_2_process_9=1358
MAX_running_cpu_thread_2_process_9=85
SUM_running_memory_thread_2_process_9=132
MEAN_running_memory_thread_2_process_9=4
STDDEV_running_memory_thread_2_process_9=0.0
MEDIAN_running_memory_thread_2_process_9=4
MIN_running_memory_thread_2_process_9=1358
MAX_running_memory_thread_2_process_9=4
SUM_scheduling_thread_2_process_9=0
MEAN_scheduling_thread_2_process_9=0
STDDEV_scheduling_thread_2_process_9=0.0
MEDIAN_scheduling_thread_2_process_9=0
MIN_scheduling_thread_2_process_9=1358
MAX_scheduling_thread_2_process_9=0
SUM_waiting_io_thread_2_process_9=29243
MEAN_waiting_io_thread_2_process_9=2924.3
STDDEV_waiting_io_thread_2_process_9=3158.91551169
MEDIAN_waiting_io_thread_2_process_9=1161.5
MIN_waiting_io_thread_2_process_9=1358
MAX_waiting_io_thread_2_process_9=9874
SUM_waiting_paging_thread_2_process_9=57224
MEAN_waiting_paging_thread_2_process_9=28612
STDDEV_waiting_paging_thread_2_process_9=29.0
MEDIAN_waiting_paging_thread_2_process_9=28612
MIN_waiting_paging_thread_2_process_9=1358
MAX_waiting_paging_thread_2_process_9=28641
SUM_TURNAROUNDTIME_thread_3_process_0=107081
SUM_init_thread_3_process_0=0
MEAN_init_thread_3_process_0=0
STDDEV_init_thread_3_process_0=0.0
MEDIAN_init_thread_3_process_0=0
MIN_init_thread_3_process_0=1358
MAX_init_thread_3_process_0=0
SUM_postinit_thread_3_process_0=0
MEAN_postinit_thread_3_process_0=0
STDDEV_postinit_thread_3_process_0=0.0
MEDIAN_postinit_thread_3_process_0=0
MIN_postinit_thread_3_process_0=1358
MAX_postinit_thread_3_process_0=0
SUM_ready_thread_3_process_0=3160
MEAN_ready_thread_3_process_0=1053.33333333
STDDEV_ready_thread_3_process_0=834.219129219
MEDIAN_ready_thread_3_process_0=887
MIN_ready_thread_3_process_0=1358
MAX_ready_thread_3_process_0=2148
SUM_running_cpu_thread_3_process_0=70
MEAN_running_cpu_thread_3_process_0=17.5
STDDEV_running_cpu_thread_3_process_0=9.06917857361
MEDIAN_running_cpu_thread_3_process_0=21.5
MIN_running_cpu_thread_3_process_0=1358
MAX_running_cpu_thread_3_process_0=25
SUM_running_memory_thread_3_process_0=16
MEAN_running_memory_thread_3_process_0=4
STDDEV_running_memory_thread_3_process_0=0.0
MEDIAN_running_memory_thread_3_process_0=4
MIN_running_memory_thread_3_process_0=1358
MAX_running_memory_thread_3_process_0=4
SUM_scheduling_thread_3_process_0=0
MEAN_scheduling_thread_3_process_0=0
STDDEV_scheduling_thread_3_process_0=0.0
MEDIAN_scheduling_thread_3_process_0=0
MIN_scheduling_thread_3_process_0=1358
MAX_scheduling_thread_3_process_0=0
SUM_terminated_thread_3_process_0=0
MEAN_terminated_thread_3_process_0=0
STDDEV_terminated_thread_3_process_0=0.0
MEDIAN_terminated_thread_3_process_0=0
MIN_terminated_thread_3_process_0=1358
MAX_terminated_thread_3_process_0=0
SUM_waiting_paging_thread_3_process_0=103834
MEAN_waiting_paging_thread_3_process_0=25958.5
STDDEV_waiting_paging_thread_3_process_0=7658.43863003
MEDIAN_waiting_paging_thread_3_process_0=25374.5
MIN_waiting_paging_thread_3_process_0=1358
MAX_waiting_paging_thread_3_process_0=36917
SUM_TURNAROUNDTIME_thread_3_process_1=90718
SUM_init_thread_3_process_1=0
MEAN_init_thread_3_process_1=0
STDDEV_init_thread_3_process_1=0.0
MEDIAN_init_thread_3_process_1=0
MIN_init_thread_3_process_1=1358
MAX_init_thread_3_process_1=0
SUM_postinit_thread_3_process_1=0
MEAN_postinit_thread_3_process_1=0
STDDEV_postinit_thread_3_process_1=0.0
MEDIAN_postinit_thread_3_process_1=0
MIN_postinit_thread_3_process_1=1358
MAX_postinit_thread_3_process_1=0
SUM_ready_thread_3_process_1=3169
MEAN_ready_thread_3_process_1=1056.33333333
STDDEV_ready_thread_3_process_1=702.207155253
MEDIAN_ready_thread_3_process_1=770
MIN_ready_thread_3_process_1=1358
MAX_ready_thread_3_process_1=2023
SUM_rescheduling_thread_3_process_1=0
MEAN_rescheduling_thread_3_process_1=0
STDDEV_rescheduling_thread_3_process_1=0.0
MEDIAN_rescheduling_thread_3_process_1=0
MIN_rescheduling_thread_3_process_1=1358
MAX_rescheduling_thread_3_process_1=0
SUM_running_cpu_thread_3_process_1=58
MEAN_running_cpu_thread_3_process_1=3.625
STDDEV_running_cpu_thread_3_process_1=9.64284060845
MEDIAN_running_cpu_thread_3_process_1=0
MIN_running_cpu_thread_3_process_1=1358
MAX_running_cpu_thread_3_process_1=40
SUM_running_memory_thread_3_process_1=64
MEAN_running_memory_thread_3_process_1=4
STDDEV_running_memory_thread_3_process_1=0.0
MEDIAN_running_memory_thread_3_process_1=4
MIN_running_memory_thread_3_process_1=1358
MAX_running_memory_thread_3_process_1=4
SUM_scheduling_thread_3_process_1=0
MEAN_scheduling_thread_3_process_1=0
STDDEV_scheduling_thread_3_process_1=0.0
MEDIAN_scheduling_thread_3_process_1=0
MIN_scheduling_thread_3_process_1=1358
MAX_scheduling_thread_3_process_1=0
SUM_waiting_io_thread_3_process_1=20748
MEAN_waiting_io_thread_3_process_1=6916
STDDEV_waiting_io_thread_3_process_1=4110.33048144
MEDIAN_waiting_io_thread_3_process_1=9316
MIN_waiting_io_thread_3_process_1=1358
MAX_waiting_io_thread_3_process_1=10301
SUM_waiting_paging_thread_3_process_1=66678
MEAN_waiting_paging_thread_3_process_1=33339
STDDEV_waiting_paging_thread_3_process_1=26464.0
MEDIAN_waiting_paging_thread_3_process_1=33339
MIN_waiting_paging_thread_3_process_1=1358
MAX_waiting_paging_thread_3_process_1=59803
SUM_TURNAROUNDTIME_thread_3_process_2=88883
SUM_init_thread_3_process_2=0
MEAN_init_thread_3_process_2=0
STDDEV_init_thread_3_process_2=0.0
MEDIAN_init_thread_3_process_2=0
MIN_init_thread_3_process_2=1358
MAX_init_thread_3_process_2=0
SUM_postinit_thread_3_process_2=0
MEAN_postinit_thread_3_process_2=0
STDDEV_postinit_thread_3_process_2=0.0
MEDIAN_postinit_thread_3_process_2=0
MIN_postinit_thread_3_process_2=1358
MAX_postinit_thread_3_process_2=0
SUM_ready_thread_3_process_2=1632
MEAN_ready_thread_3_process_2=544
STDDEV_ready_thread_3_process_2=359.225091922
MEDIAN_ready_thread_3_process_2=476
MIN_ready_thread_3_process_2=1358
MAX_ready_thread_3_process_2=1014
SUM_rescheduling_thread_3_process_2=0
MEAN_rescheduling_thread_3_process_2=0
STDDEV_rescheduling_thread_3_process_2=0.0
MEDIAN_rescheduling_thread_3_process_2=0
MIN_rescheduling_thread_3_process_2=1358
MAX_rescheduling_thread_3_process_2=0
SUM_running_cpu_thread_3_process_2=687
MEAN_running_cpu_thread_3_process_2=2.25245901639
STDDEV_running_cpu_thread_3_process_2=11.8733149839
MEDIAN_running_cpu_thread_3_process_2=0
MIN_running_cpu_thread_3_process_2=1358
MAX_running_cpu_thread_3_process_2=97
SUM_running_memory_thread_3_process_2=1220
MEAN_running_memory_thread_3_process_2=4
STDDEV_running_memory_thread_3_process_2=0.0
MEDIAN_running_memory_thread_3_process_2=4
MIN_running_memory_thread_3_process_2=1358
MAX_running_memory_thread_3_process_2=4
SUM_scheduling_thread_3_process_2=0
MEAN_scheduling_thread_3_process_2=0
STDDEV_scheduling_thread_3_process_2=0.0
MEDIAN_scheduling_thread_3_process_2=0
MIN_scheduling_thread_3_process_2=1358
MAX_scheduling_thread_3_process_2=0
SUM_waiting_io_thread_3_process_2=524
MEAN_waiting_io_thread_3_process_2=524
STDDEV_waiting_io_thread_3_process_2=0.0
MEDIAN_waiting_io_thread_3_process_2=524
MIN_waiting_io_thread_3_process_2=1358
MAX_waiting_io_thread_3_process_2=524
SUM_waiting_paging_thread_3_process_2=84819
MEAN_waiting_paging_thread_3_process_2=42409.5
STDDEV_waiting_paging_thread_3_process_2=8248.5
MEDIAN_waiting_paging_thread_3_process_2=42409.5
MIN_waiting_paging_thread_3_process_2=1358
MAX_waiting_paging_thread_3_process_2=50658
SUM_TURNAROUNDTIME_thread_3_process_3=113725
SUM_init_thread_3_process_3=0
MEAN_init_thread_3_process_3=0
STDDEV_init_thread_3_process_3=0.0
MEDIAN_init_thread_3_process_3=0
MIN_init_thread_3_process_3=1358
MAX_init_thread_3_process_3=0
SUM_postinit_thread_3_process_3=0
MEAN_postinit_thread_3_process_3=0
STDDEV_postinit_thread_3_process_3=0.0
MEDIAN_postinit_thread_3_process_3=0
MIN_postinit_thread_3_process_3=1358
MAX_postinit_thread_3_process_3=0
SUM_ready_thread_3_process_3=2547
MEAN_ready_thread_3_process_3=1273.5
STDDEV_ready_thread_3_process_3=547.5
MEDIAN_ready_thread_3_process_3=1273.5
MIN_ready_thread_3_process_3=1358
MAX_ready_thread_3_process_3=1821
SUM_rescheduling_thread_3_process_3=0
MEAN_rescheduling_thread_3_process_3=0
STDDEV_rescheduling_thread_3_process_3=0.0
MEDIAN_rescheduling_thread_3_process_3=0
MIN_rescheduling_thread_3_process_3=1358
MAX_rescheduling_thread_3_process_3=0
SUM_running_cpu_thread_3_process_3=58
MEAN_running_cpu_thread_3_process_3=3.625
STDDEV_running_cpu_thread_3_process_3=9.64284060845
MEDIAN_running_cpu_thread_3_process_3=0
MIN_running_cpu_thread_3_process_3=1358
MAX_running_cpu_thread_3_process_3=40
SUM_running_memory_thread_3_process_3=64
MEAN_running_memory_thread_3_process_3=4
STDDEV_running_memory_thread_3_process_3=0.0
MEDIAN_running_memory_thread_3_process_3=4
MIN_running_memory_thread_3_process_3=1358
MAX_running_memory_thread_3_process_3=4
SUM_scheduling_thread_3_process_3=0
MEAN_scheduling_thread_3_process_3=0
STDDEV_scheduling_thread_3_process_3=0.0
MEDIAN_scheduling_thread_3_process_3=0
MIN_scheduling_thread_3_process_3=1358
MAX_scheduling_thread_3_process_3=0
SUM_terminated_thread_3_process_3=0
MEAN_terminated_thread_3_process_3=0
STDDEV_terminated_thread_3_process_3=0.0
MEDIAN_terminated_thread_3_process_3=0
MIN_terminated_thread_3_process_3=1358
MAX_terminated_thread_3_process_3=0
SUM_waiting_io_thread_3_process_3=15227
MEAN_waiting_io_thread_3_process_3=5075.66666667
STDDEV_waiting_io_thread_3_process_3=4730.87887066
MEDIAN_waiting_io_thread_3_process_3=2114
MIN_waiting_io_thread_3_process_3=1358
MAX_waiting_io_thread_3_process_3=11752
SUM_waiting_paging_thread_3_process_3=95828
MEAN_waiting_paging_thread_3_process_3=31942.6666667
STDDEV_waiting_paging_thread_3_process_3=3436.3938786
MEDIAN_waiting_paging_thread_3_process_3=29571
MIN_waiting_paging_thread_3_process_3=1358
MAX_waiting_paging_thread_3_process_3=36802
SUM_TURNAROUNDTIME_thread_3_process_4=93280
SUM_init_thread_3_process_4=0
MEAN_init_thread_3_process_4=0
STDDEV_init_thread_3_process_4=0.0
MEDIAN_init_thread_3_process_4=0
MIN_init_thread_3_process_4=1358
MAX_init_thread_3_process_4=0
SUM_postinit_thread_3_process_4=0
MEAN_postinit_thread_3_process_4=0
STDDEV_postinit_thread_3_process_4=0.0
MEDIAN_postinit_thread_3_process_4=0
MIN_postinit_thread_3_process_4=1358
MAX_postinit_thread_3_process_4=0
SUM_ready_thread_3_process_4=2643
MEAN_ready_thread_3_process_4=1321.5
STDDEV_ready_thread_3_process_4=345.5
MEDIAN_ready_thread_3_process_4=1321.5
MIN_ready_thread_3_process_4=1358
MAX_ready_thread_3_process_4=1667
SUM_running_cpu_thread_3_process_4=167
MEAN_running_cpu_thread_3_process_4=4.63888888889
STDDEV_running_cpu_thread_3_process_4=12.3696599652
MEDIAN_running_cpu_thread_3_process_4=0
MIN_running_cpu_thread_3_process_4=1358
MAX_running_cpu_thread_3_process_4=52
SUM_running_memory_thread_3_process_4=144
MEAN_running_memory_thread_3_process_4=4
STDDEV_running_memory_thread_3_process_4=0.0
MEDIAN_running_memory_thread_3_process_4=4
MIN_running_memory_thread_3_process_4=1358
MAX_running_memory_thread_3_process_4=4
SUM_scheduling_thread_3_process_4=0
MEAN_scheduling_thread_3_process_4=0
STDDEV_scheduling_thread_3_process_4=0.0
MEDIAN_scheduling_thread_3_process_4=0
MIN_scheduling_thread_3_process_4=1358
MAX_scheduling_thread_3_process_4=0
SUM_waiting_paging_thread_3_process_4=90325
MEAN_waiting_paging_thread_3_process_4=22581.25
STDDEV_waiting_paging_thread_3_process_4=12270.8748135
MEDIAN_waiting_paging_thread_3_process_4=23390.5
MIN_waiting_paging_thread_3_process_4=1358
MAX_waiting_paging_thread_3_process_4=36966
SUM_TURNAROUNDTIME_thread_3_process_5=102142
SUM_init_thread_3_process_5=0
MEAN_init_thread_3_process_5=0
STDDEV_init_thread_3_process_5=0.0
MEDIAN_init_thread_3_process_5=0
MIN_init_thread_3_process_5=1358
MAX_init_thread_3_process_5=0
SUM_postinit_thread_3_process_5=0
MEAN_postinit_thread_3_process_5=0
STDDEV_postinit_thread_3_process_5=0.0
MEDIAN_postinit_thread_3_process_5=0
MIN_postinit_thread_3_process_5=1358
MAX_postinit_thread_3_process_5=0
SUM_ready_thread_3_process_5=2836
MEAN_ready_thread_3_process_5=1418
STDDEV_ready_thread_3_process_5=190.0
MEDIAN_ready_thread_3_process_5=1418
MIN_ready_thread_3_process_5=1358
MAX_ready_thread_3_process_5=1608
SUM_rescheduling_thread_3_process_5=0
MEAN_rescheduling_thread_3_process_5=0
STDDEV_rescheduling_thread_3_process_5=0.0
MEDIAN_rescheduling_thread_3_process_5=0
MIN_rescheduling_thread_3_process_5=1358
MAX_rescheduling_thread_3_process_5=0
SUM_running_cpu_thread_3_process_5=13
MEAN_running_cpu_thread_3_process_5=2.16666666667
STDDEV_running_cpu_thread_3_process_5=2.19215773966
MEDIAN_running_cpu_thread_3_process_5=1.5
MIN_running_cpu_thread_3_process_5=1358
MAX_running_cpu_thread_3_process_5=6
SUM_running_memory_thread_3_process_5=24
MEAN_running_memory_thread_3_process_5=4
STDDEV_running_memory_thread_3_process_5=0.0
MEDIAN_running_memory_thread_3_process_5=4
MIN_running_memory_thread_3_process_5=1358
MAX_running_memory_thread_3_process_5=4
SUM_scheduling_thread_3_process_5=0
MEAN_scheduling_thread_3_process_5=0
STDDEV_scheduling_thread_3_process_5=0.0
MEDIAN_scheduling_thread_3_process_5=0
MIN_scheduling_thread_3_process_5=1358
MAX_scheduling_thread_3_process_5=0
SUM_terminated_thread_3_process_5=0
MEAN_terminated_thread_3_process_5=0
STDDEV_terminated_thread_3_process_5=0.0
MEDIAN_terminated_thread_3_process_5=0
MIN_terminated_thread_3_process_5=1358
MAX_terminated_thread_3_process_5=0
SUM_waiting_io_thread_3_process_5=3031
MEAN_waiting_io_thread_3_process_5=3031
STDDEV_waiting_io_thread_3_process_5=0.0
MEDIAN_waiting_io_thread_3_process_5=3031
MIN_waiting_io_thread_3_process_5=1358
MAX_waiting_io_thread_3_process_5=3031
SUM_waiting_paging_thread_3_process_5=96237
MEAN_waiting_paging_thread_3_process_5=32079
STDDEV_waiting_paging_thread_3_process_5=15629.4848923
MEDIAN_waiting_paging_thread_3_process_5=41686
MIN_waiting_paging_thread_3_process_5=1358
MAX_waiting_paging_thread_3_process_5=44515
SUM_TURNAROUNDTIME_thread_3_process_6=96361
SUM_init_thread_3_process_6=0
MEAN_init_thread_3_process_6=0
STDDEV_init_thread_3_process_6=0.0
MEDIAN_init_thread_3_process_6=0
MIN_init_thread_3_process_6=1358
MAX_init_thread_3_process_6=0
SUM_postinit_thread_3_process_6=0
MEAN_postinit_thread_3_process_6=0
STDDEV_postinit_thread_3_process_6=0.0
MEDIAN_postinit_thread_3_process_6=0
MIN_postinit_thread_3_process_6=1358
MAX_postinit_thread_3_process_6=0
SUM_ready_thread_3_process_6=2880
MEAN_ready_thread_3_process_6=1440
STDDEV_ready_thread_3_process_6=41.0
MEDIAN_ready_thread_3_process_6=1440
MIN_ready_thread_3_process_6=1358
MAX_ready_thread_3_process_6=1481
SUM_running_cpu_thread_3_process_6=115
MEAN_running_cpu_thread_3_process_6=3.96551724138
STDDEV_running_cpu_thread_3_process_6=10.3773053396
MEDIAN_running_cpu_thread_3_process_6=0
MIN_running_cpu_thread_3_process_6=1358
MAX_running_cpu_thread_3_process_6=45
SUM_running_memory_thread_3_process_6=116
MEAN_running_memory_thread_3_process_6=4
STDDEV_running_memory_thread_3_process_6=0.0
MEDIAN_running_memory_thread_3_process_6=4
MIN_running_memory_thread_3_process_6=1358
MAX_running_memory_thread_3_process_6=4
SUM_scheduling_thread_3_process_6=0
MEAN_scheduling_thread_3_process_6=0
STDDEV_scheduling_thread_3_process_6=0.0
MEDIAN_scheduling_thread_3_process_6=0
MIN_scheduling_thread_3_process_6=1358
MAX_scheduling_thread_3_process_6=0
SUM_waiting_paging_thread_3_process_6=93249
MEAN_waiting_paging_thread_3_process_6=31083
STDDEV_waiting_paging_thread_3_process_6=12481.7636841
MEDIAN_waiting_paging_thread_3_process_6=34340
MIN_waiting_paging_thread_3_process_6=1358
MAX_waiting_paging_thread_3_process_6=44479
SUM_TURNAROUNDTIME_thread_3_process_7=101201
SUM_init_thread_3_process_7=0
MEAN_init_thread_3_process_7=0
STDDEV_init_thread_3_process_7=0.0
MEDIAN_init_thread_3_process_7=0
MIN_init_thread_3_process_7=1358
MAX_init_thread_3_process_7=0
SUM_postinit_thread_3_process_7=0
MEAN_postinit_thread_3_process_7=0
STDDEV_postinit_thread_3_process_7=0.0
MEDIAN_postinit_thread_3_process_7=0
MIN_postinit_thread_3_process_7=1358
MAX_postinit_thread_3_process_7=0
SUM_ready_thread_3_process_7=2885
MEAN_ready_thread_3_process_7=1442.5
STDDEV_ready_thread_3_process_7=194.5
MEDIAN_ready_thread_3_process_7=1442.5
MIN_ready_thread_3_process_7=1358
MAX_ready_thread_3_process_7=1637
SUM_rescheduling_thread_3_process_7=0
MEAN_rescheduling_thread_3_process_7=0
STDDEV_rescheduling_thread_3_process_7=0.0
MEDIAN_rescheduling_thread_3_process_7=0
MIN_rescheduling_thread_3_process_7=1358
MAX_rescheduling_thread_3_process_7=0
SUM_running_cpu_thread_3_process_7=57
MEAN_running_cpu_thread_3_process_7=3.8
STDDEV_running_cpu_thread_3_process_7=9.93445183859
MEDIAN_running_cpu_thread_3_process_7=0
MIN_running_cpu_thread_3_process_7=1358
MAX_running_cpu_thread_3_process_7=40
SUM_running_memory_thread_3_process_7=60
MEAN_running_memory_thread_3_process_7=4
STDDEV_running_memory_thread_3_process_7=0.0
MEDIAN_running_memory_thread_3_process_7=4
MIN_running_memory_thread_3_process_7=1358
MAX_running_memory_thread_3_process_7=4
SUM_scheduling_thread_3_process_7=0
MEAN_scheduling_thread_3_process_7=0
STDDEV_scheduling_thread_3_process_7=0.0
MEDIAN_scheduling_thread_3_process_7=0
MIN_scheduling_thread_3_process_7=1358
MAX_scheduling_thread_3_process_7=0
SUM_terminated_thread_3_process_7=0
MEAN_terminated_thread_3_process_7=0
STDDEV_terminated_thread_3_process_7=0.0
MEDIAN_terminated_thread_3_process_7=0
MIN_terminated_thread_3_process_7=1358
MAX_terminated_thread_3_process_7=0
SUM_waiting_io_thread_3_process_7=17732
MEAN_waiting_io_thread_3_process_7=5910.66666667
STDDEV_waiting_io_thread_3_process_7=4204.25136684
MEDIAN_waiting_io_thread_3_process_7=5039
MIN_waiting_io_thread_3_process_7=1358
MAX_waiting_io_thread_3_process_7=11440
SUM_waiting_paging_thread_3_process_7=80466
MEAN_waiting_paging_thread_3_process_7=40233
STDDEV_waiting_paging_thread_3_process_7=4111.0
MEDIAN_waiting_paging_thread_3_process_7=40233
MIN_waiting_paging_thread_3_process_7=1358
MAX_waiting_paging_thread_3_process_7=44344
SUM_TURNAROUNDTIME_thread_3_process_8=110006
SUM_init_thread_3_process_8=0
MEAN_init_thread_3_process_8=0
STDDEV_init_thread_3_process_8=0.0
MEDIAN_init_thread_3_process_8=0
MIN_init_thread_3_process_8=1358
MAX_init_thread_3_process_8=0
SUM_postinit_thread_3_process_8=0
MEAN_postinit_thread_3_process_8=0
STDDEV_postinit_thread_3_process_8=0.0
MEDIAN_postinit_thread_3_process_8=0
MIN_postinit_thread_3_process_8=1358
MAX_postinit_thread_3_process_8=0
SUM_ready_thread_3_process_8=2971
MEAN_ready_thread_3_process_8=1485.5
STDDEV_ready_thread_3_process_8=400.5
MEDIAN_ready_thread_3_process_8=1485.5
MIN_ready_thread_3_process_8=1358
MAX_ready_thread_3_process_8=1886
SUM_running_cpu_thread_3_process_8=186
MEAN_running_cpu_thread_3_process_8=1.77142857143
STDDEV_running_cpu_thread_3_process_8=7.75488435069
MEDIAN_running_cpu_thread_3_process_8=0
MIN_running_cpu_thread_3_process_8=1358
MAX_running_cpu_thread_3_process_8=52
SUM_running_memory_thread_3_process_8=420
MEAN_running_memory_thread_3_process_8=4
STDDEV_running_memory_thread_3_process_8=0.0
MEDIAN_running_memory_thread_3_process_8=4
MIN_running_memory_thread_3_process_8=1358
MAX_running_memory_thread_3_process_8=4
SUM_scheduling_thread_3_process_8=0
MEAN_scheduling_thread_3_process_8=0
STDDEV_scheduling_thread_3_process_8=0.0
MEDIAN_scheduling_thread_3_process_8=0
MIN_scheduling_thread_3_process_8=1358
MAX_scheduling_thread_3_process_8=0
SUM_terminated_thread_3_process_8=0
MEAN_terminated_thread_3_process_8=0
STDDEV_terminated_thread_3_process_8=0.0
MEDIAN_terminated_thread_3_process_8=0
MIN_terminated_thread_3_process_8=1358
MAX_terminated_thread_3_process_8=0
SUM_waiting_paging_thread_3_process_8=106428
MEAN_waiting_paging_thread_3_process_8=35476
STDDEV_waiting_paging_thread_3_process_8=17252.1725782
MEDIAN_waiting_paging_thread_3_process_8=37162
MIN_waiting_paging_thread_3_process_8=1358
MAX_waiting_paging_thread_3_process_8=55712
SUM_TURNAROUNDTIME_thread_3_process_9=112272
SUM_init_thread_3_process_9=0
MEAN_init_thread_3_process_9=0
STDDEV_init_thread_3_process_9=0.0
MEDIAN_init_thread_3_process_9=0
MIN_init_thread_3_process_9=1358
MAX_init_thread_3_process_9=0
SUM_postinit_thread_3_process_9=0
MEAN_postinit_thread_3_process_9=0
STDDEV_postinit_thread_3_process_9=0.0
MEDIAN_postinit_thread_3_process_9=0
MIN_postinit_thread_3_process_9=1358
MAX_postinit_thread_3_process_9=0
SUM_ready_thread_3_process_9=3239
MEAN_ready_thread_3_process_9=1079.66666667
STDDEV_ready_thread_3_process_9=790.71669319
MEDIAN_ready_thread_3_process_9=1019
MIN_ready_thread_3_process_9=1358
MAX_ready_thread_3_process_9=2077
SUM_rescheduling_thread_3_process_9=0
MEAN_rescheduling_thread_3_process_9=0
STDDEV_rescheduling_thread_3_process_9=0.0
MEDIAN_rescheduling_thread_3_process_9=0
MIN_rescheduling_thread_3_process_9=1358
MAX_rescheduling_thread_3_process_9=0
SUM_running_cpu_thread_3_process_9=419
MEAN_running_cpu_thread_3_process_9=5.81944444444
STDDEV_running_cpu_thread_3_process_9=19.0360231527
MEDIAN_running_cpu_thread_3_process_9=0
MIN_running_cpu_thread_3_process_9=1358
MAX_running_cpu_thread_3_process_9=116
SUM_running_memory_thread_3_process_9=288
MEAN_running_memory_thread_3_process_9=4
STDDEV_running_memory_thread_3_process_9=0.0
MEDIAN_running_memory_thread_3_process_9=4
MIN_running_memory_thread_3_process_9=1358
MAX_running_memory_thread_3_process_9=4
SUM_scheduling_thread_3_process_9=0
MEAN_scheduling_thread_3_process_9=0
STDDEV_scheduling_thread_3_process_9=0.0
MEDIAN_scheduling_thread_3_process_9=0
MIN_scheduling_thread_3_process_9=1358
MAX_scheduling_thread_3_process_9=0
SUM_terminated_thread_3_process_9=0
MEAN_terminated_thread_3_process_9=0
STDDEV_terminated_thread_3_process_9=0.0
MEDIAN_terminated_thread_3_process_9=0
MIN_terminated_thread_3_process_9=1358
MAX_terminated_thread_3_process_9=0
SUM_waiting_io_thread_3_process_9=41735
MEAN_waiting_io_thread_3_process_9=2196.57894737
STDDEV_waiting_io_thread_3_process_9=3160.19428643
MEDIAN_waiting_io_thread_3_process_9=794
MIN_waiting_io_thread_3_process_9=1358
MAX_waiting_io_thread_3_process_9=12130
SUM_waiting_paging_thread_3_process_9=66590
MEAN_waiting_paging_thread_3_process_9=33295
STDDEV_waiting_paging_thread_3_process_9=1180.0
MEDIAN_waiting_paging_thread_3_process_9=33295
MIN_waiting_paging_thread_3_process_9=1358
MAX_waiting_paging_thread_3_process_9=34475
SUM_TURNAROUNDTIME_thread_4_process_0=114326
SUM_init_thread_4_process_0=0
MEAN_init_thread_4_process_0=0
STDDEV_init_thread_4_process_0=0.0
MEDIAN_init_thread_4_process_0=0
MIN_init_thread_4_process_0=1358
MAX_init_thread_4_process_0=0
SUM_postinit_thread_4_process_0=0
MEAN_postinit_thread_4_process_0=0
STDDEV_postinit_thread_4_process_0=0.0
MEDIAN_postinit_thread_4_process_0=0
MIN_postinit_thread_4_process_0=1358
MAX_postinit_thread_4_process_0=0
SUM_ready_thread_4_process_0=2366
MEAN_ready_thread_4_process_0=1183
STDDEV_ready_thread_4_process_0=810.0
MEDIAN_ready_thread_4_process_0=1183
MIN_ready_thread_4_process_0=1358
MAX_ready_thread_4_process_0=1993
SUM_running_cpu_thread_4_process_0=186
MEAN_running_cpu_thread_4_process_0=5.31428571429
STDDEV_running_cpu_thread_4_process_0=15.794703323
MEDIAN_running_cpu_thread_4_process_0=0
MIN_running_cpu_thread_4_process_0=1358
MAX_running_cpu_thread_4_process_0=71
SUM_running_memory_thread_4_process_0=140
MEAN_running_memory_thread_4_process_0=4
STDDEV_running_memory_thread_4_process_0=0.0
MEDIAN_running_memory_thread_4_process_0=4
MIN_running_memory_thread_4_process_0=1358
MAX_running_memory_thread_4_process_0=4
SUM_scheduling_thread_4_process_0=0
MEAN_scheduling_thread_4_process_0=0
STDDEV_scheduling_thread_4_process_0=0.0
MEDIAN_scheduling_thread_4_process_0=0
MIN_scheduling_thread_4_process_0=1358
MAX_scheduling_thread_4_process_0=0
SUM_terminated_thread_4_process_0=0
MEAN_terminated_thread_4_process_0=0
STDDEV_terminated_thread_4_process_0=0.0
MEDIAN_terminated_thread_4_process_0=0
MIN_terminated_thread_4_process_0=1358
MAX_terminated_thread_4_process_0=0
SUM_waiting_paging_thread_4_process_0=111633
MEAN_waiting_paging_thread_4_process_0=27908.25
STDDEV_waiting_paging_thread_4_process_0=13399.7354148
MEDIAN_waiting_paging_thread_4_process_0=28189
MIN_waiting_paging_thread_4_process_0=1358
MAX_waiting_paging_thread_4_process_0=44140
SUM_TURNAROUNDTIME_thread_4_process_1=112919
SUM_init_thread_4_process_1=0
MEAN_init_thread_4_process_1=0
STDDEV_init_thread_4_process_1=0.0
MEDIAN_init_thread_4_process_1=0
MIN_init_thread_4_process_1=1358
MAX_init_thread_4_process_1=0
SUM_postinit_thread_4_process_1=0
MEAN_postinit_thread_4_process_1=0
STDDEV_postinit_thread_4_process_1=0.0
MEDIAN_postinit_thread_4_process_1=0
MIN_postinit_thread_4_process_1=1358
MAX_postinit_thread_4_process_1=0
SUM_ready_thread_4_process_1=1842
MEAN_ready_thread_4_process_1=368.4
STDDEV_ready_thread_4_process_1=459.265761842
MEDIAN_ready_thread_4_process_1=110
MIN_ready_thread_4_process_1=1358
MAX_ready_thread_4_process_1=1227
SUM_rescheduling_thread_4_process_1=0
MEAN_rescheduling_thread_4_process_1=0
STDDEV_rescheduling_thread_4_process_1=0.0
MEDIAN_rescheduling_thread_4_process_1=0
MIN_rescheduling_thread_4_process_1=1358
MAX_rescheduling_thread_4_process_1=0
SUM_running_cpu_thread_4_process_1=102
MEAN_running_cpu_thread_4_process_1=5.36842105263
STDDEV_running_cpu_thread_4_process_1=18.8573886854
MEDIAN_running_cpu_thread_4_process_1=0
MIN_running_cpu_thread_4_process_1=1358
MAX_running_cpu_thread_4_process_1=85
SUM_running_memory_thread_4_process_1=76
MEAN_running_memory_thread_4_process_1=4
STDDEV_running_memory_thread_4_process_1=0.0
MEDIAN_running_memory_thread_4_process_1=4
MIN_running_memory_thread_4_process_1=1358
MAX_running_memory_thread_4_process_1=4
SUM_scheduling_thread_4_process_1=0
MEAN_scheduling_thread_4_process_1=0
STDDEV_scheduling_thread_4_process_1=0.0
MEDIAN_scheduling_thread_4_process_1=0
MIN_scheduling_thread_4_process_1=1358
MAX_scheduling_thread_4_process_1=0
SUM_terminated_thread_4_process_1=0
MEAN_terminated_thread_4_process_1=0
STDDEV_terminated_thread_4_process_1=0.0
MEDIAN_terminated_thread_4_process_1=0
MIN_terminated_thread_4_process_1=1358
MAX_terminated_thread_4_process_1=0
SUM_waiting_io_thread_4_process_1=24838
MEAN_waiting_io_thread_4_process_1=4967.6
STDDEV_waiting_io_thread_4_process_1=5036.13703547
MEDIAN_waiting_io_thread_4_process_1=1200
MIN_waiting_io_thread_4_process_1=1358
MAX_waiting_io_thread_4_process_1=12090
SUM_waiting_paging_thread_4_process_1=86060
MEAN_waiting_paging_thread_4_process_1=43030
STDDEV_waiting_paging_thread_4_process_1=8102.0
MEDIAN_waiting_paging_thread_4_process_1=43030
MIN_waiting_paging_thread_4_process_1=1358
MAX_waiting_paging_thread_4_process_1=51132
SUM_TURNAROUNDTIME_thread_4_process_2=117542
SUM_init_thread_4_process_2=0
MEAN_init_thread_4_process_2=0
STDDEV_init_thread_4_process_2=0.0
MEDIAN_init_thread_4_process_2=0
MIN_init_thread_4_process_2=1358
MAX_init_thread_4_process_2=0
SUM_postinit_thread_4_process_2=0
MEAN_postinit_thread_4_process_2=0
STDDEV_postinit_thread_4_process_2=0.0
MEDIAN_postinit_thread_4_process_2=0
MIN_postinit_thread_4_process_2=1358
MAX_postinit_thread_4_process_2=0
SUM_ready_thread_4_process_2=2541
MEAN_ready_thread_4_process_2=1270.5
STDDEV_ready_thread_4_process_2=620.5
MEDIAN_ready_thread_4_process_2=1270.5
MIN_ready_thread_4_process_2=1358
MAX_ready_thread_4_process_2=1891
SUM_running_cpu_thread_4_process_2=141
MEAN_running_cpu_thread_4_process_2=4.86206896552
STDDEV_running_cpu_thread_4_process_2=15.5468682686
MEDIAN_running_cpu_thread_4_process_2=0
MIN_running_cpu_thread_4_process_2=1358
MAX_running_cpu_thread_4_process_2=71
SUM_running_memory_thread_4_process_2=116
MEAN_running_memory_thread_4_process_2=4
STDDEV_running_memory_thread_4_process_2=0.0
MEDIAN_running_memory_thread_4_process_2=4
MIN_running_memory_thread_4_process_2=1358
MAX_running_memory_thread_4_process_2=4
SUM_scheduling_thread_4_process_2=0
MEAN_scheduling_thread_4_process_2=0
STDDEV_scheduling_thread_4_process_2=0.0
MEDIAN_scheduling_thread_4_process_2=0
MIN_scheduling_thread_4_process_2=1358
MAX_scheduling_thread_4_process_2=0
SUM_terminated_thread_4_process_2=0
MEAN_terminated_thread_4_process_2=0
STDDEV_terminated_thread_4_process_2=0.0
MEDIAN_terminated_thread_4_process_2=0
MIN_terminated_thread_4_process_2=1358
MAX_terminated_thread_4_process_2=0
SUM_waiting_paging_thread_4_process_2=114743
MEAN_waiting_paging_thread_4_process_2=38247.6666667
STDDEV_waiting_paging_thread_4_process_2=19783.7278983
MEDIAN_waiting_paging_thread_4_process_2=49721
MIN_waiting_paging_thread_4_process_2=1358
MAX_waiting_paging_thread_4_process_2=54610
SUM_TURNAROUNDTIME_thread_4_process_3=99128
SUM_init_thread_4_process_3=0
MEAN_init_thread_4_process_3=0
STDDEV_init_thread_4_process_3=0.0
MEDIAN_init_thread_4_process_3=0
MIN_init_thread_4_process_3=1358
MAX_init_thread_4_process_3=0
SUM_postinit_thread_4_process_3=0
MEAN_postinit_thread_4_process_3=0
STDDEV_postinit_thread_4_process_3=0.0
MEDIAN_postinit_thread_4_process_3=0
MIN_postinit_thread_4_process_3=1358
MAX_postinit_thread_4_process_3=0
SUM_ready_thread_4_process_3=2630
MEAN_ready_thread_4_process_3=1315
STDDEV_ready_thread_4_process_3=414.0
MEDIAN_ready_thread_4_process_3=1315
MIN_ready_thread_4_process_3=1358
MAX_ready_thread_4_process_3=1729
SUM_rescheduling_thread_4_process_3=0
MEAN_rescheduling_thread_4_process_3=0
STDDEV_rescheduling_thread_4_process_3=0.0
MEDIAN_rescheduling_thread_4_process_3=0
MIN_rescheduling_thread_4_process_3=1358
MAX_rescheduling_thread_4_process_3=0
SUM_running_cpu_thread_4_process_3=32
MEAN_running_cpu_thread_4_process_3=2.46153846154
STDDEV_running_cpu_thread_4_process_3=2.95128093742
MEDIAN_running_cpu_thread_4_process_3=1
MIN_running_cpu_thread_4_process_3=1358
MAX_running_cpu_thread_4_process_3=8
SUM_running_memory_thread_4_process_3=52
MEAN_running_memory_thread_4_process_3=4
STDDEV_running_memory_thread_4_process_3=0.0
MEDIAN_running_memory_thread_4_process_3=4
MIN_running_memory_thread_4_process_3=1358
MAX_running_memory_thread_4_process_3=4
SUM_scheduling_thread_4_process_3=0
MEAN_scheduling_thread_4_process_3=0
STDDEV_scheduling_thread_4_process_3=0.0
MEDIAN_scheduling_thread_4_process_3=0
MIN_scheduling_thread_4_process_3=1358
MAX_scheduling_thread_4_process_3=0
SUM_waiting_io_thread_4_process_3=16138
MEAN_waiting_io_thread_4_process_3=4034.5
STDDEV_waiting_io_thread_4_process_3=3848.12645972
MEDIAN_waiting_io_thread_4_process_3=2450
MIN_waiting_io_thread_4_process_3=1358
MAX_waiting_io_thread_4_process_3=10574
SUM_waiting_paging_thread_4_process_3=80275
MEAN_waiting_paging_thread_4_process_3=40137.5
STDDEV_waiting_paging_thread_4_process_3=3404.5
MEDIAN_waiting_paging_thread_4_process_3=40137.5
MIN_waiting_paging_thread_4_process_3=1358
MAX_waiting_paging_thread_4_process_3=43542
SUM_TURNAROUNDTIME_thread_4_process_4=107684
SUM_init_thread_4_process_4=0
MEAN_init_thread_4_process_4=0
STDDEV_init_thread_4_process_4=0.0
MEDIAN_init_thread_4_process_4=0
MIN_init_thread_4_process_4=1358
MAX_init_thread_4_process_4=0
SUM_postinit_thread_4_process_4=0
MEAN_postinit_thread_4_process_4=0
STDDEV_postinit_thread_4_process_4=0.0
MEDIAN_postinit_thread_4_process_4=0
MIN_postinit_thread_4_process_4=1358
MAX_postinit_thread_4_process_4=0
SUM_ready_thread_4_process_4=2797
MEAN_ready_thread_4_process_4=1398.5
STDDEV_ready_thread_4_process_4=246.5
MEDIAN_ready_thread_4_process_4=1398.5
MIN_ready_thread_4_process_4=1358
MAX_ready_thread_4_process_4=1645
SUM_running_cpu_thread_4_process_4=141
MEAN_running_cpu_thread_4_process_4=4.14705882353
STDDEV_running_cpu_thread_4_process_4=14.4611698187
MEDIAN_running_cpu_thread_4_process_4=0
MIN_running_cpu_thread_4_process_4=1358
MAX_running_cpu_thread_4_process_4=71
SUM_running_memory_thread_4_process_4=136
MEAN_running_memory_thread_4_process_4=4
STDDEV_running_memory_thread_4_process_4=0.0
MEDIAN_running_memory_thread_4_process_4=4
MIN_running_memory_thread_4_process_4=1358
MAX_running_memory_thread_4_process_4=4
SUM_scheduling_thread_4_process_4=0
MEAN_scheduling_thread_4_process_4=0
STDDEV_scheduling_thread_4_process_4=0.0
MEDIAN_scheduling_thread_4_process_4=0
MIN_scheduling_thread_4_process_4=1358
MAX_scheduling_thread_4_process_4=0
SUM_terminated_thread_4_process_4=0
MEAN_terminated_thread_4_process_4=0
STDDEV_terminated_thread_4_process_4=0.0
MEDIAN_terminated_thread_4_process_4=0
MIN_terminated_thread_4_process_4=1358
MAX_terminated_thread_4_process_4=0
SUM_waiting_paging_thread_4_process_4=104609
MEAN_waiting_paging_thread_4_process_4=34869.6666667
STDDEV_waiting_paging_thread_4_process_4=12019.6523891
MEDIAN_waiting_paging_thread_4_process_4=30031
MIN_waiting_paging_thread_4_process_4=1358
MAX_waiting_paging_thread_4_process_4=51401
SUM_TURNAROUNDTIME_thread_4_process_5=116212
SUM_init_thread_4_process_5=0
MEAN_init_thread_4_process_5=0
STDDEV_init_thread_4_process_5=0.0
MEDIAN_init_thread_4_process_5=0
MIN_init_thread_4_process_5=1358
MAX_init_thread_4_process_5=0
SUM_postinit_thread_4_process_5=0
MEAN_postinit_thread_4_process_5=0
STDDEV_postinit_thread_4_process_5=0.0
MEDIAN_postinit_thread_4_process_5=0
MIN_postinit_thread_4_process_5=1358
MAX_postinit_thread_4_process_5=0
SUM_ready_thread_4_process_5=2867
MEAN_ready_thread_4_process_5=1433.5
STDDEV_ready_thread_4_process_5=28.5
MEDIAN_ready_thread_4_process_5=1433.5
MIN_ready_thread_4_process_5=1358
MAX_ready_thread_4_process_5=1462
SUM_rescheduling_thread_4_process_5=0
MEAN_rescheduling_thread_4_process_5=0
STDDEV_rescheduling_thread_4_process_5=0.0
MEDIAN_rescheduling_thread_4_process_5=0
MIN_rescheduling_thread_4_process_5=1358
MAX_rescheduling_thread_4_process_5=0
SUM_running_cpu_thread_4_process_5=12
MEAN_running_cpu_thread_4_process_5=1.71428571429
STDDEV_running_cpu_thread_4_process_5=2.76272565797
MEDIAN_running_cpu_thread_4_process_5=0
MIN_running_cpu_thread_4_process_5=1358
MAX_running_cpu_thread_4_process_5=8
SUM_running_memory_thread_4_process_5=28
MEAN_running_memory_thread_4_process_5=4
STDDEV_running_memory_thread_4_process_5=0.0
MEDIAN_running_memory_thread_4_process_5=4
MIN_running_memory_thread_4_process_5=1358
MAX_running_memory_thread_4_process_5=4
SUM_scheduling_thread_4_process_5=0
MEAN_scheduling_thread_4_process_5=0
STDDEV_scheduling_thread_4_process_5=0.0
MEDIAN_scheduling_thread_4_process_5=0
MIN_scheduling_thread_4_process_5=1358
MAX_scheduling_thread_4_process_5=0
SUM_terminated_thread_4_process_5=0
MEAN_terminated_thread_4_process_5=0
STDDEV_terminated_thread_4_process_5=0.0
MEDIAN_terminated_thread_4_process_5=0
MIN_terminated_thread_4_process_5=1358
MAX_terminated_thread_4_process_5=0
SUM_waiting_io_thread_4_process_5=5678
MEAN_waiting_io_thread_4_process_5=2839
STDDEV_waiting_io_thread_4_process_5=1438.0
MEDIAN_waiting_io_thread_4_process_5=2839
MIN_waiting_io_thread_4_process_5=1358
MAX_waiting_io_thread_4_process_5=4277
SUM_waiting_paging_thread_4_process_5=107626
MEAN_waiting_paging_thread_4_process_5=35875.3333333
STDDEV_waiting_paging_thread_4_process_5=6108.57366512
MEDIAN_waiting_paging_thread_4_process_5=37127
MIN_waiting_paging_thread_4_process_5=1358
MAX_waiting_paging_thread_4_process_5=42652
SUM_TURNAROUNDTIME_thread_4_process_6=66226
SUM_init_thread_4_process_6=0
MEAN_init_thread_4_process_6=0
STDDEV_init_thread_4_process_6=0.0
MEDIAN_init_thread_4_process_6=0
MIN_init_thread_4_process_6=1358
MAX_init_thread_4_process_6=0
SUM_postinit_thread_4_process_6=0
MEAN_postinit_thread_4_process_6=0
STDDEV_postinit_thread_4_process_6=0.0
MEDIAN_postinit_thread_4_process_6=0
MIN_postinit_thread_4_process_6=1358
MAX_postinit_thread_4_process_6=0
SUM_ready_thread_4_process_6=1574
MEAN_ready_thread_4_process_6=1574
STDDEV_ready_thread_4_process_6=0.0
MEDIAN_ready_thread_4_process_6=1574
MIN_ready_thread_4_process_6=1358
MAX_ready_thread_4_process_6=1574
SUM_running_cpu_thread_4_process_6=493
MEAN_running_cpu_thread_4_process_6=4.25
STDDEV_running_cpu_thread_4_process_6=18.477794222
MEDIAN_running_cpu_thread_4_process_6=0
MIN_running_cpu_thread_4_process_6=1358
MAX_running_cpu_thread_4_process_6=123
SUM_running_memory_thread_4_process_6=464
MEAN_running_memory_thread_4_process_6=4
STDDEV_running_memory_thread_4_process_6=0.0
MEDIAN_running_memory_thread_4_process_6=4
MIN_running_memory_thread_4_process_6=1358
MAX_running_memory_thread_4_process_6=4
SUM_scheduling_thread_4_process_6=0
MEAN_scheduling_thread_4_process_6=0
STDDEV_scheduling_thread_4_process_6=0.0
MEDIAN_scheduling_thread_4_process_6=0
MIN_scheduling_thread_4_process_6=1358
MAX_scheduling_thread_4_process_6=0
SUM_waiting_paging_thread_4_process_6=63694
MEAN_waiting_paging_thread_4_process_6=21231.3333333
STDDEV_waiting_paging_thread_4_process_6=11836.0986065
MEDIAN_waiting_paging_thread_4_process_6=29410
MIN_waiting_paging_thread_4_process_6=1358
MAX_waiting_paging_thread_4_process_6=29790
SUM_TURNAROUNDTIME_thread_4_process_7=108632
SUM_init_thread_4_process_7=0
MEAN_init_thread_4_process_7=0
STDDEV_init_thread_4_process_7=0.0
MEDIAN_init_thread_4_process_7=0
MIN_init_thread_4_process_7=1358
MAX_init_thread_4_process_7=0
SUM_postinit_thread_4_process_7=0
MEAN_postinit_thread_4_process_7=0
STDDEV_postinit_thread_4_process_7=0.0
MEDIAN_postinit_thread_4_process_7=0
MIN_postinit_thread_4_process_7=1358
MAX_postinit_thread_4_process_7=0
SUM_ready_thread_4_process_7=2959
MEAN_ready_thread_4_process_7=1479.5
STDDEV_ready_thread_4_process_7=346.5
MEDIAN_ready_thread_4_process_7=1479.5
MIN_ready_thread_4_process_7=1358
MAX_ready_thread_4_process_7=1826
SUM_rescheduling_thread_4_process_7=0
MEAN_rescheduling_thread_4_process_7=0
STDDEV_rescheduling_thread_4_process_7=0.0
MEDIAN_rescheduling_thread_4_process_7=0
MIN_rescheduling_thread_4_process_7=1358
MAX_rescheduling_thread_4_process_7=0
SUM_running_cpu_thread_4_process_7=21
MEAN_running_cpu_thread_4_process_7=3
STDDEV_running_cpu_thread_4_process_7=4.34248118673
MEDIAN_running_cpu_thread_4_process_7=1
MIN_running_cpu_thread_4_process_7=1358
MAX_running_cpu_thread_4_process_7=13
SUM_running_memory_thread_4_process_7=28
MEAN_running_memory_thread_4_process_7=4
STDDEV_running_memory_thread_4_process_7=0.0
MEDIAN_running_memory_thread_4_process_7=4
MIN_running_memory_thread_4_process_7=1358
MAX_running_memory_thread_4_process_7=4
SUM_scheduling_thread_4_process_7=0
MEAN_scheduling_thread_4_process_7=0
STDDEV_scheduling_thread_4_process_7=0.0
MEDIAN_scheduling_thread_4_process_7=0
MIN_scheduling_thread_4_process_7=1358
MAX_scheduling_thread_4_process_7=0
SUM_terminated_thread_4_process_7=0
MEAN_terminated_thread_4_process_7=0
STDDEV_terminated_thread_4_process_7=0.0
MEDIAN_terminated_thread_4_process_7=0
MIN_terminated_thread_4_process_7=1358
MAX_terminated_thread_4_process_7=0
SUM_waiting_io_thread_4_process_7=7022
MEAN_waiting_io_thread_4_process_7=3511
STDDEV_waiting_io_thread_4_process_7=2040.0
MEDIAN_waiting_io_thread_4_process_7=3511
MIN_waiting_io_thread_4_process_7=1358
MAX_waiting_io_thread_4_process_7=5551
SUM_waiting_paging_thread_4_process_7=98601
MEAN_waiting_paging_thread_4_process_7=32867
STDDEV_waiting_paging_thread_4_process_7=16484.8425733
MEDIAN_waiting_paging_thread_4_process_7=37169
MIN_waiting_paging_thread_4_process_7=1358
MAX_waiting_paging_thread_4_process_7=50559
SUM_TURNAROUNDTIME_thread_4_process_8=87797
SUM_init_thread_4_process_8=0
MEAN_init_thread_4_process_8=0
STDDEV_init_thread_4_process_8=0.0
MEDIAN_init_thread_4_process_8=0
MIN_init_thread_4_process_8=1358
MAX_init_thread_4_process_8=0
SUM_postinit_thread_4_process_8=0
MEAN_postinit_thread_4_process_8=0
STDDEV_postinit_thread_4_process_8=0.0
MEDIAN_postinit_thread_4_process_8=0
MIN_postinit_thread_4_process_8=1358
MAX_postinit_thread_4_process_8=0
SUM_ready_thread_4_process_8=2984
MEAN_ready_thread_4_process_8=1492
STDDEV_ready_thread_4_process_8=519.0
MEDIAN_ready_thread_4_process_8=1492
MIN_ready_thread_4_process_8=1358
MAX_ready_thread_4_process_8=2011
SUM_running_cpu_thread_4_process_8=186
MEAN_running_cpu_thread_4_process_8=3.875
STDDEV_running_cpu_thread_4_process_8=13.6924933814
MEDIAN_running_cpu_thread_4_process_8=0
MIN_running_cpu_thread_4_process_8=1358
MAX_running_cpu_thread_4_process_8=71
SUM_running_memory_thread_4_process_8=192
MEAN_running_memory_thread_4_process_8=4
STDDEV_running_memory_thread_4_process_8=0.0
MEDIAN_running_memory_thread_4_process_8=4
MIN_running_memory_thread_4_process_8=1358
MAX_running_memory_thread_4_process_8=4
SUM_scheduling_thread_4_process_8=0
MEAN_scheduling_thread_4_process_8=0
STDDEV_scheduling_thread_4_process_8=0.0
MEDIAN_scheduling_thread_4_process_8=0
MIN_scheduling_thread_4_process_8=1358
MAX_scheduling_thread_4_process_8=0
SUM_waiting_paging_thread_4_process_8=84434
MEAN_waiting_paging_thread_4_process_8=42217
STDDEV_waiting_paging_thread_4_process_8=17081.0
MEDIAN_waiting_paging_thread_4_process_8=42217
MIN_waiting_paging_thread_4_process_8=1358
MAX_waiting_paging_thread_4_process_8=59298
SUM_TURNAROUNDTIME_thread_4_process_9=112271
SUM_init_thread_4_process_9=0
MEAN_init_thread_4_process_9=0
STDDEV_init_thread_4_process_9=0.0
MEDIAN_init_thread_4_process_9=0
MIN_init_thread_4_process_9=1358
MAX_init_thread_4_process_9=0
SUM_postinit_thread_4_process_9=0
MEAN_postinit_thread_4_process_9=0
STDDEV_postinit_thread_4_process_9=0.0
MEDIAN_postinit_thread_4_process_9=0
MIN_postinit_thread_4_process_9=1358
MAX_postinit_thread_4_process_9=0
SUM_ready_thread_4_process_9=3124
MEAN_ready_thread_4_process_9=1562
STDDEV_ready_thread_4_process_9=573.0
MEDIAN_ready_thread_4_process_9=1562
MIN_ready_thread_4_process_9=1358
MAX_ready_thread_4_process_9=2135
SUM_rescheduling_thread_4_process_9=0
MEAN_rescheduling_thread_4_process_9=0
STDDEV_rescheduling_thread_4_process_9=0.0
MEDIAN_rescheduling_thread_4_process_9=0
MIN_rescheduling_thread_4_process_9=1358
MAX_rescheduling_thread_4_process_9=0
SUM_running_cpu_thread_4_process_9=114
MEAN_running_cpu_thread_4_process_9=5.42857142857
STDDEV_running_cpu_thread_4_process_9=18.0332270798
MEDIAN_running_cpu_thread_4_process_9=0
MIN_running_cpu_thread_4_process_9=1358
MAX_running_cpu_thread_4_process_9=85
SUM_running_memory_thread_4_process_9=84
MEAN_running_memory_thread_4_process_9=4
STDDEV_running_memory_thread_4_process_9=0.0
MEDIAN_running_memory_thread_4_process_9=4
MIN_running_memory_thread_4_process_9=1358
MAX_running_memory_thread_4_process_9=4
SUM_scheduling_thread_4_process_9=0
MEAN_scheduling_thread_4_process_9=0
STDDEV_scheduling_thread_4_process_9=0.0
MEDIAN_scheduling_thread_4_process_9=0
MIN_scheduling_thread_4_process_9=1358
MAX_scheduling_thread_4_process_9=0
SUM_terminated_thread_4_process_9=0
MEAN_terminated_thread_4_process_9=0
STDDEV_terminated_thread_4_process_9=0.0
MEDIAN_terminated_thread_4_process_9=0
MIN_terminated_thread_4_process_9=1358
MAX_terminated_thread_4_process_9=0
SUM_waiting_io_thread_4_process_9=26404
MEAN_waiting_io_thread_4_process_9=4400.66666667
STDDEV_waiting_io_thread_4_process_9=3680.25812802
MEDIAN_waiting_io_thread_4_process_9=3797.5
MIN_waiting_io_thread_4_process_9=1358
MAX_waiting_io_thread_4_process_9=10579
SUM_waiting_paging_thread_4_process_9=82544
MEAN_waiting_paging_thread_4_process_9=27514.6666667
STDDEV_waiting_paging_thread_4_process_9=8782.1862249
MEDIAN_waiting_paging_thread_4_process_9=30058
MIN_waiting_paging_thread_4_process_9=1358
MAX_waiting_paging_thread_4_process_9=36771
