SUM_TURNAROUNDTIME=15537
MEAN_TURNAROUNDTIME=776.85
STDDEV_TURNAROUNDTIME=298.683490505
MEDIAN_TURNAROUNDTIME=922
MIN_TURNAROUNDTIME=183
MAX_TURNAROUNDTIME=981
SUM_addDifference=200
MEAN_addDifference=1
STDDEV_addDifference=0.0
MEDIAN_addDifference=1
MIN_addDifference=1
MAX_addDifference=1
SUM_addSum=200
MEAN_addSum=1
STDDEV_addSum=0.0
MEDIAN_addSum=1
MIN_addSum=1
MAX_addSum=1
SUM_fetchDifference=200
MEAN_fetchDifference=1
STDDEV_fetchDifference=0.0
MEDIAN_fetchDifference=1
MIN_fetchDifference=1
MAX_fetchDifference=1
SUM_fetchSum=200
MEAN_fetchSum=1
STDDEV_fetchSum=0.0
MEDIAN_fetchSum=1
MIN_fetchSum=1
MAX_fetchSum=1
SUM_init=0
MEAN_init=0
STDDEV_init=0.0
MEDIAN_init=0
MIN_init=0
MAX_init=0
SUM_initThreads=20
MEAN_initThreads=1
STDDEV_initThreads=0.0
MEDIAN_initThreads=1
MIN_initThreads=1
MAX_initThreads=1
SUM_lockDifference=600
MEAN_lockDifference=3
STDDEV_lockDifference=0.0
MEDIAN_lockDifference=3
MIN_lockDifference=3
MAX_lockDifference=3
SUM_lockSum=2983
MEAN_lockSum=7.51385390428
STDDEV_lockSum=4.45723417971
MEDIAN_lockSum=4
MIN_lockSum=3
MAX_lockSum=12
SUM_lockSumWait=9514
MEAN_lockSumWait=48.2944162437
STDDEV_lockSumWait=12.5198165476
MEDIAN_lockSumWait=49
MIN_lockSumWait=1
MAX_lockSumWait=67
SUM_storeDifference=200
MEAN_storeDifference=1
STDDEV_storeDifference=0.0
MEDIAN_storeDifference=1
MIN_storeDifference=1
MAX_storeDifference=1
SUM_storeSum=200
MEAN_storeSum=1
STDDEV_storeSum=0.0
MEDIAN_storeSum=1
MIN_storeSum=1
MAX_storeSum=1
SUM_terminated=0
MEAN_terminated=0
STDDEV_terminated=0.0
MEDIAN_terminated=0
MIN_terminated=0
MAX_terminated=0
SUM_unlockDifference=600
MEAN_unlockDifference=3
STDDEV_unlockDifference=0.0
MEDIAN_unlockDifference=3
MIN_unlockDifference=3
MAX_unlockDifference=3
SUM_unlockSum=600
MEAN_unlockSum=3
STDDEV_unlockSum=0.0
MEDIAN_unlockSum=3
MIN_unlockSum=3
MAX_unlockSum=3
SUM_TURNAROUNDTIME_thread_0_process_0=905
SUM_addDifference_thread_0_process_0=10
MEAN_addDifference_thread_0_process_0=1
STDDEV_addDifference_thread_0_process_0=0.0
MEDIAN_addDifference_thread_0_process_0=1
MIN_addDifference_thread_0_process_0=1
MAX_addDifference_thread_0_process_0=1
SUM_addSum_thread_0_process_0=10
MEAN_addSum_thread_0_process_0=1
STDDEV_addSum_thread_0_process_0=0.0
MEDIAN_addSum_thread_0_process_0=1
MIN_addSum_thread_0_process_0=1
MAX_addSum_thread_0_process_0=1
SUM_fetchDifference_thread_0_process_0=10
MEAN_fetchDifference_thread_0_process_0=1
STDDEV_fetchDifference_thread_0_process_0=0.0
MEDIAN_fetchDifference_thread_0_process_0=1
MIN_fetchDifference_thread_0_process_0=1
MAX_fetchDifference_thread_0_process_0=1
SUM_fetchSum_thread_0_process_0=10
MEAN_fetchSum_thread_0_process_0=1
STDDEV_fetchSum_thread_0_process_0=0.0
MEDIAN_fetchSum_thread_0_process_0=1
MIN_fetchSum_thread_0_process_0=1
MAX_fetchSum_thread_0_process_0=1
SUM_init_thread_0_process_0=0
MEAN_init_thread_0_process_0=0
STDDEV_init_thread_0_process_0=0.0
MEDIAN_init_thread_0_process_0=0
MIN_init_thread_0_process_0=0
MAX_init_thread_0_process_0=0
SUM_initThreads_thread_0_process_0=1
MEAN_initThreads_thread_0_process_0=1
STDDEV_initThreads_thread_0_process_0=0.0
MEDIAN_initThreads_thread_0_process_0=1
MIN_initThreads_thread_0_process_0=1
MAX_initThreads_thread_0_process_0=1
SUM_lockDifference_thread_0_process_0=30
MEAN_lockDifference_thread_0_process_0=3
STDDEV_lockDifference_thread_0_process_0=0.0
MEDIAN_lockDifference_thread_0_process_0=3
MIN_lockDifference_thread_0_process_0=3
MAX_lockDifference_thread_0_process_0=3
SUM_lockSum_thread_0_process_0=175
MEAN_lockSum_thread_0_process_0=7.95454545455
STDDEV_lockSum_thread_0_process_0=4.43618665817
MEDIAN_lockSum_thread_0_process_0=12
MIN_lockSum_thread_0_process_0=3
MAX_lockSum_thread_0_process_0=12
SUM_lockSumWait_thread_0_process_0=578
MEAN_lockSumWait_thread_0_process_0=48.1666666667
STDDEV_lockSumWait_thread_0_process_0=13.6798716693
MEDIAN_lockSumWait_thread_0_process_0=49.5
MIN_lockSumWait_thread_0_process_0=5
MAX_lockSumWait_thread_0_process_0=62
SUM_storeDifference_thread_0_process_0=10
MEAN_storeDifference_thread_0_process_0=1
STDDEV_storeDifference_thread_0_process_0=0.0
MEDIAN_storeDifference_thread_0_process_0=1
MIN_storeDifference_thread_0_process_0=1
MAX_storeDifference_thread_0_process_0=1
SUM_storeSum_thread_0_process_0=10
MEAN_storeSum_thread_0_process_0=1
STDDEV_storeSum_thread_0_process_0=0.0
MEDIAN_storeSum_thread_0_process_0=1
MIN_storeSum_thread_0_process_0=1
MAX_storeSum_thread_0_process_0=1
SUM_terminated_thread_0_process_0=0
MEAN_terminated_thread_0_process_0=0
STDDEV_terminated_thread_0_process_0=0.0
MEDIAN_terminated_thread_0_process_0=0
MIN_terminated_thread_0_process_0=0
MAX_terminated_thread_0_process_0=0
SUM_unlockDifference_thread_0_process_0=30
MEAN_unlockDifference_thread_0_process_0=3
STDDEV_unlockDifference_thread_0_process_0=0.0
MEDIAN_unlockDifference_thread_0_process_0=3
MIN_unlockDifference_thread_0_process_0=3
MAX_unlockDifference_thread_0_process_0=3
SUM_unlockSum_thread_0_process_0=30
MEAN_unlockSum_thread_0_process_0=3
STDDEV_unlockSum_thread_0_process_0=0.0
MEDIAN_unlockSum_thread_0_process_0=3
MIN_unlockSum_thread_0_process_0=3
MAX_unlockSum_thread_0_process_0=3
SUM_TURNAROUNDTIME_thread_1_process_0=959
SUM_addDifference_thread_1_process_0=10
MEAN_addDifference_thread_1_process_0=1
STDDEV_addDifference_thread_1_process_0=0.0
MEDIAN_addDifference_thread_1_process_0=1
MIN_addDifference_thread_1_process_0=1
MAX_addDifference_thread_1_process_0=1
SUM_addSum_thread_1_process_0=10
MEAN_addSum_thread_1_process_0=1
STDDEV_addSum_thread_1_process_0=0.0
MEDIAN_addSum_thread_1_process_0=1
MIN_addSum_thread_1_process_0=1
MAX_addSum_thread_1_process_0=1
SUM_fetchDifference_thread_1_process_0=10
MEAN_fetchDifference_thread_1_process_0=1
STDDEV_fetchDifference_thread_1_process_0=0.0
MEDIAN_fetchDifference_thread_1_process_0=1
MIN_fetchDifference_thread_1_process_0=1
MAX_fetchDifference_thread_1_process_0=1
SUM_fetchSum_thread_1_process_0=10
MEAN_fetchSum_thread_1_process_0=1
STDDEV_fetchSum_thread_1_process_0=0.0
MEDIAN_fetchSum_thread_1_process_0=1
MIN_fetchSum_thread_1_process_0=1
MAX_fetchSum_thread_1_process_0=1
SUM_init_thread_1_process_0=0
MEAN_init_thread_1_process_0=0
STDDEV_init_thread_1_process_0=0.0
MEDIAN_init_thread_1_process_0=0
MIN_init_thread_1_process_0=0
MAX_init_thread_1_process_0=0
SUM_initThreads_thread_1_process_0=1
MEAN_initThreads_thread_1_process_0=1
STDDEV_initThreads_thread_1_process_0=0.0
MEDIAN_initThreads_thread_1_process_0=1
MIN_initThreads_thread_1_process_0=1
MAX_initThreads_thread_1_process_0=1
SUM_lockDifference_thread_1_process_0=30
MEAN_lockDifference_thread_1_process_0=3
STDDEV_lockDifference_thread_1_process_0=0.0
MEDIAN_lockDifference_thread_1_process_0=3
MIN_lockDifference_thread_1_process_0=3
MAX_lockDifference_thread_1_process_0=3
SUM_lockSum_thread_1_process_0=199
MEAN_lockSum_thread_1_process_0=8.29166666667
STDDEV_lockSum_thread_1_process_0=4.39203034547
MEDIAN_lockSum_thread_1_process_0=12
MIN_lockSum_thread_1_process_0=3
MAX_lockSum_thread_1_process_0=12
SUM_lockSumWait_thread_1_process_0=608
MEAN_lockSumWait_thread_1_process_0=43.4285714286
STDDEV_lockSumWait_thread_1_process_0=17.5894216819
MEDIAN_lockSumWait_thread_1_process_0=49
MIN_lockSumWait_thread_1_process_0=1
MAX_lockSumWait_thread_1_process_0=61
SUM_storeDifference_thread_1_process_0=10
MEAN_storeDifference_thread_1_process_0=1
STDDEV_storeDifference_thread_1_process_0=0.0
MEDIAN_storeDifference_thread_1_process_0=1
MIN_storeDifference_thread_1_process_0=1
MAX_storeDifference_thread_1_process_0=1
SUM_storeSum_thread_1_process_0=10
MEAN_storeSum_thread_1_process_0=1
STDDEV_storeSum_thread_1_process_0=0.0
MEDIAN_storeSum_thread_1_process_0=1
MIN_storeSum_thread_1_process_0=1
MAX_storeSum_thread_1_process_0=1
SUM_terminated_thread_1_process_0=0
MEAN_terminated_thread_1_process_0=0
STDDEV_terminated_thread_1_process_0=0.0
MEDIAN_terminated_thread_1_process_0=0
MIN_terminated_thread_1_process_0=0
MAX_terminated_thread_1_process_0=0
SUM_unlockDifference_thread_1_process_0=30
MEAN_unlockDifference_thread_1_process_0=3
STDDEV_unlockDifference_thread_1_process_0=0.0
MEDIAN_unlockDifference_thread_1_process_0=3
MIN_unlockDifference_thread_1_process_0=3
MAX_unlockDifference_thread_1_process_0=3
SUM_unlockSum_thread_1_process_0=30
MEAN_unlockSum_thread_1_process_0=3
STDDEV_unlockSum_thread_1_process_0=0.0
MEDIAN_unlockSum_thread_1_process_0=3
MIN_unlockSum_thread_1_process_0=3
MAX_unlockSum_thread_1_process_0=3
SUM_TURNAROUNDTIME_thread_10_process_0=896
SUM_addDifference_thread_10_process_0=10
MEAN_addDifference_thread_10_process_0=1
STDDEV_addDifference_thread_10_process_0=0.0
MEDIAN_addDifference_thread_10_process_0=1
MIN_addDifference_thread_10_process_0=1
MAX_addDifference_thread_10_process_0=1
SUM_addSum_thread_10_process_0=10
MEAN_addSum_thread_10_process_0=1
STDDEV_addSum_thread_10_process_0=0.0
MEDIAN_addSum_thread_10_process_0=1
MIN_addSum_thread_10_process_0=1
MAX_addSum_thread_10_process_0=1
SUM_fetchDifference_thread_10_process_0=10
MEAN_fetchDifference_thread_10_process_0=1
STDDEV_fetchDifference_thread_10_process_0=0.0
MEDIAN_fetchDifference_thread_10_process_0=1
MIN_fetchDifference_thread_10_process_0=1
MAX_fetchDifference_thread_10_process_0=1
SUM_fetchSum_thread_10_process_0=10
MEAN_fetchSum_thread_10_process_0=1
STDDEV_fetchSum_thread_10_process_0=0.0
MEDIAN_fetchSum_thread_10_process_0=1
MIN_fetchSum_thread_10_process_0=1
MAX_fetchSum_thread_10_process_0=1
SUM_init_thread_10_process_0=0
MEAN_init_thread_10_process_0=0
STDDEV_init_thread_10_process_0=0.0
MEDIAN_init_thread_10_process_0=0
MIN_init_thread_10_process_0=0
MAX_init_thread_10_process_0=0
SUM_initThreads_thread_10_process_0=1
MEAN_initThreads_thread_10_process_0=1
STDDEV_initThreads_thread_10_process_0=0.0
MEDIAN_initThreads_thread_10_process_0=1
MIN_initThreads_thread_10_process_0=1
MAX_initThreads_thread_10_process_0=1
SUM_lockDifference_thread_10_process_0=30
MEAN_lockDifference_thread_10_process_0=3
STDDEV_lockDifference_thread_10_process_0=0.0
MEDIAN_lockDifference_thread_10_process_0=3
MIN_lockDifference_thread_10_process_0=3
MAX_lockDifference_thread_10_process_0=3
SUM_lockSum_thread_10_process_0=163
MEAN_lockSum_thread_10_process_0=7.7619047619
STDDEV_lockSum_thread_10_process_0=4.44977005189
MEDIAN_lockSum_thread_10_process_0=12
MIN_lockSum_thread_10_process_0=3
MAX_lockSum_thread_10_process_0=12
SUM_lockSumWait_thread_10_process_0=581
MEAN_lockSumWait_thread_10_process_0=52.8181818182
STDDEV_lockSumWait_thread_10_process_0=5.0419725905
MEDIAN_lockSumWait_thread_10_process_0=52
MIN_lockSumWait_thread_10_process_0=49
MAX_lockSumWait_thread_10_process_0=65
SUM_storeDifference_thread_10_process_0=10
MEAN_storeDifference_thread_10_process_0=1
STDDEV_storeDifference_thread_10_process_0=0.0
MEDIAN_storeDifference_thread_10_process_0=1
MIN_storeDifference_thread_10_process_0=1
MAX_storeDifference_thread_10_process_0=1
SUM_storeSum_thread_10_process_0=10
MEAN_storeSum_thread_10_process_0=1
STDDEV_storeSum_thread_10_process_0=0.0
MEDIAN_storeSum_thread_10_process_0=1
MIN_storeSum_thread_10_process_0=1
MAX_storeSum_thread_10_process_0=1
SUM_terminated_thread_10_process_0=0
MEAN_terminated_thread_10_process_0=0
STDDEV_terminated_thread_10_process_0=0.0
MEDIAN_terminated_thread_10_process_0=0
MIN_terminated_thread_10_process_0=0
MAX_terminated_thread_10_process_0=0
SUM_unlockDifference_thread_10_process_0=30
MEAN_unlockDifference_thread_10_process_0=3
STDDEV_unlockDifference_thread_10_process_0=0.0
MEDIAN_unlockDifference_thread_10_process_0=3
MIN_unlockDifference_thread_10_process_0=3
MAX_unlockDifference_thread_10_process_0=3
SUM_unlockSum_thread_10_process_0=30
MEAN_unlockSum_thread_10_process_0=3
STDDEV_unlockSum_thread_10_process_0=0.0
MEDIAN_unlockSum_thread_10_process_0=3
MIN_unlockSum_thread_10_process_0=3
MAX_unlockSum_thread_10_process_0=3
SUM_TURNAROUNDTIME_thread_11_process_0=962
SUM_addDifference_thread_11_process_0=10
MEAN_addDifference_thread_11_process_0=1
STDDEV_addDifference_thread_11_process_0=0.0
MEDIAN_addDifference_thread_11_process_0=1
MIN_addDifference_thread_11_process_0=1
MAX_addDifference_thread_11_process_0=1
SUM_addSum_thread_11_process_0=10
MEAN_addSum_thread_11_process_0=1
STDDEV_addSum_thread_11_process_0=0.0
MEDIAN_addSum_thread_11_process_0=1
MIN_addSum_thread_11_process_0=1
MAX_addSum_thread_11_process_0=1
SUM_fetchDifference_thread_11_process_0=10
MEAN_fetchDifference_thread_11_process_0=1
STDDEV_fetchDifference_thread_11_process_0=0.0
MEDIAN_fetchDifference_thread_11_process_0=1
MIN_fetchDifference_thread_11_process_0=1
MAX_fetchDifference_thread_11_process_0=1
SUM_fetchSum_thread_11_process_0=10
MEAN_fetchSum_thread_11_process_0=1
STDDEV_fetchSum_thread_11_process_0=0.0
MEDIAN_fetchSum_thread_11_process_0=1
MIN_fetchSum_thread_11_process_0=1
MAX_fetchSum_thread_11_process_0=1
SUM_init_thread_11_process_0=0
MEAN_init_thread_11_process_0=0
STDDEV_init_thread_11_process_0=0.0
MEDIAN_init_thread_11_process_0=0
MIN_init_thread_11_process_0=0
MAX_init_thread_11_process_0=0
SUM_initThreads_thread_11_process_0=1
MEAN_initThreads_thread_11_process_0=1
STDDEV_initThreads_thread_11_process_0=0.0
MEDIAN_initThreads_thread_11_process_0=1
MIN_initThreads_thread_11_process_0=1
MAX_initThreads_thread_11_process_0=1
SUM_lockDifference_thread_11_process_0=30
MEAN_lockDifference_thread_11_process_0=3
STDDEV_lockDifference_thread_11_process_0=0.0
MEDIAN_lockDifference_thread_11_process_0=3
MIN_lockDifference_thread_11_process_0=3
MAX_lockDifference_thread_11_process_0=3
SUM_lockSum_thread_11_process_0=187
MEAN_lockSum_thread_11_process_0=8.13043478261
STDDEV_lockSum_thread_11_process_0=4.41641550331
MEDIAN_lockSum_thread_11_process_0=12
MIN_lockSum_thread_11_process_0=3
MAX_lockSum_thread_11_process_0=12
SUM_lockSumWait_thread_11_process_0=623
MEAN_lockSumWait_thread_11_process_0=47.9230769231
STDDEV_lockSumWait_thread_11_process_0=13.7754605589
MEDIAN_lockSumWait_thread_11_process_0=49
MIN_lockSumWait_thread_11_process_0=17
MAX_lockSumWait_thread_11_process_0=66
SUM_storeDifference_thread_11_process_0=10
MEAN_storeDifference_thread_11_process_0=1
STDDEV_storeDifference_thread_11_process_0=0.0
MEDIAN_storeDifference_thread_11_process_0=1
MIN_storeDifference_thread_11_process_0=1
MAX_storeDifference_thread_11_process_0=1
SUM_storeSum_thread_11_process_0=10
MEAN_storeSum_thread_11_process_0=1
STDDEV_storeSum_thread_11_process_0=0.0
MEDIAN_storeSum_thread_11_process_0=1
MIN_storeSum_thread_11_process_0=1
MAX_storeSum_thread_11_process_0=1
SUM_terminated_thread_11_process_0=0
MEAN_terminated_thread_11_process_0=0
STDDEV_terminated_thread_11_process_0=0.0
MEDIAN_terminated_thread_11_process_0=0
MIN_terminated_thread_11_process_0=0
MAX_terminated_thread_11_process_0=0
SUM_unlockDifference_thread_11_process_0=30
MEAN_unlockDifference_thread_11_process_0=3
STDDEV_unlockDifference_thread_11_process_0=0.0
MEDIAN_unlockDifference_thread_11_process_0=3
MIN_unlockDifference_thread_11_process_0=3
MAX_unlockDifference_thread_11_process_0=3
SUM_unlockSum_thread_11_process_0=30
MEAN_unlockSum_thread_11_process_0=3
STDDEV_unlockSum_thread_11_process_0=0.0
MEDIAN_unlockSum_thread_11_process_0=3
MIN_unlockSum_thread_11_process_0=3
MAX_unlockSum_thread_11_process_0=3
SUM_TURNAROUNDTIME_thread_12_process_0=183
SUM_addDifference_thread_12_process_0=10
MEAN_addDifference_thread_12_process_0=1
STDDEV_addDifference_thread_12_process_0=0.0
MEDIAN_addDifference_thread_12_process_0=1
MIN_addDifference_thread_12_process_0=1
MAX_addDifference_thread_12_process_0=1
SUM_addSum_thread_12_process_0=10
MEAN_addSum_thread_12_process_0=1
STDDEV_addSum_thread_12_process_0=0.0
MEDIAN_addSum_thread_12_process_0=1
MIN_addSum_thread_12_process_0=1
MAX_addSum_thread_12_process_0=1
SUM_fetchDifference_thread_12_process_0=10
MEAN_fetchDifference_thread_12_process_0=1
STDDEV_fetchDifference_thread_12_process_0=0.0
MEDIAN_fetchDifference_thread_12_process_0=1
MIN_fetchDifference_thread_12_process_0=1
MAX_fetchDifference_thread_12_process_0=1
SUM_fetchSum_thread_12_process_0=10
MEAN_fetchSum_thread_12_process_0=1
STDDEV_fetchSum_thread_12_process_0=0.0
MEDIAN_fetchSum_thread_12_process_0=1
MIN_fetchSum_thread_12_process_0=1
MAX_fetchSum_thread_12_process_0=1
SUM_init_thread_12_process_0=0
MEAN_init_thread_12_process_0=0
STDDEV_init_thread_12_process_0=0.0
MEDIAN_init_thread_12_process_0=0
MIN_init_thread_12_process_0=0
MAX_init_thread_12_process_0=0
SUM_initThreads_thread_12_process_0=1
MEAN_initThreads_thread_12_process_0=1
STDDEV_initThreads_thread_12_process_0=0.0
MEDIAN_initThreads_thread_12_process_0=1
MIN_initThreads_thread_12_process_0=1
MAX_initThreads_thread_12_process_0=1
SUM_lockDifference_thread_12_process_0=30
MEAN_lockDifference_thread_12_process_0=3
STDDEV_lockDifference_thread_12_process_0=0.0
MEDIAN_lockDifference_thread_12_process_0=3
MIN_lockDifference_thread_12_process_0=3
MAX_lockDifference_thread_12_process_0=3
SUM_lockSum_thread_12_process_0=31
MEAN_lockSum_thread_12_process_0=3.1
STDDEV_lockSum_thread_12_process_0=0.3
MEDIAN_lockSum_thread_12_process_0=3
MIN_lockSum_thread_12_process_0=3
MAX_lockSum_thread_12_process_0=4
SUM_storeDifference_thread_12_process_0=10
MEAN_storeDifference_thread_12_process_0=1
STDDEV_storeDifference_thread_12_process_0=0.0
MEDIAN_storeDifference_thread_12_process_0=1
MIN_storeDifference_thread_12_process_0=1
MAX_storeDifference_thread_12_process_0=1
SUM_storeSum_thread_12_process_0=10
MEAN_storeSum_thread_12_process_0=1
STDDEV_storeSum_thread_12_process_0=0.0
MEDIAN_storeSum_thread_12_process_0=1
MIN_storeSum_thread_12_process_0=1
MAX_storeSum_thread_12_process_0=1
SUM_terminated_thread_12_process_0=0
MEAN_terminated_thread_12_process_0=0
STDDEV_terminated_thread_12_process_0=0.0
MEDIAN_terminated_thread_12_process_0=0
MIN_terminated_thread_12_process_0=0
MAX_terminated_thread_12_process_0=0
SUM_unlockDifference_thread_12_process_0=30
MEAN_unlockDifference_thread_12_process_0=3
STDDEV_unlockDifference_thread_12_process_0=0.0
MEDIAN_unlockDifference_thread_12_process_0=3
MIN_unlockDifference_thread_12_process_0=3
MAX_unlockDifference_thread_12_process_0=3
SUM_unlockSum_thread_12_process_0=30
MEAN_unlockSum_thread_12_process_0=3
STDDEV_unlockSum_thread_12_process_0=0.0
MEDIAN_unlockSum_thread_12_process_0=3
MIN_unlockSum_thread_12_process_0=3
MAX_unlockSum_thread_12_process_0=3
SUM_TURNAROUNDTIME_thread_13_process_0=920
SUM_addDifference_thread_13_process_0=10
MEAN_addDifference_thread_13_process_0=1
STDDEV_addDifference_thread_13_process_0=0.0
MEDIAN_addDifference_thread_13_process_0=1
MIN_addDifference_thread_13_process_0=1
MAX_addDifference_thread_13_process_0=1
SUM_addSum_thread_13_process_0=10
MEAN_addSum_thread_13_process_0=1
STDDEV_addSum_thread_13_process_0=0.0
MEDIAN_addSum_thread_13_process_0=1
MIN_addSum_thread_13_process_0=1
MAX_addSum_thread_13_process_0=1
SUM_fetchDifference_thread_13_process_0=10
MEAN_fetchDifference_thread_13_process_0=1
STDDEV_fetchDifference_thread_13_process_0=0.0
MEDIAN_fetchDifference_thread_13_process_0=1
MIN_fetchDifference_thread_13_process_0=1
MAX_fetchDifference_thread_13_process_0=1
SUM_fetchSum_thread_13_process_0=10
MEAN_fetchSum_thread_13_process_0=1
STDDEV_fetchSum_thread_13_process_0=0.0
MEDIAN_fetchSum_thread_13_process_0=1
MIN_fetchSum_thread_13_process_0=1
MAX_fetchSum_thread_13_process_0=1
SUM_init_thread_13_process_0=0
MEAN_init_thread_13_process_0=0
STDDEV_init_thread_13_process_0=0.0
MEDIAN_init_thread_13_process_0=0
MIN_init_thread_13_process_0=0
MAX_init_thread_13_process_0=0
SUM_initThreads_thread_13_process_0=1
MEAN_initThreads_thread_13_process_0=1
STDDEV_initThreads_thread_13_process_0=0.0
MEDIAN_initThreads_thread_13_process_0=1
MIN_initThreads_thread_13_process_0=1
MAX_initThreads_thread_13_process_0=1
SUM_lockDifference_thread_13_process_0=30
MEAN_lockDifference_thread_13_process_0=3
STDDEV_lockDifference_thread_13_process_0=0.0
MEDIAN_lockDifference_thread_13_process_0=3
MIN_lockDifference_thread_13_process_0=3
MAX_lockDifference_thread_13_process_0=3
SUM_lockSum_thread_13_process_0=175
MEAN_lockSum_thread_13_process_0=7.95454545455
STDDEV_lockSum_thread_13_process_0=4.43618665817
MEDIAN_lockSum_thread_13_process_0=12
MIN_lockSum_thread_13_process_0=3
MAX_lockSum_thread_13_process_0=12
SUM_lockSumWait_thread_13_process_0=593
MEAN_lockSumWait_thread_13_process_0=49.4166666667
STDDEV_lockSumWait_thread_13_process_0=7.99435564772
MEDIAN_lockSumWait_thread_13_process_0=49
MIN_lockSumWait_thread_13_process_0=27
MAX_lockSumWait_thread_13_process_0=60
SUM_storeDifference_thread_13_process_0=10
MEAN_storeDifference_thread_13_process_0=1
STDDEV_storeDifference_thread_13_process_0=0.0
MEDIAN_storeDifference_thread_13_process_0=1
MIN_storeDifference_thread_13_process_0=1
MAX_storeDifference_thread_13_process_0=1
SUM_storeSum_thread_13_process_0=10
MEAN_storeSum_thread_13_process_0=1
STDDEV_storeSum_thread_13_process_0=0.0
MEDIAN_storeSum_thread_13_process_0=1
MIN_storeSum_thread_13_process_0=1
MAX_storeSum_thread_13_process_0=1
SUM_terminated_thread_13_process_0=0
MEAN_terminated_thread_13_process_0=0
STDDEV_terminated_thread_13_process_0=0.0
MEDIAN_terminated_thread_13_process_0=0
MIN_terminated_thread_13_process_0=0
MAX_terminated_thread_13_process_0=0
SUM_unlockDifference_thread_13_process_0=30
MEAN_unlockDifference_thread_13_process_0=3
STDDEV_unlockDifference_thread_13_process_0=0.0
MEDIAN_unlockDifference_thread_13_process_0=3
MIN_unlockDifference_thread_13_process_0=3
MAX_unlockDifference_thread_13_process_0=3
SUM_unlockSum_thread_13_process_0=30
MEAN_unlockSum_thread_13_process_0=3
STDDEV_unlockSum_thread_13_process_0=0.0
MEDIAN_unlockSum_thread_13_process_0=3
MIN_unlockSum_thread_13_process_0=3
MAX_unlockSum_thread_13_process_0=3
SUM_TURNAROUNDTIME_thread_14_process_0=183
SUM_addDifference_thread_14_process_0=10
MEAN_addDifference_thread_14_process_0=1
STDDEV_addDifference_thread_14_process_0=0.0
MEDIAN_addDifference_thread_14_process_0=1
MIN_addDifference_thread_14_process_0=1
MAX_addDifference_thread_14_process_0=1
SUM_addSum_thread_14_process_0=10
MEAN_addSum_thread_14_process_0=1
STDDEV_addSum_thread_14_process_0=0.0
MEDIAN_addSum_thread_14_process_0=1
MIN_addSum_thread_14_process_0=1
MAX_addSum_thread_14_process_0=1
SUM_fetchDifference_thread_14_process_0=10
MEAN_fetchDifference_thread_14_process_0=1
STDDEV_fetchDifference_thread_14_process_0=0.0
MEDIAN_fetchDifference_thread_14_process_0=1
MIN_fetchDifference_thread_14_process_0=1
MAX_fetchDifference_thread_14_process_0=1
SUM_fetchSum_thread_14_process_0=10
MEAN_fetchSum_thread_14_process_0=1
STDDEV_fetchSum_thread_14_process_0=0.0
MEDIAN_fetchSum_thread_14_process_0=1
MIN_fetchSum_thread_14_process_0=1
MAX_fetchSum_thread_14_process_0=1
SUM_init_thread_14_process_0=0
MEAN_init_thread_14_process_0=0
STDDEV_init_thread_14_process_0=0.0
MEDIAN_init_thread_14_process_0=0
MIN_init_thread_14_process_0=0
MAX_init_thread_14_process_0=0
SUM_initThreads_thread_14_process_0=1
MEAN_initThreads_thread_14_process_0=1
STDDEV_initThreads_thread_14_process_0=0.0
MEDIAN_initThreads_thread_14_process_0=1
MIN_initThreads_thread_14_process_0=1
MAX_initThreads_thread_14_process_0=1
SUM_lockDifference_thread_14_process_0=30
MEAN_lockDifference_thread_14_process_0=3
STDDEV_lockDifference_thread_14_process_0=0.0
MEDIAN_lockDifference_thread_14_process_0=3
MIN_lockDifference_thread_14_process_0=3
MAX_lockDifference_thread_14_process_0=3
SUM_lockSum_thread_14_process_0=31
MEAN_lockSum_thread_14_process_0=3.1
STDDEV_lockSum_thread_14_process_0=0.3
MEDIAN_lockSum_thread_14_process_0=3
MIN_lockSum_thread_14_process_0=3
MAX_lockSum_thread_14_process_0=4
SUM_storeDifference_thread_14_process_0=10
MEAN_storeDifference_thread_14_process_0=1
STDDEV_storeDifference_thread_14_process_0=0.0
MEDIAN_storeDifference_thread_14_process_0=1
MIN_storeDifference_thread_14_process_0=1
MAX_storeDifference_thread_14_process_0=1
SUM_storeSum_thread_14_process_0=10
MEAN_storeSum_thread_14_process_0=1
STDDEV_storeSum_thread_14_process_0=0.0
MEDIAN_storeSum_thread_14_process_0=1
MIN_storeSum_thread_14_process_0=1
MAX_storeSum_thread_14_process_0=1
SUM_terminated_thread_14_process_0=0
MEAN_terminated_thread_14_process_0=0
STDDEV_terminated_thread_14_process_0=0.0
MEDIAN_terminated_thread_14_process_0=0
MIN_terminated_thread_14_process_0=0
MAX_terminated_thread_14_process_0=0
SUM_unlockDifference_thread_14_process_0=30
MEAN_unlockDifference_thread_14_process_0=3
STDDEV_unlockDifference_thread_14_process_0=0.0
MEDIAN_unlockDifference_thread_14_process_0=3
MIN_unlockDifference_thread_14_process_0=3
MAX_unlockDifference_thread_14_process_0=3
SUM_unlockSum_thread_14_process_0=30
MEAN_unlockSum_thread_14_process_0=3
STDDEV_unlockSum_thread_14_process_0=0.0
MEDIAN_unlockSum_thread_14_process_0=3
MIN_unlockSum_thread_14_process_0=3
MAX_unlockSum_thread_14_process_0=3
SUM_TURNAROUNDTIME_thread_15_process_0=924
SUM_addDifference_thread_15_process_0=10
MEAN_addDifference_thread_15_process_0=1
STDDEV_addDifference_thread_15_process_0=0.0
MEDIAN_addDifference_thread_15_process_0=1
MIN_addDifference_thread_15_process_0=1
MAX_addDifference_thread_15_process_0=1
SUM_addSum_thread_15_process_0=10
MEAN_addSum_thread_15_process_0=1
STDDEV_addSum_thread_15_process_0=0.0
MEDIAN_addSum_thread_15_process_0=1
MIN_addSum_thread_15_process_0=1
MAX_addSum_thread_15_process_0=1
SUM_fetchDifference_thread_15_process_0=10
MEAN_fetchDifference_thread_15_process_0=1
STDDEV_fetchDifference_thread_15_process_0=0.0
MEDIAN_fetchDifference_thread_15_process_0=1
MIN_fetchDifference_thread_15_process_0=1
MAX_fetchDifference_thread_15_process_0=1
SUM_fetchSum_thread_15_process_0=10
MEAN_fetchSum_thread_15_process_0=1
STDDEV_fetchSum_thread_15_process_0=0.0
MEDIAN_fetchSum_thread_15_process_0=1
MIN_fetchSum_thread_15_process_0=1
MAX_fetchSum_thread_15_process_0=1
SUM_init_thread_15_process_0=0
MEAN_init_thread_15_process_0=0
STDDEV_init_thread_15_process_0=0.0
MEDIAN_init_thread_15_process_0=0
MIN_init_thread_15_process_0=0
MAX_init_thread_15_process_0=0
SUM_initThreads_thread_15_process_0=1
MEAN_initThreads_thread_15_process_0=1
STDDEV_initThreads_thread_15_process_0=0.0
MEDIAN_initThreads_thread_15_process_0=1
MIN_initThreads_thread_15_process_0=1
MAX_initThreads_thread_15_process_0=1
SUM_lockDifference_thread_15_process_0=30
MEAN_lockDifference_thread_15_process_0=3
STDDEV_lockDifference_thread_15_process_0=0.0
MEDIAN_lockDifference_thread_15_process_0=3
MIN_lockDifference_thread_15_process_0=3
MAX_lockDifference_thread_15_process_0=3
SUM_lockSum_thread_15_process_0=175
MEAN_lockSum_thread_15_process_0=7.95454545455
STDDEV_lockSum_thread_15_process_0=4.43618665817
MEDIAN_lockSum_thread_15_process_0=12
MIN_lockSum_thread_15_process_0=3
MAX_lockSum_thread_15_process_0=12
SUM_lockSumWait_thread_15_process_0=597
MEAN_lockSumWait_thread_15_process_0=49.75
STDDEV_lockSumWait_thread_15_process_0=6.77157047269
MEDIAN_lockSumWait_thread_15_process_0=49
MIN_lockSumWait_thread_15_process_0=37
MAX_lockSumWait_thread_15_process_0=61
SUM_storeDifference_thread_15_process_0=10
MEAN_storeDifference_thread_15_process_0=1
STDDEV_storeDifference_thread_15_process_0=0.0
MEDIAN_storeDifference_thread_15_process_0=1
MIN_storeDifference_thread_15_process_0=1
MAX_storeDifference_thread_15_process_0=1
SUM_storeSum_thread_15_process_0=10
MEAN_storeSum_thread_15_process_0=1
STDDEV_storeSum_thread_15_process_0=0.0
MEDIAN_storeSum_thread_15_process_0=1
MIN_storeSum_thread_15_process_0=1
MAX_storeSum_thread_15_process_0=1
SUM_terminated_thread_15_process_0=0
MEAN_terminated_thread_15_process_0=0
STDDEV_terminated_thread_15_process_0=0.0
MEDIAN_terminated_thread_15_process_0=0
MIN_terminated_thread_15_process_0=0
MAX_terminated_thread_15_process_0=0
SUM_unlockDifference_thread_15_process_0=30
MEAN_unlockDifference_thread_15_process_0=3
STDDEV_unlockDifference_thread_15_process_0=0.0
MEDIAN_unlockDifference_thread_15_process_0=3
MIN_unlockDifference_thread_15_process_0=3
MAX_unlockDifference_thread_15_process_0=3
SUM_unlockSum_thread_15_process_0=30
MEAN_unlockSum_thread_15_process_0=3
STDDEV_unlockSum_thread_15_process_0=0.0
MEDIAN_unlockSum_thread_15_process_0=3
MIN_unlockSum_thread_15_process_0=3
MAX_unlockSum_thread_15_process_0=3
SUM_TURNAROUNDTIME_thread_16_process_0=183
SUM_addDifference_thread_16_process_0=10
MEAN_addDifference_thread_16_process_0=1
STDDEV_addDifference_thread_16_process_0=0.0
MEDIAN_addDifference_thread_16_process_0=1
MIN_addDifference_thread_16_process_0=1
MAX_addDifference_thread_16_process_0=1
SUM_addSum_thread_16_process_0=10
MEAN_addSum_thread_16_process_0=1
STDDEV_addSum_thread_16_process_0=0.0
MEDIAN_addSum_thread_16_process_0=1
MIN_addSum_thread_16_process_0=1
MAX_addSum_thread_16_process_0=1
SUM_fetchDifference_thread_16_process_0=10
MEAN_fetchDifference_thread_16_process_0=1
STDDEV_fetchDifference_thread_16_process_0=0.0
MEDIAN_fetchDifference_thread_16_process_0=1
MIN_fetchDifference_thread_16_process_0=1
MAX_fetchDifference_thread_16_process_0=1
SUM_fetchSum_thread_16_process_0=10
MEAN_fetchSum_thread_16_process_0=1
STDDEV_fetchSum_thread_16_process_0=0.0
MEDIAN_fetchSum_thread_16_process_0=1
MIN_fetchSum_thread_16_process_0=1
MAX_fetchSum_thread_16_process_0=1
SUM_init_thread_16_process_0=0
MEAN_init_thread_16_process_0=0
STDDEV_init_thread_16_process_0=0.0
MEDIAN_init_thread_16_process_0=0
MIN_init_thread_16_process_0=0
MAX_init_thread_16_process_0=0
SUM_initThreads_thread_16_process_0=1
MEAN_initThreads_thread_16_process_0=1
STDDEV_initThreads_thread_16_process_0=0.0
MEDIAN_initThreads_thread_16_process_0=1
MIN_initThreads_thread_16_process_0=1
MAX_initThreads_thread_16_process_0=1
SUM_lockDifference_thread_16_process_0=30
MEAN_lockDifference_thread_16_process_0=3
STDDEV_lockDifference_thread_16_process_0=0.0
MEDIAN_lockDifference_thread_16_process_0=3
MIN_lockDifference_thread_16_process_0=3
MAX_lockDifference_thread_16_process_0=3
SUM_lockSum_thread_16_process_0=31
MEAN_lockSum_thread_16_process_0=3.1
STDDEV_lockSum_thread_16_process_0=0.3
MEDIAN_lockSum_thread_16_process_0=3
MIN_lockSum_thread_16_process_0=3
MAX_lockSum_thread_16_process_0=4
SUM_storeDifference_thread_16_process_0=10
MEAN_storeDifference_thread_16_process_0=1
STDDEV_storeDifference_thread_16_process_0=0.0
MEDIAN_storeDifference_thread_16_process_0=1
MIN_storeDifference_thread_16_process_0=1
MAX_storeDifference_thread_16_process_0=1
SUM_storeSum_thread_16_process_0=10
MEAN_storeSum_thread_16_process_0=1
STDDEV_storeSum_thread_16_process_0=0.0
MEDIAN_storeSum_thread_16_process_0=1
MIN_storeSum_thread_16_process_0=1
MAX_storeSum_thread_16_process_0=1
SUM_terminated_thread_16_process_0=0
MEAN_terminated_thread_16_process_0=0
STDDEV_terminated_thread_16_process_0=0.0
MEDIAN_terminated_thread_16_process_0=0
MIN_terminated_thread_16_process_0=0
MAX_terminated_thread_16_process_0=0
SUM_unlockDifference_thread_16_process_0=30
MEAN_unlockDifference_thread_16_process_0=3
STDDEV_unlockDifference_thread_16_process_0=0.0
MEDIAN_unlockDifference_thread_16_process_0=3
MIN_unlockDifference_thread_16_process_0=3
MAX_unlockDifference_thread_16_process_0=3
SUM_unlockSum_thread_16_process_0=30
MEAN_unlockSum_thread_16_process_0=3
STDDEV_unlockSum_thread_16_process_0=0.0
MEDIAN_unlockSum_thread_16_process_0=3
MIN_unlockSum_thread_16_process_0=3
MAX_unlockSum_thread_16_process_0=3
SUM_TURNAROUNDTIME_thread_17_process_0=931
SUM_addDifference_thread_17_process_0=10
MEAN_addDifference_thread_17_process_0=1
STDDEV_addDifference_thread_17_process_0=0.0
MEDIAN_addDifference_thread_17_process_0=1
MIN_addDifference_thread_17_process_0=1
MAX_addDifference_thread_17_process_0=1
SUM_addSum_thread_17_process_0=10
MEAN_addSum_thread_17_process_0=1
STDDEV_addSum_thread_17_process_0=0.0
MEDIAN_addSum_thread_17_process_0=1
MIN_addSum_thread_17_process_0=1
MAX_addSum_thread_17_process_0=1
SUM_fetchDifference_thread_17_process_0=10
MEAN_fetchDifference_thread_17_process_0=1
STDDEV_fetchDifference_thread_17_process_0=0.0
MEDIAN_fetchDifference_thread_17_process_0=1
MIN_fetchDifference_thread_17_process_0=1
MAX_fetchDifference_thread_17_process_0=1
SUM_fetchSum_thread_17_process_0=10
MEAN_fetchSum_thread_17_process_0=1
STDDEV_fetchSum_thread_17_process_0=0.0
MEDIAN_fetchSum_thread_17_process_0=1
MIN_fetchSum_thread_17_process_0=1
MAX_fetchSum_thread_17_process_0=1
SUM_init_thread_17_process_0=0
MEAN_init_thread_17_process_0=0
STDDEV_init_thread_17_process_0=0.0
MEDIAN_init_thread_17_process_0=0
MIN_init_thread_17_process_0=0
MAX_init_thread_17_process_0=0
SUM_initThreads_thread_17_process_0=1
MEAN_initThreads_thread_17_process_0=1
STDDEV_initThreads_thread_17_process_0=0.0
MEDIAN_initThreads_thread_17_process_0=1
MIN_initThreads_thread_17_process_0=1
MAX_initThreads_thread_17_process_0=1
SUM_lockDifference_thread_17_process_0=30
MEAN_lockDifference_thread_17_process_0=3
STDDEV_lockDifference_thread_17_process_0=0.0
MEDIAN_lockDifference_thread_17_process_0=3
MIN_lockDifference_thread_17_process_0=3
MAX_lockDifference_thread_17_process_0=3
SUM_lockSum_thread_17_process_0=175
MEAN_lockSum_thread_17_process_0=7.95454545455
STDDEV_lockSum_thread_17_process_0=4.43618665817
MEDIAN_lockSum_thread_17_process_0=12
MIN_lockSum_thread_17_process_0=3
MAX_lockSum_thread_17_process_0=12
SUM_lockSumWait_thread_17_process_0=604
MEAN_lockSumWait_thread_17_process_0=50.3333333333
STDDEV_lockSumWait_thread_17_process_0=6.61227814163
MEDIAN_lockSumWait_thread_17_process_0=49
MIN_lockSumWait_thread_17_process_0=34
MAX_lockSumWait_thread_17_process_0=62
SUM_storeDifference_thread_17_process_0=10
MEAN_storeDifference_thread_17_process_0=1
STDDEV_storeDifference_thread_17_process_0=0.0
MEDIAN_storeDifference_thread_17_process_0=1
MIN_storeDifference_thread_17_process_0=1
MAX_storeDifference_thread_17_process_0=1
SUM_storeSum_thread_17_process_0=10
MEAN_storeSum_thread_17_process_0=1
STDDEV_storeSum_thread_17_process_0=0.0
MEDIAN_storeSum_thread_17_process_0=1
MIN_storeSum_thread_17_process_0=1
MAX_storeSum_thread_17_process_0=1
SUM_terminated_thread_17_process_0=0
MEAN_terminated_thread_17_process_0=0
STDDEV_terminated_thread_17_process_0=0.0
MEDIAN_terminated_thread_17_process_0=0
MIN_terminated_thread_17_process_0=0
MAX_terminated_thread_17_process_0=0
SUM_unlockDifference_thread_17_process_0=30
MEAN_unlockDifference_thread_17_process_0=3
STDDEV_unlockDifference_thread_17_process_0=0.0
MEDIAN_unlockDifference_thread_17_process_0=3
MIN_unlockDifference_thread_17_process_0=3
MAX_unlockDifference_thread_17_process_0=3
SUM_unlockSum_thread_17_process_0=30
MEAN_unlockSum_thread_17_process_0=3
STDDEV_unlockSum_thread_17_process_0=0.0
MEDIAN_unlockSum_thread_17_process_0=3
MIN_unlockSum_thread_17_process_0=3
MAX_unlockSum_thread_17_process_0=3
SUM_TURNAROUNDTIME_thread_18_process_0=183
SUM_addDifference_thread_18_process_0=10
MEAN_addDifference_thread_18_process_0=1
STDDEV_addDifference_thread_18_process_0=0.0
MEDIAN_addDifference_thread_18_process_0=1
MIN_addDifference_thread_18_process_0=1
MAX_addDifference_thread_18_process_0=1
SUM_addSum_thread_18_process_0=10
MEAN_addSum_thread_18_process_0=1
STDDEV_addSum_thread_18_process_0=0.0
MEDIAN_addSum_thread_18_process_0=1
MIN_addSum_thread_18_process_0=1
MAX_addSum_thread_18_process_0=1
SUM_fetchDifference_thread_18_process_0=10
MEAN_fetchDifference_thread_18_process_0=1
STDDEV_fetchDifference_thread_18_process_0=0.0
MEDIAN_fetchDifference_thread_18_process_0=1
MIN_fetchDifference_thread_18_process_0=1
MAX_fetchDifference_thread_18_process_0=1
SUM_fetchSum_thread_18_process_0=10
MEAN_fetchSum_thread_18_process_0=1
STDDEV_fetchSum_thread_18_process_0=0.0
MEDIAN_fetchSum_thread_18_process_0=1
MIN_fetchSum_thread_18_process_0=1
MAX_fetchSum_thread_18_process_0=1
SUM_init_thread_18_process_0=0
MEAN_init_thread_18_process_0=0
STDDEV_init_thread_18_process_0=0.0
MEDIAN_init_thread_18_process_0=0
MIN_init_thread_18_process_0=0
MAX_init_thread_18_process_0=0
SUM_initThreads_thread_18_process_0=1
MEAN_initThreads_thread_18_process_0=1
STDDEV_initThreads_thread_18_process_0=0.0
MEDIAN_initThreads_thread_18_process_0=1
MIN_initThreads_thread_18_process_0=1
MAX_initThreads_thread_18_process_0=1
SUM_lockDifference_thread_18_process_0=30
MEAN_lockDifference_thread_18_process_0=3
STDDEV_lockDifference_thread_18_process_0=0.0
MEDIAN_lockDifference_thread_18_process_0=3
MIN_lockDifference_thread_18_process_0=3
MAX_lockDifference_thread_18_process_0=3
SUM_lockSum_thread_18_process_0=31
MEAN_lockSum_thread_18_process_0=3.1
STDDEV_lockSum_thread_18_process_0=0.3
MEDIAN_lockSum_thread_18_process_0=3
MIN_lockSum_thread_18_process_0=3
MAX_lockSum_thread_18_process_0=4
SUM_storeDifference_thread_18_process_0=10
MEAN_storeDifference_thread_18_process_0=1
STDDEV_storeDifference_thread_18_process_0=0.0
MEDIAN_storeDifference_thread_18_process_0=1
MIN_storeDifference_thread_18_process_0=1
MAX_storeDifference_thread_18_process_0=1
SUM_storeSum_thread_18_process_0=10
MEAN_storeSum_thread_18_process_0=1
STDDEV_storeSum_thread_18_process_0=0.0
MEDIAN_storeSum_thread_18_process_0=1
MIN_storeSum_thread_18_process_0=1
MAX_storeSum_thread_18_process_0=1
SUM_terminated_thread_18_process_0=0
MEAN_terminated_thread_18_process_0=0
STDDEV_terminated_thread_18_process_0=0.0
MEDIAN_terminated_thread_18_process_0=0
MIN_terminated_thread_18_process_0=0
MAX_terminated_thread_18_process_0=0
SUM_unlockDifference_thread_18_process_0=30
MEAN_unlockDifference_thread_18_process_0=3
STDDEV_unlockDifference_thread_18_process_0=0.0
MEDIAN_unlockDifference_thread_18_process_0=3
MIN_unlockDifference_thread_18_process_0=3
MAX_unlockDifference_thread_18_process_0=3
SUM_unlockSum_thread_18_process_0=30
MEAN_unlockSum_thread_18_process_0=3
STDDEV_unlockSum_thread_18_process_0=0.0
MEDIAN_unlockSum_thread_18_process_0=3
MIN_unlockSum_thread_18_process_0=3
MAX_unlockSum_thread_18_process_0=3
SUM_TURNAROUNDTIME_thread_19_process_0=931
SUM_addDifference_thread_19_process_0=10
MEAN_addDifference_thread_19_process_0=1
STDDEV_addDifference_thread_19_process_0=0.0
MEDIAN_addDifference_thread_19_process_0=1
MIN_addDifference_thread_19_process_0=1
MAX_addDifference_thread_19_process_0=1
SUM_addSum_thread_19_process_0=10
MEAN_addSum_thread_19_process_0=1
STDDEV_addSum_thread_19_process_0=0.0
MEDIAN_addSum_thread_19_process_0=1
MIN_addSum_thread_19_process_0=1
MAX_addSum_thread_19_process_0=1
SUM_fetchDifference_thread_19_process_0=10
MEAN_fetchDifference_thread_19_process_0=1
STDDEV_fetchDifference_thread_19_process_0=0.0
MEDIAN_fetchDifference_thread_19_process_0=1
MIN_fetchDifference_thread_19_process_0=1
MAX_fetchDifference_thread_19_process_0=1
SUM_fetchSum_thread_19_process_0=10
MEAN_fetchSum_thread_19_process_0=1
STDDEV_fetchSum_thread_19_process_0=0.0
MEDIAN_fetchSum_thread_19_process_0=1
MIN_fetchSum_thread_19_process_0=1
MAX_fetchSum_thread_19_process_0=1
SUM_init_thread_19_process_0=0
MEAN_init_thread_19_process_0=0
STDDEV_init_thread_19_process_0=0.0
MEDIAN_init_thread_19_process_0=0
MIN_init_thread_19_process_0=0
MAX_init_thread_19_process_0=0
SUM_initThreads_thread_19_process_0=1
MEAN_initThreads_thread_19_process_0=1
STDDEV_initThreads_thread_19_process_0=0.0
MEDIAN_initThreads_thread_19_process_0=1
MIN_initThreads_thread_19_process_0=1
MAX_initThreads_thread_19_process_0=1
SUM_lockDifference_thread_19_process_0=30
MEAN_lockDifference_thread_19_process_0=3
STDDEV_lockDifference_thread_19_process_0=0.0
MEDIAN_lockDifference_thread_19_process_0=3
MIN_lockDifference_thread_19_process_0=3
MAX_lockDifference_thread_19_process_0=3
SUM_lockSum_thread_19_process_0=174
MEAN_lockSum_thread_19_process_0=7.90909090909
STDDEV_lockSum_thread_19_process_0=4.48136637959
MEDIAN_lockSum_thread_19_process_0=12
MIN_lockSum_thread_19_process_0=3
MAX_lockSum_thread_19_process_0=12
SUM_lockSumWait_thread_19_process_0=605
MEAN_lockSumWait_thread_19_process_0=50.4166666667
STDDEV_lockSumWait_thread_19_process_0=7.85767494591
MEDIAN_lockSumWait_thread_19_process_0=49
MIN_lockSumWait_thread_19_process_0=30
MAX_lockSumWait_thread_19_process_0=65
SUM_storeDifference_thread_19_process_0=10
MEAN_storeDifference_thread_19_process_0=1
STDDEV_storeDifference_thread_19_process_0=0.0
MEDIAN_storeDifference_thread_19_process_0=1
MIN_storeDifference_thread_19_process_0=1
MAX_storeDifference_thread_19_process_0=1
SUM_storeSum_thread_19_process_0=10
MEAN_storeSum_thread_19_process_0=1
STDDEV_storeSum_thread_19_process_0=0.0
MEDIAN_storeSum_thread_19_process_0=1
MIN_storeSum_thread_19_process_0=1
MAX_storeSum_thread_19_process_0=1
SUM_terminated_thread_19_process_0=0
MEAN_terminated_thread_19_process_0=0
STDDEV_terminated_thread_19_process_0=0.0
MEDIAN_terminated_thread_19_process_0=0
MIN_terminated_thread_19_process_0=0
MAX_terminated_thread_19_process_0=0
SUM_unlockDifference_thread_19_process_0=30
MEAN_unlockDifference_thread_19_process_0=3
STDDEV_unlockDifference_thread_19_process_0=0.0
MEDIAN_unlockDifference_thread_19_process_0=3
MIN_unlockDifference_thread_19_process_0=3
MAX_unlockDifference_thread_19_process_0=3
SUM_unlockSum_thread_19_process_0=30
MEAN_unlockSum_thread_19_process_0=3
STDDEV_unlockSum_thread_19_process_0=0.0
MEDIAN_unlockSum_thread_19_process_0=3
MIN_unlockSum_thread_19_process_0=3
MAX_unlockSum_thread_19_process_0=3
SUM_TURNAROUNDTIME_thread_2_process_0=927
SUM_addDifference_thread_2_process_0=10
MEAN_addDifference_thread_2_process_0=1
STDDEV_addDifference_thread_2_process_0=0.0
MEDIAN_addDifference_thread_2_process_0=1
MIN_addDifference_thread_2_process_0=1
MAX_addDifference_thread_2_process_0=1
SUM_addSum_thread_2_process_0=10
MEAN_addSum_thread_2_process_0=1
STDDEV_addSum_thread_2_process_0=0.0
MEDIAN_addSum_thread_2_process_0=1
MIN_addSum_thread_2_process_0=1
MAX_addSum_thread_2_process_0=1
SUM_fetchDifference_thread_2_process_0=10
MEAN_fetchDifference_thread_2_process_0=1
STDDEV_fetchDifference_thread_2_process_0=0.0
MEDIAN_fetchDifference_thread_2_process_0=1
MIN_fetchDifference_thread_2_process_0=1
MAX_fetchDifference_thread_2_process_0=1
SUM_fetchSum_thread_2_process_0=10
MEAN_fetchSum_thread_2_process_0=1
STDDEV_fetchSum_thread_2_process_0=0.0
MEDIAN_fetchSum_thread_2_process_0=1
MIN_fetchSum_thread_2_process_0=1
MAX_fetchSum_thread_2_process_0=1
SUM_init_thread_2_process_0=0
MEAN_init_thread_2_process_0=0
STDDEV_init_thread_2_process_0=0.0
MEDIAN_init_thread_2_process_0=0
MIN_init_thread_2_process_0=0
MAX_init_thread_2_process_0=0
SUM_initThreads_thread_2_process_0=1
MEAN_initThreads_thread_2_process_0=1
STDDEV_initThreads_thread_2_process_0=0.0
MEDIAN_initThreads_thread_2_process_0=1
MIN_initThreads_thread_2_process_0=1
MAX_initThreads_thread_2_process_0=1
SUM_lockDifference_thread_2_process_0=30
MEAN_lockDifference_thread_2_process_0=3
STDDEV_lockDifference_thread_2_process_0=0.0
MEDIAN_lockDifference_thread_2_process_0=3
MIN_lockDifference_thread_2_process_0=3
MAX_lockDifference_thread_2_process_0=3
SUM_lockSum_thread_2_process_0=175
MEAN_lockSum_thread_2_process_0=7.95454545455
STDDEV_lockSum_thread_2_process_0=4.43618665817
MEDIAN_lockSum_thread_2_process_0=12
MIN_lockSum_thread_2_process_0=3
MAX_lockSum_thread_2_process_0=12
SUM_lockSumWait_thread_2_process_0=600
MEAN_lockSumWait_thread_2_process_0=50
STDDEV_lockSumWait_thread_2_process_0=12.3895116934
MEDIAN_lockSumWait_thread_2_process_0=50.5
MIN_lockSumWait_thread_2_process_0=13
MAX_lockSumWait_thread_2_process_0=66
SUM_storeDifference_thread_2_process_0=10
MEAN_storeDifference_thread_2_process_0=1
STDDEV_storeDifference_thread_2_process_0=0.0
MEDIAN_storeDifference_thread_2_process_0=1
MIN_storeDifference_thread_2_process_0=1
MAX_storeDifference_thread_2_process_0=1
SUM_storeSum_thread_2_process_0=10
MEAN_storeSum_thread_2_process_0=1
STDDEV_storeSum_thread_2_process_0=0.0
MEDIAN_storeSum_thread_2_process_0=1
MIN_storeSum_thread_2_process_0=1
MAX_storeSum_thread_2_process_0=1
SUM_terminated_thread_2_process_0=0
MEAN_terminated_thread_2_process_0=0
STDDEV_terminated_thread_2_process_0=0.0
MEDIAN_terminated_thread_2_process_0=0
MIN_terminated_thread_2_process_0=0
MAX_terminated_thread_2_process_0=0
SUM_unlockDifference_thread_2_process_0=30
MEAN_unlockDifference_thread_2_process_0=3
STDDEV_unlockDifference_thread_2_process_0=0.0
MEDIAN_unlockDifference_thread_2_process_0=3
MIN_unlockDifference_thread_2_process_0=3
MAX_unlockDifference_thread_2_process_0=3
SUM_unlockSum_thread_2_process_0=30
MEAN_unlockSum_thread_2_process_0=3
STDDEV_unlockSum_thread_2_process_0=0.0
MEDIAN_unlockSum_thread_2_process_0=3
MIN_unlockSum_thread_2_process_0=3
MAX_unlockSum_thread_2_process_0=3
SUM_TURNAROUNDTIME_thread_3_process_0=974
SUM_addDifference_thread_3_process_0=10
MEAN_addDifference_thread_3_process_0=1
STDDEV_addDifference_thread_3_process_0=0.0
MEDIAN_addDifference_thread_3_process_0=1
MIN_addDifference_thread_3_process_0=1
MAX_addDifference_thread_3_process_0=1
SUM_addSum_thread_3_process_0=10
MEAN_addSum_thread_3_process_0=1
STDDEV_addSum_thread_3_process_0=0.0
MEDIAN_addSum_thread_3_process_0=1
MIN_addSum_thread_3_process_0=1
MAX_addSum_thread_3_process_0=1
SUM_fetchDifference_thread_3_process_0=10
MEAN_fetchDifference_thread_3_process_0=1
STDDEV_fetchDifference_thread_3_process_0=0.0
MEDIAN_fetchDifference_thread_3_process_0=1
MIN_fetchDifference_thread_3_process_0=1
MAX_fetchDifference_thread_3_process_0=1
SUM_fetchSum_thread_3_process_0=10
MEAN_fetchSum_thread_3_process_0=1
STDDEV_fetchSum_thread_3_process_0=0.0
MEDIAN_fetchSum_thread_3_process_0=1
MIN_fetchSum_thread_3_process_0=1
MAX_fetchSum_thread_3_process_0=1
SUM_init_thread_3_process_0=0
MEAN_init_thread_3_process_0=0
STDDEV_init_thread_3_process_0=0.0
MEDIAN_init_thread_3_process_0=0
MIN_init_thread_3_process_0=0
MAX_init_thread_3_process_0=0
SUM_initThreads_thread_3_process_0=1
MEAN_initThreads_thread_3_process_0=1
STDDEV_initThreads_thread_3_process_0=0.0
MEDIAN_initThreads_thread_3_process_0=1
MIN_initThreads_thread_3_process_0=1
MAX_initThreads_thread_3_process_0=1
SUM_lockDifference_thread_3_process_0=30
MEAN_lockDifference_thread_3_process_0=3
STDDEV_lockDifference_thread_3_process_0=0.0
MEDIAN_lockDifference_thread_3_process_0=3
MIN_lockDifference_thread_3_process_0=3
MAX_lockDifference_thread_3_process_0=3
SUM_lockSum_thread_3_process_0=199
MEAN_lockSum_thread_3_process_0=8.29166666667
STDDEV_lockSum_thread_3_process_0=4.39203034547
MEDIAN_lockSum_thread_3_process_0=12
MIN_lockSum_thread_3_process_0=3
MAX_lockSum_thread_3_process_0=12
SUM_lockSumWait_thread_3_process_0=623
MEAN_lockSumWait_thread_3_process_0=44.5
STDDEV_lockSumWait_thread_3_process_0=17.8635702718
MEDIAN_lockSumWait_thread_3_process_0=49
MIN_lockSumWait_thread_3_process_0=1
MAX_lockSumWait_thread_3_process_0=66
SUM_storeDifference_thread_3_process_0=10
MEAN_storeDifference_thread_3_process_0=1
STDDEV_storeDifference_thread_3_process_0=0.0
MEDIAN_storeDifference_thread_3_process_0=1
MIN_storeDifference_thread_3_process_0=1
MAX_storeDifference_thread_3_process_0=1
SUM_storeSum_thread_3_process_0=10
MEAN_storeSum_thread_3_process_0=1
STDDEV_storeSum_thread_3_process_0=0.0
MEDIAN_storeSum_thread_3_process_0=1
MIN_storeSum_thread_3_process_0=1
MAX_storeSum_thread_3_process_0=1
SUM_terminated_thread_3_process_0=0
MEAN_terminated_thread_3_process_0=0
STDDEV_terminated_thread_3_process_0=0.0
MEDIAN_terminated_thread_3_process_0=0
MIN_terminated_thread_3_process_0=0
MAX_terminated_thread_3_process_0=0
SUM_unlockDifference_thread_3_process_0=30
MEAN_unlockDifference_thread_3_process_0=3
STDDEV_unlockDifference_thread_3_process_0=0.0
MEDIAN_unlockDifference_thread_3_process_0=3
MIN_unlockDifference_thread_3_process_0=3
MAX_unlockDifference_thread_3_process_0=3
SUM_unlockSum_thread_3_process_0=30
MEAN_unlockSum_thread_3_process_0=3
STDDEV_unlockSum_thread_3_process_0=0.0
MEDIAN_unlockSum_thread_3_process_0=3
MIN_unlockSum_thread_3_process_0=3
MAX_unlockSum_thread_3_process_0=3
SUM_TURNAROUNDTIME_thread_4_process_0=856
SUM_addDifference_thread_4_process_0=10
MEAN_addDifference_thread_4_process_0=1
STDDEV_addDifference_thread_4_process_0=0.0
MEDIAN_addDifference_thread_4_process_0=1
MIN_addDifference_thread_4_process_0=1
MAX_addDifference_thread_4_process_0=1
SUM_addSum_thread_4_process_0=10
MEAN_addSum_thread_4_process_0=1
STDDEV_addSum_thread_4_process_0=0.0
MEDIAN_addSum_thread_4_process_0=1
MIN_addSum_thread_4_process_0=1
MAX_addSum_thread_4_process_0=1
SUM_fetchDifference_thread_4_process_0=10
MEAN_fetchDifference_thread_4_process_0=1
STDDEV_fetchDifference_thread_4_process_0=0.0
MEDIAN_fetchDifference_thread_4_process_0=1
MIN_fetchDifference_thread_4_process_0=1
MAX_fetchDifference_thread_4_process_0=1
SUM_fetchSum_thread_4_process_0=10
MEAN_fetchSum_thread_4_process_0=1
STDDEV_fetchSum_thread_4_process_0=0.0
MEDIAN_fetchSum_thread_4_process_0=1
MIN_fetchSum_thread_4_process_0=1
MAX_fetchSum_thread_4_process_0=1
SUM_init_thread_4_process_0=0
MEAN_init_thread_4_process_0=0
STDDEV_init_thread_4_process_0=0.0
MEDIAN_init_thread_4_process_0=0
MIN_init_thread_4_process_0=0
MAX_init_thread_4_process_0=0
SUM_initThreads_thread_4_process_0=1
MEAN_initThreads_thread_4_process_0=1
STDDEV_initThreads_thread_4_process_0=0.0
MEDIAN_initThreads_thread_4_process_0=1
MIN_initThreads_thread_4_process_0=1
MAX_initThreads_thread_4_process_0=1
SUM_lockDifference_thread_4_process_0=30
MEAN_lockDifference_thread_4_process_0=3
STDDEV_lockDifference_thread_4_process_0=0.0
MEDIAN_lockDifference_thread_4_process_0=3
MIN_lockDifference_thread_4_process_0=3
MAX_lockDifference_thread_4_process_0=3
SUM_lockSum_thread_4_process_0=163
MEAN_lockSum_thread_4_process_0=7.7619047619
STDDEV_lockSum_thread_4_process_0=4.44977005189
MEDIAN_lockSum_thread_4_process_0=12
MIN_lockSum_thread_4_process_0=3
MAX_lockSum_thread_4_process_0=12
SUM_lockSumWait_thread_4_process_0=541
MEAN_lockSumWait_thread_4_process_0=49.1818181818
STDDEV_lockSumWait_thread_4_process_0=9.22268134762
MEDIAN_lockSumWait_thread_4_process_0=49
MIN_lockSumWait_thread_4_process_0=23
MAX_lockSumWait_thread_4_process_0=60
SUM_storeDifference_thread_4_process_0=10
MEAN_storeDifference_thread_4_process_0=1
STDDEV_storeDifference_thread_4_process_0=0.0
MEDIAN_storeDifference_thread_4_process_0=1
MIN_storeDifference_thread_4_process_0=1
MAX_storeDifference_thread_4_process_0=1
SUM_storeSum_thread_4_process_0=10
MEAN_storeSum_thread_4_process_0=1
STDDEV_storeSum_thread_4_process_0=0.0
MEDIAN_storeSum_thread_4_process_0=1
MIN_storeSum_thread_4_process_0=1
MAX_storeSum_thread_4_process_0=1
SUM_terminated_thread_4_process_0=0
MEAN_terminated_thread_4_process_0=0
STDDEV_terminated_thread_4_process_0=0.0
MEDIAN_terminated_thread_4_process_0=0
MIN_terminated_thread_4_process_0=0
MAX_terminated_thread_4_process_0=0
SUM_unlockDifference_thread_4_process_0=30
MEAN_unlockDifference_thread_4_process_0=3
STDDEV_unlockDifference_thread_4_process_0=0.0
MEDIAN_unlockDifference_thread_4_process_0=3
MIN_unlockDifference_thread_4_process_0=3
MAX_unlockDifference_thread_4_process_0=3
SUM_unlockSum_thread_4_process_0=30
MEAN_unlockSum_thread_4_process_0=3
STDDEV_unlockSum_thread_4_process_0=0.0
MEDIAN_unlockSum_thread_4_process_0=3
MIN_unlockSum_thread_4_process_0=3
MAX_unlockSum_thread_4_process_0=3
SUM_TURNAROUNDTIME_thread_5_process_0=981
SUM_addDifference_thread_5_process_0=10
MEAN_addDifference_thread_5_process_0=1
STDDEV_addDifference_thread_5_process_0=0.0
MEDIAN_addDifference_thread_5_process_0=1
MIN_addDifference_thread_5_process_0=1
MAX_addDifference_thread_5_process_0=1
SUM_addSum_thread_5_process_0=10
MEAN_addSum_thread_5_process_0=1
STDDEV_addSum_thread_5_process_0=0.0
MEDIAN_addSum_thread_5_process_0=1
MIN_addSum_thread_5_process_0=1
MAX_addSum_thread_5_process_0=1
SUM_fetchDifference_thread_5_process_0=10
MEAN_fetchDifference_thread_5_process_0=1
STDDEV_fetchDifference_thread_5_process_0=0.0
MEDIAN_fetchDifference_thread_5_process_0=1
MIN_fetchDifference_thread_5_process_0=1
MAX_fetchDifference_thread_5_process_0=1
SUM_fetchSum_thread_5_process_0=10
MEAN_fetchSum_thread_5_process_0=1
STDDEV_fetchSum_thread_5_process_0=0.0
MEDIAN_fetchSum_thread_5_process_0=1
MIN_fetchSum_thread_5_process_0=1
MAX_fetchSum_thread_5_process_0=1
SUM_init_thread_5_process_0=0
MEAN_init_thread_5_process_0=0
STDDEV_init_thread_5_process_0=0.0
MEDIAN_init_thread_5_process_0=0
MIN_init_thread_5_process_0=0
MAX_init_thread_5_process_0=0
SUM_initThreads_thread_5_process_0=1
MEAN_initThreads_thread_5_process_0=1
STDDEV_initThreads_thread_5_process_0=0.0
MEDIAN_initThreads_thread_5_process_0=1
MIN_initThreads_thread_5_process_0=1
MAX_initThreads_thread_5_process_0=1
SUM_lockDifference_thread_5_process_0=30
MEAN_lockDifference_thread_5_process_0=3
STDDEV_lockDifference_thread_5_process_0=0.0
MEDIAN_lockDifference_thread_5_process_0=3
MIN_lockDifference_thread_5_process_0=3
MAX_lockDifference_thread_5_process_0=3
SUM_lockSum_thread_5_process_0=199
MEAN_lockSum_thread_5_process_0=8.29166666667
STDDEV_lockSum_thread_5_process_0=4.39203034547
MEDIAN_lockSum_thread_5_process_0=12
MIN_lockSum_thread_5_process_0=3
MAX_lockSum_thread_5_process_0=12
SUM_lockSumWait_thread_5_process_0=630
MEAN_lockSumWait_thread_5_process_0=45
STDDEV_lockSumWait_thread_5_process_0=17.158921045
MEDIAN_lockSumWait_thread_5_process_0=49
MIN_lockSumWait_thread_5_process_0=1
MAX_lockSumWait_thread_5_process_0=67
SUM_storeDifference_thread_5_process_0=10
MEAN_storeDifference_thread_5_process_0=1
STDDEV_storeDifference_thread_5_process_0=0.0
MEDIAN_storeDifference_thread_5_process_0=1
MIN_storeDifference_thread_5_process_0=1
MAX_storeDifference_thread_5_process_0=1
SUM_storeSum_thread_5_process_0=10
MEAN_storeSum_thread_5_process_0=1
STDDEV_storeSum_thread_5_process_0=0.0
MEDIAN_storeSum_thread_5_process_0=1
MIN_storeSum_thread_5_process_0=1
MAX_storeSum_thread_5_process_0=1
SUM_terminated_thread_5_process_0=0
MEAN_terminated_thread_5_process_0=0
STDDEV_terminated_thread_5_process_0=0.0
MEDIAN_terminated_thread_5_process_0=0
MIN_terminated_thread_5_process_0=0
MAX_terminated_thread_5_process_0=0
SUM_unlockDifference_thread_5_process_0=30
MEAN_unlockDifference_thread_5_process_0=3
STDDEV_unlockDifference_thread_5_process_0=0.0
MEDIAN_unlockDifference_thread_5_process_0=3
MIN_unlockDifference_thread_5_process_0=3
MAX_unlockDifference_thread_5_process_0=3
SUM_unlockSum_thread_5_process_0=30
MEAN_unlockSum_thread_5_process_0=3
STDDEV_unlockSum_thread_5_process_0=0.0
MEDIAN_unlockSum_thread_5_process_0=3
MIN_unlockSum_thread_5_process_0=3
MAX_unlockSum_thread_5_process_0=3
SUM_TURNAROUNDTIME_thread_6_process_0=867
SUM_addDifference_thread_6_process_0=10
MEAN_addDifference_thread_6_process_0=1
STDDEV_addDifference_thread_6_process_0=0.0
MEDIAN_addDifference_thread_6_process_0=1
MIN_addDifference_thread_6_process_0=1
MAX_addDifference_thread_6_process_0=1
SUM_addSum_thread_6_process_0=10
MEAN_addSum_thread_6_process_0=1
STDDEV_addSum_thread_6_process_0=0.0
MEDIAN_addSum_thread_6_process_0=1
MIN_addSum_thread_6_process_0=1
MAX_addSum_thread_6_process_0=1
SUM_fetchDifference_thread_6_process_0=10
MEAN_fetchDifference_thread_6_process_0=1
STDDEV_fetchDifference_thread_6_process_0=0.0
MEDIAN_fetchDifference_thread_6_process_0=1
MIN_fetchDifference_thread_6_process_0=1
MAX_fetchDifference_thread_6_process_0=1
SUM_fetchSum_thread_6_process_0=10
MEAN_fetchSum_thread_6_process_0=1
STDDEV_fetchSum_thread_6_process_0=0.0
MEDIAN_fetchSum_thread_6_process_0=1
MIN_fetchSum_thread_6_process_0=1
MAX_fetchSum_thread_6_process_0=1
SUM_init_thread_6_process_0=0
MEAN_init_thread_6_process_0=0
STDDEV_init_thread_6_process_0=0.0
MEDIAN_init_thread_6_process_0=0
MIN_init_thread_6_process_0=0
MAX_init_thread_6_process_0=0
SUM_initThreads_thread_6_process_0=1
MEAN_initThreads_thread_6_process_0=1
STDDEV_initThreads_thread_6_process_0=0.0
MEDIAN_initThreads_thread_6_process_0=1
MIN_initThreads_thread_6_process_0=1
MAX_initThreads_thread_6_process_0=1
SUM_lockDifference_thread_6_process_0=30
MEAN_lockDifference_thread_6_process_0=3
STDDEV_lockDifference_thread_6_process_0=0.0
MEDIAN_lockDifference_thread_6_process_0=3
MIN_lockDifference_thread_6_process_0=3
MAX_lockDifference_thread_6_process_0=3
SUM_lockSum_thread_6_process_0=163
MEAN_lockSum_thread_6_process_0=7.7619047619
STDDEV_lockSum_thread_6_process_0=4.44977005189
MEDIAN_lockSum_thread_6_process_0=12
MIN_lockSum_thread_6_process_0=3
MAX_lockSum_thread_6_process_0=12
SUM_lockSumWait_thread_6_process_0=552
MEAN_lockSumWait_thread_6_process_0=50.1818181818
STDDEV_lockSumWait_thread_6_process_0=6.89951489491
MEDIAN_lockSumWait_thread_6_process_0=49
MIN_lockSumWait_thread_6_process_0=33
MAX_lockSumWait_thread_6_process_0=61
SUM_storeDifference_thread_6_process_0=10
MEAN_storeDifference_thread_6_process_0=1
STDDEV_storeDifference_thread_6_process_0=0.0
MEDIAN_storeDifference_thread_6_process_0=1
MIN_storeDifference_thread_6_process_0=1
MAX_storeDifference_thread_6_process_0=1
SUM_storeSum_thread_6_process_0=10
MEAN_storeSum_thread_6_process_0=1
STDDEV_storeSum_thread_6_process_0=0.0
MEDIAN_storeSum_thread_6_process_0=1
MIN_storeSum_thread_6_process_0=1
MAX_storeSum_thread_6_process_0=1
SUM_terminated_thread_6_process_0=0
MEAN_terminated_thread_6_process_0=0
STDDEV_terminated_thread_6_process_0=0.0
MEDIAN_terminated_thread_6_process_0=0
MIN_terminated_thread_6_process_0=0
MAX_terminated_thread_6_process_0=0
SUM_unlockDifference_thread_6_process_0=30
MEAN_unlockDifference_thread_6_process_0=3
STDDEV_unlockDifference_thread_6_process_0=0.0
MEDIAN_unlockDifference_thread_6_process_0=3
MIN_unlockDifference_thread_6_process_0=3
MAX_unlockDifference_thread_6_process_0=3
SUM_unlockSum_thread_6_process_0=30
MEAN_unlockSum_thread_6_process_0=3
STDDEV_unlockSum_thread_6_process_0=0.0
MEDIAN_unlockSum_thread_6_process_0=3
MIN_unlockSum_thread_6_process_0=3
MAX_unlockSum_thread_6_process_0=3
SUM_TURNAROUNDTIME_thread_7_process_0=936
SUM_addDifference_thread_7_process_0=10
MEAN_addDifference_thread_7_process_0=1
STDDEV_addDifference_thread_7_process_0=0.0
MEDIAN_addDifference_thread_7_process_0=1
MIN_addDifference_thread_7_process_0=1
MAX_addDifference_thread_7_process_0=1
SUM_addSum_thread_7_process_0=10
MEAN_addSum_thread_7_process_0=1
STDDEV_addSum_thread_7_process_0=0.0
MEDIAN_addSum_thread_7_process_0=1
MIN_addSum_thread_7_process_0=1
MAX_addSum_thread_7_process_0=1
SUM_fetchDifference_thread_7_process_0=10
MEAN_fetchDifference_thread_7_process_0=1
STDDEV_fetchDifference_thread_7_process_0=0.0
MEDIAN_fetchDifference_thread_7_process_0=1
MIN_fetchDifference_thread_7_process_0=1
MAX_fetchDifference_thread_7_process_0=1
SUM_fetchSum_thread_7_process_0=10
MEAN_fetchSum_thread_7_process_0=1
STDDEV_fetchSum_thread_7_process_0=0.0
MEDIAN_fetchSum_thread_7_process_0=1
MIN_fetchSum_thread_7_process_0=1
MAX_fetchSum_thread_7_process_0=1
SUM_init_thread_7_process_0=0
MEAN_init_thread_7_process_0=0
STDDEV_init_thread_7_process_0=0.0
MEDIAN_init_thread_7_process_0=0
MIN_init_thread_7_process_0=0
MAX_init_thread_7_process_0=0
SUM_initThreads_thread_7_process_0=1
MEAN_initThreads_thread_7_process_0=1
STDDEV_initThreads_thread_7_process_0=0.0
MEDIAN_initThreads_thread_7_process_0=1
MIN_initThreads_thread_7_process_0=1
MAX_initThreads_thread_7_process_0=1
SUM_lockDifference_thread_7_process_0=30
MEAN_lockDifference_thread_7_process_0=3
STDDEV_lockDifference_thread_7_process_0=0.0
MEDIAN_lockDifference_thread_7_process_0=3
MIN_lockDifference_thread_7_process_0=3
MAX_lockDifference_thread_7_process_0=3
SUM_lockSum_thread_7_process_0=187
MEAN_lockSum_thread_7_process_0=8.13043478261
STDDEV_lockSum_thread_7_process_0=4.41641550331
MEDIAN_lockSum_thread_7_process_0=12
MIN_lockSum_thread_7_process_0=3
MAX_lockSum_thread_7_process_0=12
SUM_lockSumWait_thread_7_process_0=597
MEAN_lockSumWait_thread_7_process_0=45.9230769231
STDDEV_lockSumWait_thread_7_process_0=14.7463765482
MEDIAN_lockSumWait_thread_7_process_0=49
MIN_lockSumWait_thread_7_process_0=1
MAX_lockSumWait_thread_7_process_0=60
SUM_storeDifference_thread_7_process_0=10
MEAN_storeDifference_thread_7_process_0=1
STDDEV_storeDifference_thread_7_process_0=0.0
MEDIAN_storeDifference_thread_7_process_0=1
MIN_storeDifference_thread_7_process_0=1
MAX_storeDifference_thread_7_process_0=1
SUM_storeSum_thread_7_process_0=10
MEAN_storeSum_thread_7_process_0=1
STDDEV_storeSum_thread_7_process_0=0.0
MEDIAN_storeSum_thread_7_process_0=1
MIN_storeSum_thread_7_process_0=1
MAX_storeSum_thread_7_process_0=1
SUM_terminated_thread_7_process_0=0
MEAN_terminated_thread_7_process_0=0
STDDEV_terminated_thread_7_process_0=0.0
MEDIAN_terminated_thread_7_process_0=0
MIN_terminated_thread_7_process_0=0
MAX_terminated_thread_7_process_0=0
SUM_unlockDifference_thread_7_process_0=30
MEAN_unlockDifference_thread_7_process_0=3
STDDEV_unlockDifference_thread_7_process_0=0.0
MEDIAN_unlockDifference_thread_7_process_0=3
MIN_unlockDifference_thread_7_process_0=3
MAX_unlockDifference_thread_7_process_0=3
SUM_unlockSum_thread_7_process_0=30
MEAN_unlockSum_thread_7_process_0=3
STDDEV_unlockSum_thread_7_process_0=0.0
MEDIAN_unlockSum_thread_7_process_0=3
MIN_unlockSum_thread_7_process_0=3
MAX_unlockSum_thread_7_process_0=3
SUM_TURNAROUNDTIME_thread_8_process_0=878
SUM_addDifference_thread_8_process_0=10
MEAN_addDifference_thread_8_process_0=1
STDDEV_addDifference_thread_8_process_0=0.0
MEDIAN_addDifference_thread_8_process_0=1
MIN_addDifference_thread_8_process_0=1
MAX_addDifference_thread_8_process_0=1
SUM_addSum_thread_8_process_0=10
MEAN_addSum_thread_8_process_0=1
STDDEV_addSum_thread_8_process_0=0.0
MEDIAN_addSum_thread_8_process_0=1
MIN_addSum_thread_8_process_0=1
MAX_addSum_thread_8_process_0=1
SUM_fetchDifference_thread_8_process_0=10
MEAN_fetchDifference_thread_8_process_0=1
STDDEV_fetchDifference_thread_8_process_0=0.0
MEDIAN_fetchDifference_thread_8_process_0=1
MIN_fetchDifference_thread_8_process_0=1
MAX_fetchDifference_thread_8_process_0=1
SUM_fetchSum_thread_8_process_0=10
MEAN_fetchSum_thread_8_process_0=1
STDDEV_fetchSum_thread_8_process_0=0.0
MEDIAN_fetchSum_thread_8_process_0=1
MIN_fetchSum_thread_8_process_0=1
MAX_fetchSum_thread_8_process_0=1
SUM_init_thread_8_process_0=0
MEAN_init_thread_8_process_0=0
STDDEV_init_thread_8_process_0=0.0
MEDIAN_init_thread_8_process_0=0
MIN_init_thread_8_process_0=0
MAX_init_thread_8_process_0=0
SUM_initThreads_thread_8_process_0=1
MEAN_initThreads_thread_8_process_0=1
STDDEV_initThreads_thread_8_process_0=0.0
MEDIAN_initThreads_thread_8_process_0=1
MIN_initThreads_thread_8_process_0=1
MAX_initThreads_thread_8_process_0=1
SUM_lockDifference_thread_8_process_0=30
MEAN_lockDifference_thread_8_process_0=3
STDDEV_lockDifference_thread_8_process_0=0.0
MEDIAN_lockDifference_thread_8_process_0=3
MIN_lockDifference_thread_8_process_0=3
MAX_lockDifference_thread_8_process_0=3
SUM_lockSum_thread_8_process_0=163
MEAN_lockSum_thread_8_process_0=7.7619047619
STDDEV_lockSum_thread_8_process_0=4.44977005189
MEDIAN_lockSum_thread_8_process_0=12
MIN_lockSum_thread_8_process_0=3
MAX_lockSum_thread_8_process_0=12
SUM_lockSumWait_thread_8_process_0=563
MEAN_lockSumWait_thread_8_process_0=51.1818181818
STDDEV_lockSumWait_thread_8_process_0=5.84369406545
MEDIAN_lockSumWait_thread_8_process_0=49
MIN_lockSumWait_thread_8_process_0=41
MAX_lockSumWait_thread_8_process_0=64
SUM_storeDifference_thread_8_process_0=10
MEAN_storeDifference_thread_8_process_0=1
STDDEV_storeDifference_thread_8_process_0=0.0
MEDIAN_storeDifference_thread_8_process_0=1
MIN_storeDifference_thread_8_process_0=1
MAX_storeDifference_thread_8_process_0=1
SUM_storeSum_thread_8_process_0=10
MEAN_storeSum_thread_8_process_0=1
STDDEV_storeSum_thread_8_process_0=0.0
MEDIAN_storeSum_thread_8_process_0=1
MIN_storeSum_thread_8_process_0=1
MAX_storeSum_thread_8_process_0=1
SUM_terminated_thread_8_process_0=0
MEAN_terminated_thread_8_process_0=0
STDDEV_terminated_thread_8_process_0=0.0
MEDIAN_terminated_thread_8_process_0=0
MIN_terminated_thread_8_process_0=0
MAX_terminated_thread_8_process_0=0
SUM_unlockDifference_thread_8_process_0=30
MEAN_unlockDifference_thread_8_process_0=3
STDDEV_unlockDifference_thread_8_process_0=0.0
MEDIAN_unlockDifference_thread_8_process_0=3
MIN_unlockDifference_thread_8_process_0=3
MAX_unlockDifference_thread_8_process_0=3
SUM_unlockSum_thread_8_process_0=30
MEAN_unlockSum_thread_8_process_0=3
STDDEV_unlockSum_thread_8_process_0=0.0
MEDIAN_unlockSum_thread_8_process_0=3
MIN_unlockSum_thread_8_process_0=3
MAX_unlockSum_thread_8_process_0=3
SUM_TURNAROUNDTIME_thread_9_process_0=958
SUM_addDifference_thread_9_process_0=10
MEAN_addDifference_thread_9_process_0=1
STDDEV_addDifference_thread_9_process_0=0.0
MEDIAN_addDifference_thread_9_process_0=1
MIN_addDifference_thread_9_process_0=1
MAX_addDifference_thread_9_process_0=1
SUM_addSum_thread_9_process_0=10
MEAN_addSum_thread_9_process_0=1
STDDEV_addSum_thread_9_process_0=0.0
MEDIAN_addSum_thread_9_process_0=1
MIN_addSum_thread_9_process_0=1
MAX_addSum_thread_9_process_0=1
SUM_fetchDifference_thread_9_process_0=10
MEAN_fetchDifference_thread_9_process_0=1
STDDEV_fetchDifference_thread_9_process_0=0.0
MEDIAN_fetchDifference_thread_9_process_0=1
MIN_fetchDifference_thread_9_process_0=1
MAX_fetchDifference_thread_9_process_0=1
SUM_fetchSum_thread_9_process_0=10
MEAN_fetchSum_thread_9_process_0=1
STDDEV_fetchSum_thread_9_process_0=0.0
MEDIAN_fetchSum_thread_9_process_0=1
MIN_fetchSum_thread_9_process_0=1
MAX_fetchSum_thread_9_process_0=1
SUM_init_thread_9_process_0=0
MEAN_init_thread_9_process_0=0
STDDEV_init_thread_9_process_0=0.0
MEDIAN_init_thread_9_process_0=0
MIN_init_thread_9_process_0=0
MAX_init_thread_9_process_0=0
SUM_initThreads_thread_9_process_0=1
MEAN_initThreads_thread_9_process_0=1
STDDEV_initThreads_thread_9_process_0=0.0
MEDIAN_initThreads_thread_9_process_0=1
MIN_initThreads_thread_9_process_0=1
MAX_initThreads_thread_9_process_0=1
SUM_lockDifference_thread_9_process_0=30
MEAN_lockDifference_thread_9_process_0=3
STDDEV_lockDifference_thread_9_process_0=0.0
MEDIAN_lockDifference_thread_9_process_0=3
MIN_lockDifference_thread_9_process_0=3
MAX_lockDifference_thread_9_process_0=3
SUM_lockSum_thread_9_process_0=187
MEAN_lockSum_thread_9_process_0=8.13043478261
STDDEV_lockSum_thread_9_process_0=4.41641550331
MEDIAN_lockSum_thread_9_process_0=12
MIN_lockSum_thread_9_process_0=3
MAX_lockSum_thread_9_process_0=12
SUM_lockSumWait_thread_9_process_0=619
MEAN_lockSumWait_thread_9_process_0=47.6153846154
STDDEV_lockSumWait_thread_9_process_0=14.0577843836
MEDIAN_lockSumWait_thread_9_process_0=49
MIN_lockSumWait_thread_9_process_0=9
MAX_lockSumWait_thread_9_process_0=63
SUM_storeDifference_thread_9_process_0=10
MEAN_storeDifference_thread_9_process_0=1
STDDEV_storeDifference_thread_9_process_0=0.0
MEDIAN_storeDifference_thread_9_process_0=1
MIN_storeDifference_thread_9_process_0=1
MAX_storeDifference_thread_9_process_0=1
SUM_storeSum_thread_9_process_0=10
MEAN_storeSum_thread_9_process_0=1
STDDEV_storeSum_thread_9_process_0=0.0
MEDIAN_storeSum_thread_9_process_0=1
MIN_storeSum_thread_9_process_0=1
MAX_storeSum_thread_9_process_0=1
SUM_terminated_thread_9_process_0=0
MEAN_terminated_thread_9_process_0=0
STDDEV_terminated_thread_9_process_0=0.0
MEDIAN_terminated_thread_9_process_0=0
MIN_terminated_thread_9_process_0=0
MAX_terminated_thread_9_process_0=0
SUM_unlockDifference_thread_9_process_0=30
MEAN_unlockDifference_thread_9_process_0=3
STDDEV_unlockDifference_thread_9_process_0=0.0
MEDIAN_unlockDifference_thread_9_process_0=3
MIN_unlockDifference_thread_9_process_0=3
MAX_unlockDifference_thread_9_process_0=3
SUM_unlockSum_thread_9_process_0=30
MEAN_unlockSum_thread_9_process_0=3
STDDEV_unlockSum_thread_9_process_0=0.0
MEDIAN_unlockSum_thread_9_process_0=3
MIN_unlockSum_thread_9_process_0=3
MAX_unlockSum_thread_9_process_0=3
